05-06 17:31:00.685   221   248 D WH-RIL  : onRequest: QUERY_NETWORK_SELECTION_MODE,3,45
05-06 17:31:00.685   221   248 D WH-AT   : ============AT> AT+COPS?
05-06 17:31:00.685   613   771 D RILJ    : [3661]< VOICE_REGISTRATION_STATE {0} [SUB0]
05-06 17:31:00.687   613   613 D RILJ    : [3697]> QUERY_NETWORK_SELECTION_MODE [SUB0]
05-06 17:31:00.688   221  1321 D WH-AT   : ============AT< +COPS: 0
05-06 17:31:00.689   221  1321 D WH-AT   : ============AT< OK
05-06 17:31:00.689   221   248 D RILC    : [0014]< QUERY_NETWORK_SELECTION_MODE {0}
05-06 17:31:00.689   221   248 D RILC    : [0015]> BASEBAND_VERSION 
05-06 17:31:00.689   221   248 D WH-RIL  : onRequest: BASEBAND_VERSION,3,51
05-06 17:31:00.689   221   248 D WH-AT   : ============AT> AT+CGMR
05-06 17:31:00.690   613   771 D RILJ    : [3662]< QUERY_NETWORK_SELECTION_MODE {0} [SUB0]
05-06 17:31:00.690   613   613 D SST     : EVENT_POLL_STATE_NETWORK_SELECTION_MODE
05-06 17:31:00.693   221  1321 D WH-AT   : ============AT< +CGMR: WH_G405tf_FLASH_V1.0.31B09P23_190227
05-06 17:31:00.693   221  1321 D WH-AT   : ============AT< OK
05-06 17:31:00.693   221   248 D RILC    : [0015]< BASEBAND_VERSION {WH_G405tf_FLASH_V1.0.31B09P23_190227}
05-06 17:31:00.693   221   248 D RILC    : [0016]> GET_IMEI 
05-06 17:31:00.694   221   248 D WH-RIL  : onRequest: GET_IMEI,3,38
05-06 17:31:00.694   221   248 D WH-AT   : ============AT> AT+CGSN
05-06 17:31:00.694   613   771 D RILJ    : [3663]< BASEBAND_VERSION WH_G405tf_FLASH_V1.0.31B09P23_190227 [SUB0]
05-06 17:31:00.694   613   613 D GsmCdmaPhone: [GsmCdmaPhone] Baseband version: WH_G405tf_FLASH_V1.0.31B09P23_190227
05-06 17:31:00.697   221  1321 D WH-AT   : ============AT< +CGSN: 868221042893795
05-06 17:31:00.697   221  1321 D WH-AT   : ============AT< OK
05-06 17:31:00.698   221   248 D RILC    : [0016]< GET_IMEI {868221042893795}
05-06 17:31:00.698   221   248 D RILC    : [0017]> GET_IMEISV 
05-06 17:31:00.698   221   248 D WH-RIL  : onRequest: GET_IMEISV,3,39
05-06 17:31:00.698   221   248 D WH-AT   : ============AT> AT+ZULI=8
05-06 17:31:00.699   613   771 D RILJ    : [3664]< GET_IMEI  [SUB0]
05-06 17:31:00.702   221  1321 D WH-AT   : ============AT< +ZULI: 8,"8682210428937955"
05-06 17:31:00.702   221  1321 D WH-AT   : ============AT< OK
05-06 17:31:00.702   221   248 D RILC    : [0017]< GET_IMEISV {8682210428937955}
05-06 17:31:00.702   221   248 D RILC    : [0018]> RIL_REQUEST_GET_RADIO_CAPABILITY 
05-06 17:31:00.703   221   248 D WH-RIL  : onRequest: RIL_REQUEST_GET_RADIO_CAPABILITY,3,130
05-06 17:31:00.703   613   771 D RILJ    : [3665]< GET_IMEISV  [SUB0]
05-06 17:31:00.870   613   771 I RILJ    : 'rild' socket closed
05-06 17:31:00.870   613   771 I RILJ    : java.io.IOException: Connection reset by peer
05-06 17:31:00.870   613   771 I RILJ    : 	at android.net.LocalSocketImpl.readba_native(Native Method)
05-06 17:31:00.870   613   771 I RILJ    : 	at android.net.LocalSocketImpl.-wrap1(LocalSocketImpl.java)
05-06 17:31:00.870   613   771 I RILJ    : 	at android.net.LocalSocketImpl$SocketInputStream.read(LocalSocketImpl.java:110)
05-06 17:31:00.870   613   771 I RILJ    : 	at com.android.internal.telephony.RIL.readRilMessage(RIL.java:578)
05-06 17:31:00.870   613   771 I RILJ    : 	at com.android.internal.telephony.RIL.-wrap2(RIL.java)
05-06 17:31:00.870   613   771 I RILJ    : 	at com.android.internal.telephony.RIL$RILReceiver.run(RIL.java:686)
05-06 17:31:00.870   613   771 I RILJ    : 	at java.lang.Thread.run(Thread.java:761)
05-06 17:31:00.870   613   771 I RILJ    : (0) Disconnected from 'rild' socket
05-06 17:31:00.871   613   771 D RilRequest: [3666]< RIL_REQUEST_GET_RADIO_CAPABILITY error: com.android.internal.telephony.CommandException: RADIO_NOT_AVAILABLE ret=
05-06 17:31:00.871   613   771 D RilRequest: [3667]< RIL_REQUEST_START_LCE error: com.android.internal.telephony.CommandException: RADIO_NOT_AVAILABLE ret=
05-06 17:31:00.871   613   771 D RilRequest: [3668]< OPERATOR error: com.android.internal.telephony.CommandException: RADIO_NOT_AVAILABLE ret=
05-06 17:31:00.871   613   771 D RilRequest: [3669]< DATA_REGISTRATION_STATE error: com.android.internal.telephony.CommandException: RADIO_NOT_AVAILABLE ret=
05-06 17:31:00.872   613   771 D RilRequest: [3670]< VOICE_REGISTRATION_STATE error: com.android.internal.telephony.CommandException: RADIO_NOT_AVAILABLE ret=
05-06 17:31:00.872   613   771 D RilRequest: [3671]< QUERY_NETWORK_SELECTION_MODE error: com.android.internal.telephony.CommandException: RADIO_NOT_AVAILABLE ret=
05-06 17:31:00.872   613   771 D RilRequest: [3672]< OPERATOR error: com.android.internal.telephony.CommandException: RADIO_NOT_AVAILABLE ret=
05-06 17:31:00.872   613   771 D RilRequest: [3673]< DATA_REGISTRATION_STATE error: com.android.internal.telephony.CommandException: RADIO_NOT_AVAILABLE ret=
05-06 17:31:00.872   613   771 D RilRequest: [3674]< VOICE_REGISTRATION_STATE error: com.android.internal.telephony.CommandException: RADIO_NOT_AVAILABLE ret=
05-06 17:31:00.872   613   771 D RilRequest: [3675]< QUERY_NETWORK_SELECTION_MODE error: com.android.internal.telephony.CommandException: RADIO_NOT_AVAILABLE ret=
05-06 17:31:00.873   613   771 D RilRequest: [3676]< OPERATOR error: com.android.internal.telephony.CommandException: RADIO_NOT_AVAILABLE ret=
05-06 17:31:00.873   613   771 D RilRequest: [3677]< DATA_REGISTRATION_STATE error: com.android.internal.telephony.CommandException: RADIO_NOT_AVAILABLE ret=
05-06 17:31:00.873   613   771 D RilRequest: [3678]< VOICE_REGISTRATION_STATE error: com.android.internal.telephony.CommandException: RADIO_NOT_AVAILABLE ret=
05-06 17:31:00.873   613   771 D RilRequest: [3679]< QUERY_NETWORK_SELECTION_MODE error: com.android.internal.telephony.CommandException: RADIO_NOT_AVAILABLE ret=
05-06 17:31:00.873   613   771 D RilRequest: [3680]< OPERATOR error: com.android.internal.telephony.CommandException: RADIO_NOT_AVAILABLE ret=
05-06 17:31:00.873   613   771 D RilRequest: [3681]< DATA_REGISTRATION_STATE error: com.android.internal.telephony.CommandException: RADIO_NOT_AVAILABLE ret=
05-06 17:31:00.873   613   771 D RilRequest: [3682]< VOICE_REGISTRATION_STATE error: com.android.internal.telephony.CommandException: RADIO_NOT_AVAILABLE ret=
05-06 17:31:00.874   613   771 D RilRequest: [3683]< QUERY_NETWORK_SELECTION_MODE error: com.android.internal.telephony.CommandException: RADIO_NOT_AVAILABLE ret=
05-06 17:31:00.874   613   771 D RilRequest: [3684]< OPERATOR error: com.android.internal.telephony.CommandException: RADIO_NOT_AVAILABLE ret=
05-06 17:31:00.874   613   771 D RilRequest: [3685]< DATA_REGISTRATION_STATE error: com.android.internal.telephony.CommandException: RADIO_NOT_AVAILABLE ret=
05-06 17:31:00.874   613   771 D RilRequest: [3686]< VOICE_REGISTRATION_STATE error: com.android.internal.telephony.CommandException: RADIO_NOT_AVAILABLE ret=
05-06 17:31:00.874   613   771 D RilRequest: [3687]< QUERY_NETWORK_SELECTION_MODE error: com.android.internal.telephony.CommandException: RADIO_NOT_AVAILABLE ret=
05-06 17:31:00.874   613   771 D RilRequest: [3688]< GET_SIM_STATUS error: com.android.internal.telephony.CommandException: RADIO_NOT_AVAILABLE ret=
05-06 17:31:00.874   613   771 D RilRequest: [3689]< GET_CURRENT_CALLS error: com.android.internal.telephony.CommandException: RADIO_NOT_AVAILABLE ret=
05-06 17:31:00.874   613   771 D RilRequest: [3690]< RIL_REQUEST_IMS_REGISTRATION_STATE error: com.android.internal.telephony.CommandException: RADIO_NOT_AVAILABLE ret=
05-06 17:31:00.875   613   771 D RilRequest: [3691]< RIL_REQUEST_CDMA_GET_SUBSCRIPTION_SOURCE error: com.android.internal.telephony.CommandException: RADIO_NOT_AVAILABLE ret=
05-06 17:31:00.875   613   771 D RilRequest: [3692]< RIL_REQUEST_VOICE_RADIO_TECH error: com.android.internal.telephony.CommandException: RADIO_NOT_AVAILABLE ret=
05-06 17:31:00.875   613   771 D RilRequest: [3693]< GET_SIM_STATUS error: com.android.internal.telephony.CommandException: RADIO_NOT_AVAILABLE ret=
05-06 17:31:00.875   613   771 D RilRequest: [3694]< OPERATOR error: com.android.internal.telephony.CommandException: RADIO_NOT_AVAILABLE ret=
05-06 17:31:00.875   613   771 D RilRequest: [3695]< DATA_REGISTRATION_STATE error: com.android.internal.telephony.CommandException: RADIO_NOT_AVAILABLE ret=
05-06 17:31:00.875   613   771 D RilRequest: [3696]< VOICE_REGISTRATION_STATE error: com.android.internal.telephony.CommandException: RADIO_NOT_AVAILABLE ret=
05-06 17:31:00.875   613   771 D RilRequest: [3697]< QUERY_NETWORK_SELECTION_MODE error: com.android.internal.telephony.CommandException: RADIO_NOT_AVAILABLE ret=
05-06 17:31:00.876   613   613 D SST     : mDeviceShuttingDown=false, mDesiredPowerState=true, getRadioState=RADIO_UNAVAILABLE, mPowerOffDelayNeed=true, mAlarmSwitch=false, mRadioDisabledByCarrier=false
05-06 17:31:00.876   613   613 D SST     : useDataRegStateForDataOnlyDevice: VoiceRegState=1 DataRegState=1
05-06 17:31:00.876   613   613 D SST     : Poll ServiceState done:  oldSS=[1 1 voice home data home null null null null null null  Unknown Unknown CSS not supported -1 -1 RoamInd=-1 DefRoamInd=-1 EmergOnly=false IsDataRoamingFromRegistration=false IsUsingCarrierAggregation=false] newSS=[1 1 voice home data home null null null null null null  Unknown Unknown CSS not supported -1 -1 RoamInd=-1 DefRoamInd=-1 EmergOnly=false IsDataRoamingFromRegistration=false IsUsingCarrierAggregation=false] oldMaxDataCalls=1 mNewMaxDataCalls=1 oldReasonDataDenied=-1 mNewReasonDataDenied=-1
05-06 17:31:00.877   613   613 D UiccController: EVENT_RADIO_UNAVAILABLE, dispose card
05-06 17:31:00.877   613   613 D RILJ    : [3701]> GET_CURRENT_CALLS [SUB0]
05-06 17:31:00.877   613   613 D RilRequest: [3701]< GET_CURRENT_CALLS error: com.android.internal.telephony.CommandException: RADIO_NOT_AVAILABLE ret=
05-06 17:31:00.877   613   613 E IccCardProxy: setExternalState: !override and newstate unchanged from NOT_READY
05-06 17:31:00.877   613   613 D GsmCdmaPhone: [GsmCdmaPhone] Event EVENT_RADIO_OFF_OR_NOT_AVAILABLE Received
05-06 17:31:00.877   613   613 D DCT     : [0]onRadioOffOrNotAvailable: is off and clean up all connections
05-06 17:31:00.877   613   613 D DCT     : [0]cleanUpAllConnections: tearDown=false reason=radioTurnedOff
05-06 17:31:00.877   613   613 D GsmCdmaPhone: [GsmCdmaPhone] getDataConnectionState apnType=default ret=DISCONNECTED
05-06 17:31:00.879   613   771 I RILJ    : Couldn't find 'rild' socket; retrying after timeout
05-06 17:31:00.882   613   613 D DCT     : [0]cleanUpConnection: X tearDown=false reason=radioTurnedOff apnContext={mApnType=default mState=IDLE mWaitingApns={null} mApnSetting={null} mReason=radioTurnedOff mDataEnabled=false mDependencyMet=true} dcac=null
05-06 17:31:00.882   613   613 D GsmCdmaPhone: [GsmCdmaPhone] getDataConnectionState apnType=mms ret=DISCONNECTED
05-06 17:31:00.885   613   613 D DCT     : [0]cleanUpConnection: X tearDown=false reason=radioTurnedOff apnContext={mApnType=mms mState=IDLE mWaitingApns={null} mApnSetting={null} mReason=radioTurnedOff mDataEnabled=false mDependencyMet=false} dcac=null
05-06 17:31:00.886   613   613 D GsmCdmaPhone: [GsmCdmaPhone] getDataConnectionState apnType=cbs ret=DISCONNECTED
05-06 17:31:00.889   613   613 D DCT     : [0]cleanUpConnection: X tearDown=false reason=radioTurnedOff apnContext={mApnType=cbs mState=IDLE mWaitingApns={null} mApnSetting={null} mReason=radioTurnedOff mDataEnabled=false mDependencyMet=true} dcac=null
05-06 17:31:00.890   613   613 D GsmCdmaPhone: [GsmCdmaPhone] getDataConnectionState apnType=fota ret=DISCONNECTED
05-06 17:31:00.893   613   613 D DCT     : [0]cleanUpConnection: X tearDown=false reason=radioTurnedOff apnContext={mApnType=fota mState=IDLE mWaitingApns={null} mApnSetting={null} mReason=radioTurnedOff mDataEnabled=false mDependencyMet=true} dcac=null
05-06 17:31:00.894   613   613 D GsmCdmaPhone: [GsmCdmaPhone] getDataConnectionState apnType=supl ret=DISCONNECTED
05-06 17:31:00.896   613   613 D DCT     : [0]cleanUpConnection: X tearDown=false reason=radioTurnedOff apnContext={mApnType=supl mState=IDLE mWaitingApns={null} mApnSetting={null} mReason=radioTurnedOff mDataEnabled=false mDependencyMet=true} dcac=null
05-06 17:31:00.896   613   613 D GsmCdmaPhone: [GsmCdmaPhone] getDataConnectionState apnType=emergency ret=DISCONNECTED
05-06 17:31:00.898   613   613 D DCT     : [0]cleanUpConnection: X tearDown=false reason=radioTurnedOff apnContext={mApnType=emergency mState=IDLE mWaitingApns={null} mApnSetting={null} mReason=radioTurnedOff mDataEnabled=false mDependencyMet=true} dcac=null
05-06 17:31:00.899   613   613 D GsmCdmaPhone: [GsmCdmaPhone] getDataConnectionState apnType=dun ret=DISCONNECTED
05-06 17:31:00.901   613   613 D DCT     : [0]cleanUpConnection: X tearDown=false reason=radioTurnedOff apnContext={mApnType=dun mState=IDLE mWaitingApns={null} mApnSetting={null} mReason=radioTurnedOff mDataEnabled=false mDependencyMet=true} dcac=null
05-06 17:31:00.901   613   613 D GsmCdmaPhone: [GsmCdmaPhone] getDataConnectionState apnType=hipri ret=DISCONNECTED
05-06 17:31:00.904   613   613 D DCT     : [0]cleanUpConnection: X tearDown=false reason=radioTurnedOff apnContext={mApnType=hipri mState=IDLE mWaitingApns={null} mApnSetting={null} mReason=radioTurnedOff mDataEnabled=false mDependencyMet=true} dcac=null
05-06 17:31:00.904   613   613 D GsmCdmaPhone: [GsmCdmaPhone] getDataConnectionState apnType=ims ret=DISCONNECTED
05-06 17:31:00.906   613   613 D DCT     : [0]cleanUpConnection: X tearDown=false reason=radioTurnedOff apnContext={mApnType=ims mState=IDLE mWaitingApns={null} mApnSetting={null} mReason=radioTurnedOff mDataEnabled=false mDependencyMet=true} dcac=null
05-06 17:31:00.907   613   613 D DCT     : [0]stopNetStatPoll
05-06 17:31:00.907   613   613 D DCT     : [0]cleanUpConnection: mDisconnectPendingCount = 0
05-06 17:31:00.907   613   613 D DCT     : [0]isDataAllowed: No - SIM not loaded - Not attached
05-06 17:31:00.918  1328  1328 D RILD    : **RIL Daemon Started**
05-06 17:31:00.918  1328  1328 D RILD    : **RILd param count=1**
05-06 17:31:00.919  1328  1328 W RILD    : RIL_SAP_Init not defined or exported in /system/lib/libreference-ril-wh405.so: undefined symbol: RIL_SAP_Init
05-06 17:31:00.919  1328  1328 D RILD    : RIL_Init argc = 5 clientId = 0
05-06 17:31:00.919  1328  1328 I WH-RIL  : RIL_Init -1,Feb 19 2019-10:27:58
05-06 17:31:00.919  1328  1328 D RILD    : RIL_Init rilInit completed
05-06 17:31:00.919  1328  1330 D WH-AT   : entering mainLoop()
05-06 17:31:00.919  1328  1328 I RILC    : SIM_COUNT: 1
05-06 17:31:00.919  1328  1330 I WH-RIL  : RIL mainLoop
05-06 17:31:00.919  1328  1328 E RILC    : RIL_register: RIL version 12
05-06 17:31:00.919  1328  1328 I RILC    : s_registerCalled flag set, 1
05-06 17:31:00.919  1328  1328 I RILC    : Start to listen RIL_SOCKET_1
05-06 17:31:00.920  1328  1328 D RILD    : RIL_Init RIL_register completed
05-06 17:31:00.920  1328  1328 D RILD    : RIL_register_socket completed
05-06 17:31:00.920  1328  1328 D RILD    : RIL_Init starting sleep loop
05-06 17:31:00.920  1328  1330 D WH-RIL  : usb_device_prefix 1-1:1.2
05-06 17:31:00.920  1328  1330 D WH-RIL  : the file name 1-1:1.2
05-06 17:31:00.921  1328  1330 I WH-RIL  : RIL_Init s_device_path /dev/ttyUSB0 
05-06 17:31:00.922  1328  1329 D WH-RIL  : setRadioState 0
05-06 17:31:00.922  1328  1329 D RILC    : [UNSL]< UNSOL_RESPONSE_RADIO_STATE_CHANGED  {RADIO_OFF}
05-06 17:31:00.927   613   613 D GsmCdmaPhone: get phone radio capability fail, no need to change mRadioCapability
05-06 17:31:00.927   613   613 D GsmCdmaPhone: EVENT_GET_RADIO_CAPABILITY: phone rc: null
05-06 17:31:00.927   613   613 D Phone   : config LCE service failed: com.android.internal.telephony.CommandException: RADIO_NOT_AVAILABLE
05-06 17:31:00.928   613   613 D SST     : EVENT_POLL_STATE_NETWORK_SELECTION_MODE
05-06 17:31:00.928   613   613 D SST     : EVENT_POLL_STATE_NETWORK_SELECTION_MODE
05-06 17:31:00.928   613   613 D SST     : EVENT_POLL_STATE_NETWORK_SELECTION_MODE
05-06 17:31:00.928   613   613 D SST     : EVENT_POLL_STATE_NETWORK_SELECTION_MODE
05-06 17:31:00.928   613   613 D SST     : EVENT_POLL_STATE_NETWORK_SELECTION_MODE
05-06 17:31:00.928   613   613 D UiccController: Received EVENT_GET_ICC_STATUS_DONE
05-06 17:31:00.928   613   613 E UiccController: Error getting ICC status. RIL_REQUEST_GET_ICC_STATUS should never return an error
05-06 17:31:00.928   613   613 E UiccController: com.android.internal.telephony.CommandException: RADIO_NOT_AVAILABLE
05-06 17:31:00.928   613   613 E UiccController: 	at com.android.internal.telephony.RILRequest.onError(RIL.java:217)
05-06 17:31:00.928   613   613 E UiccController: 	at com.android.internal.telephony.RIL.clearRequestList(RIL.java:2616)
05-06 17:31:00.928   613   613 E UiccController: 	at com.android.internal.telephony.RIL.-wrap4(RIL.java)
05-06 17:31:00.928   613   613 E UiccController: 	at com.android.internal.telephony.RIL$RILReceiver.run(RIL.java:724)
05-06 17:31:00.928   613   613 E UiccController: 	at java.lang.Thread.run(Thread.java:761)
05-06 17:31:00.928   613   613 D GsmCdmaCallTracker: Event EVENT_POLL_CALLS_RESULT Received
05-06 17:31:00.928   613   613 E RIL_ImsSms: IMS State query failed with exp com.android.internal.telephony.CommandException: RADIO_NOT_AVAILABLE
05-06 17:31:00.928   613   613 D CdmaSSM : CDMA_SUBSCRIPTION_SOURCE event = 2
05-06 17:31:00.928   613   613 W CdmaSSM : Unable to get CDMA Subscription Source, Exception: com.android.internal.telephony.CommandException: RADIO_NOT_AVAILABLE, result: null
05-06 17:31:00.929   613   613 E GsmCdmaPhone: [GsmCdmaPhone] EVENT_REQUEST_VOICE_RADIO_TECH_DONE: exception=com.android.internal.telephony.CommandException: RADIO_NOT_AVAILABLE
05-06 17:31:00.929   613   613 D UiccController: Received EVENT_GET_ICC_STATUS_DONE
05-06 17:31:00.929   613   613 E UiccController: Error getting ICC status. RIL_REQUEST_GET_ICC_STATUS should never return an error
05-06 17:31:00.929   613   613 E UiccController: com.android.internal.telephony.CommandException: RADIO_NOT_AVAILABLE
05-06 17:31:00.929   613   613 E UiccController: 	at com.android.internal.telephony.RILRequest.onError(RIL.java:217)
05-06 17:31:00.929   613   613 E UiccController: 	at com.android.internal.telephony.RIL.clearRequestList(RIL.java:2616)
05-06 17:31:00.929   613   613 E UiccController: 	at com.android.internal.telephony.RIL.-wrap4(RIL.java)
05-06 17:31:00.929   613   613 E UiccController: 	at com.android.internal.telephony.RIL$RILReceiver.run(RIL.java:724)
05-06 17:31:00.929   613   613 E UiccController: 	at java.lang.Thread.run(Thread.java:761)
05-06 17:31:00.929   613   613 D SST     : EVENT_POLL_STATE_NETWORK_SELECTION_MODE
05-06 17:31:00.929   613   613 D GsmSMSDispatcher: GsmSMSDispatcher: subId = -2 slotId = 0
05-06 17:31:00.929   613   613 E IccCardProxy: setExternalState: !override and newstate unchanged from NOT_READY
05-06 17:31:00.929   613   613 D GsmCdmaCallTracker: Event EVENT_POLL_CALLS_RESULT Received
05-06 17:31:00.929   613   613 D GsmCdmaCallTracker: [GsmCdmaCallTracker] update phone state, old=IDLE new=IDLE
05-06 17:31:02.922  1328  1329 D WH-AT   : ============AT> ATE0Q0V1
05-06 17:31:02.926  1328  1331 D WH-AT   : ============AT< OK
05-06 17:31:03.926  1328  1329 I WH-RIL  : AT at_handshake END
05-06 17:31:03.927  1328  1329 D WH-AT   : ============AT> ATS0=0
05-06 17:31:03.930  1328  1331 D WH-AT   : ============AT< OK
05-06 17:31:03.930  1328  1329 D WH-AT   : ============AT> AT+CMEE=1
05-06 17:31:03.934  1328  1331 D WH-AT   : ============AT< OK
05-06 17:31:03.934  1328  1329 D WH-AT   : ============AT> AT+CREG=2
05-06 17:31:03.938  1328  1331 D WH-AT   : ============AT< OK
05-06 17:31:03.938  1328  1329 D WH-AT   : ============AT> AT+CEREG=2
05-06 17:31:03.941  1328  1331 D WH-AT   : ============AT< OK
05-06 17:31:03.942  1328  1329 D WH-AT   : ============AT> AT+CCWA=1
05-06 17:31:03.945  1328  1331 D WH-AT   : ============AT< OK
05-06 17:31:03.945  1328  1329 D WH-AT   : ============AT> AT+CMOD=0
05-06 17:31:03.949  1328  1331 D WH-AT   : ============AT< OK
05-06 17:31:03.950  1328  1329 D WH-AT   : ============AT> AT+CSSN=0,1
05-06 17:31:03.953  1328  1331 D WH-AT   : ============AT< OK
05-06 17:31:03.953  1328  1329 D WH-AT   : ============AT> AT+COLP=0
05-06 17:31:03.957  1328  1331 D WH-AT   : ============AT< OK
05-06 17:31:03.957  1328  1329 D WH-AT   : ============AT> AT+CUSD=1
05-06 17:31:03.961  1328  1331 D WH-AT   : ============AT< OK
05-06 17:31:03.961  1328  1329 D WH-AT   : ============AT> AT+CMGF=0
05-06 17:31:03.964  1328  1331 D WH-AT   : ============AT< OK
05-06 17:31:03.964  1328  1329 D WH-AT   : ============AT> AT+ZMMI=1
05-06 17:31:03.968  1328  1331 D WH-AT   : ============AT< OK
05-06 17:31:03.968  1328  1329 D WH-AT   : ============AT> AT+CFUN?
05-06 17:31:03.972  1328  1331 D WH-AT   : ============AT< +CFUN: 1
05-06 17:31:03.972  1328  1331 D WH-AT   : ============AT< OK
05-06 17:31:03.972  1328  1329 D WH-RIL  : setRadioState 2
05-06 17:31:03.972  1328  1329 D RILC    : [UNSL]< UNSOL_VOICE_RADIO_TECH_CHANGED {3}
05-06 17:31:03.972  1328  1329 D RILC    : [UNSL]< UNSOL_VOICE_RADIO_TECH_CHANGED {3} {RADIO_SIM_NOT_READY}
05-06 17:31:03.973  1328  1329 D WH-AT   : ============AT> AT+CPIN?
05-06 17:31:03.976  1328  1331 D WH-AT   : ============AT< +CME ERROR: 10
05-06 17:31:03.976  1328  1329 D WH-RIL  : setRadioState 3
05-06 17:31:03.977  1328  1329 D RILC    : [UNSL]< UNSOL_RESPONSE_SIM_STATUS_CHANGED 
05-06 17:31:03.977  1328  1329 D RILC    : [UNSL]< UNSOL_RESPONSE_SIM_STATUS_CHANGED  {RADIO_SIM_LOCKED_OR_ABSENT}
05-06 17:31:04.881   613   771 I RILJ    : (0) Connected to 'rild' socket
05-06 17:31:04.881  1328  1329 I RILC    : libril: new connection to RIL_SOCKET_1
05-06 17:31:04.882  1328  1329 D RILC    : [UNSL]< UNSOL_RIL_CONNECTED {12}
05-06 17:31:04.882  1328  1329 D RILC    : [UNSL]< UNSOL_RESPONSE_RADIO_STATE_CHANGED  {RADIO_SIM_LOCKED_OR_ABSENT}
05-06 17:31:04.882  1328  1329 I RILC    : RIL Daemon version: WH_Android_RIL_Driver_V1.0.0
05-06 17:31:04.882   613   771 D RILJ    : [UNSL]< UNSOL_RIL_CONNECTED {12} [SUB0]
05-06 17:31:04.883   613   771 D RILJ    : [3702]> RADIO_POWER off [SUB0]
05-06 17:31:04.887   613   771 D RILJ    : [3703]> RIL_REQUEST_CDMA_SET_SUBSCRIPTION_SOURCE : 0 [SUB0]
05-06 17:31:04.887  1328  1329 D RILC    : [1037630054]> RADIO_POWER (0)
05-06 17:31:04.887  1328  1329 D WH-RIL  : onRequest: RADIO_POWER,3,23
05-06 17:31:04.888  1328  1329 D RILC    : [1037630054]< RADIO_POWER
05-06 17:31:04.890   613   771 D RILJ    : setCellInfoListRate: 2147483647 [SUB0]
05-06 17:31:04.891   613   771 D RILJ    : [3704]> RIL_REQUEST_SET_CELL_INFO_LIST_RATE [SUB0]
05-06 17:31:04.891  1328  1329 D RILC    : [1037630055]> CDMA_SET_SUBSCRIPTION_SOURCE (0)
05-06 17:31:04.891  1328  1329 D WH-RIL  : onRequest: CDMA_SET_SUBSCRIPTION_SOURCE,3,77
05-06 17:31:04.892  1328  1329 D RILC    : [1037630055]< CDMA_SET_SUBSCRIPTION_SOURCE
05-06 17:31:04.894   613   818 D Dcc     : DccDefaultState: msg.what=EVENT_RIL_CONNECTED mRilVersion=12
05-06 17:31:04.895   613   771 D RILJ    : [UNSL]< UNSOL_RESPONSE_RADIO_STATE_CHANGED RADIO_ON [SUB0]
05-06 17:31:04.895  1328  1329 D RILC    : [1037630056]> SET_UNSOL_CELL_INFO_LIST_RATE (2147483647)
05-06 17:31:04.895  1328  1329 D WH-RIL  : onRequest: SET_UNSOL_CELL_INFO_LIST_RATE,3,110
05-06 17:31:04.895  1328  1329 D WH-RIL  : onRequest: SET_UNSOL_CELL_INFO_LIST_RATE not supported
05-06 17:31:04.896  1328  1329 D RILC    : [1037630056]< SET_UNSOL_CELL_INFO_LIST_RATE fails by E_REQUEST_NOT_SUPPORTED
05-06 17:31:04.896   613   613 D SST     : mDeviceShuttingDown=false, mDesiredPowerState=true, getRadioState=RADIO_ON, mPowerOffDelayNeed=true, mAlarmSwitch=false, mRadioDisabledByCarrier=false
05-06 17:31:04.898   613   613 D RILJ    : [3705]> OPERATOR [SUB0]
05-06 17:31:04.901   613   613 D RILJ    : [3706]> DATA_REGISTRATION_STATE [SUB0]
05-06 17:31:04.902  1328  1329 D RILC    : [1037630057]> OPERATOR 
05-06 17:31:04.902  1328  1329 D WH-RIL  : onRequest: OPERATOR,3,22
05-06 17:31:04.902  1328  1329 D WH-AT   : ============AT> AT+COPS=3,0;+COPS?;+COPS=3,1;+COPS?;+COPS=3,2;+COPS?
05-06 17:31:04.905   613   613 D RILJ    : [3707]> VOICE_REGISTRATION_STATE [SUB0]
05-06 17:31:04.907  1328  1331 D WH-AT   : ============AT< +COPS: 0
05-06 17:31:04.908  1328  1331 D WH-AT   : ============AT< +COPS: 0
05-06 17:31:04.908  1328  1331 D WH-AT   : ============AT< +COPS: 0
05-06 17:31:04.908  1328  1331 D WH-AT   : ============AT< OK
05-06 17:31:04.908  1328  1329 E WH-RIL  : requestOperator (null),(null),(null)
05-06 17:31:04.909  1328  1329 D RILC    : [1037630057]< OPERATOR {(null),(null),(null)}
05-06 17:31:04.909  1328  1329 D RILC    : [1037630058]> DATA_REGISTRATION_STATE 
05-06 17:31:04.909  1328  1329 D WH-RIL  : onRequest: DATA_REGISTRATION_STATE,3,21
05-06 17:31:04.909  1328  1329 D WH-AT   : ============AT> AT+CEREG?
05-06 17:31:04.910   613   613 D RILJ    : [3708]> QUERY_NETWORK_SELECTION_MODE [SUB0]
05-06 17:31:04.911   613   771 D RILJ    : [3702]< RADIO_POWER  [SUB0]
05-06 17:31:04.911   613   613 D RILJ    : [3709]> BASEBAND_VERSION [SUB0]
05-06 17:31:04.911   613   613 D RILJ    : [3710]> GET_IMEI [SUB0]
05-06 17:31:04.911   613   771 D RILJ    : [3703]< RIL_REQUEST_CDMA_SET_SUBSCRIPTION_SOURCE  [SUB0]
05-06 17:31:04.912   613   613 D RILJ    : [3711]> GET_IMEISV [SUB0]
05-06 17:31:04.912   613   771 D RilRequest: [3704]< RIL_REQUEST_SET_CELL_INFO_LIST_RATE error: com.android.internal.telephony.CommandException: REQUEST_NOT_SUPPORTED ret=
05-06 17:31:04.913   613   613 D RILJ    : [3712]> RIL_REQUEST_GET_RADIO_CAPABILITY [SUB0]
05-06 17:31:04.913   613   771 D RILJ    : [3705]< OPERATOR {null, null, null} [SUB0]
05-06 17:31:04.913   613   613 D RILJ    : [3713]> RIL_REQUEST_START_LCE [SUB0]
05-06 17:31:04.913  1328  1331 D WH-AT   : ============AT< +CEREG: 2,2
05-06 17:31:04.913  1328  1331 D WH-AT   : ============AT< OK
05-06 17:31:04.913  1328  1329 E WH-RIL  : requestRegistrationState response[3]:0
05-06 17:31:04.914  1328  1329 D RILC    : [1037630058]< DATA_REGISTRATION_STATE {2}
05-06 17:31:04.914  1328  1329 D RILC    : [1037630059]> VOICE_REGISTRATION_STATE 
05-06 17:31:04.914  1328  1329 D WH-RIL  : onRequest: VOICE_REGISTRATION_STATE,3,20
05-06 17:31:04.914   613   613 D DCT     : [0]onRadioAvailable
05-06 17:31:04.914  1328  1329 D WH-AT   : ============AT> AT+CREG?
05-06 17:31:04.914   613   613 D UiccController: Received EVENT_ICC_STATUS_CHANGED, calling getIccCardStatus
05-06 17:31:04.914   613   613 D RILJ    : [3714]> GET_SIM_STATUS [SUB0]
05-06 17:31:04.914   613   771 D RILJ    : [3706]< DATA_REGISTRATION_STATE {2} [SUB0]
05-06 17:31:04.915   613   613 D RILJ    : [3715]> GET_CURRENT_CALLS [SUB0]
05-06 17:31:04.916   613   613 D RILJ    : [3716]> RIL_REQUEST_IMS_REGISTRATION_STATE [SUB0]
05-06 17:31:04.916   613   613 D RILJ    : [3717]> RIL_REQUEST_CDMA_GET_SUBSCRIPTION_SOURCE [SUB0]
05-06 17:31:04.917   613   613 D GsmCdmaPhone: [GsmCdmaPhone] Event EVENT_RADIO_ON Received
05-06 17:31:04.917   613   613 D RILJ    : [3718]> RIL_REQUEST_VOICE_RADIO_TECH [SUB0]
05-06 17:31:04.917  1328  1331 D WH-AT   : ============AT< +CREG: 2,0
05-06 17:31:04.917  1328  1331 D WH-AT   : ============AT< OK
05-06 17:31:04.918  1328  1329 D WH-AT   : ============AT> AT^SYSINFO
05-06 17:31:04.918   613   613 D SST     : handlPollStateResultMessage: GsmSST setDataRegState=1 regState=2 dataRadioTechnology=0
05-06 17:31:04.921  1328  1331 D WH-AT   : ============AT< ^SYSINFO: 1,0,0,3,255,,3
05-06 17:31:04.921  1328  1331 D WH-AT   : ============AT< OK
05-06 17:31:04.921  1328  1329 E WH-RIL  : requestRegistrationState srv_status:1
05-06 17:31:04.921  1328  1329 E WH-RIL  : requestRegistrationState response[3]:0
05-06 17:31:04.921  1328  1329 D RILC    : [1037630059]< VOICE_REGISTRATION_STATE {0}
05-06 17:31:04.921  1328  1329 D RILC    : [1037630060]> QUERY_NETWORK_SELECTION_MODE 
05-06 17:31:04.921  1328  1329 D WH-RIL  : onRequest: QUERY_NETWORK_SELECTION_MODE,3,45
05-06 17:31:04.921  1328  1329 D WH-AT   : ============AT> AT+COPS?
05-06 17:31:04.922   613   771 D RILJ    : [3707]< VOICE_REGISTRATION_STATE {0} [SUB0]
05-06 17:31:04.925  1328  1331 D WH-AT   : ============AT< +COPS: 0
05-06 17:31:04.925  1328  1331 D WH-AT   : ============AT< OK
05-06 17:31:04.925  1328  1329 D RILC    : [1037630060]< QUERY_NETWORK_SELECTION_MODE {0}
05-06 17:31:04.925  1328  1329 D RILC    : [1037630061]> BASEBAND_VERSION 
05-06 17:31:04.925  1328  1329 D WH-RIL  : onRequest: BASEBAND_VERSION,3,51
05-06 17:31:04.925  1328  1329 D WH-AT   : ============AT> AT+CGMR
05-06 17:31:04.925   613   771 D RILJ    : [3708]< QUERY_NETWORK_SELECTION_MODE {0} [SUB0]
05-06 17:31:04.925   613   613 D SST     : EVENT_POLL_STATE_NETWORK_SELECTION_MODE
05-06 17:31:04.926   613   613 D SST     : useDataRegStateForDataOnlyDevice: VoiceRegState=1 DataRegState=1
05-06 17:31:04.926   613   613 D SST     : Poll ServiceState done:  oldSS=[1 1 voice home data home null null null null null null  Unknown Unknown CSS not supported -1 -1 RoamInd=-1 DefRoamInd=-1 EmergOnly=false IsDataRoamingFromRegistration=false IsUsingCarrierAggregation=false] newSS=[1 1 voice home data home null null null null null null  Unknown Unknown CSS not supported -1 -1 RoamInd=-1 DefRoamInd=-1 EmergOnly=false IsDataRoamingFromRegistration=false IsUsingCarrierAggregation=false] oldMaxDataCalls=1 mNewMaxDataCalls=1 oldReasonDataDenied=-1 mNewReasonDataDenied=-1
05-06 17:31:04.928  1328  1331 D WH-AT   : ============AT< +CGMR: WH_G405tf_FLASH_V1.0.31B09P23_190227
05-06 17:31:04.928  1328  1331 D WH-AT   : ============AT< OK
05-06 17:31:04.928  1328  1329 D RILC    : [1037630061]< BASEBAND_VERSION {WH_G405tf_FLASH_V1.0.31B09P23_190227}
05-06 17:31:04.928  1328  1329 D RILC    : [1037630062]> GET_IMEI 
05-06 17:31:04.928  1328  1329 D WH-RIL  : onRequest: GET_IMEI,3,38
05-06 17:31:04.928  1328  1329 D WH-AT   : ============AT> AT+CGSN
05-06 17:31:04.929   613   771 D RILJ    : [3709]< BASEBAND_VERSION WH_G405tf_FLASH_V1.0.31B09P23_190227 [SUB0]
05-06 17:31:04.929   613   613 D GsmCdmaPhone: [GsmCdmaPhone] Baseband version: WH_G405tf_FLASH_V1.0.31B09P23_190227
05-06 17:31:04.932  1328  1331 D WH-AT   : ============AT< +CGSN: 868221042893795
05-06 17:31:04.932  1328  1331 D WH-AT   : ============AT< OK
05-06 17:31:04.932  1328  1329 D RILC    : [1037630062]< GET_IMEI {868221042893795}
05-06 17:31:04.932  1328  1329 D RILC    : [1037630063]> GET_IMEISV 
05-06 17:31:04.932  1328  1329 D WH-RIL  : onRequest: GET_IMEISV,3,39
05-06 17:31:04.932   613   771 D RILJ    : [3710]< GET_IMEI  [SUB0]
05-06 17:31:04.932  1328  1329 D WH-AT   : ============AT> AT+ZULI=8
05-06 17:31:04.936  1328  1331 D WH-AT   : ============AT< +ZULI: 8,"8682210428937955"
05-06 17:31:04.936  1328  1331 D WH-AT   : ============AT< OK
05-06 17:31:04.936  1328  1329 D RILC    : [1037630063]< GET_IMEISV {8682210428937955}
05-06 17:31:04.936  1328  1329 D RILC    : [1037630064]> RIL_REQUEST_GET_RADIO_CAPABILITY 
05-06 17:31:04.936  1328  1329 D WH-RIL  : onRequest: RIL_REQUEST_GET_RADIO_CAPABILITY,3,130
05-06 17:31:04.936   613   771 D RILJ    : [3711]< GET_IMEISV  [SUB0]
05-06 17:31:05.079   613   771 I RILJ    : 'rild' socket closed
05-06 17:31:05.079   613   771 I RILJ    : java.io.IOException: Connection reset by peer
05-06 17:31:05.079   613   771 I RILJ    : 	at android.net.LocalSocketImpl.readba_native(Native Method)
05-06 17:31:05.079   613   771 I RILJ    : 	at android.net.LocalSocketImpl.-wrap1(LocalSocketImpl.java)
05-06 17:31:05.079   613   771 I RILJ    : 	at android.net.LocalSocketImpl$SocketInputStream.read(LocalSocketImpl.java:110)
05-06 17:31:05.079   613   771 I RILJ    : 	at com.android.internal.telephony.RIL.readRilMessage(RIL.java:578)
05-06 17:31:05.079   613   771 I RILJ    : 	at com.android.internal.telephony.RIL.-wrap2(RIL.java)
05-06 17:31:05.079   613   771 I RILJ    : 	at com.android.internal.telephony.RIL$RILReceiver.run(RIL.java:686)
05-06 17:31:05.079   613   771 I RILJ    : 	at java.lang.Thread.run(Thread.java:761)
05-06 17:31:05.080   613   771 I RILJ    : (0) Disconnected from 'rild' socket
05-06 17:31:05.080   613   771 D RilRequest: [3712]< RIL_REQUEST_GET_RADIO_CAPABILITY error: com.android.internal.telephony.CommandException: RADIO_NOT_AVAILABLE ret=
05-06 17:31:05.080   613   771 D RilRequest: [3713]< RIL_REQUEST_START_LCE error: com.android.internal.telephony.CommandException: RADIO_NOT_AVAILABLE ret=
05-06 17:31:05.080   613   771 D RilRequest: [3714]< GET_SIM_STATUS error: com.android.internal.telephony.CommandException: RADIO_NOT_AVAILABLE ret=
05-06 17:31:05.080   613   771 D RilRequest: [3715]< GET_CURRENT_CALLS error: com.android.internal.telephony.CommandException: RADIO_NOT_AVAILABLE ret=
05-06 17:31:05.080   613   771 D RilRequest: [3716]< RIL_REQUEST_IMS_REGISTRATION_STATE error: com.android.internal.telephony.CommandException: RADIO_NOT_AVAILABLE ret=
05-06 17:31:05.081   613   771 D RilRequest: [3717]< RIL_REQUEST_CDMA_GET_SUBSCRIPTION_SOURCE error: com.android.internal.telephony.CommandException: RADIO_NOT_AVAILABLE ret=
05-06 17:31:05.081   613   771 D RilRequest: [3718]< RIL_REQUEST_VOICE_RADIO_TECH error: com.android.internal.telephony.CommandException: RADIO_NOT_AVAILABLE ret=
05-06 17:31:05.081   613   613 D SST     : mDeviceShuttingDown=false, mDesiredPowerState=true, getRadioState=RADIO_UNAVAILABLE, mPowerOffDelayNeed=true, mAlarmSwitch=false, mRadioDisabledByCarrier=false
05-06 17:31:05.082   613   613 D SST     : useDataRegStateForDataOnlyDevice: VoiceRegState=1 DataRegState=1
05-06 17:31:05.082   613   613 D SST     : Poll ServiceState done:  oldSS=[1 1 voice home data home null null null null null null  Unknown Unknown CSS not supported -1 -1 RoamInd=-1 DefRoamInd=-1 EmergOnly=false IsDataRoamingFromRegistration=false IsUsingCarrierAggregation=false] newSS=[1 1 voice home data home null null null null null null  Unknown Unknown CSS not supported -1 -1 RoamInd=-1 DefRoamInd=-1 EmergOnly=false IsDataRoamingFromRegistration=false IsUsingCarrierAggregation=false] oldMaxDataCalls=1 mNewMaxDataCalls=1 oldReasonDataDenied=-1 mNewReasonDataDenied=-1
05-06 17:31:05.082   613   613 D UiccController: EVENT_RADIO_UNAVAILABLE, dispose card
05-06 17:31:05.082   613   771 I RILJ    : Couldn't find 'rild' socket; retrying after timeout
05-06 17:31:05.082   613   613 D RILJ    : [7198]> GET_CURRENT_CALLS [SUB0]
05-06 17:31:05.082   613   613 D RilRequest: [7198]< GET_CURRENT_CALLS error: com.android.internal.telephony.CommandException: RADIO_NOT_AVAILABLE ret=
05-06 17:31:05.082   613   613 E IccCardProxy: setExternalState: !override and newstate unchanged from NOT_READY
05-06 17:31:05.083   613   613 D GsmCdmaPhone: [GsmCdmaPhone] Event EVENT_RADIO_OFF_OR_NOT_AVAILABLE Received
05-06 17:31:05.083   613   613 D DCT     : [0]onRadioOffOrNotAvailable: is off and clean up all connections
05-06 17:31:05.083   613   613 D DCT     : [0]cleanUpAllConnections: tearDown=false reason=radioTurnedOff
05-06 17:31:05.083   613   613 D GsmCdmaPhone: [GsmCdmaPhone] getDataConnectionState apnType=default ret=DISCONNECTED
05-06 17:31:05.091   613   613 D DCT     : [0]cleanUpConnection: X tearDown=false reason=radioTurnedOff apnContext={mApnType=default mState=IDLE mWaitingApns={null} mApnSetting={null} mReason=radioTurnedOff mDataEnabled=false mDependencyMet=true} dcac=null
05-06 17:31:05.091   613   613 D GsmCdmaPhone: [GsmCdmaPhone] getDataConnectionState apnType=mms ret=DISCONNECTED
05-06 17:31:05.094   613   613 D DCT     : [0]cleanUpConnection: X tearDown=false reason=radioTurnedOff apnContext={mApnType=mms mState=IDLE mWaitingApns={null} mApnSetting={null} mReason=radioTurnedOff mDataEnabled=false mDependencyMet=false} dcac=null
05-06 17:31:05.094   613   613 D GsmCdmaPhone: [GsmCdmaPhone] getDataConnectionState apnType=cbs ret=DISCONNECTED
05-06 17:31:05.099   613   613 D DCT     : [0]cleanUpConnection: X tearDown=false reason=radioTurnedOff apnContext={mApnType=cbs mState=IDLE mWaitingApns={null} mApnSetting={null} mReason=radioTurnedOff mDataEnabled=false mDependencyMet=true} dcac=null
05-06 17:31:05.099   613   613 D GsmCdmaPhone: [GsmCdmaPhone] getDataConnectionState apnType=fota ret=DISCONNECTED
05-06 17:31:05.101   613   613 D DCT     : [0]cleanUpConnection: X tearDown=false reason=radioTurnedOff apnContext={mApnType=fota mState=IDLE mWaitingApns={null} mApnSetting={null} mReason=radioTurnedOff mDataEnabled=false mDependencyMet=true} dcac=null
05-06 17:31:05.102   613   613 D GsmCdmaPhone: [GsmCdmaPhone] getDataConnectionState apnType=supl ret=DISCONNECTED
05-06 17:31:05.104   613   613 D DCT     : [0]cleanUpConnection: X tearDown=false reason=radioTurnedOff apnContext={mApnType=supl mState=IDLE mWaitingApns={null} mApnSetting={null} mReason=radioTurnedOff mDataEnabled=false mDependencyMet=true} dcac=null
05-06 17:31:05.104   613   613 D GsmCdmaPhone: [GsmCdmaPhone] getDataConnectionState apnType=emergency ret=DISCONNECTED
05-06 17:31:05.106   613   613 D DCT     : [0]cleanUpConnection: X tearDown=false reason=radioTurnedOff apnContext={mApnType=emergency mState=IDLE mWaitingApns={null} mApnSetting={null} mReason=radioTurnedOff mDataEnabled=false mDependencyMet=true} dcac=null
05-06 17:31:05.106   613   613 D GsmCdmaPhone: [GsmCdmaPhone] getDataConnectionState apnType=dun ret=DISCONNECTED
05-06 17:31:05.108   613   613 D DCT     : [0]cleanUpConnection: X tearDown=false reason=radioTurnedOff apnContext={mApnType=dun mState=IDLE mWaitingApns={null} mApnSetting={null} mReason=radioTurnedOff mDataEnabled=false mDependencyMet=true} dcac=null
05-06 17:31:05.108   613   613 D GsmCdmaPhone: [GsmCdmaPhone] getDataConnectionState apnType=hipri ret=DISCONNECTED
05-06 17:31:05.110   613   613 D DCT     : [0]cleanUpConnection: X tearDown=false reason=radioTurnedOff apnContext={mApnType=hipri mState=IDLE mWaitingApns={null} mApnSetting={null} mReason=radioTurnedOff mDataEnabled=false mDependencyMet=true} dcac=null
05-06 17:31:05.110   613   613 D GsmCdmaPhone: [GsmCdmaPhone] getDataConnectionState apnType=ims ret=DISCONNECTED
05-06 17:31:05.112   613   613 D DCT     : [0]cleanUpConnection: X tearDown=false reason=radioTurnedOff apnContext={mApnType=ims mState=IDLE mWaitingApns={null} mApnSetting={null} mReason=radioTurnedOff mDataEnabled=false mDependencyMet=true} dcac=null
05-06 17:31:05.112   613   613 D DCT     : [0]stopNetStatPoll
05-06 17:31:05.112   613   613 D DCT     : [0]cleanUpConnection: mDisconnectPendingCount = 0
05-06 17:31:05.112   613   613 D DCT     : [0]isDataAllowed: No - SIM not loaded - Not attached
05-06 17:31:05.126  1338  1338 D RILD    : **RIL Daemon Started**
05-06 17:31:05.126  1338  1338 D RILD    : **RILd param count=1**
05-06 17:31:05.128  1338  1338 W RILD    : RIL_SAP_Init not defined or exported in /system/lib/libreference-ril-wh405.so: undefined symbol: RIL_SAP_Init
05-06 17:31:05.128  1338  1338 D RILD    : RIL_Init argc = 5 clientId = 0
05-06 17:31:05.128   613   613 D GsmCdmaPhone: get phone radio capability fail, no need to change mRadioCapability
05-06 17:31:05.128  1338  1338 I WH-RIL  : RIL_Init -1,Feb 19 2019-10:27:58
05-06 17:31:05.128   613   613 D GsmCdmaPhone: EVENT_GET_RADIO_CAPABILITY: phone rc: null
05-06 17:31:05.128  1338  1338 D RILD    : RIL_Init rilInit completed
05-06 17:31:05.128   613   613 D Phone   : config LCE service failed: com.android.internal.telephony.CommandException: RADIO_NOT_AVAILABLE
05-06 17:31:05.128  1338  1342 D WH-AT   : entering mainLoop()
05-06 17:31:05.128  1338  1338 I RILC    : SIM_COUNT: 1
05-06 17:31:05.128  1338  1342 I WH-RIL  : RIL mainLoop
05-06 17:31:05.128  1338  1338 E RILC    : RIL_register: RIL version 12
05-06 17:31:05.128   613   613 D UiccController: Received EVENT_GET_ICC_STATUS_DONE
05-06 17:31:05.128  1338  1338 I RILC    : s_registerCalled flag set, 1
05-06 17:31:05.128  1338  1338 I RILC    : Start to listen RIL_SOCKET_1
05-06 17:31:05.128  1338  1338 D RILD    : RIL_Init RIL_register completed
05-06 17:31:05.128  1338  1338 D RILD    : RIL_register_socket completed
05-06 17:31:05.128  1338  1338 D RILD    : RIL_Init starting sleep loop
05-06 17:31:05.128   613   613 E UiccController: Error getting ICC status. RIL_REQUEST_GET_ICC_STATUS should never return an error
05-06 17:31:05.128   613   613 E UiccController: com.android.internal.telephony.CommandException: RADIO_NOT_AVAILABLE
05-06 17:31:05.128   613   613 E UiccController: 	at com.android.internal.telephony.RILRequest.onError(RIL.java:217)
05-06 17:31:05.128   613   613 E UiccController: 	at com.android.internal.telephony.RIL.clearRequestList(RIL.java:2616)
05-06 17:31:05.128   613   613 E UiccController: 	at com.android.internal.telephony.RIL.-wrap4(RIL.java)
05-06 17:31:05.128   613   613 E UiccController: 	at com.android.internal.telephony.RIL$RILReceiver.run(RIL.java:724)
05-06 17:31:05.128   613   613 E UiccController: 	at java.lang.Thread.run(Thread.java:761)
05-06 17:31:05.128   613   613 D GsmCdmaCallTracker: Event EVENT_POLL_CALLS_RESULT Received
05-06 17:31:05.128   613   613 E RIL_ImsSms: IMS State query failed with exp com.android.internal.telephony.CommandException: RADIO_NOT_AVAILABLE
05-06 17:31:05.128   613   613 D CdmaSSM : CDMA_SUBSCRIPTION_SOURCE event = 2
05-06 17:31:05.128   613   613 W CdmaSSM : Unable to get CDMA Subscription Source, Exception: com.android.internal.telephony.CommandException: RADIO_NOT_AVAILABLE, result: null
05-06 17:31:05.128   613   613 E GsmCdmaPhone: [GsmCdmaPhone] EVENT_REQUEST_VOICE_RADIO_TECH_DONE: exception=com.android.internal.telephony.CommandException: RADIO_NOT_AVAILABLE
05-06 17:31:05.128  1338  1342 D WH-RIL  : usb_device_prefix 1-1:1.2
05-06 17:31:05.129   613   613 D GsmSMSDispatcher: GsmSMSDispatcher: subId = -2 slotId = 0
05-06 17:31:05.129   613   613 E IccCardProxy: setExternalState: !override and newstate unchanged from NOT_READY
05-06 17:31:05.129   613   613 D GsmCdmaCallTracker: Event EVENT_POLL_CALLS_RESULT Received
05-06 17:31:05.129  1338  1342 D WH-RIL  : the file name 1-1:1.2
05-06 17:31:05.129   613   613 D GsmCdmaCallTracker: [GsmCdmaCallTracker] update phone state, old=IDLE new=IDLE
05-06 17:31:05.129  1338  1342 I WH-RIL  : RIL_Init s_device_path /dev/ttyUSB0 
05-06 17:31:05.129  1338  1341 D WH-RIL  : setRadioState 0
05-06 17:31:05.130  1338  1341 D RILC    : [UNSL]< UNSOL_RESPONSE_RADIO_STATE_CHANGED  {RADIO_OFF}
05-06 17:31:07.130  1338  1341 D WH-AT   : ============AT> ATE0Q0V1
05-06 17:31:07.132  1338  1343 D WH-AT   : ============AT< OK
05-06 17:31:08.133  1338  1341 I WH-RIL  : AT at_handshake END
05-06 17:31:08.133  1338  1341 D WH-AT   : ============AT> ATS0=0
05-06 17:31:08.137  1338  1343 D WH-AT   : ============AT< OK
05-06 17:31:08.137  1338  1341 D WH-AT   : ============AT> AT+CMEE=1
05-06 17:31:08.141  1338  1343 D WH-AT   : ============AT< OK
05-06 17:31:08.141  1338  1341 D WH-AT   : ============AT> AT+CREG=2
05-06 17:31:08.144  1338  1343 D WH-AT   : ============AT< OK
05-06 17:31:08.144  1338  1341 D WH-AT   : ============AT> AT+CEREG=2
05-06 17:31:08.148  1338  1343 D WH-AT   : ============AT< OK
05-06 17:31:08.148  1338  1341 D WH-AT   : ============AT> AT+CCWA=1
05-06 17:31:08.152  1338  1343 D WH-AT   : ============AT< OK
05-06 17:31:08.152  1338  1341 D WH-AT   : ============AT> AT+CMOD=0
05-06 17:31:08.156  1338  1343 D WH-AT   : ============AT< OK
05-06 17:31:08.156  1338  1341 D WH-AT   : ============AT> AT+CSSN=0,1
05-06 17:31:08.159  1338  1343 D WH-AT   : ============AT< OK
05-06 17:31:08.159  1338  1341 D WH-AT   : ============AT> AT+COLP=0
05-06 17:31:08.163  1338  1343 D WH-AT   : ============AT< OK
05-06 17:31:08.163  1338  1341 D WH-AT   : ============AT> AT+CUSD=1
05-06 17:31:08.167  1338  1343 D WH-AT   : ============AT< OK
05-06 17:31:08.167  1338  1341 D WH-AT   : ============AT> AT+CMGF=0
05-06 17:31:08.171  1338  1343 D WH-AT   : ============AT< OK
05-06 17:31:08.171  1338  1341 D WH-AT   : ============AT> AT+ZMMI=1
05-06 17:31:08.174  1338  1343 D WH-AT   : ============AT< OK
05-06 17:31:08.175  1338  1341 D WH-AT   : ============AT> AT+CFUN?
05-06 17:31:08.178  1338  1343 D WH-AT   : ============AT< +CFUN: 1
05-06 17:31:08.178  1338  1343 D WH-AT   : ============AT< OK
05-06 17:31:08.178  1338  1341 D WH-RIL  : setRadioState 2
05-06 17:31:08.179  1338  1341 D RILC    : [UNSL]< UNSOL_VOICE_RADIO_TECH_CHANGED {3}
05-06 17:31:08.179  1338  1341 D RILC    : [UNSL]< UNSOL_VOICE_RADIO_TECH_CHANGED {3} {RADIO_SIM_NOT_READY}
05-06 17:31:08.179  1338  1341 D WH-AT   : ============AT> AT+CPIN?
05-06 17:31:08.183  1338  1343 D WH-AT   : ============AT< +CME ERROR: 10
05-06 17:31:08.183  1338  1341 D WH-RIL  : setRadioState 3
05-06 17:31:08.183  1338  1341 D RILC    : [UNSL]< UNSOL_RESPONSE_SIM_STATUS_CHANGED 
05-06 17:31:08.183  1338  1341 D RILC    : [UNSL]< UNSOL_RESPONSE_SIM_STATUS_CHANGED  {RADIO_SIM_LOCKED_OR_ABSENT}
05-06 17:31:09.083   613   771 I RILJ    : (0) Connected to 'rild' socket
05-06 17:31:09.083  1338  1341 I RILC    : libril: new connection to RIL_SOCKET_1
05-06 17:31:09.083  1338  1341 D RILC    : [UNSL]< UNSOL_RIL_CONNECTED {12}
05-06 17:31:09.083  1338  1341 D RILC    : [UNSL]< UNSOL_RESPONSE_RADIO_STATE_CHANGED  {RADIO_SIM_LOCKED_OR_ABSENT}
05-06 17:31:09.083  1338  1341 I RILC    : RIL Daemon version: WH_Android_RIL_Driver_V1.0.0
05-06 17:31:09.083   613   771 D RILJ    : [UNSL]< UNSOL_RIL_CONNECTED {12} [SUB0]
05-06 17:31:09.084   613   771 D RILJ    : [7199]> RADIO_POWER off [SUB0]
05-06 17:31:09.086   613   771 D RILJ    : [7200]> RIL_REQUEST_CDMA_SET_SUBSCRIPTION_SOURCE : 0 [SUB0]
05-06 17:31:09.086  1338  1341 D RILC    : [1741783551]> RADIO_POWER (0)
05-06 17:31:09.086  1338  1341 D WH-RIL  : onRequest: RADIO_POWER,3,23
05-06 17:31:09.086  1338  1341 D RILC    : [1741783551]< RADIO_POWER
05-06 17:31:09.087   613   771 D RILJ    : setCellInfoListRate: 2147483647 [SUB0]
05-06 17:31:09.088   613   771 D RILJ    : [7201]> RIL_REQUEST_SET_CELL_INFO_LIST_RATE [SUB0]
05-06 17:31:09.088  1338  1341 D RILC    : [1741783552]> CDMA_SET_SUBSCRIPTION_SOURCE (0)
05-06 17:31:09.088  1338  1341 D WH-RIL  : onRequest: CDMA_SET_SUBSCRIPTION_SOURCE,3,77
05-06 17:31:09.088  1338  1341 D RILC    : [1741783552]< CDMA_SET_SUBSCRIPTION_SOURCE
05-06 17:31:09.089  1338  1341 D RILC    : [1741783553]> SET_UNSOL_CELL_INFO_LIST_RATE (2147483647)
05-06 17:31:09.090  1338  1341 D WH-RIL  : onRequest: SET_UNSOL_CELL_INFO_LIST_RATE,3,110
05-06 17:31:09.090  1338  1341 D WH-RIL  : onRequest: SET_UNSOL_CELL_INFO_LIST_RATE not supported
05-06 17:31:09.090  1338  1341 D RILC    : [1741783553]< SET_UNSOL_CELL_INFO_LIST_RATE fails by E_REQUEST_NOT_SUPPORTED
05-06 17:31:09.090   613   818 D Dcc     : DccDefaultState: msg.what=EVENT_RIL_CONNECTED mRilVersion=12
05-06 17:31:09.090   613   771 D RILJ    : [UNSL]< UNSOL_RESPONSE_RADIO_STATE_CHANGED RADIO_ON [SUB0]
05-06 17:31:09.091   613   613 D SST     : mDeviceShuttingDown=false, mDesiredPowerState=true, getRadioState=RADIO_ON, mPowerOffDelayNeed=true, mAlarmSwitch=false, mRadioDisabledByCarrier=false
05-06 17:31:09.092   613   613 D RILJ    : [7202]> OPERATOR [SUB0]
05-06 17:31:09.092   613   771 D RILJ    : [7199]< RADIO_POWER  [SUB0]
05-06 17:31:09.093   613   613 D RILJ    : [7203]> DATA_REGISTRATION_STATE [SUB0]
05-06 17:31:09.094  1338  1341 D RILC    : [1741783554]> OPERATOR 
05-06 17:31:09.094  1338  1341 D WH-RIL  : onRequest: OPERATOR,3,22
05-06 17:31:09.094  1338  1341 D WH-AT   : ============AT> AT+COPS=3,0;+COPS?;+COPS=3,1;+COPS?;+COPS=3,2;+COPS?
05-06 17:31:09.094   613   771 D RILJ    : [7200]< RIL_REQUEST_CDMA_SET_SUBSCRIPTION_SOURCE  [SUB0]
05-06 17:31:09.096   613   613 D RILJ    : [7204]> VOICE_REGISTRATION_STATE [SUB0]
05-06 17:31:09.096   613   771 D RilRequest: [7201]< RIL_REQUEST_SET_CELL_INFO_LIST_RATE error: com.android.internal.telephony.CommandException: REQUEST_NOT_SUPPORTED ret=
05-06 17:31:09.098   613   613 D RILJ    : [7205]> QUERY_NETWORK_SELECTION_MODE [SUB0]
05-06 17:31:09.098  1338  1343 D WH-AT   : ============AT< +COPS: 0
05-06 17:31:09.098  1338  1343 D WH-AT   : ============AT< +COPS: 0
05-06 17:31:09.098  1338  1343 D WH-AT   : ============AT< +COPS: 0
05-06 17:31:09.099  1338  1343 D WH-AT   : ============AT< OK
05-06 17:31:09.099  1338  1341 E WH-RIL  : requestOperator (null),(null),(null)
05-06 17:31:09.099  1338  1341 D RILC    : [1741783554]< OPERATOR {(null),(null),(null)}
05-06 17:31:09.099   613   613 D RILJ    : [7206]> BASEBAND_VERSION [SUB0]
05-06 17:31:09.099  1338  1341 D RILC    : [1741783555]> DATA_REGISTRATION_STATE 
05-06 17:31:09.100  1338  1341 D WH-RIL  : onRequest: DATA_REGISTRATION_STATE,3,21
05-06 17:31:09.100  1338  1341 D WH-AT   : ============AT> AT+CEREG?
05-06 17:31:09.100   613   771 D RILJ    : [7202]< OPERATOR {null, null, null} [SUB0]
05-06 17:31:09.102   613   613 D RILJ    : [7207]> GET_IMEI [SUB0]
05-06 17:31:09.103   613   613 D RILJ    : [7208]> GET_IMEISV [SUB0]
05-06 17:31:09.103  1338  1343 D WH-AT   : ============AT< +CEREG: 2,2
05-06 17:31:09.103  1338  1343 D WH-AT   : ============AT< OK
05-06 17:31:09.104  1338  1341 E WH-RIL  : requestRegistrationState response[3]:0
05-06 17:31:09.104  1338  1341 D RILC    : [1741783555]< DATA_REGISTRATION_STATE {2}
05-06 17:31:09.104  1338  1341 D RILC    : [1741783556]> VOICE_REGISTRATION_STATE 
05-06 17:31:09.104  1338  1341 D WH-RIL  : onRequest: VOICE_REGISTRATION_STATE,3,20
05-06 17:31:09.104  1338  1341 D WH-AT   : ============AT> AT+CREG?
05-06 17:31:09.105   613   613 D RILJ    : [7209]> RIL_REQUEST_GET_RADIO_CAPABILITY [SUB0]
05-06 17:31:09.106   613   613 D RILJ    : [7210]> RIL_REQUEST_START_LCE [SUB0]
05-06 17:31:09.108   613   613 D DCT     : [0]onRadioAvailable
05-06 17:31:09.108  1338  1343 D WH-AT   : ============AT< +CREG: 2,0
05-06 17:31:09.108  1338  1343 D WH-AT   : ============AT< OK
05-06 17:31:09.108   613   613 D UiccController: Received EVENT_ICC_STATUS_CHANGED, calling getIccCardStatus
05-06 17:31:09.108  1338  1341 D WH-AT   : ============AT> AT^SYSINFO
