05-06 17:31:09.108   613   613 D RILJ    : [7211]> GET_SIM_STATUS [SUB0]
05-06 17:31:09.110   613   613 D RILJ    : [7212]> GET_CURRENT_CALLS [SUB0]
05-06 17:31:09.110   613   771 D RILJ    : [7203]< DATA_REGISTRATION_STATE {2} [SUB0]
05-06 17:31:09.111   613   613 D RILJ    : [7213]> RIL_REQUEST_IMS_REGISTRATION_STATE [SUB0]
05-06 17:31:09.112  1338  1343 D WH-AT   : ============AT< ^SYSINFO: 1,0,0,3,255,,3
05-06 17:31:09.112  1338  1343 D WH-AT   : ============AT< OK
05-06 17:31:09.112  1338  1341 E WH-RIL  : requestRegistrationState srv_status:1
05-06 17:31:09.112  1338  1341 E WH-RIL  : requestRegistrationState response[3]:0
05-06 17:31:09.112  1338  1341 D RILC    : [1741783556]< VOICE_REGISTRATION_STATE {0}
05-06 17:31:09.113  1338  1341 D RILC    : [1741783557]> QUERY_NETWORK_SELECTION_MODE 
05-06 17:31:09.113  1338  1341 D WH-RIL  : onRequest: QUERY_NETWORK_SELECTION_MODE,3,45
05-06 17:31:09.113  1338  1341 D WH-AT   : ============AT> AT+COPS?
05-06 17:31:09.113   613   613 D RILJ    : [7214]> RIL_REQUEST_CDMA_GET_SUBSCRIPTION_SOURCE [SUB0]
05-06 17:31:09.113   613   771 D RILJ    : [7204]< VOICE_REGISTRATION_STATE {0} [SUB0]
05-06 17:31:09.114   613   613 D GsmCdmaPhone: [GsmCdmaPhone] Event EVENT_RADIO_ON Received
05-06 17:31:09.114   613   613 D RILJ    : [7215]> RIL_REQUEST_VOICE_RADIO_TECH [SUB0]
05-06 17:31:09.115   613   613 D SST     : handlPollStateResultMessage: GsmSST setDataRegState=1 regState=2 dataRadioTechnology=0
05-06 17:31:09.116  1338  1343 D WH-AT   : ============AT< +COPS: 0
05-06 17:31:09.116  1338  1343 D WH-AT   : ============AT< OK
05-06 17:31:09.116  1338  1341 D RILC    : [1741783557]< QUERY_NETWORK_SELECTION_MODE {0}
05-06 17:31:09.117  1338  1341 D RILC    : [1741783558]> BASEBAND_VERSION 
05-06 17:31:09.117  1338  1341 D WH-RIL  : onRequest: BASEBAND_VERSION,3,51
05-06 17:31:09.117  1338  1341 D WH-AT   : ============AT> AT+CGMR
05-06 17:31:09.117   613   771 D RILJ    : [7205]< QUERY_NETWORK_SELECTION_MODE {0} [SUB0]
05-06 17:31:09.117   613   613 D SST     : EVENT_POLL_STATE_NETWORK_SELECTION_MODE
05-06 17:31:09.118   613   613 D SST     : useDataRegStateForDataOnlyDevice: VoiceRegState=1 DataRegState=1
05-06 17:31:09.118   613   613 D SST     : Poll ServiceState done:  oldSS=[1 1 voice home data home null null null null null null  Unknown Unknown CSS not supported -1 -1 RoamInd=-1 DefRoamInd=-1 EmergOnly=false IsDataRoamingFromRegistration=false IsUsingCarrierAggregation=false] newSS=[1 1 voice home data home null null null null null null  Unknown Unknown CSS not supported -1 -1 RoamInd=-1 DefRoamInd=-1 EmergOnly=false IsDataRoamingFromRegistration=false IsUsingCarrierAggregation=false] oldMaxDataCalls=1 mNewMaxDataCalls=1 oldReasonDataDenied=-1 mNewReasonDataDenied=-1
05-06 17:31:09.120  1338  1343 D WH-AT   : ============AT< +CGMR: WH_G405tf_FLASH_V1.0.31B09P23_190227
05-06 17:31:09.120  1338  1343 D WH-AT   : ============AT< OK
05-06 17:31:09.120  1338  1341 D RILC    : [1741783558]< BASEBAND_VERSION {WH_G405tf_FLASH_V1.0.31B09P23_190227}
05-06 17:31:09.120  1338  1341 D RILC    : [1741783559]> GET_IMEI 
05-06 17:31:09.120  1338  1341 D WH-RIL  : onRequest: GET_IMEI,3,38
05-06 17:31:09.120  1338  1341 D WH-AT   : ============AT> AT+CGSN
05-06 17:31:09.120   613   771 D RILJ    : [7206]< BASEBAND_VERSION WH_G405tf_FLASH_V1.0.31B09P23_190227 [SUB0]
05-06 17:31:09.121   613   613 D GsmCdmaPhone: [GsmCdmaPhone] Baseband version: WH_G405tf_FLASH_V1.0.31B09P23_190227
05-06 17:31:09.124  1338  1343 D WH-AT   : ============AT< +CGSN: 868221042893795
05-06 17:31:09.124  1338  1343 D WH-AT   : ============AT< OK
05-06 17:31:09.124  1338  1341 D RILC    : [1741783559]< GET_IMEI {868221042893795}
05-06 17:31:09.124  1338  1341 D RILC    : [1741783560]> GET_IMEISV 
05-06 17:31:09.124  1338  1341 D WH-RIL  : onRequest: GET_IMEISV,3,39
05-06 17:31:09.124  1338  1341 D WH-AT   : ============AT> AT+ZULI=8
05-06 17:31:09.125   613   771 D RILJ    : [7207]< GET_IMEI  [SUB0]
05-06 17:31:09.128  1338  1343 D WH-AT   : ============AT< +ZULI: 8,"8682210428937955"
05-06 17:31:09.128  1338  1343 D WH-AT   : ============AT< OK
05-06 17:31:09.128  1338  1341 D RILC    : [1741783560]< GET_IMEISV {8682210428937955}
05-06 17:31:09.128  1338  1341 D RILC    : [1741783561]> RIL_REQUEST_GET_RADIO_CAPABILITY 
05-06 17:31:09.129  1338  1341 D WH-RIL  : onRequest: RIL_REQUEST_GET_RADIO_CAPABILITY,3,130
05-06 17:31:09.129   613   771 D RILJ    : [7208]< GET_IMEISV  [SUB0]
05-06 17:31:09.265   613   771 I RILJ    : 'rild' socket closed
05-06 17:31:09.265   613   771 I RILJ    : java.io.IOException: Connection reset by peer
05-06 17:31:09.265   613   771 I RILJ    : 	at android.net.LocalSocketImpl.readba_native(Native Method)
05-06 17:31:09.265   613   771 I RILJ    : 	at android.net.LocalSocketImpl.-wrap1(LocalSocketImpl.java)
05-06 17:31:09.265   613   771 I RILJ    : 	at android.net.LocalSocketImpl$SocketInputStream.read(LocalSocketImpl.java:110)
05-06 17:31:09.265   613   771 I RILJ    : 	at com.android.internal.telephony.RIL.readRilMessage(RIL.java:578)
05-06 17:31:09.265   613   771 I RILJ    : 	at com.android.internal.telephony.RIL.-wrap2(RIL.java)
05-06 17:31:09.265   613   771 I RILJ    : 	at com.android.internal.telephony.RIL$RILReceiver.run(RIL.java:686)
05-06 17:31:09.265   613   771 I RILJ    : 	at java.lang.Thread.run(Thread.java:761)
05-06 17:31:09.265   613   771 I RILJ    : (0) Disconnected from 'rild' socket
05-06 17:31:09.266   613   771 D RilRequest: [7209]< RIL_REQUEST_GET_RADIO_CAPABILITY error: com.android.internal.telephony.CommandException: RADIO_NOT_AVAILABLE ret=
05-06 17:31:09.266   613   771 D RilRequest: [7210]< RIL_REQUEST_START_LCE error: com.android.internal.telephony.CommandException: RADIO_NOT_AVAILABLE ret=
05-06 17:31:09.266   613   613 D SST     : mDeviceShuttingDown=false, mDesiredPowerState=true, getRadioState=RADIO_UNAVAILABLE, mPowerOffDelayNeed=true, mAlarmSwitch=false, mRadioDisabledByCarrier=false
05-06 17:31:09.266   613   771 D RilRequest: [7211]< GET_SIM_STATUS error: com.android.internal.telephony.CommandException: RADIO_NOT_AVAILABLE ret=
05-06 17:31:09.266   613   771 D RilRequest: [7212]< GET_CURRENT_CALLS error: com.android.internal.telephony.CommandException: RADIO_NOT_AVAILABLE ret=
05-06 17:31:09.266   613   771 D RilRequest: [7213]< RIL_REQUEST_IMS_REGISTRATION_STATE error: com.android.internal.telephony.CommandException: RADIO_NOT_AVAILABLE ret=
05-06 17:31:09.266   613   613 D SST     : useDataRegStateForDataOnlyDevice: VoiceRegState=1 DataRegState=1
05-06 17:31:09.266   613   771 D RilRequest: [7214]< RIL_REQUEST_CDMA_GET_SUBSCRIPTION_SOURCE error: com.android.internal.telephony.CommandException: RADIO_NOT_AVAILABLE ret=
05-06 17:31:09.266   613   613 D SST     : Poll ServiceState done:  oldSS=[1 1 voice home data home null null null null null null  Unknown Unknown CSS not supported -1 -1 RoamInd=-1 DefRoamInd=-1 EmergOnly=false IsDataRoamingFromRegistration=false IsUsingCarrierAggregation=false] newSS=[1 1 voice home data home null null null null null null  Unknown Unknown CSS not supported -1 -1 RoamInd=-1 DefRoamInd=-1 EmergOnly=false IsDataRoamingFromRegistration=false IsUsingCarrierAggregation=false] oldMaxDataCalls=1 mNewMaxDataCalls=1 oldReasonDataDenied=-1 mNewReasonDataDenied=-1
05-06 17:31:09.267   613   771 D RilRequest: [7215]< RIL_REQUEST_VOICE_RADIO_TECH error: com.android.internal.telephony.CommandException: RADIO_NOT_AVAILABLE ret=
05-06 17:31:09.267   613   613 D UiccController: EVENT_RADIO_UNAVAILABLE, dispose card
05-06 17:31:09.267   613   613 D RILJ    : [4922]> GET_CURRENT_CALLS [SUB0]
05-06 17:31:09.267   613   613 D RilRequest: [4922]< GET_CURRENT_CALLS error: com.android.internal.telephony.CommandException: RADIO_NOT_AVAILABLE ret=
05-06 17:31:09.267   613   613 E IccCardProxy: setExternalState: !override and newstate unchanged from NOT_READY
05-06 17:31:09.267   613   613 D GsmCdmaPhone: [GsmCdmaPhone] Event EVENT_RADIO_OFF_OR_NOT_AVAILABLE Received
05-06 17:31:09.267   613   613 D DCT     : [0]onRadioOffOrNotAvailable: is off and clean up all connections
05-06 17:31:09.267   613   613 D DCT     : [0]cleanUpAllConnections: tearDown=false reason=radioTurnedOff
05-06 17:31:09.267   613   613 D GsmCdmaPhone: [GsmCdmaPhone] getDataConnectionState apnType=default ret=DISCONNECTED
05-06 17:31:09.269   613   771 I RILJ    : Couldn't find 'rild' socket; retrying after timeout
05-06 17:31:09.270   613   613 D DCT     : [0]cleanUpConnection: X tearDown=false reason=radioTurnedOff apnContext={mApnType=default mState=IDLE mWaitingApns={null} mApnSetting={null} mReason=radioTurnedOff mDataEnabled=false mDependencyMet=true} dcac=null
05-06 17:31:09.270   613   613 D GsmCdmaPhone: [GsmCdmaPhone] getDataConnectionState apnType=mms ret=DISCONNECTED
05-06 17:31:09.273   613   613 D DCT     : [0]cleanUpConnection: X tearDown=false reason=radioTurnedOff apnContext={mApnType=mms mState=IDLE mWaitingApns={null} mApnSetting={null} mReason=radioTurnedOff mDataEnabled=false mDependencyMet=false} dcac=null
05-06 17:31:09.273   613   613 D GsmCdmaPhone: [GsmCdmaPhone] getDataConnectionState apnType=cbs ret=DISCONNECTED
05-06 17:31:09.275   613   613 D DCT     : [0]cleanUpConnection: X tearDown=false reason=radioTurnedOff apnContext={mApnType=cbs mState=IDLE mWaitingApns={null} mApnSetting={null} mReason=radioTurnedOff mDataEnabled=false mDependencyMet=true} dcac=null
05-06 17:31:09.275   613   613 D GsmCdmaPhone: [GsmCdmaPhone] getDataConnectionState apnType=fota ret=DISCONNECTED
05-06 17:31:09.278   613   613 D DCT     : [0]cleanUpConnection: X tearDown=false reason=radioTurnedOff apnContext={mApnType=fota mState=IDLE mWaitingApns={null} mApnSetting={null} mReason=radioTurnedOff mDataEnabled=false mDependencyMet=true} dcac=null
05-06 17:31:09.278   613   613 D GsmCdmaPhone: [GsmCdmaPhone] getDataConnectionState apnType=supl ret=DISCONNECTED
05-06 17:31:09.280   613   613 D DCT     : [0]cleanUpConnection: X tearDown=false reason=radioTurnedOff apnContext={mApnType=supl mState=IDLE mWaitingApns={null} mApnSetting={null} mReason=radioTurnedOff mDataEnabled=false mDependencyMet=true} dcac=null
05-06 17:31:09.280   613   613 D GsmCdmaPhone: [GsmCdmaPhone] getDataConnectionState apnType=emergency ret=DISCONNECTED
05-06 17:31:09.283   613   613 D DCT     : [0]cleanUpConnection: X tearDown=false reason=radioTurnedOff apnContext={mApnType=emergency mState=IDLE mWaitingApns={null} mApnSetting={null} mReason=radioTurnedOff mDataEnabled=false mDependencyMet=true} dcac=null
05-06 17:31:09.284   613   613 D GsmCdmaPhone: [GsmCdmaPhone] getDataConnectionState apnType=dun ret=DISCONNECTED
05-06 17:31:09.286   613   613 D DCT     : [0]cleanUpConnection: X tearDown=false reason=radioTurnedOff apnContext={mApnType=dun mState=IDLE mWaitingApns={null} mApnSetting={null} mReason=radioTurnedOff mDataEnabled=false mDependencyMet=true} dcac=null
05-06 17:31:09.286   613   613 D GsmCdmaPhone: [GsmCdmaPhone] getDataConnectionState apnType=hipri ret=DISCONNECTED
05-06 17:31:09.288   613   613 D DCT     : [0]cleanUpConnection: X tearDown=false reason=radioTurnedOff apnContext={mApnType=hipri mState=IDLE mWaitingApns={null} mApnSetting={null} mReason=radioTurnedOff mDataEnabled=false mDependencyMet=true} dcac=null
05-06 17:31:09.288   613   613 D GsmCdmaPhone: [GsmCdmaPhone] getDataConnectionState apnType=ims ret=DISCONNECTED
05-06 17:31:09.290   613   613 D DCT     : [0]cleanUpConnection: X tearDown=false reason=radioTurnedOff apnContext={mApnType=ims mState=IDLE mWaitingApns={null} mApnSetting={null} mReason=radioTurnedOff mDataEnabled=false mDependencyMet=true} dcac=null
05-06 17:31:09.290   613   613 D DCT     : [0]stopNetStatPoll
05-06 17:31:09.291   613   613 D DCT     : [0]cleanUpConnection: mDisconnectPendingCount = 0
05-06 17:31:09.291   613   613 D DCT     : [0]isDataAllowed: No - SIM not loaded - Not attached
05-06 17:31:09.306   613   613 D GsmCdmaPhone: get phone radio capability fail, no need to change mRadioCapability
05-06 17:31:09.306   613   613 D GsmCdmaPhone: EVENT_GET_RADIO_CAPABILITY: phone rc: null
05-06 17:31:09.306   613   613 D Phone   : config LCE service failed: com.android.internal.telephony.CommandException: RADIO_NOT_AVAILABLE
05-06 17:31:09.306   613   613 D UiccController: Received EVENT_GET_ICC_STATUS_DONE
05-06 17:31:09.307   613   613 E UiccController: Error getting ICC status. RIL_REQUEST_GET_ICC_STATUS should never return an error
05-06 17:31:09.307   613   613 E UiccController: com.android.internal.telephony.CommandException: RADIO_NOT_AVAILABLE
05-06 17:31:09.307   613   613 E UiccController: 	at com.android.internal.telephony.RILRequest.onError(RIL.java:217)
05-06 17:31:09.307   613   613 E UiccController: 	at com.android.internal.telephony.RIL.clearRequestList(RIL.java:2616)
05-06 17:31:09.307   613   613 E UiccController: 	at com.android.internal.telephony.RIL.-wrap4(RIL.java)
05-06 17:31:09.307   613   613 E UiccController: 	at com.android.internal.telephony.RIL$RILReceiver.run(RIL.java:724)
05-06 17:31:09.307   613   613 E UiccController: 	at java.lang.Thread.run(Thread.java:761)
05-06 17:31:09.307   613   613 D GsmCdmaCallTracker: Event EVENT_POLL_CALLS_RESULT Received
05-06 17:31:09.307   613   613 E RIL_ImsSms: IMS State query failed with exp com.android.internal.telephony.CommandException: RADIO_NOT_AVAILABLE
05-06 17:31:09.307   613   613 D CdmaSSM : CDMA_SUBSCRIPTION_SOURCE event = 2
05-06 17:31:09.307   613   613 W CdmaSSM : Unable to get CDMA Subscription Source, Exception: com.android.internal.telephony.CommandException: RADIO_NOT_AVAILABLE, result: null
05-06 17:31:09.307   613   613 E GsmCdmaPhone: [GsmCdmaPhone] EVENT_REQUEST_VOICE_RADIO_TECH_DONE: exception=com.android.internal.telephony.CommandException: RADIO_NOT_AVAILABLE
05-06 17:31:09.307   613   613 D GsmSMSDispatcher: GsmSMSDispatcher: subId = -2 slotId = 0
05-06 17:31:09.307   613   613 E IccCardProxy: setExternalState: !override and newstate unchanged from NOT_READY
05-06 17:31:09.307   613   613 D GsmCdmaCallTracker: Event EVENT_POLL_CALLS_RESULT Received
05-06 17:31:09.307   613   613 D GsmCdmaCallTracker: [GsmCdmaCallTracker] update phone state, old=IDLE new=IDLE
05-06 17:31:10.325  1349  1349 D RILD    : **RIL Daemon Started**
05-06 17:31:10.325  1349  1349 D RILD    : **RILd param count=1**
05-06 17:31:10.327  1349  1349 W RILD    : RIL_SAP_Init not defined or exported in /system/lib/libreference-ril-wh405.so: undefined symbol: RIL_SAP_Init
05-06 17:31:10.327  1349  1349 D RILD    : RIL_Init argc = 5 clientId = 0
05-06 17:31:10.327  1349  1349 I WH-RIL  : RIL_Init -1,Feb 19 2019-10:27:58
05-06 17:31:10.327  1349  1349 D RILD    : RIL_Init rilInit completed
05-06 17:31:10.327  1349  1351 D WH-AT   : entering mainLoop()
05-06 17:31:10.327  1349  1349 I RILC    : SIM_COUNT: 1
05-06 17:31:10.327  1349  1349 E RILC    : RIL_register: RIL version 12
05-06 17:31:10.327  1349  1351 I WH-RIL  : RIL mainLoop
05-06 17:31:10.327  1349  1349 I RILC    : s_registerCalled flag set, 1
05-06 17:31:10.327  1349  1349 I RILC    : Start to listen RIL_SOCKET_1
05-06 17:31:10.327  1349  1349 D RILD    : RIL_Init RIL_register completed
05-06 17:31:10.327  1349  1349 D RILD    : RIL_register_socket completed
05-06 17:31:10.327  1349  1349 D RILD    : RIL_Init starting sleep loop
05-06 17:31:10.327  1349  1351 D WH-RIL  : usb_device_prefix 1-1:1.2
05-06 17:31:10.328  1349  1351 D WH-RIL  : the file name 1-1:1.2
05-06 17:31:10.328  1349  1351 I WH-RIL  : RIL_Init s_device_path /dev/ttyUSB0 
05-06 17:31:10.328  1349  1350 D WH-RIL  : setRadioState 0
05-06 17:31:10.329  1349  1350 D RILC    : [UNSL]< UNSOL_RESPONSE_RADIO_STATE_CHANGED  {RADIO_OFF}
05-06 17:31:12.329  1349  1350 D WH-AT   : ============AT> ATE0Q0V1
05-06 17:31:12.333  1349  1352 D WH-AT   : ============AT< OK
05-06 17:31:13.270   613   771 I RILJ    : (0) Connected to 'rild' socket
05-06 17:31:13.333  1349  1350 I WH-RIL  : AT at_handshake END
05-06 17:31:13.334  1349  1350 D WH-AT   : ============AT> ATS0=0
05-06 17:31:13.337  1349  1352 D WH-AT   : ============AT< OK
05-06 17:31:13.337  1349  1350 D WH-AT   : ============AT> AT+CMEE=1
05-06 17:31:13.341  1349  1352 D WH-AT   : ============AT< OK
05-06 17:31:13.341  1349  1350 D WH-AT   : ============AT> AT+CREG=2
05-06 17:31:13.345  1349  1352 D WH-AT   : ============AT< OK
05-06 17:31:13.345  1349  1350 D WH-AT   : ============AT> AT+CEREG=2
05-06 17:31:13.348  1349  1352 D WH-AT   : ============AT< OK
05-06 17:31:13.348  1349  1350 D WH-AT   : ============AT> AT+CCWA=1
05-06 17:31:13.352  1349  1352 D WH-AT   : ============AT< OK
05-06 17:31:13.352  1349  1350 D WH-AT   : ============AT> AT+CMOD=0
05-06 17:31:13.356  1349  1352 D WH-AT   : ============AT< OK
05-06 17:31:13.356  1349  1350 D WH-AT   : ============AT> AT+CSSN=0,1
05-06 17:31:13.359  1349  1352 D WH-AT   : ============AT< OK
05-06 17:31:13.360  1349  1350 D WH-AT   : ============AT> AT+COLP=0
05-06 17:31:13.363  1349  1352 D WH-AT   : ============AT< OK
05-06 17:31:13.363  1349  1350 D WH-AT   : ============AT> AT+CUSD=1
05-06 17:31:13.367  1349  1352 D WH-AT   : ============AT< OK
05-06 17:31:13.367  1349  1350 D WH-AT   : ============AT> AT+CMGF=0
05-06 17:31:13.371  1349  1352 D WH-AT   : ============AT< OK
05-06 17:31:13.371  1349  1350 D WH-AT   : ============AT> AT+ZMMI=1
05-06 17:31:13.374  1349  1352 D WH-AT   : ============AT< OK
05-06 17:31:13.375  1349  1350 D WH-AT   : ============AT> AT+CFUN?
05-06 17:31:13.378  1349  1352 D WH-AT   : ============AT< +CFUN: 1
05-06 17:31:13.378  1349  1352 D WH-AT   : ============AT< OK
05-06 17:31:13.379  1349  1350 D WH-RIL  : setRadioState 2
05-06 17:31:13.379  1349  1350 D RILC    : [UNSL]< UNSOL_VOICE_RADIO_TECH_CHANGED {3}
05-06 17:31:13.379  1349  1350 D RILC    : [UNSL]< UNSOL_VOICE_RADIO_TECH_CHANGED {3} {RADIO_SIM_NOT_READY}
05-06 17:31:13.379  1349  1350 D WH-AT   : ============AT> AT+CPIN?
05-06 17:31:13.383  1349  1352 D WH-AT   : ============AT< +CME ERROR: 10
05-06 17:31:13.383  1349  1350 D WH-RIL  : setRadioState 3
05-06 17:31:13.383  1349  1350 D RILC    : [UNSL]< UNSOL_RESPONSE_SIM_STATUS_CHANGED 
05-06 17:31:13.383  1349  1350 D RILC    : [UNSL]< UNSOL_RESPONSE_SIM_STATUS_CHANGED  {RADIO_SIM_LOCKED_OR_ABSENT}
05-06 17:31:13.383  1349  1350 I RILC    : libril: new connection to RIL_SOCKET_1
05-06 17:31:13.384  1349  1350 D RILC    : [UNSL]< UNSOL_RIL_CONNECTED {12}
05-06 17:31:13.384  1349  1350 D RILC    : [UNSL]< UNSOL_RESPONSE_RADIO_STATE_CHANGED  {RADIO_SIM_LOCKED_OR_ABSENT}
05-06 17:31:13.384  1349  1350 I RILC    : RIL Daemon version: WH_Android_RIL_Driver_V1.0.0
05-06 17:31:13.384   613   771 D RILJ    : [UNSL]< UNSOL_RIL_CONNECTED {12} [SUB0]
05-06 17:31:13.384   613   771 D RILJ    : [4923]> RADIO_POWER off [SUB0]
05-06 17:31:13.386   613   771 D RILJ    : [4924]> RIL_REQUEST_CDMA_SET_SUBSCRIPTION_SOURCE : 0 [SUB0]
05-06 17:31:13.387  1349  1350 D RILC    : [-208725]> RADIO_POWER (0)
05-06 17:31:13.387  1349  1350 D WH-RIL  : onRequest: RADIO_POWER,3,23
05-06 17:31:13.387  1349  1350 D RILC    : [-208725]< RADIO_POWER
05-06 17:31:13.388   613   771 D RILJ    : setCellInfoListRate: 2147483647 [SUB0]
05-06 17:31:13.388  1349  1350 D RILC    : [-208724]> CDMA_SET_SUBSCRIPTION_SOURCE (0)
05-06 17:31:13.388   613   771 D RILJ    : [4925]> RIL_REQUEST_SET_CELL_INFO_LIST_RATE [SUB0]
05-06 17:31:13.388  1349  1350 D WH-RIL  : onRequest: CDMA_SET_SUBSCRIPTION_SOURCE,3,77
05-06 17:31:13.388  1349  1350 D RILC    : [-208724]< CDMA_SET_SUBSCRIPTION_SOURCE
05-06 17:31:13.390  1349  1350 D RILC    : [-208723]> SET_UNSOL_CELL_INFO_LIST_RATE (2147483647)
05-06 17:31:13.390  1349  1350 D WH-RIL  : onRequest: SET_UNSOL_CELL_INFO_LIST_RATE,3,110
05-06 17:31:13.390  1349  1350 D WH-RIL  : onRequest: SET_UNSOL_CELL_INFO_LIST_RATE not supported
05-06 17:31:13.390  1349  1350 D RILC    : [-208723]< SET_UNSOL_CELL_INFO_LIST_RATE fails by E_REQUEST_NOT_SUPPORTED
05-06 17:31:13.390   613   818 D Dcc     : DccDefaultState: msg.what=EVENT_RIL_CONNECTED mRilVersion=12
05-06 17:31:13.390   613   771 D RILJ    : [UNSL]< UNSOL_RESPONSE_RADIO_STATE_CHANGED RADIO_ON [SUB0]
05-06 17:31:13.391   613   613 D SST     : mDeviceShuttingDown=false, mDesiredPowerState=true, getRadioState=RADIO_ON, mPowerOffDelayNeed=true, mAlarmSwitch=false, mRadioDisabledByCarrier=false
05-06 17:31:13.391   613   771 D RILJ    : [4923]< RADIO_POWER  [SUB0]
05-06 17:31:13.392   613   771 D RILJ    : [4924]< RIL_REQUEST_CDMA_SET_SUBSCRIPTION_SOURCE  [SUB0]
05-06 17:31:13.392   613   613 D RILJ    : [4926]> OPERATOR [SUB0]
05-06 17:31:13.393   613   613 D RILJ    : [4927]> DATA_REGISTRATION_STATE [SUB0]
05-06 17:31:13.394   613   771 D RilRequest: [4925]< RIL_REQUEST_SET_CELL_INFO_LIST_RATE error: com.android.internal.telephony.CommandException: REQUEST_NOT_SUPPORTED ret=
05-06 17:31:13.394  1349  1350 D RILC    : [-208722]> OPERATOR 
05-06 17:31:13.394  1349  1350 D WH-RIL  : onRequest: OPERATOR,3,22
05-06 17:31:13.394  1349  1350 D WH-AT   : ============AT> AT+COPS=3,0;+COPS?;+COPS=3,1;+COPS?;+COPS=3,2;+COPS?
05-06 17:31:13.395   613   613 D RILJ    : [4928]> VOICE_REGISTRATION_STATE [SUB0]
05-06 17:31:13.397   613   613 D RILJ    : [4929]> QUERY_NETWORK_SELECTION_MODE [SUB0]
05-06 17:31:13.398  1349  1352 D WH-AT   : ============AT< +COPS: 0
05-06 17:31:13.398   613   613 D RILJ    : [4930]> BASEBAND_VERSION [SUB0]
05-06 17:31:13.398  1349  1352 D WH-AT   : ============AT< +COPS: 0
05-06 17:31:13.399  1349  1352 D WH-AT   : ============AT< +COPS: 0
05-06 17:31:13.399  1349  1352 D WH-AT   : ============AT< OK
05-06 17:31:13.399  1349  1350 E WH-RIL  : requestOperator (null),(null),(null)
05-06 17:31:13.399  1349  1350 D RILC    : [-208722]< OPERATOR {(null),(null),(null)}
05-06 17:31:13.400  1349  1350 D RILC    : [-208721]> DATA_REGISTRATION_STATE 
05-06 17:31:13.400  1349  1350 D WH-RIL  : onRequest: DATA_REGISTRATION_STATE,3,21
05-06 17:31:13.400  1349  1350 D WH-AT   : ============AT> AT+CEREG?
05-06 17:31:13.400   613   771 D RILJ    : [4926]< OPERATOR {null, null, null} [SUB0]
05-06 17:31:13.401   613   613 D RILJ    : [4931]> GET_IMEI [SUB0]
05-06 17:31:13.403   613   613 D RILJ    : [4932]> GET_IMEISV [SUB0]
05-06 17:31:13.404  1349  1352 D WH-AT   : ============AT< +CEREG: 2,2
05-06 17:31:13.404  1349  1352 D WH-AT   : ============AT< OK
05-06 17:31:13.404  1349  1350 E WH-RIL  : requestRegistrationState response[3]:0
05-06 17:31:13.404  1349  1350 D RILC    : [-208721]< DATA_REGISTRATION_STATE {2}
05-06 17:31:13.404  1349  1350 D RILC    : [-208720]> VOICE_REGISTRATION_STATE 
05-06 17:31:13.404  1349  1350 D WH-RIL  : onRequest: VOICE_REGISTRATION_STATE,3,20
05-06 17:31:13.404  1349  1350 D WH-AT   : ============AT> AT+CREG?
05-06 17:31:13.405   613   771 D RILJ    : [4927]< DATA_REGISTRATION_STATE {2} [SUB0]
05-06 17:31:13.406   613   613 D RILJ    : [4933]> RIL_REQUEST_GET_RADIO_CAPABILITY [SUB0]
05-06 17:31:13.407   613   613 D RILJ    : [4934]> RIL_REQUEST_START_LCE [SUB0]
05-06 17:31:13.408  1349  1352 D WH-AT   : ============AT< +CREG: 2,0
05-06 17:31:13.408  1349  1352 D WH-AT   : ============AT< OK
05-06 17:31:13.408   613   613 D DCT     : [0]onRadioAvailable
05-06 17:31:13.408  1349  1350 D WH-AT   : ============AT> AT^SYSINFO
05-06 17:31:13.409   613   613 D UiccController: Received EVENT_ICC_STATUS_CHANGED, calling getIccCardStatus
05-06 17:31:13.409   613   613 D RILJ    : [4935]> GET_SIM_STATUS [SUB0]
05-06 17:31:13.410   613   613 D RILJ    : [4936]> GET_CURRENT_CALLS [SUB0]
05-06 17:31:13.412   613   613 D RILJ    : [4937]> RIL_REQUEST_IMS_REGISTRATION_STATE [SUB0]
05-06 17:31:13.412  1349  1352 D WH-AT   : ============AT< ^SYSINFO: 1,0,0,3,255,,3
05-06 17:31:13.412  1349  1352 D WH-AT   : ============AT< OK
05-06 17:31:13.412  1349  1350 E WH-RIL  : requestRegistrationState srv_status:1
05-06 17:31:13.413  1349  1350 E WH-RIL  : requestRegistrationState response[3]:0
05-06 17:31:13.413  1349  1350 D RILC    : [-208720]< VOICE_REGISTRATION_STATE {0}
05-06 17:31:13.413  1349  1350 D RILC    : [-208719]> QUERY_NETWORK_SELECTION_MODE 
05-06 17:31:13.413  1349  1350 D WH-RIL  : onRequest: QUERY_NETWORK_SELECTION_MODE,3,45
05-06 17:31:13.413  1349  1350 D WH-AT   : ============AT> AT+COPS?
05-06 17:31:13.414   613   613 D RILJ    : [4938]> RIL_REQUEST_CDMA_GET_SUBSCRIPTION_SOURCE [SUB0]
05-06 17:31:13.414   613   771 D RILJ    : [4928]< VOICE_REGISTRATION_STATE {0} [SUB0]
05-06 17:31:13.415   613   613 D GsmCdmaPhone: [GsmCdmaPhone] Event EVENT_RADIO_ON Received
05-06 17:31:13.416   613   613 D RILJ    : [4939]> RIL_REQUEST_VOICE_RADIO_TECH [SUB0]
05-06 17:31:13.417  1349  1352 D WH-AT   : ============AT< +COPS: 0
05-06 17:31:13.417  1349  1352 D WH-AT   : ============AT< OK
05-06 17:31:13.417  1349  1350 D RILC    : [-208719]< QUERY_NETWORK_SELECTION_MODE {0}
05-06 17:31:13.417  1349  1350 D RILC    : [-208718]> BASEBAND_VERSION 
05-06 17:31:13.417   613   613 D SST     : handlPollStateResultMessage: GsmSST setDataRegState=1 regState=2 dataRadioTechnology=0
05-06 17:31:13.417  1349  1350 D WH-RIL  : onRequest: BASEBAND_VERSION,3,51
05-06 17:31:13.417  1349  1350 D WH-AT   : ============AT> AT+CGMR
05-06 17:31:13.418   613   771 D RILJ    : [4929]< QUERY_NETWORK_SELECTION_MODE {0} [SUB0]
05-06 17:31:13.418   613   613 D SST     : EVENT_POLL_STATE_NETWORK_SELECTION_MODE
05-06 17:31:13.420   613   613 D SST     : useDataRegStateForDataOnlyDevice: VoiceRegState=1 DataRegState=1
05-06 17:31:13.420   613   613 D SST     : Poll ServiceState done:  oldSS=[1 1 voice home data home null null null null null null  Unknown Unknown CSS not supported -1 -1 RoamInd=-1 DefRoamInd=-1 EmergOnly=false IsDataRoamingFromRegistration=false IsUsingCarrierAggregation=false] newSS=[1 1 voice home data home null null null null null null  Unknown Unknown CSS not supported -1 -1 RoamInd=-1 DefRoamInd=-1 EmergOnly=false IsDataRoamingFromRegistration=false IsUsingCarrierAggregation=false] oldMaxDataCalls=1 mNewMaxDataCalls=1 oldReasonDataDenied=-1 mNewReasonDataDenied=-1
05-06 17:31:13.421  1349  1352 D WH-AT   : ============AT< +CGMR: WH_G405tf_FLASH_V1.0.31B09P23_190227
05-06 17:31:13.421  1349  1352 D WH-AT   : ============AT< OK
05-06 17:31:13.421  1349  1350 D RILC    : [-208718]< BASEBAND_VERSION {WH_G405tf_FLASH_V1.0.31B09P23_190227}
05-06 17:31:13.421  1349  1350 D RILC    : [-208717]> GET_IMEI 
05-06 17:31:13.421  1349  1350 D WH-RIL  : onRequest: GET_IMEI,3,38
05-06 17:31:13.421  1349  1350 D WH-AT   : ============AT> AT+CGSN
05-06 17:31:13.421   613   771 D RILJ    : [4930]< BASEBAND_VERSION WH_G405tf_FLASH_V1.0.31B09P23_190227 [SUB0]
05-06 17:31:13.422   613   613 D GsmCdmaPhone: [GsmCdmaPhone] Baseband version: WH_G405tf_FLASH_V1.0.31B09P23_190227
05-06 17:31:13.425  1349  1352 D WH-AT   : ============AT< +CGSN: 868221042893795
05-06 17:31:13.425  1349  1352 D WH-AT   : ============AT< OK
05-06 17:31:13.425  1349  1350 D RILC    : [-208717]< GET_IMEI {868221042893795}
05-06 17:31:13.426  1349  1350 D RILC    : [-208716]> GET_IMEISV 
05-06 17:31:13.426  1349  1350 D WH-RIL  : onRequest: GET_IMEISV,3,39
05-06 17:31:13.426  1349  1350 D WH-AT   : ============AT> AT+ZULI=8
05-06 17:31:13.426   613   771 D RILJ    : [4931]< GET_IMEI  [SUB0]
05-06 17:31:13.429  1349  1352 D WH-AT   : ============AT< +ZULI: 8,"8682210428937955"
05-06 17:31:13.430  1349  1352 D WH-AT   : ============AT< OK
05-06 17:31:13.430  1349  1350 D RILC    : [-208716]< GET_IMEISV {8682210428937955}
05-06 17:31:13.430  1349  1350 D RILC    : [-208715]> RIL_REQUEST_GET_RADIO_CAPABILITY 
05-06 17:31:13.430  1349  1350 D WH-RIL  : onRequest: RIL_REQUEST_GET_RADIO_CAPABILITY,3,130
05-06 17:31:13.431   613   771 D RILJ    : [4932]< GET_IMEISV  [SUB0]
05-06 17:31:13.578   613   771 I RILJ    : 'rild' socket closed
05-06 17:31:13.578   613   771 I RILJ    : java.io.IOException: Connection reset by peer
05-06 17:31:13.578   613   771 I RILJ    : 	at android.net.LocalSocketImpl.readba_native(Native Method)
05-06 17:31:13.578   613   771 I RILJ    : 	at android.net.LocalSocketImpl.-wrap1(LocalSocketImpl.java)
05-06 17:31:13.578   613   771 I RILJ    : 	at android.net.LocalSocketImpl$SocketInputStream.read(LocalSocketImpl.java:110)
05-06 17:31:13.578   613   771 I RILJ    : 	at com.android.internal.telephony.RIL.readRilMessage(RIL.java:578)
05-06 17:31:13.578   613   771 I RILJ    : 	at com.android.internal.telephony.RIL.-wrap2(RIL.java)
05-06 17:31:13.578   613   771 I RILJ    : 	at com.android.internal.telephony.RIL$RILReceiver.run(RIL.java:686)
05-06 17:31:13.578   613   771 I RILJ    : 	at java.lang.Thread.run(Thread.java:761)
05-06 17:31:13.578   613   771 I RILJ    : (0) Disconnected from 'rild' socket
05-06 17:31:13.578   613   771 D RilRequest: [4933]< RIL_REQUEST_GET_RADIO_CAPABILITY error: com.android.internal.telephony.CommandException: RADIO_NOT_AVAILABLE ret=
05-06 17:31:13.578   613   771 D RilRequest: [4934]< RIL_REQUEST_START_LCE error: com.android.internal.telephony.CommandException: RADIO_NOT_AVAILABLE ret=
05-06 17:31:13.578   613   771 D RilRequest: [4935]< GET_SIM_STATUS error: com.android.internal.telephony.CommandException: RADIO_NOT_AVAILABLE ret=
05-06 17:31:13.578   613   771 D RilRequest: [4936]< GET_CURRENT_CALLS error: com.android.internal.telephony.CommandException: RADIO_NOT_AVAILABLE ret=
05-06 17:31:13.578   613   771 D RilRequest: [4937]< RIL_REQUEST_IMS_REGISTRATION_STATE error: com.android.internal.telephony.CommandException: RADIO_NOT_AVAILABLE ret=
05-06 17:31:13.579   613   771 D RilRequest: [4938]< RIL_REQUEST_CDMA_GET_SUBSCRIPTION_SOURCE error: com.android.internal.telephony.CommandException: RADIO_NOT_AVAILABLE ret=
05-06 17:31:13.579   613   771 D RilRequest: [4939]< RIL_REQUEST_VOICE_RADIO_TECH error: com.android.internal.telephony.CommandException: RADIO_NOT_AVAILABLE ret=
05-06 17:31:13.579   613   613 D SST     : mDeviceShuttingDown=false, mDesiredPowerState=true, getRadioState=RADIO_UNAVAILABLE, mPowerOffDelayNeed=true, mAlarmSwitch=false, mRadioDisabledByCarrier=false
05-06 17:31:13.579   613   613 D SST     : useDataRegStateForDataOnlyDevice: VoiceRegState=1 DataRegState=1
05-06 17:31:13.579   613   613 D SST     : Poll ServiceState done:  oldSS=[1 1 voice home data home null null null null null null  Unknown Unknown CSS not supported -1 -1 RoamInd=-1 DefRoamInd=-1 EmergOnly=false IsDataRoamingFromRegistration=false IsUsingCarrierAggregation=false] newSS=[1 1 voice home data home null null null null null null  Unknown Unknown CSS not supported -1 -1 RoamInd=-1 DefRoamInd=-1 EmergOnly=false IsDataRoamingFromRegistration=false IsUsingCarrierAggregation=false] oldMaxDataCalls=1 mNewMaxDataCalls=1 oldReasonDataDenied=-1 mNewReasonDataDenied=-1
05-06 17:31:13.580   613   613 D UiccController: EVENT_RADIO_UNAVAILABLE, dispose card
05-06 17:31:13.580   613   613 D RILJ    : [8212]> GET_CURRENT_CALLS [SUB0]
05-06 17:31:13.580   613   613 D RilRequest: [8212]< GET_CURRENT_CALLS error: com.android.internal.telephony.CommandException: RADIO_NOT_AVAILABLE ret=
05-06 17:31:13.580   613   613 E IccCardProxy: setExternalState: !override and newstate unchanged from NOT_READY
05-06 17:31:13.580   613   613 D GsmCdmaPhone: [GsmCdmaPhone] Event EVENT_RADIO_OFF_OR_NOT_AVAILABLE Received
05-06 17:31:13.580   613   613 D DCT     : [0]onRadioOffOrNotAvailable: is off and clean up all connections
05-06 17:31:13.580   613   613 D DCT     : [0]cleanUpAllConnections: tearDown=false reason=radioTurnedOff
05-06 17:31:13.580   613   613 D GsmCdmaPhone: [GsmCdmaPhone] getDataConnectionState apnType=default ret=DISCONNECTED
05-06 17:31:13.581   613   771 I RILJ    : Couldn't find 'rild' socket; retrying after timeout
05-06 17:31:13.583   613   613 D DCT     : [0]cleanUpConnection: X tearDown=false reason=radioTurnedOff apnContext={mApnType=default mState=IDLE mWaitingApns={null} mApnSetting={null} mReason=radioTurnedOff mDataEnabled=false mDependencyMet=true} dcac=null
05-06 17:31:13.583   613   613 D GsmCdmaPhone: [GsmCdmaPhone] getDataConnectionState apnType=mms ret=DISCONNECTED
05-06 17:31:13.586   613   613 D DCT     : [0]cleanUpConnection: X tearDown=false reason=radioTurnedOff apnContext={mApnType=mms mState=IDLE mWaitingApns={null} mApnSetting={null} mReason=radioTurnedOff mDataEnabled=false mDependencyMet=false} dcac=null
05-06 17:31:13.586   613   613 D GsmCdmaPhone: [GsmCdmaPhone] getDataConnectionState apnType=cbs ret=DISCONNECTED
05-06 17:31:13.588   613   613 D DCT     : [0]cleanUpConnection: X tearDown=false reason=radioTurnedOff apnContext={mApnType=cbs mState=IDLE mWaitingApns={null} mApnSetting={null} mReason=radioTurnedOff mDataEnabled=false mDependencyMet=true} dcac=null
05-06 17:31:13.589   613   613 D GsmCdmaPhone: [GsmCdmaPhone] getDataConnectionState apnType=fota ret=DISCONNECTED
05-06 17:31:13.596   613   613 D DCT     : [0]cleanUpConnection: X tearDown=false reason=radioTurnedOff apnContext={mApnType=fota mState=IDLE mWaitingApns={null} mApnSetting={null} mReason=radioTurnedOff mDataEnabled=false mDependencyMet=true} dcac=null
05-06 17:31:13.596   613   613 D GsmCdmaPhone: [GsmCdmaPhone] getDataConnectionState apnType=supl ret=DISCONNECTED
05-06 17:31:13.599   613   613 D DCT     : [0]cleanUpConnection: X tearDown=false reason=radioTurnedOff apnContext={mApnType=supl mState=IDLE mWaitingApns={null} mApnSetting={null} mReason=radioTurnedOff mDataEnabled=false mDependencyMet=true} dcac=null
05-06 17:31:13.599   613   613 D GsmCdmaPhone: [GsmCdmaPhone] getDataConnectionState apnType=emergency ret=DISCONNECTED
05-06 17:31:13.602   613   613 D DCT     : [0]cleanUpConnection: X tearDown=false reason=radioTurnedOff apnContext={mApnType=emergency mState=IDLE mWaitingApns={null} mApnSetting={null} mReason=radioTurnedOff mDataEnabled=false mDependencyMet=true} dcac=null
05-06 17:31:13.602   613   613 D GsmCdmaPhone: [GsmCdmaPhone] getDataConnectionState apnType=dun ret=DISCONNECTED
05-06 17:31:13.604   613   613 D DCT     : [0]cleanUpConnection: X tearDown=false reason=radioTurnedOff apnContext={mApnType=dun mState=IDLE mWaitingApns={null} mApnSetting={null} mReason=radioTurnedOff mDataEnabled=false mDependencyMet=true} dcac=null
05-06 17:31:13.604   613   613 D GsmCdmaPhone: [GsmCdmaPhone] getDataConnectionState apnType=hipri ret=DISCONNECTED
05-06 17:31:13.607   613   613 D DCT     : [0]cleanUpConnection: X tearDown=false reason=radioTurnedOff apnContext={mApnType=hipri mState=IDLE mWaitingApns={null} mApnSetting={null} mReason=radioTurnedOff mDataEnabled=false mDependencyMet=true} dcac=null
05-06 17:31:13.607   613   613 D GsmCdmaPhone: [GsmCdmaPhone] getDataConnectionState apnType=ims ret=DISCONNECTED
05-06 17:31:13.609   613   613 D DCT     : [0]cleanUpConnection: X tearDown=false reason=radioTurnedOff apnContext={mApnType=ims mState=IDLE mWaitingApns={null} mApnSetting={null} mReason=radioTurnedOff mDataEnabled=false mDependencyMet=true} dcac=null
05-06 17:31:13.609   613   613 D DCT     : [0]stopNetStatPoll
05-06 17:31:13.609   613   613 D DCT     : [0]cleanUpConnection: mDisconnectPendingCount = 0
05-06 17:31:13.609   613   613 D DCT     : [0]isDataAllowed: No - SIM not loaded - Not attached
05-06 17:31:13.625   613   613 D GsmCdmaPhone: get phone radio capability fail, no need to change mRadioCapability
05-06 17:31:13.625   613   613 D GsmCdmaPhone: EVENT_GET_RADIO_CAPABILITY: phone rc: null
05-06 17:31:13.625   613   613 D Phone   : config LCE service failed: com.android.internal.telephony.CommandException: RADIO_NOT_AVAILABLE
05-06 17:31:13.625   613   613 D UiccController: Received EVENT_GET_ICC_STATUS_DONE
05-06 17:31:13.626   613   613 E UiccController: Error getting ICC status. RIL_REQUEST_GET_ICC_STATUS should never return an error
05-06 17:31:13.626   613   613 E UiccController: com.android.internal.telephony.CommandException: RADIO_NOT_AVAILABLE
05-06 17:31:13.626   613   613 E UiccController: 	at com.android.internal.telephony.RILRequest.onError(RIL.java:217)
05-06 17:31:13.626   613   613 E UiccController: 	at com.android.internal.telephony.RIL.clearRequestList(RIL.java:2616)
05-06 17:31:13.626   613   613 E UiccController: 	at com.android.internal.telephony.RIL.-wrap4(RIL.java)
05-06 17:31:13.626   613   613 E UiccController: 	at com.android.internal.telephony.RIL$RILReceiver.run(RIL.java:724)
05-06 17:31:13.626   613   613 E UiccController: 	at java.lang.Thread.run(Thread.java:761)
05-06 17:31:13.626   613   613 D GsmCdmaCallTracker: Event EVENT_POLL_CALLS_RESULT Received
05-06 17:31:13.626   613   613 E RIL_ImsSms: IMS State query failed with exp com.android.internal.telephony.CommandException: RADIO_NOT_AVAILABLE
05-06 17:31:13.626   613   613 D CdmaSSM : CDMA_SUBSCRIPTION_SOURCE event = 2
05-06 17:31:13.626   613   613 W CdmaSSM : Unable to get CDMA Subscription Source, Exception: com.android.internal.telephony.CommandException: RADIO_NOT_AVAILABLE, result: null
05-06 17:31:13.626   613   613 E GsmCdmaPhone: [GsmCdmaPhone] EVENT_REQUEST_VOICE_RADIO_TECH_DONE: exception=com.android.internal.telephony.CommandException: RADIO_NOT_AVAILABLE
05-06 17:31:13.626   613   613 D GsmSMSDispatcher: GsmSMSDispatcher: subId = -2 slotId = 0
05-06 17:31:13.626   613   613 E IccCardProxy: setExternalState: !override and newstate unchanged from NOT_READY
05-06 17:31:13.626   613   613 D GsmCdmaCallTracker: Event EVENT_POLL_CALLS_RESULT Received
05-06 17:31:13.626   613   613 D GsmCdmaCallTracker: [GsmCdmaCallTracker] update phone state, old=IDLE new=IDLE
05-06 17:31:15.645  1358  1358 D RILD    : **RIL Daemon Started**
05-06 17:31:15.646  1358  1358 D RILD    : **RILd param count=1**
05-06 17:31:15.647  1358  1358 W RILD    : RIL_SAP_Init not defined or exported in /system/lib/libreference-ril-wh405.so: undefined symbol: RIL_SAP_Init
05-06 17:31:15.647  1358  1358 D RILD    : RIL_Init argc = 5 clientId = 0
05-06 17:31:15.647  1358  1358 I WH-RIL  : RIL_Init -1,Feb 19 2019-10:27:58
05-06 17:31:15.647  1358  1358 D RILD    : RIL_Init rilInit completed
05-06 17:31:15.647  1358  1360 D WH-AT   : entering mainLoop()
05-06 17:31:15.647  1358  1358 I RILC    : SIM_COUNT: 1
05-06 17:31:15.647  1358  1360 I WH-RIL  : RIL mainLoop
05-06 17:31:15.647  1358  1358 E RILC    : RIL_register: RIL version 12
05-06 17:31:15.647  1358  1358 I RILC    : s_registerCalled flag set, 1
05-06 17:31:15.647  1358  1358 I RILC    : Start to listen RIL_SOCKET_1
05-06 17:31:15.647  1358  1358 D RILD    : RIL_Init RIL_register completed
05-06 17:31:15.647  1358  1358 D RILD    : RIL_register_socket completed
05-06 17:31:15.647  1358  1358 D RILD    : RIL_Init starting sleep loop
05-06 17:31:15.648  1358  1360 D WH-RIL  : usb_device_prefix 1-1:1.2
05-06 17:31:15.648  1358  1360 D WH-RIL  : the file name 1-1:1.2
05-06 17:31:15.648  1358  1360 I WH-RIL  : RIL_Init s_device_path /dev/ttyUSB0 
05-06 17:31:15.649  1358  1359 D WH-RIL  : setRadioState 0
05-06 17:31:15.649  1358  1359 D RILC    : [UNSL]< UNSOL_RESPONSE_RADIO_STATE_CHANGED  {RADIO_OFF}
05-06 17:31:17.582   613   771 I RILJ    : (0) Connected to 'rild' socket
05-06 17:31:17.649  1358  1359 D WH-AT   : ============AT> ATE0Q0V1
05-06 17:31:17.653  1358  1361 D WH-AT   : ============AT< OK
05-06 17:31:18.654  1358  1359 I WH-RIL  : AT at_handshake END
05-06 17:31:18.654  1358  1359 D WH-AT   : ============AT> ATS0=0
05-06 17:31:18.658  1358  1361 D WH-AT   : ============AT< OK
05-06 17:31:18.658  1358  1359 D WH-AT   : ============AT> AT+CMEE=1
05-06 17:31:18.662  1358  1361 D WH-AT   : ============AT< OK
05-06 17:31:18.662  1358  1359 D WH-AT   : ============AT> AT+CREG=2
05-06 17:31:18.665  1358  1361 D WH-AT   : ============AT< OK
05-06 17:31:18.665  1358  1359 D WH-AT   : ============AT> AT+CEREG=2
05-06 17:31:18.669  1358  1361 D WH-AT   : ============AT< OK
05-06 17:31:18.669  1358  1359 D WH-AT   : ============AT> AT+CCWA=1
05-06 17:31:18.673  1358  1361 D WH-AT   : ============AT< OK
05-06 17:31:18.673  1358  1359 D WH-AT   : ============AT> AT+CMOD=0
05-06 17:31:18.677  1358  1361 D WH-AT   : ============AT< OK
05-06 17:31:18.677  1358  1359 D WH-AT   : ============AT> AT+CSSN=0,1
05-06 17:31:18.681  1358  1361 D WH-AT   : ============AT< OK
05-06 17:31:18.681  1358  1359 D WH-AT   : ============AT> AT+COLP=0
05-06 17:31:18.684  1358  1361 D WH-AT   : ============AT< OK
05-06 17:31:18.684  1358  1359 D WH-AT   : ============AT> AT+CUSD=1
05-06 17:31:18.688  1358  1361 D WH-AT   : ============AT< OK
05-06 17:31:18.688  1358  1359 D WH-AT   : ============AT> AT+CMGF=0
05-06 17:31:18.692  1358  1361 D WH-AT   : ============AT< OK
05-06 17:31:18.692  1358  1359 D WH-AT   : ============AT> AT+ZMMI=1
05-06 17:31:18.695  1358  1361 D WH-AT   : ============AT< OK
05-06 17:31:18.696  1358  1359 D WH-AT   : ============AT> AT+CFUN?
05-06 17:31:18.699  1358  1361 D WH-AT   : ============AT< +CFUN: 1
05-06 17:31:18.699  1358  1361 D WH-AT   : ============AT< OK
05-06 17:31:18.700  1358  1359 D WH-RIL  : setRadioState 2
05-06 17:31:18.700  1358  1359 D RILC    : [UNSL]< UNSOL_VOICE_RADIO_TECH_CHANGED {3}
05-06 17:31:18.700  1358  1359 D RILC    : [UNSL]< UNSOL_VOICE_RADIO_TECH_CHANGED {3} {RADIO_SIM_NOT_READY}
05-06 17:31:18.700  1358  1359 D WH-AT   : ============AT> AT+CPIN?
05-06 17:31:18.704  1358  1361 D WH-AT   : ============AT< +CME ERROR: 10
05-06 17:31:18.704  1358  1359 D WH-RIL  : setRadioState 3
05-06 17:31:18.704  1358  1359 D RILC    : [UNSL]< UNSOL_RESPONSE_SIM_STATUS_CHANGED 
05-06 17:31:18.704  1358  1359 D RILC    : [UNSL]< UNSOL_RESPONSE_SIM_STATUS_CHANGED  {RADIO_SIM_LOCKED_OR_ABSENT}
05-06 17:31:18.704  1358  1359 I RILC    : libril: new connection to RIL_SOCKET_1
05-06 17:31:18.705  1358  1359 D RILC    : [UNSL]< UNSOL_RIL_CONNECTED {12}
05-06 17:31:18.705  1358  1359 D RILC    : [UNSL]< UNSOL_RESPONSE_RADIO_STATE_CHANGED  {RADIO_SIM_LOCKED_OR_ABSENT}
05-06 17:31:18.705  1358  1359 I RILC    : RIL Daemon version: WH_Android_RIL_Driver_V1.0.0
05-06 17:31:18.705   613   771 D RILJ    : [UNSL]< UNSOL_RIL_CONNECTED {12} [SUB0]
05-06 17:31:18.705   613   771 D RILJ    : [8213]> RADIO_POWER off [SUB0]
05-06 17:31:18.708   613   771 D RILJ    : [8214]> RIL_REQUEST_CDMA_SET_SUBSCRIPTION_SOURCE : 0 [SUB0]
05-06 17:31:18.708  1358  1359 D RILC    : [-962635435]> RADIO_POWER (0)
05-06 17:31:18.708  1358  1359 D WH-RIL  : onRequest: RADIO_POWER,3,23
05-06 17:31:18.708  1358  1359 D RILC    : [-962635435]< RADIO_POWER
05-06 17:31:18.710   613   771 D RILJ    : setCellInfoListRate: 2147483647 [SUB0]
05-06 17:31:18.710   613   771 D RILJ    : [8215]> RIL_REQUEST_SET_CELL_INFO_LIST_RATE [SUB0]
05-06 17:31:18.710  1358  1359 D RILC    : [-962635434]> CDMA_SET_SUBSCRIPTION_SOURCE (0)
05-06 17:31:18.711  1358  1359 D WH-RIL  : onRequest: CDMA_SET_SUBSCRIPTION_SOURCE,3,77
05-06 17:31:18.711  1358  1359 D RILC    : [-962635434]< CDMA_SET_SUBSCRIPTION_SOURCE
05-06 17:31:18.711   613   818 D Dcc     : DccDefaultState: msg.what=EVENT_RIL_CONNECTED mRilVersion=12
05-06 17:31:18.711   613   771 D RILJ    : [UNSL]< UNSOL_RESPONSE_RADIO_STATE_CHANGED RADIO_ON [SUB0]
05-06 17:31:18.711  1358  1359 D RILC    : [-962635433]> SET_UNSOL_CELL_INFO_LIST_RATE (2147483647)
05-06 17:31:18.711  1358  1359 D WH-RIL  : onRequest: SET_UNSOL_CELL_INFO_LIST_RATE,3,110
05-06 17:31:18.711  1358  1359 D WH-RIL  : onRequest: SET_UNSOL_CELL_INFO_LIST_RATE not supported
05-06 17:31:18.711   613   613 D SST     : mDeviceShuttingDown=false, mDesiredPowerState=true, getRadioState=RADIO_ON, mPowerOffDelayNeed=true, mAlarmSwitch=false, mRadioDisabledByCarrier=false
05-06 17:31:18.712  1358  1359 D RILC    : [-962635433]< SET_UNSOL_CELL_INFO_LIST_RATE fails by E_REQUEST_NOT_SUPPORTED
05-06 17:31:18.713   613   613 D RILJ    : [8216]> OPERATOR [SUB0]
05-06 17:31:18.713   613   771 D RILJ    : [8213]< RADIO_POWER  [SUB0]
05-06 17:31:18.714   613   613 D RILJ    : [8217]> DATA_REGISTRATION_STATE [SUB0]
05-06 17:31:18.714  1358  1359 D RILC    : [-962635432]> OPERATOR 
05-06 17:31:18.714   613   771 D RILJ    : [8214]< RIL_REQUEST_CDMA_SET_SUBSCRIPTION_SOURCE  [SUB0]
05-06 17:31:18.714  1358  1359 D WH-RIL  : onRequest: OPERATOR,3,22
05-06 17:31:18.715  1358  1359 D WH-AT   : ============AT> AT+COPS=3,0;+COPS?;+COPS=3,1;+COPS?;+COPS=3,2;+COPS?
05-06 17:31:18.716   613   613 D RILJ    : [8218]> VOICE_REGISTRATION_STATE [SUB0]
05-06 17:31:18.716   613   771 D RilRequest: [8215]< RIL_REQUEST_SET_CELL_INFO_LIST_RATE error: com.android.internal.telephony.CommandException: REQUEST_NOT_SUPPORTED ret=
05-06 17:31:18.718   613   613 D RILJ    : [8219]> QUERY_NETWORK_SELECTION_MODE [SUB0]
05-06 17:31:18.719   613   613 D RILJ    : [8220]> BASEBAND_VERSION [SUB0]
05-06 17:31:18.719  1358  1361 D WH-AT   : ============AT< +COPS: 0
05-06 17:31:18.719  1358  1361 D WH-AT   : ============AT< +COPS: 0
05-06 17:31:18.719  1358  1361 D WH-AT   : ============AT< +COPS: 0
05-06 17:31:18.719  1358  1361 D WH-AT   : ============AT< OK
05-06 17:31:18.720  1358  1359 E WH-RIL  : requestOperator (null),(null),(null)
05-06 17:31:18.720  1358  1359 D RILC    : [-962635432]< OPERATOR {(null),(null),(null)}
05-06 17:31:18.720  1358  1359 D RILC    : [-962635431]> DATA_REGISTRATION_STATE 
05-06 17:31:18.720  1358  1359 D WH-RIL  : onRequest: DATA_REGISTRATION_STATE,3,21
05-06 17:31:18.720  1358  1359 D WH-AT   : ============AT> AT+CEREG?
05-06 17:31:18.720   613   771 D RILJ    : [8216]< OPERATOR {null, null, null} [SUB0]
05-06 17:31:18.721   613   613 D RILJ    : [8221]> GET_IMEI [SUB0]
05-06 17:31:18.722   613   613 D RILJ    : [8222]> GET_IMEISV [SUB0]
05-06 17:31:18.724  1358  1361 D WH-AT   : ============AT< +CEREG: 2,2
05-06 17:31:18.724  1358  1361 D WH-AT   : ============AT< OK
05-06 17:31:18.724   613   613 D RILJ    : [8223]> RIL_REQUEST_GET_RADIO_CAPABILITY [SUB0]
05-06 17:31:18.724  1358  1359 E WH-RIL  : requestRegistrationState response[3]:0
05-06 17:31:18.725  1358  1359 D RILC    : [-962635431]< DATA_REGISTRATION_STATE {2}
05-06 17:31:18.725   613   613 D RILJ    : [8224]> RIL_REQUEST_START_LCE [SUB0]
05-06 17:31:18.725  1358  1359 D RILC    : [-962635430]> VOICE_REGISTRATION_STATE 
05-06 17:31:18.725  1358  1359 D WH-RIL  : onRequest: VOICE_REGISTRATION_STATE,3,20
05-06 17:31:18.726  1358  1359 D WH-AT   : ============AT> AT+CREG?
05-06 17:31:18.726   613   771 D RILJ    : [8217]< DATA_REGISTRATION_STATE {2} [SUB0]
05-06 17:31:18.727   613   613 D DCT     : [0]onRadioAvailable
05-06 17:31:18.727   613   613 D UiccController: Received EVENT_ICC_STATUS_CHANGED, calling getIccCardStatus
05-06 17:31:18.727   613   613 D RILJ    : [8225]> GET_SIM_STATUS [SUB0]
05-06 17:31:18.728   613   613 D RILJ    : [8226]> GET_CURRENT_CALLS [SUB0]
05-06 17:31:18.729  1358  1361 D WH-AT   : ============AT< +CREG: 2,0
05-06 17:31:18.729  1358  1361 D WH-AT   : ============AT< OK
05-06 17:31:18.730   613   613 D RILJ    : [8227]> RIL_REQUEST_IMS_REGISTRATION_STATE [SUB0]
05-06 17:31:18.730  1358  1359 D WH-AT   : ============AT> AT^SYSINFO
05-06 17:31:18.731   613   613 D RILJ    : [8228]> RIL_REQUEST_CDMA_GET_SUBSCRIPTION_SOURCE [SUB0]
05-06 17:31:18.733   613   613 D GsmCdmaPhone: [GsmCdmaPhone] Event EVENT_RADIO_ON Received
05-06 17:31:18.733   613   613 D RILJ    : [8229]> RIL_REQUEST_VOICE_RADIO_TECH [SUB0]
05-06 17:31:18.734  1358  1361 D WH-AT   : ============AT< ^SYSINFO: 1,0,0,3,255,,3
05-06 17:31:18.734  1358  1361 D WH-AT   : ============AT< OK
05-06 17:31:18.734  1358  1359 E WH-RIL  : requestRegistrationState srv_status:1
05-06 17:31:18.734  1358  1359 E WH-RIL  : requestRegistrationState response[3]:0
05-06 17:31:18.735  1358  1359 D RILC    : [-962635430]< VOICE_REGISTRATION_STATE {0}
05-06 17:31:18.735   613   613 D SST     : handlPollStateResultMessage: GsmSST setDataRegState=1 regState=2 dataRadioTechnology=0
05-06 17:31:18.735   613   771 D RILJ    : [8218]< VOICE_REGISTRATION_STATE {0} [SUB0]
05-06 17:31:18.736  1358  1359 D RILC    : [-962635429]> QUERY_NETWORK_SELECTION_MODE 
05-06 17:31:18.736  1358  1359 D WH-RIL  : onRequest: QUERY_NETWORK_SELECTION_MODE,3,45
05-06 17:31:18.736  1358  1359 D WH-AT   : ============AT> AT+COPS?
05-06 17:31:18.740  1358  1361 D WH-AT   : ============AT< +COPS: 0
05-06 17:31:18.740  1358  1361 D WH-AT   : ============AT< OK
05-06 17:31:18.740  1358  1359 D RILC    : [-962635429]< QUERY_NETWORK_SELECTION_MODE {0}
05-06 17:31:18.740  1358  1359 D RILC    : [-962635428]> BASEBAND_VERSION 
05-06 17:31:18.740  1358  1359 D WH-RIL  : onRequest: BASEBAND_VERSION,3,51
05-06 17:31:18.740  1358  1359 D WH-AT   : ============AT> AT+CGMR
05-06 17:31:18.741   613   771 D RILJ    : [8219]< QUERY_NETWORK_SELECTION_MODE {0} [SUB0]
05-06 17:31:18.741   613   613 D SST     : EVENT_POLL_STATE_NETWORK_SELECTION_MODE
05-06 17:31:18.742   613   613 D SST     : useDataRegStateForDataOnlyDevice: VoiceRegState=1 DataRegState=1
05-06 17:31:18.743   613   613 D SST     : Poll ServiceState done:  oldSS=[1 1 voice home data home null null null null null null  Unknown Unknown CSS not supported -1 -1 RoamInd=-1 DefRoamInd=-1 EmergOnly=false IsDataRoamingFromRegistration=false IsUsingCarrierAggregation=false] newSS=[1 1 voice home data home null null null null null null  Unknown Unknown CSS not supported -1 -1 RoamInd=-1 DefRoamInd=-1 EmergOnly=false IsDataRoamingFromRegistration=false IsUsingCarrierAggregation=false] oldMaxDataCalls=1 mNewMaxDataCalls=1 oldReasonDataDenied=-1 mNewReasonDataDenied=-1
05-06 17:31:18.743  1358  1361 D WH-AT   : ============AT< +CGMR: WH_G405tf_FLASH_V1.0.31B09P23_190227
05-06 17:31:18.744  1358  1361 D WH-AT   : ============AT< OK
05-06 17:31:18.744  1358  1359 D RILC    : [-962635428]< BASEBAND_VERSION {WH_G405tf_FLASH_V1.0.31B09P23_190227}
05-06 17:31:18.744  1358  1359 D RILC    : [-962635427]> GET_IMEI 
05-06 17:31:18.744  1358  1359 D WH-RIL  : onRequest: GET_IMEI,3,38
05-06 17:31:18.744  1358  1359 D WH-AT   : ============AT> AT+CGSN
05-06 17:31:18.745   613   771 D RILJ    : [8220]< BASEBAND_VERSION WH_G405tf_FLASH_V1.0.31B09P23_190227 [SUB0]
05-06 17:31:18.745   613   613 D GsmCdmaPhone: [GsmCdmaPhone] Baseband version: WH_G405tf_FLASH_V1.0.31B09P23_190227
