05-06 17:31:18.748  1358  1361 D WH-AT   : ============AT< +CGSN: 868221042893795
05-06 17:31:18.748  1358  1361 D WH-AT   : ============AT< OK
05-06 17:31:18.749  1358  1359 D RILC    : [-962635427]< GET_IMEI {868221042893795}
05-06 17:31:18.749  1358  1359 D RILC    : [-962635426]> GET_IMEISV 
05-06 17:31:18.749  1358  1359 D WH-RIL  : onRequest: GET_IMEISV,3,39
05-06 17:31:18.749  1358  1359 D WH-AT   : ============AT> AT+ZULI=8
05-06 17:31:18.749   613   771 D RILJ    : [8221]< GET_IMEI  [SUB0]
05-06 17:31:18.753  1358  1361 D WH-AT   : ============AT< +ZULI: 8,"8682210428937955"
05-06 17:31:18.753  1358  1361 D WH-AT   : ============AT< OK
05-06 17:31:18.753  1358  1359 D RILC    : [-962635426]< GET_IMEISV {8682210428937955}
05-06 17:31:18.753  1358  1359 D RILC    : [-962635425]> RIL_REQUEST_GET_RADIO_CAPABILITY 
05-06 17:31:18.753  1358  1359 D WH-RIL  : onRequest: RIL_REQUEST_GET_RADIO_CAPABILITY,3,130
05-06 17:31:18.754   613   771 D RILJ    : [8222]< GET_IMEISV  [SUB0]
05-06 17:31:18.900   613   771 E RILJ    : Hit EOS reading message length
05-06 17:31:18.900   613   771 I RILJ    : (0) Disconnected from 'rild' socket
05-06 17:31:18.900   613   613 D SST     : mDeviceShuttingDown=false, mDesiredPowerState=true, getRadioState=RADIO_UNAVAILABLE, mPowerOffDelayNeed=true, mAlarmSwitch=false, mRadioDisabledByCarrier=false
05-06 17:31:18.900   613   771 D RilRequest: [8223]< RIL_REQUEST_GET_RADIO_CAPABILITY error: com.android.internal.telephony.CommandException: RADIO_NOT_AVAILABLE ret=
05-06 17:31:18.900   613   771 D RilRequest: [8224]< RIL_REQUEST_START_LCE error: com.android.internal.telephony.CommandException: RADIO_NOT_AVAILABLE ret=
05-06 17:31:18.900   613   771 D RilRequest: [8225]< GET_SIM_STATUS error: com.android.internal.telephony.CommandException: RADIO_NOT_AVAILABLE ret=
05-06 17:31:18.900   613   613 D SST     : useDataRegStateForDataOnlyDevice: VoiceRegState=1 DataRegState=1
05-06 17:31:18.901   613   771 D RilRequest: [8226]< GET_CURRENT_CALLS error: com.android.internal.telephony.CommandException: RADIO_NOT_AVAILABLE ret=
05-06 17:31:18.901   613   613 D SST     : Poll ServiceState done:  oldSS=[1 1 voice home data home null null null null null null  Unknown Unknown CSS not supported -1 -1 RoamInd=-1 DefRoamInd=-1 EmergOnly=false IsDataRoamingFromRegistration=false IsUsingCarrierAggregation=false] newSS=[1 1 voice home data home null null null null null null  Unknown Unknown CSS not supported -1 -1 RoamInd=-1 DefRoamInd=-1 EmergOnly=false IsDataRoamingFromRegistration=false IsUsingCarrierAggregation=false] oldMaxDataCalls=1 mNewMaxDataCalls=1 oldReasonDataDenied=-1 mNewReasonDataDenied=-1
05-06 17:31:18.901   613   771 D RilRequest: [8227]< RIL_REQUEST_IMS_REGISTRATION_STATE error: com.android.internal.telephony.CommandException: RADIO_NOT_AVAILABLE ret=
05-06 17:31:18.901   613   613 D UiccController: EVENT_RADIO_UNAVAILABLE, dispose card
05-06 17:31:18.901   613   771 D RilRequest: [8228]< RIL_REQUEST_CDMA_GET_SUBSCRIPTION_SOURCE error: com.android.internal.telephony.CommandException: RADIO_NOT_AVAILABLE ret=
05-06 17:31:18.901   613   613 D RILJ    : [3085]> GET_CURRENT_CALLS [SUB0]
05-06 17:31:18.901   613   771 D RilRequest: [8229]< RIL_REQUEST_VOICE_RADIO_TECH error: com.android.internal.telephony.CommandException: RADIO_NOT_AVAILABLE ret=
05-06 17:31:18.901   613   613 D RilRequest: [3085]< GET_CURRENT_CALLS error: com.android.internal.telephony.CommandException: RADIO_NOT_AVAILABLE ret=
05-06 17:31:18.901   613   613 E IccCardProxy: setExternalState: !override and newstate unchanged from NOT_READY
05-06 17:31:18.901   613   613 D GsmCdmaPhone: [GsmCdmaPhone] Event EVENT_RADIO_OFF_OR_NOT_AVAILABLE Received
05-06 17:31:18.901   613   613 D DCT     : [0]onRadioOffOrNotAvailable: is off and clean up all connections
05-06 17:31:18.901   613   613 D DCT     : [0]cleanUpAllConnections: tearDown=false reason=radioTurnedOff
05-06 17:31:18.901   613   613 D GsmCdmaPhone: [GsmCdmaPhone] getDataConnectionState apnType=default ret=DISCONNECTED
05-06 17:31:18.902   613   771 I RILJ    : Couldn't find 'rild' socket; retrying after timeout
05-06 17:31:18.905   613   613 D DCT     : [0]cleanUpConnection: X tearDown=false reason=radioTurnedOff apnContext={mApnType=default mState=IDLE mWaitingApns={null} mApnSetting={null} mReason=radioTurnedOff mDataEnabled=false mDependencyMet=true} dcac=null
05-06 17:31:18.905   613   613 D GsmCdmaPhone: [GsmCdmaPhone] getDataConnectionState apnType=mms ret=DISCONNECTED
05-06 17:31:18.907   613   613 D DCT     : [0]cleanUpConnection: X tearDown=false reason=radioTurnedOff apnContext={mApnType=mms mState=IDLE mWaitingApns={null} mApnSetting={null} mReason=radioTurnedOff mDataEnabled=false mDependencyMet=false} dcac=null
05-06 17:31:18.907   613   613 D GsmCdmaPhone: [GsmCdmaPhone] getDataConnectionState apnType=cbs ret=DISCONNECTED
05-06 17:31:18.910   613   613 D DCT     : [0]cleanUpConnection: X tearDown=false reason=radioTurnedOff apnContext={mApnType=cbs mState=IDLE mWaitingApns={null} mApnSetting={null} mReason=radioTurnedOff mDataEnabled=false mDependencyMet=true} dcac=null
05-06 17:31:18.910   613   613 D GsmCdmaPhone: [GsmCdmaPhone] getDataConnectionState apnType=fota ret=DISCONNECTED
05-06 17:31:18.913   613   613 D DCT     : [0]cleanUpConnection: X tearDown=false reason=radioTurnedOff apnContext={mApnType=fota mState=IDLE mWaitingApns={null} mApnSetting={null} mReason=radioTurnedOff mDataEnabled=false mDependencyMet=true} dcac=null
05-06 17:31:18.913   613   613 D GsmCdmaPhone: [GsmCdmaPhone] getDataConnectionState apnType=supl ret=DISCONNECTED
05-06 17:31:18.915   613   613 D DCT     : [0]cleanUpConnection: X tearDown=false reason=radioTurnedOff apnContext={mApnType=supl mState=IDLE mWaitingApns={null} mApnSetting={null} mReason=radioTurnedOff mDataEnabled=false mDependencyMet=true} dcac=null
05-06 17:31:18.916   613   613 D GsmCdmaPhone: [GsmCdmaPhone] getDataConnectionState apnType=emergency ret=DISCONNECTED
05-06 17:31:18.917   613   613 D DCT     : [0]cleanUpConnection: X tearDown=false reason=radioTurnedOff apnContext={mApnType=emergency mState=IDLE mWaitingApns={null} mApnSetting={null} mReason=radioTurnedOff mDataEnabled=false mDependencyMet=true} dcac=null
05-06 17:31:18.917   613   613 D GsmCdmaPhone: [GsmCdmaPhone] getDataConnectionState apnType=dun ret=DISCONNECTED
05-06 17:31:18.919   613   613 D DCT     : [0]cleanUpConnection: X tearDown=false reason=radioTurnedOff apnContext={mApnType=dun mState=IDLE mWaitingApns={null} mApnSetting={null} mReason=radioTurnedOff mDataEnabled=false mDependencyMet=true} dcac=null
05-06 17:31:18.919   613   613 D GsmCdmaPhone: [GsmCdmaPhone] getDataConnectionState apnType=hipri ret=DISCONNECTED
05-06 17:31:18.921   613   613 D DCT     : [0]cleanUpConnection: X tearDown=false reason=radioTurnedOff apnContext={mApnType=hipri mState=IDLE mWaitingApns={null} mApnSetting={null} mReason=radioTurnedOff mDataEnabled=false mDependencyMet=true} dcac=null
05-06 17:31:18.921   613   613 D GsmCdmaPhone: [GsmCdmaPhone] getDataConnectionState apnType=ims ret=DISCONNECTED
05-06 17:31:18.923   613   613 D DCT     : [0]cleanUpConnection: X tearDown=false reason=radioTurnedOff apnContext={mApnType=ims mState=IDLE mWaitingApns={null} mApnSetting={null} mReason=radioTurnedOff mDataEnabled=false mDependencyMet=true} dcac=null
05-06 17:31:18.923   613   613 D DCT     : [0]stopNetStatPoll
05-06 17:31:18.923   613   613 D DCT     : [0]cleanUpConnection: mDisconnectPendingCount = 0
05-06 17:31:18.923   613   613 D DCT     : [0]isDataAllowed: No - SIM not loaded - Not attached
05-06 17:31:18.937   613   613 D GsmCdmaPhone: get phone radio capability fail, no need to change mRadioCapability
05-06 17:31:18.937   613   613 D GsmCdmaPhone: EVENT_GET_RADIO_CAPABILITY: phone rc: null
05-06 17:31:18.937   613   613 D Phone   : config LCE service failed: com.android.internal.telephony.CommandException: RADIO_NOT_AVAILABLE
05-06 17:31:18.937   613   613 D UiccController: Received EVENT_GET_ICC_STATUS_DONE
05-06 17:31:18.938   613   613 E UiccController: Error getting ICC status. RIL_REQUEST_GET_ICC_STATUS should never return an error
05-06 17:31:18.938   613   613 E UiccController: com.android.internal.telephony.CommandException: RADIO_NOT_AVAILABLE
05-06 17:31:18.938   613   613 E UiccController: 	at com.android.internal.telephony.RILRequest.onError(RIL.java:217)
05-06 17:31:18.938   613   613 E UiccController: 	at com.android.internal.telephony.RIL.clearRequestList(RIL.java:2616)
05-06 17:31:18.938   613   613 E UiccController: 	at com.android.internal.telephony.RIL.-wrap4(RIL.java)
05-06 17:31:18.938   613   613 E UiccController: 	at com.android.internal.telephony.RIL$RILReceiver.run(RIL.java:724)
05-06 17:31:18.938   613   613 E UiccController: 	at java.lang.Thread.run(Thread.java:761)
05-06 17:31:18.938   613   613 D GsmCdmaCallTracker: Event EVENT_POLL_CALLS_RESULT Received
05-06 17:31:18.938   613   613 E RIL_ImsSms: IMS State query failed with exp com.android.internal.telephony.CommandException: RADIO_NOT_AVAILABLE
05-06 17:31:18.938   613   613 D GsmSMSDispatcher: GsmSMSDispatcher: subId = -2 slotId = 0
05-06 17:31:18.938   613   613 E IccCardProxy: setExternalState: !override and newstate unchanged from NOT_READY
05-06 17:31:18.938   613   613 D CdmaSSM : CDMA_SUBSCRIPTION_SOURCE event = 2
05-06 17:31:18.938   613   613 W CdmaSSM : Unable to get CDMA Subscription Source, Exception: com.android.internal.telephony.CommandException: RADIO_NOT_AVAILABLE, result: null
05-06 17:31:18.938   613   613 E GsmCdmaPhone: [GsmCdmaPhone] EVENT_REQUEST_VOICE_RADIO_TECH_DONE: exception=com.android.internal.telephony.CommandException: RADIO_NOT_AVAILABLE
05-06 17:31:18.938   613   613 D GsmCdmaCallTracker: Event EVENT_POLL_CALLS_RESULT Received
05-06 17:31:18.938   613   613 D GsmCdmaCallTracker: [GsmCdmaCallTracker] update phone state, old=IDLE new=IDLE
05-06 17:31:20.968  1369  1369 D RILD    : **RIL Daemon Started**
05-06 17:31:20.969  1369  1369 D RILD    : **RILd param count=1**
05-06 17:31:20.970  1369  1369 W RILD    : RIL_SAP_Init not defined or exported in /system/lib/libreference-ril-wh405.so: undefined symbol: RIL_SAP_Init
05-06 17:31:20.970  1369  1369 D RILD    : RIL_Init argc = 5 clientId = 0
05-06 17:31:20.970  1369  1369 I WH-RIL  : RIL_Init -1,Feb 19 2019-10:27:58
05-06 17:31:20.970  1369  1369 D RILD    : RIL_Init rilInit completed
05-06 17:31:20.970  1369  1371 D WH-AT   : entering mainLoop()
05-06 17:31:20.970  1369  1369 I RILC    : SIM_COUNT: 1
05-06 17:31:20.970  1369  1371 I WH-RIL  : RIL mainLoop
05-06 17:31:20.970  1369  1369 E RILC    : RIL_register: RIL version 12
05-06 17:31:20.970  1369  1369 I RILC    : s_registerCalled flag set, 1
05-06 17:31:20.970  1369  1369 I RILC    : Start to listen RIL_SOCKET_1
05-06 17:31:20.970  1369  1369 D RILD    : RIL_Init RIL_register completed
05-06 17:31:20.970  1369  1369 D RILD    : RIL_register_socket completed
05-06 17:31:20.970  1369  1369 D RILD    : RIL_Init starting sleep loop
05-06 17:31:20.970  1369  1371 D WH-RIL  : usb_device_prefix 1-1:1.2
05-06 17:31:20.971  1369  1371 D WH-RIL  : the file name 1-1:1.2
05-06 17:31:20.971  1369  1371 I WH-RIL  : RIL_Init s_device_path /dev/ttyUSB0 
05-06 17:31:20.971  1369  1370 D WH-RIL  : setRadioState 0
05-06 17:31:20.972  1369  1370 D RILC    : [UNSL]< UNSOL_RESPONSE_RADIO_STATE_CHANGED  {RADIO_OFF}
05-06 17:31:22.903   613   771 I RILJ    : (0) Connected to 'rild' socket
05-06 17:31:22.972  1369  1370 D WH-AT   : ============AT> ATE0Q0V1
05-06 17:31:22.976  1369  1372 D WH-AT   : ============AT< OK
05-06 17:31:23.976  1369  1370 I WH-RIL  : AT at_handshake END
05-06 17:31:23.976  1369  1370 D WH-AT   : ============AT> ATS0=0
05-06 17:31:23.980  1369  1372 D WH-AT   : ============AT< OK
05-06 17:31:23.980  1369  1370 D WH-AT   : ============AT> AT+CMEE=1
05-06 17:31:23.983  1369  1372 D WH-AT   : ============AT< OK
05-06 17:31:23.984  1369  1370 D WH-AT   : ============AT> AT+CREG=2
05-06 17:31:23.987  1369  1372 D WH-AT   : ============AT< OK
05-06 17:31:23.987  1369  1370 D WH-AT   : ============AT> AT+CEREG=2
05-06 17:31:23.991  1369  1372 D WH-AT   : ============AT< OK
05-06 17:31:23.991  1369  1370 D WH-AT   : ============AT> AT+CCWA=1
05-06 17:31:23.994  1369  1372 D WH-AT   : ============AT< OK
05-06 17:31:23.995  1369  1370 D WH-AT   : ============AT> AT+CMOD=0
05-06 17:31:23.998  1369  1372 D WH-AT   : ============AT< OK
05-06 17:31:23.999  1369  1370 D WH-AT   : ============AT> AT+CSSN=0,1
05-06 17:31:24.002  1369  1372 D WH-AT   : ============AT< OK
05-06 17:31:24.002  1369  1370 D WH-AT   : ============AT> AT+COLP=0
05-06 17:31:24.006  1369  1372 D WH-AT   : ============AT< OK
05-06 17:31:24.006  1369  1370 D WH-AT   : ============AT> AT+CUSD=1
05-06 17:31:24.010  1369  1372 D WH-AT   : ============AT< OK
05-06 17:31:24.010  1369  1370 D WH-AT   : ============AT> AT+CMGF=0
05-06 17:31:24.013  1369  1372 D WH-AT   : ============AT< OK
05-06 17:31:24.014  1369  1370 D WH-AT   : ============AT> AT+ZMMI=1
05-06 17:31:24.017  1369  1372 D WH-AT   : ============AT< OK
05-06 17:31:24.017  1369  1370 D WH-AT   : ============AT> AT+CFUN?
05-06 17:31:24.021  1369  1372 D WH-AT   : ============AT< +CFUN: 1
05-06 17:31:24.021  1369  1372 D WH-AT   : ============AT< OK
05-06 17:31:24.021  1369  1370 D WH-RIL  : setRadioState 2
05-06 17:31:24.021  1369  1370 D RILC    : [UNSL]< UNSOL_VOICE_RADIO_TECH_CHANGED {3}
05-06 17:31:24.022  1369  1370 D RILC    : [UNSL]< UNSOL_VOICE_RADIO_TECH_CHANGED {3} {RADIO_SIM_NOT_READY}
05-06 17:31:24.022  1369  1370 D WH-AT   : ============AT> AT+CPIN?
05-06 17:31:24.025  1369  1372 D WH-AT   : ============AT< +CME ERROR: 10
05-06 17:31:24.025  1369  1370 D WH-RIL  : setRadioState 3
05-06 17:31:24.026  1369  1370 D RILC    : [UNSL]< UNSOL_RESPONSE_SIM_STATUS_CHANGED 
05-06 17:31:24.026  1369  1370 D RILC    : [UNSL]< UNSOL_RESPONSE_SIM_STATUS_CHANGED  {RADIO_SIM_LOCKED_OR_ABSENT}
05-06 17:31:24.026  1369  1370 I RILC    : libril: new connection to RIL_SOCKET_1
05-06 17:31:24.026  1369  1370 D RILC    : [UNSL]< UNSOL_RIL_CONNECTED {12}
05-06 17:31:24.026  1369  1370 D RILC    : [UNSL]< UNSOL_RESPONSE_RADIO_STATE_CHANGED  {RADIO_SIM_LOCKED_OR_ABSENT}
05-06 17:31:24.027  1369  1370 I RILC    : RIL Daemon version: WH_Android_RIL_Driver_V1.0.0
05-06 17:31:24.027   613   771 D RILJ    : [UNSL]< UNSOL_RIL_CONNECTED {12} [SUB0]
05-06 17:31:24.027   613   771 D RILJ    : [3086]> RADIO_POWER off [SUB0]
05-06 17:31:24.029   613   771 D RILJ    : [3087]> RIL_REQUEST_CDMA_SET_SUBSCRIPTION_SOURCE : 0 [SUB0]
05-06 17:31:24.029  1369  1370 D RILC    : [1060739438]> RADIO_POWER (0)
05-06 17:31:24.029  1369  1370 D WH-RIL  : onRequest: RADIO_POWER,3,23
05-06 17:31:24.030  1369  1370 D RILC    : [1060739438]< RADIO_POWER
05-06 17:31:24.030   613   771 D RILJ    : setCellInfoListRate: 2147483647 [SUB0]
05-06 17:31:24.031   613   771 D RILJ    : [3088]> RIL_REQUEST_SET_CELL_INFO_LIST_RATE [SUB0]
05-06 17:31:24.031  1369  1370 D RILC    : [1060739439]> CDMA_SET_SUBSCRIPTION_SOURCE (0)
05-06 17:31:24.032  1369  1370 D WH-RIL  : onRequest: CDMA_SET_SUBSCRIPTION_SOURCE,3,77
05-06 17:31:24.032  1369  1370 D RILC    : [1060739439]< CDMA_SET_SUBSCRIPTION_SOURCE
05-06 17:31:24.033   613   771 D RILJ    : [UNSL]< UNSOL_RESPONSE_RADIO_STATE_CHANGED RADIO_ON [SUB0]
05-06 17:31:24.033   613   818 D Dcc     : DccDefaultState: msg.what=EVENT_RIL_CONNECTED mRilVersion=12
05-06 17:31:24.033   613   613 D SST     : mDeviceShuttingDown=false, mDesiredPowerState=true, getRadioState=RADIO_ON, mPowerOffDelayNeed=true, mAlarmSwitch=false, mRadioDisabledByCarrier=false
05-06 17:31:24.033   613   771 D RILJ    : [3086]< RADIO_POWER  [SUB0]
05-06 17:31:24.034   613   771 D RILJ    : [3087]< RIL_REQUEST_CDMA_SET_SUBSCRIPTION_SOURCE  [SUB0]
05-06 17:31:24.034   613   613 D RILJ    : [3089]> OPERATOR [SUB0]
05-06 17:31:24.034  1369  1370 D RILC    : [1060739440]> SET_UNSOL_CELL_INFO_LIST_RATE (2147483647)
05-06 17:31:24.034  1369  1370 D WH-RIL  : onRequest: SET_UNSOL_CELL_INFO_LIST_RATE,3,110
05-06 17:31:24.034  1369  1370 D WH-RIL  : onRequest: SET_UNSOL_CELL_INFO_LIST_RATE not supported
05-06 17:31:24.034  1369  1370 D RILC    : [1060739440]< SET_UNSOL_CELL_INFO_LIST_RATE fails by E_REQUEST_NOT_SUPPORTED
05-06 17:31:24.036   613   613 D RILJ    : [3090]> DATA_REGISTRATION_STATE [SUB0]
05-06 17:31:24.036   613   771 D RilRequest: [3088]< RIL_REQUEST_SET_CELL_INFO_LIST_RATE error: com.android.internal.telephony.CommandException: REQUEST_NOT_SUPPORTED ret=
05-06 17:31:24.037  1369  1370 D RILC    : [1060739441]> OPERATOR 
05-06 17:31:24.037  1369  1370 D WH-RIL  : onRequest: OPERATOR,3,22
05-06 17:31:24.037  1369  1370 D WH-AT   : ============AT> AT+COPS=3,0;+COPS?;+COPS=3,1;+COPS?;+COPS=3,2;+COPS?
05-06 17:31:24.038   613   613 D RILJ    : [3091]> VOICE_REGISTRATION_STATE [SUB0]
05-06 17:31:24.039   613   613 D RILJ    : [3092]> QUERY_NETWORK_SELECTION_MODE [SUB0]
05-06 17:31:24.041   613   613 D RILJ    : [3093]> BASEBAND_VERSION [SUB0]
05-06 17:31:24.041  1369  1372 D WH-AT   : ============AT< +COPS: 0
05-06 17:31:24.042  1369  1372 D WH-AT   : ============AT< +COPS: 0
05-06 17:31:24.042  1369  1372 D WH-AT   : ============AT< +COPS: 0
05-06 17:31:24.042  1369  1372 D WH-AT   : ============AT< OK
05-06 17:31:24.042  1369  1370 E WH-RIL  : requestOperator (null),(null),(null)
05-06 17:31:24.042  1369  1370 D RILC    : [1060739441]< OPERATOR {(null),(null),(null)}
05-06 17:31:24.042  1369  1370 D RILC    : [1060739442]> DATA_REGISTRATION_STATE 
05-06 17:31:24.042  1369  1370 D WH-RIL  : onRequest: DATA_REGISTRATION_STATE,3,21
05-06 17:31:24.043  1369  1370 D WH-AT   : ============AT> AT+CEREG?
05-06 17:31:24.043   613   771 D RILJ    : [3089]< OPERATOR {null, null, null} [SUB0]
05-06 17:31:24.044   613   613 D RILJ    : [3094]> GET_IMEI [SUB0]
05-06 17:31:24.045   613   613 D RILJ    : [3095]> GET_IMEISV [SUB0]
05-06 17:31:24.046  1369  1372 D WH-AT   : ============AT< +CEREG: 2,2
05-06 17:31:24.046  1369  1372 D WH-AT   : ============AT< OK
05-06 17:31:24.047  1369  1370 E WH-RIL  : requestRegistrationState response[3]:0
05-06 17:31:24.047  1369  1370 D RILC    : [1060739442]< DATA_REGISTRATION_STATE {2}
05-06 17:31:24.047   613   613 D RILJ    : [3096]> RIL_REQUEST_GET_RADIO_CAPABILITY [SUB0]
05-06 17:31:24.047  1369  1370 D RILC    : [1060739443]> VOICE_REGISTRATION_STATE 
05-06 17:31:24.047  1369  1370 D WH-RIL  : onRequest: VOICE_REGISTRATION_STATE,3,20
05-06 17:31:24.047  1369  1370 D WH-AT   : ============AT> AT+CREG?
05-06 17:31:24.048   613   771 D RILJ    : [3090]< DATA_REGISTRATION_STATE {2} [SUB0]
05-06 17:31:24.048   613   613 D RILJ    : [3097]> RIL_REQUEST_START_LCE [SUB0]
05-06 17:31:24.050   613   613 D DCT     : [0]onRadioAvailable
05-06 17:31:24.050   613   613 D UiccController: Received EVENT_ICC_STATUS_CHANGED, calling getIccCardStatus
05-06 17:31:24.050   613   613 D RILJ    : [3098]> GET_SIM_STATUS [SUB0]
05-06 17:31:24.051  1369  1372 D WH-AT   : ============AT< +CREG: 2,0
05-06 17:31:24.051  1369  1372 D WH-AT   : ============AT< OK
05-06 17:31:24.051  1369  1370 D WH-AT   : ============AT> AT^SYSINFO
05-06 17:31:24.052   613   613 D RILJ    : [3099]> GET_CURRENT_CALLS [SUB0]
05-06 17:31:24.053  1369  1372 D WH-AT   : ============AT< ^SYSINFO: 1,0,0,3,255,,3
05-06 17:31:24.053  1369  1372 D WH-AT   : ============AT< OK
05-06 17:31:24.053  1369  1370 E WH-RIL  : requestRegistrationState srv_status:1
05-06 17:31:24.054  1369  1370 E WH-RIL  : requestRegistrationState response[3]:0
05-06 17:31:24.054   613   613 D RILJ    : [3100]> RIL_REQUEST_IMS_REGISTRATION_STATE [SUB0]
05-06 17:31:24.054  1369  1370 D RILC    : [1060739443]< VOICE_REGISTRATION_STATE {0}
05-06 17:31:24.054  1369  1370 D RILC    : [1060739444]> QUERY_NETWORK_SELECTION_MODE 
05-06 17:31:24.054  1369  1370 D WH-RIL  : onRequest: QUERY_NETWORK_SELECTION_MODE,3,45
05-06 17:31:24.054  1369  1370 D WH-AT   : ============AT> AT+COPS?
05-06 17:31:24.055   613   771 D RILJ    : [3091]< VOICE_REGISTRATION_STATE {0} [SUB0]
05-06 17:31:24.056   613   613 D RILJ    : [3101]> RIL_REQUEST_CDMA_GET_SUBSCRIPTION_SOURCE [SUB0]
05-06 17:31:24.056  1369  1372 D WH-AT   : ============AT< +COPS: 0
05-06 17:31:24.056  1369  1372 D WH-AT   : ============AT< OK
05-06 17:31:24.056  1369  1370 D RILC    : [1060739444]< QUERY_NETWORK_SELECTION_MODE {0}
05-06 17:31:24.056  1369  1370 D RILC    : [1060739445]> BASEBAND_VERSION 
05-06 17:31:24.057  1369  1370 D WH-RIL  : onRequest: BASEBAND_VERSION,3,51
05-06 17:31:24.057  1369  1370 D WH-AT   : ============AT> AT+CGMR
05-06 17:31:24.057   613   771 D RILJ    : [3092]< QUERY_NETWORK_SELECTION_MODE {0} [SUB0]
05-06 17:31:24.057   613   613 D GsmCdmaPhone: [GsmCdmaPhone] Event EVENT_RADIO_ON Received
05-06 17:31:24.057   613   613 D RILJ    : [3102]> RIL_REQUEST_VOICE_RADIO_TECH [SUB0]
05-06 17:31:24.058  1369  1372 D WH-AT   : ============AT< +CGMR: WH_G405tf_FLASH_V1.0.31B09P23_190227
05-06 17:31:24.058  1369  1372 D WH-AT   : ============AT< OK
05-06 17:31:24.058  1369  1370 D RILC    : [1060739445]< BASEBAND_VERSION {WH_G405tf_FLASH_V1.0.31B09P23_190227}
05-06 17:31:24.059  1369  1370 D RILC    : [1060739446]> GET_IMEI 
05-06 17:31:24.059  1369  1370 D WH-RIL  : onRequest: GET_IMEI,3,38
05-06 17:31:24.059   613   613 D SST     : handlPollStateResultMessage: GsmSST setDataRegState=1 regState=2 dataRadioTechnology=0
05-06 17:31:24.059  1369  1370 D WH-AT   : ============AT> AT+CGSN
05-06 17:31:24.059   613   613 D SST     : EVENT_POLL_STATE_NETWORK_SELECTION_MODE
05-06 17:31:24.060   613   771 D RILJ    : [3093]< BASEBAND_VERSION WH_G405tf_FLASH_V1.0.31B09P23_190227 [SUB0]
05-06 17:31:24.061  1369  1372 D WH-AT   : ============AT< +CGSN: 868221042893795
05-06 17:31:24.061  1369  1372 D WH-AT   : ============AT< OK
05-06 17:31:24.061  1369  1370 D RILC    : [1060739446]< GET_IMEI {868221042893795}
05-06 17:31:24.061   613   613 D SST     : useDataRegStateForDataOnlyDevice: VoiceRegState=1 DataRegState=1
05-06 17:31:24.061  1369  1370 D RILC    : [1060739447]> GET_IMEISV 
05-06 17:31:24.061  1369  1370 D WH-RIL  : onRequest: GET_IMEISV,3,39
05-06 17:31:24.061  1369  1370 D WH-AT   : ============AT> AT+ZULI=8
05-06 17:31:24.061   613   613 D SST     : Poll ServiceState done:  oldSS=[1 1 voice home data home null null null null null null  Unknown Unknown CSS not supported -1 -1 RoamInd=-1 DefRoamInd=-1 EmergOnly=false IsDataRoamingFromRegistration=false IsUsingCarrierAggregation=false] newSS=[1 1 voice home data home null null null null null null  Unknown Unknown CSS not supported -1 -1 RoamInd=-1 DefRoamInd=-1 EmergOnly=false IsDataRoamingFromRegistration=false IsUsingCarrierAggregation=false] oldMaxDataCalls=1 mNewMaxDataCalls=1 oldReasonDataDenied=-1 mNewReasonDataDenied=-1
05-06 17:31:24.062   613   771 D RILJ    : [3094]< GET_IMEI  [SUB0]
05-06 17:31:24.062   613   613 D GsmCdmaPhone: [GsmCdmaPhone] Baseband version: WH_G405tf_FLASH_V1.0.31B09P23_190227
05-06 17:31:24.063  1369  1372 D WH-AT   : ============AT< +ZULI: 8,"8682210428937955"
05-06 17:31:24.063  1369  1372 D WH-AT   : ============AT< OK
05-06 17:31:24.064  1369  1370 D RILC    : [1060739447]< GET_IMEISV {8682210428937955}
05-06 17:31:24.064  1369  1370 D RILC    : [1060739448]> RIL_REQUEST_GET_RADIO_CAPABILITY 
05-06 17:31:24.064  1369  1370 D WH-RIL  : onRequest: RIL_REQUEST_GET_RADIO_CAPABILITY,3,130
05-06 17:31:24.064   613   771 D RILJ    : [3095]< GET_IMEISV  [SUB0]
05-06 17:31:24.205   613   771 I RILJ    : 'rild' socket closed
05-06 17:31:24.205   613   771 I RILJ    : java.io.IOException: Connection reset by peer
05-06 17:31:24.205   613   771 I RILJ    : 	at android.net.LocalSocketImpl.readba_native(Native Method)
05-06 17:31:24.205   613   771 I RILJ    : 	at android.net.LocalSocketImpl.-wrap1(LocalSocketImpl.java)
05-06 17:31:24.205   613   771 I RILJ    : 	at android.net.LocalSocketImpl$SocketInputStream.read(LocalSocketImpl.java:110)
05-06 17:31:24.205   613   771 I RILJ    : 	at com.android.internal.telephony.RIL.readRilMessage(RIL.java:578)
05-06 17:31:24.205   613   771 I RILJ    : 	at com.android.internal.telephony.RIL.-wrap2(RIL.java)
05-06 17:31:24.205   613   771 I RILJ    : 	at com.android.internal.telephony.RIL$RILReceiver.run(RIL.java:686)
05-06 17:31:24.205   613   771 I RILJ    : 	at java.lang.Thread.run(Thread.java:761)
05-06 17:31:24.205   613   771 I RILJ    : (0) Disconnected from 'rild' socket
05-06 17:31:24.205   613   613 D SST     : mDeviceShuttingDown=false, mDesiredPowerState=true, getRadioState=RADIO_UNAVAILABLE, mPowerOffDelayNeed=true, mAlarmSwitch=false, mRadioDisabledByCarrier=false
05-06 17:31:24.206   613   771 D RilRequest: [3096]< RIL_REQUEST_GET_RADIO_CAPABILITY error: com.android.internal.telephony.CommandException: RADIO_NOT_AVAILABLE ret=
05-06 17:31:24.206   613   771 D RilRequest: [3097]< RIL_REQUEST_START_LCE error: com.android.internal.telephony.CommandException: RADIO_NOT_AVAILABLE ret=
05-06 17:31:24.206   613   613 D SST     : useDataRegStateForDataOnlyDevice: VoiceRegState=1 DataRegState=1
05-06 17:31:24.206   613   771 D RilRequest: [3098]< GET_SIM_STATUS error: com.android.internal.telephony.CommandException: RADIO_NOT_AVAILABLE ret=
05-06 17:31:24.206   613   613 D SST     : Poll ServiceState done:  oldSS=[1 1 voice home data home null null null null null null  Unknown Unknown CSS not supported -1 -1 RoamInd=-1 DefRoamInd=-1 EmergOnly=false IsDataRoamingFromRegistration=false IsUsingCarrierAggregation=false] newSS=[1 1 voice home data home null null null null null null  Unknown Unknown CSS not supported -1 -1 RoamInd=-1 DefRoamInd=-1 EmergOnly=false IsDataRoamingFromRegistration=false IsUsingCarrierAggregation=false] oldMaxDataCalls=1 mNewMaxDataCalls=1 oldReasonDataDenied=-1 mNewReasonDataDenied=-1
05-06 17:31:24.206   613   771 D RilRequest: [3099]< GET_CURRENT_CALLS error: com.android.internal.telephony.CommandException: RADIO_NOT_AVAILABLE ret=
05-06 17:31:24.206   613   613 D UiccController: EVENT_RADIO_UNAVAILABLE, dispose card
05-06 17:31:24.206   613   771 D RilRequest: [3100]< RIL_REQUEST_IMS_REGISTRATION_STATE error: com.android.internal.telephony.CommandException: RADIO_NOT_AVAILABLE ret=
05-06 17:31:24.206   613   613 D RILJ    : [7812]> GET_CURRENT_CALLS [SUB0]
05-06 17:31:24.206   613   771 D RilRequest: [3101]< RIL_REQUEST_CDMA_GET_SUBSCRIPTION_SOURCE error: com.android.internal.telephony.CommandException: RADIO_NOT_AVAILABLE ret=
05-06 17:31:24.207   613   771 D RilRequest: [3102]< RIL_REQUEST_VOICE_RADIO_TECH error: com.android.internal.telephony.CommandException: RADIO_NOT_AVAILABLE ret=
05-06 17:31:24.207   613   613 D RilRequest: [7812]< GET_CURRENT_CALLS error: com.android.internal.telephony.CommandException: RADIO_NOT_AVAILABLE ret=
05-06 17:31:24.207   613   613 E IccCardProxy: setExternalState: !override and newstate unchanged from NOT_READY
05-06 17:31:24.207   613   613 D GsmCdmaPhone: [GsmCdmaPhone] Event EVENT_RADIO_OFF_OR_NOT_AVAILABLE Received
05-06 17:31:24.207   613   613 D DCT     : [0]onRadioOffOrNotAvailable: is off and clean up all connections
05-06 17:31:24.207   613   613 D DCT     : [0]cleanUpAllConnections: tearDown=false reason=radioTurnedOff
05-06 17:31:24.207   613   613 D GsmCdmaPhone: [GsmCdmaPhone] getDataConnectionState apnType=default ret=DISCONNECTED
05-06 17:31:24.208   613   771 I RILJ    : Couldn't find 'rild' socket; retrying after timeout
05-06 17:31:24.210   613   613 D DCT     : [0]cleanUpConnection: X tearDown=false reason=radioTurnedOff apnContext={mApnType=default mState=IDLE mWaitingApns={null} mApnSetting={null} mReason=radioTurnedOff mDataEnabled=false mDependencyMet=true} dcac=null
05-06 17:31:24.210   613   613 D GsmCdmaPhone: [GsmCdmaPhone] getDataConnectionState apnType=mms ret=DISCONNECTED
05-06 17:31:24.219   613   613 D DCT     : [0]cleanUpConnection: X tearDown=false reason=radioTurnedOff apnContext={mApnType=mms mState=IDLE mWaitingApns={null} mApnSetting={null} mReason=radioTurnedOff mDataEnabled=false mDependencyMet=false} dcac=null
05-06 17:31:24.219   613   613 D GsmCdmaPhone: [GsmCdmaPhone] getDataConnectionState apnType=cbs ret=DISCONNECTED
05-06 17:31:24.223   613   613 D DCT     : [0]cleanUpConnection: X tearDown=false reason=radioTurnedOff apnContext={mApnType=cbs mState=IDLE mWaitingApns={null} mApnSetting={null} mReason=radioTurnedOff mDataEnabled=false mDependencyMet=true} dcac=null
05-06 17:31:24.223   613   613 D GsmCdmaPhone: [GsmCdmaPhone] getDataConnectionState apnType=fota ret=DISCONNECTED
05-06 17:31:24.226   613   613 D DCT     : [0]cleanUpConnection: X tearDown=false reason=radioTurnedOff apnContext={mApnType=fota mState=IDLE mWaitingApns={null} mApnSetting={null} mReason=radioTurnedOff mDataEnabled=false mDependencyMet=true} dcac=null
05-06 17:31:24.226   613   613 D GsmCdmaPhone: [GsmCdmaPhone] getDataConnectionState apnType=supl ret=DISCONNECTED
05-06 17:31:24.229   613   613 D DCT     : [0]cleanUpConnection: X tearDown=false reason=radioTurnedOff apnContext={mApnType=supl mState=IDLE mWaitingApns={null} mApnSetting={null} mReason=radioTurnedOff mDataEnabled=false mDependencyMet=true} dcac=null
05-06 17:31:24.230   613   613 D GsmCdmaPhone: [GsmCdmaPhone] getDataConnectionState apnType=emergency ret=DISCONNECTED
05-06 17:31:24.232   613   613 D DCT     : [0]cleanUpConnection: X tearDown=false reason=radioTurnedOff apnContext={mApnType=emergency mState=IDLE mWaitingApns={null} mApnSetting={null} mReason=radioTurnedOff mDataEnabled=false mDependencyMet=true} dcac=null
05-06 17:31:24.232   613   613 D GsmCdmaPhone: [GsmCdmaPhone] getDataConnectionState apnType=dun ret=DISCONNECTED
05-06 17:31:24.235   613   613 D DCT     : [0]cleanUpConnection: X tearDown=false reason=radioTurnedOff apnContext={mApnType=dun mState=IDLE mWaitingApns={null} mApnSetting={null} mReason=radioTurnedOff mDataEnabled=false mDependencyMet=true} dcac=null
05-06 17:31:24.235   613   613 D GsmCdmaPhone: [GsmCdmaPhone] getDataConnectionState apnType=hipri ret=DISCONNECTED
05-06 17:31:24.237   613   613 D DCT     : [0]cleanUpConnection: X tearDown=false reason=radioTurnedOff apnContext={mApnType=hipri mState=IDLE mWaitingApns={null} mApnSetting={null} mReason=radioTurnedOff mDataEnabled=false mDependencyMet=true} dcac=null
05-06 17:31:24.237   613   613 D GsmCdmaPhone: [GsmCdmaPhone] getDataConnectionState apnType=ims ret=DISCONNECTED
05-06 17:31:24.240   613   613 D DCT     : [0]cleanUpConnection: X tearDown=false reason=radioTurnedOff apnContext={mApnType=ims mState=IDLE mWaitingApns={null} mApnSetting={null} mReason=radioTurnedOff mDataEnabled=false mDependencyMet=true} dcac=null
05-06 17:31:24.240   613   613 D DCT     : [0]stopNetStatPoll
05-06 17:31:24.240   613   613 D DCT     : [0]cleanUpConnection: mDisconnectPendingCount = 0
05-06 17:31:24.241   613   613 D DCT     : [0]isDataAllowed: No - SIM not loaded - Not attached
05-06 17:31:24.267   613   613 D GsmCdmaPhone: get phone radio capability fail, no need to change mRadioCapability
05-06 17:31:24.268   613   613 D GsmCdmaPhone: EVENT_GET_RADIO_CAPABILITY: phone rc: null
05-06 17:31:24.268   613   613 D Phone   : config LCE service failed: com.android.internal.telephony.CommandException: RADIO_NOT_AVAILABLE
05-06 17:31:24.268   613   613 D UiccController: Received EVENT_GET_ICC_STATUS_DONE
05-06 17:31:24.268   613   613 E UiccController: Error getting ICC status. RIL_REQUEST_GET_ICC_STATUS should never return an error
05-06 17:31:24.268   613   613 E UiccController: com.android.internal.telephony.CommandException: RADIO_NOT_AVAILABLE
05-06 17:31:24.268   613   613 E UiccController: 	at com.android.internal.telephony.RILRequest.onError(RIL.java:217)
05-06 17:31:24.268   613   613 E UiccController: 	at com.android.internal.telephony.RIL.clearRequestList(RIL.java:2616)
05-06 17:31:24.268   613   613 E UiccController: 	at com.android.internal.telephony.RIL.-wrap4(RIL.java)
05-06 17:31:24.268   613   613 E UiccController: 	at com.android.internal.telephony.RIL$RILReceiver.run(RIL.java:724)
05-06 17:31:24.268   613   613 E UiccController: 	at java.lang.Thread.run(Thread.java:761)
05-06 17:31:24.268   613   613 D GsmCdmaCallTracker: Event EVENT_POLL_CALLS_RESULT Received
05-06 17:31:24.268   613   613 D GsmSMSDispatcher: GsmSMSDispatcher: subId = -2 slotId = 0
05-06 17:31:24.268   613   613 E IccCardProxy: setExternalState: !override and newstate unchanged from NOT_READY
05-06 17:31:24.268   613   613 E RIL_ImsSms: IMS State query failed with exp com.android.internal.telephony.CommandException: RADIO_NOT_AVAILABLE
05-06 17:31:24.268   613   613 D CdmaSSM : CDMA_SUBSCRIPTION_SOURCE event = 2
05-06 17:31:24.268   613   613 W CdmaSSM : Unable to get CDMA Subscription Source, Exception: com.android.internal.telephony.CommandException: RADIO_NOT_AVAILABLE, result: null
05-06 17:31:24.268   613   613 E GsmCdmaPhone: [GsmCdmaPhone] EVENT_REQUEST_VOICE_RADIO_TECH_DONE: exception=com.android.internal.telephony.CommandException: RADIO_NOT_AVAILABLE
05-06 17:31:24.268   613   613 D GsmCdmaCallTracker: Event EVENT_POLL_CALLS_RESULT Received
05-06 17:31:24.269   613   613 D GsmCdmaCallTracker: [GsmCdmaCallTracker] update phone state, old=IDLE new=IDLE
05-06 17:31:25.264  1381  1381 D RILD    : **RIL Daemon Started**
05-06 17:31:25.264  1381  1381 D RILD    : **RILd param count=1**
05-06 17:31:25.265  1381  1381 W RILD    : RIL_SAP_Init not defined or exported in /system/lib/libreference-ril-wh405.so: undefined symbol: RIL_SAP_Init
05-06 17:31:25.265  1381  1381 D RILD    : RIL_Init argc = 5 clientId = 0
05-06 17:31:25.265  1381  1381 I WH-RIL  : RIL_Init -1,Feb 19 2019-10:27:58
05-06 17:31:25.265  1381  1381 D RILD    : RIL_Init rilInit completed
05-06 17:31:25.265  1381  1383 D WH-AT   : entering mainLoop()
05-06 17:31:25.265  1381  1381 I RILC    : SIM_COUNT: 1
05-06 17:31:25.265  1381  1383 I WH-RIL  : RIL mainLoop
05-06 17:31:25.265  1381  1381 E RILC    : RIL_register: RIL version 12
05-06 17:31:25.265  1381  1381 I RILC    : s_registerCalled flag set, 1
05-06 17:31:25.265  1381  1381 I RILC    : Start to listen RIL_SOCKET_1
05-06 17:31:25.265  1381  1381 D RILD    : RIL_Init RIL_register completed
05-06 17:31:25.265  1381  1381 D RILD    : RIL_register_socket completed
05-06 17:31:25.265  1381  1381 D RILD    : RIL_Init starting sleep loop
05-06 17:31:25.266  1381  1383 D WH-RIL  : usb_device_prefix 1-1:1.2
05-06 17:31:25.266  1381  1383 D WH-RIL  : the file name 1-1:1.2
05-06 17:31:25.266  1381  1383 I WH-RIL  : RIL_Init s_device_path /dev/ttyUSB0 
05-06 17:31:25.267  1381  1382 D WH-RIL  : setRadioState 0
05-06 17:31:25.267  1381  1382 D RILC    : [UNSL]< UNSOL_RESPONSE_RADIO_STATE_CHANGED  {RADIO_OFF}
05-06 17:31:27.267  1381  1382 D WH-AT   : ============AT> ATE0Q0V1
05-06 17:31:27.271  1381  1384 D WH-AT   : ============AT< OK
05-06 17:31:28.208   613   771 I RILJ    : (0) Connected to 'rild' socket
05-06 17:31:28.271  1381  1382 I WH-RIL  : AT at_handshake END
05-06 17:31:28.271  1381  1382 D WH-AT   : ============AT> ATS0=0
05-06 17:31:28.275  1381  1384 D WH-AT   : ============AT< OK
05-06 17:31:28.275  1381  1382 D WH-AT   : ============AT> AT+CMEE=1
05-06 17:31:28.279  1381  1384 D WH-AT   : ============AT< OK
05-06 17:31:28.279  1381  1382 D WH-AT   : ============AT> AT+CREG=2
05-06 17:31:28.282  1381  1384 D WH-AT   : ============AT< OK
05-06 17:31:28.282  1381  1382 D WH-AT   : ============AT> AT+CEREG=2
05-06 17:31:28.286  1381  1384 D WH-AT   : ============AT< OK
05-06 17:31:28.286  1381  1382 D WH-AT   : ============AT> AT+CCWA=1
05-06 17:31:28.290  1381  1384 D WH-AT   : ============AT< OK
05-06 17:31:28.290  1381  1382 D WH-AT   : ============AT> AT+CMOD=0
05-06 17:31:28.294  1381  1384 D WH-AT   : ============AT< OK
05-06 17:31:28.294  1381  1382 D WH-AT   : ============AT> AT+CSSN=0,1
05-06 17:31:28.297  1381  1384 D WH-AT   : ============AT< OK
05-06 17:31:28.297  1381  1382 D WH-AT   : ============AT> AT+COLP=0
05-06 17:31:28.301  1381  1384 D WH-AT   : ============AT< OK
05-06 17:31:28.301  1381  1382 D WH-AT   : ============AT> AT+CUSD=1
05-06 17:31:28.305  1381  1384 D WH-AT   : ============AT< OK
05-06 17:31:28.305  1381  1382 D WH-AT   : ============AT> AT+CMGF=0
05-06 17:31:28.309  1381  1384 D WH-AT   : ============AT< OK
05-06 17:31:28.309  1381  1382 D WH-AT   : ============AT> AT+ZMMI=1
05-06 17:31:28.312  1381  1384 D WH-AT   : ============AT< OK
05-06 17:31:28.313  1381  1382 D WH-AT   : ============AT> AT+CFUN?
05-06 17:31:28.316  1381  1384 D WH-AT   : ============AT< +CFUN: 1
05-06 17:31:28.316  1381  1384 D WH-AT   : ============AT< OK
05-06 17:31:28.316  1381  1382 D WH-RIL  : setRadioState 2
05-06 17:31:28.317  1381  1382 D RILC    : [UNSL]< UNSOL_VOICE_RADIO_TECH_CHANGED {3}
05-06 17:31:28.317  1381  1382 D RILC    : [UNSL]< UNSOL_VOICE_RADIO_TECH_CHANGED {3} {RADIO_SIM_NOT_READY}
05-06 17:31:28.317  1381  1382 D WH-AT   : ============AT> AT+CPIN?
05-06 17:31:28.321  1381  1384 D WH-AT   : ============AT< +CME ERROR: 10
05-06 17:31:28.321  1381  1382 D WH-RIL  : setRadioState 3
05-06 17:31:28.321  1381  1382 D RILC    : [UNSL]< UNSOL_RESPONSE_SIM_STATUS_CHANGED 
05-06 17:31:28.321  1381  1382 D RILC    : [UNSL]< UNSOL_RESPONSE_SIM_STATUS_CHANGED  {RADIO_SIM_LOCKED_OR_ABSENT}
05-06 17:31:28.321  1381  1382 I RILC    : libril: new connection to RIL_SOCKET_1
05-06 17:31:28.322  1381  1382 D RILC    : [UNSL]< UNSOL_RIL_CONNECTED {12}
05-06 17:31:28.322  1381  1382 D RILC    : [UNSL]< UNSOL_RESPONSE_RADIO_STATE_CHANGED  {RADIO_SIM_LOCKED_OR_ABSENT}
05-06 17:31:28.322  1381  1382 I RILC    : RIL Daemon version: WH_Android_RIL_Driver_V1.0.0
05-06 17:31:28.322   613   771 D RILJ    : [UNSL]< UNSOL_RIL_CONNECTED {12} [SUB0]
05-06 17:31:28.322   613   771 D RILJ    : [7813]> RADIO_POWER off [SUB0]
05-06 17:31:28.324   613   771 D RILJ    : [7814]> RIL_REQUEST_CDMA_SET_SUBSCRIPTION_SOURCE : 0 [SUB0]
05-06 17:31:28.325  1381  1382 D RILC    : [1458784165]> RADIO_POWER (0)
05-06 17:31:28.325  1381  1382 D WH-RIL  : onRequest: RADIO_POWER,3,23
05-06 17:31:28.325  1381  1382 D RILC    : [1458784165]< RADIO_POWER
05-06 17:31:28.326   613   771 D RILJ    : setCellInfoListRate: 2147483647 [SUB0]
05-06 17:31:28.326   613   771 D RILJ    : [7815]> RIL_REQUEST_SET_CELL_INFO_LIST_RATE [SUB0]
05-06 17:31:28.327  1381  1382 D RILC    : [1458784166]> CDMA_SET_SUBSCRIPTION_SOURCE (0)
05-06 17:31:28.327  1381  1382 D WH-RIL  : onRequest: CDMA_SET_SUBSCRIPTION_SOURCE,3,77
05-06 17:31:28.327  1381  1382 D RILC    : [1458784166]< CDMA_SET_SUBSCRIPTION_SOURCE
05-06 17:31:28.328   613   818 D Dcc     : DccDefaultState: msg.what=EVENT_RIL_CONNECTED mRilVersion=12
05-06 17:31:28.328   613   771 D RILJ    : [UNSL]< UNSOL_RESPONSE_RADIO_STATE_CHANGED RADIO_ON [SUB0]
05-06 17:31:28.328  1381  1382 D RILC    : [1458784167]> SET_UNSOL_CELL_INFO_LIST_RATE (2147483647)
05-06 17:31:28.328  1381  1382 D WH-RIL  : onRequest: SET_UNSOL_CELL_INFO_LIST_RATE,3,110
05-06 17:31:28.328  1381  1382 D WH-RIL  : onRequest: SET_UNSOL_CELL_INFO_LIST_RATE not supported
05-06 17:31:28.328  1381  1382 D RILC    : [1458784167]< SET_UNSOL_CELL_INFO_LIST_RATE fails by E_REQUEST_NOT_SUPPORTED
05-06 17:31:28.328   613   613 D SST     : mDeviceShuttingDown=false, mDesiredPowerState=true, getRadioState=RADIO_ON, mPowerOffDelayNeed=true, mAlarmSwitch=false, mRadioDisabledByCarrier=false
05-06 17:31:28.328   613   771 D RILJ    : [7813]< RADIO_POWER  [SUB0]
05-06 17:31:28.329   613   771 D RILJ    : [7814]< RIL_REQUEST_CDMA_SET_SUBSCRIPTION_SOURCE  [SUB0]
05-06 17:31:28.329   613   613 D RILJ    : [7816]> OPERATOR [SUB0]
05-06 17:31:28.330   613   771 D RilRequest: [7815]< RIL_REQUEST_SET_CELL_INFO_LIST_RATE error: com.android.internal.telephony.CommandException: REQUEST_NOT_SUPPORTED ret=
05-06 17:31:28.331   613   613 D RILJ    : [7817]> DATA_REGISTRATION_STATE [SUB0]
05-06 17:31:28.331  1381  1382 D RILC    : [1458784168]> OPERATOR 
05-06 17:31:28.331  1381  1382 D WH-RIL  : onRequest: OPERATOR,3,22
05-06 17:31:28.331  1381  1382 D WH-AT   : ============AT> AT+COPS=3,0;+COPS?;+COPS=3,1;+COPS?;+COPS=3,2;+COPS?
05-06 17:31:28.333   613   613 D RILJ    : [7818]> VOICE_REGISTRATION_STATE [SUB0]
05-06 17:31:28.334   613   613 D RILJ    : [7819]> QUERY_NETWORK_SELECTION_MODE [SUB0]
05-06 17:31:28.336   613   613 D RILJ    : [7820]> BASEBAND_VERSION [SUB0]
05-06 17:31:28.336  1381  1384 D WH-AT   : ============AT< +COPS: 0
05-06 17:31:28.336  1381  1384 D WH-AT   : ============AT< +COPS: 0
05-06 17:31:28.336  1381  1384 D WH-AT   : ============AT< +COPS: 0
05-06 17:31:28.336  1381  1384 D WH-AT   : ============AT< OK
05-06 17:31:28.337  1381  1382 E WH-RIL  : requestOperator (null),(null),(null)
05-06 17:31:28.337  1381  1382 D RILC    : [1458784168]< OPERATOR {(null),(null),(null)}
05-06 17:31:28.337  1381  1382 D RILC    : [1458784169]> DATA_REGISTRATION_STATE 
05-06 17:31:28.337  1381  1382 D WH-RIL  : onRequest: DATA_REGISTRATION_STATE,3,21
05-06 17:31:28.337  1381  1382 D WH-AT   : ============AT> AT+CEREG?
05-06 17:31:28.337   613   613 D RILJ    : [7821]> GET_IMEI [SUB0]
05-06 17:31:28.337   613   771 D RILJ    : [7816]< OPERATOR {null, null, null} [SUB0]
05-06 17:31:28.339   613   613 D RILJ    : [7822]> GET_IMEISV [SUB0]
05-06 17:31:28.340   613   613 D RILJ    : [7823]> RIL_REQUEST_GET_RADIO_CAPABILITY [SUB0]
05-06 17:31:28.341  1381  1384 D WH-AT   : ============AT< +CEREG: 2,2
05-06 17:31:28.341  1381  1384 D WH-AT   : ============AT< OK
05-06 17:31:28.341  1381  1382 E WH-RIL  : requestRegistrationState response[3]:0
05-06 17:31:28.341   613   613 D RILJ    : [7824]> RIL_REQUEST_START_LCE [SUB0]
05-06 17:31:28.341  1381  1382 D RILC    : [1458784169]< DATA_REGISTRATION_STATE {2}
05-06 17:31:28.342  1381  1382 D RILC    : [1458784170]> VOICE_REGISTRATION_STATE 
05-06 17:31:28.342  1381  1382 D WH-RIL  : onRequest: VOICE_REGISTRATION_STATE,3,20
05-06 17:31:28.342  1381  1382 D WH-AT   : ============AT> AT+CREG?
05-06 17:31:28.342   613   771 D RILJ    : [7817]< DATA_REGISTRATION_STATE {2} [SUB0]
05-06 17:31:28.343   613   613 D DCT     : [0]onRadioAvailable
05-06 17:31:28.343   613   613 D UiccController: Received EVENT_ICC_STATUS_CHANGED, calling getIccCardStatus
05-06 17:31:28.343   613   613 D RILJ    : [7825]> GET_SIM_STATUS [SUB0]
05-06 17:31:28.345   613   613 D RILJ    : [7826]> GET_CURRENT_CALLS [SUB0]
05-06 17:31:28.345  1381  1384 D WH-AT   : ============AT< +CREG: 2,0
05-06 17:31:28.346  1381  1384 D WH-AT   : ============AT< OK
05-06 17:31:28.346  1381  1382 D WH-AT   : ============AT> AT^SYSINFO
05-06 17:31:28.346   613   613 D RILJ    : [7827]> RIL_REQUEST_IMS_REGISTRATION_STATE [SUB0]
05-06 17:31:28.348   613   613 D RILJ    : [7828]> RIL_REQUEST_CDMA_GET_SUBSCRIPTION_SOURCE [SUB0]
05-06 17:31:28.349   613   613 D GsmCdmaPhone: [GsmCdmaPhone] Event EVENT_RADIO_ON Received
05-06 17:31:28.349   613   613 D RILJ    : [7829]> RIL_REQUEST_VOICE_RADIO_TECH [SUB0]
05-06 17:31:28.350  1381  1384 D WH-AT   : ============AT< ^SYSINFO: 1,0,0,3,255,,3
05-06 17:31:28.350  1381  1384 D WH-AT   : ============AT< OK
05-06 17:31:28.350  1381  1382 E WH-RIL  : requestRegistrationState srv_status:1
05-06 17:31:28.350  1381  1382 E WH-RIL  : requestRegistrationState response[3]:0
05-06 17:31:28.350  1381  1382 D RILC    : [1458784170]< VOICE_REGISTRATION_STATE {0}
05-06 17:31:28.350  1381  1382 D RILC    : [1458784171]> QUERY_NETWORK_SELECTION_MODE 
05-06 17:31:28.351  1381  1382 D WH-RIL  : onRequest: QUERY_NETWORK_SELECTION_MODE,3,45
05-06 17:31:28.351  1381  1382 D WH-AT   : ============AT> AT+COPS?
05-06 17:31:28.351   613   613 D SST     : handlPollStateResultMessage: GsmSST setDataRegState=1 regState=2 dataRadioTechnology=0
05-06 17:31:28.351   613   771 D RILJ    : [7818]< VOICE_REGISTRATION_STATE {0} [SUB0]
05-06 17:31:28.355  1381  1384 D WH-AT   : ============AT< +COPS: 0
05-06 17:31:28.355  1381  1384 D WH-AT   : ============AT< OK
05-06 17:31:28.356  1381  1382 D RILC    : [1458784171]< QUERY_NETWORK_SELECTION_MODE {0}
05-06 17:31:28.356  1381  1382 D RILC    : [1458784172]> BASEBAND_VERSION 
05-06 17:31:28.356  1381  1382 D WH-RIL  : onRequest: BASEBAND_VERSION,3,51
05-06 17:31:28.356  1381  1382 D WH-AT   : ============AT> AT+CGMR
05-06 17:31:28.356   613   771 D RILJ    : [7819]< QUERY_NETWORK_SELECTION_MODE {0} [SUB0]
05-06 17:31:28.357   613   613 D SST     : EVENT_POLL_STATE_NETWORK_SELECTION_MODE
05-06 17:31:28.358   613   613 D SST     : useDataRegStateForDataOnlyDevice: VoiceRegState=1 DataRegState=1
05-06 17:31:28.359   613   613 D SST     : Poll ServiceState done:  oldSS=[1 1 voice home data home null null null null null null  Unknown Unknown CSS not supported -1 -1 RoamInd=-1 DefRoamInd=-1 EmergOnly=false IsDataRoamingFromRegistration=false IsUsingCarrierAggregation=false] newSS=[1 1 voice home data home null null null null null null  Unknown Unknown CSS not supported -1 -1 RoamInd=-1 DefRoamInd=-1 EmergOnly=false IsDataRoamingFromRegistration=false IsUsingCarrierAggregation=false] oldMaxDataCalls=1 mNewMaxDataCalls=1 oldReasonDataDenied=-1 mNewReasonDataDenied=-1
05-06 17:31:28.359  1381  1384 D WH-AT   : ============AT< +CGMR: WH_G405tf_FLASH_V1.0.31B09P23_190227
05-06 17:31:28.360  1381  1384 D WH-AT   : ============AT< OK
05-06 17:31:28.360  1381  1382 D RILC    : [1458784172]< BASEBAND_VERSION {WH_G405tf_FLASH_V1.0.31B09P23_190227}
05-06 17:31:28.360  1381  1382 D RILC    : [1458784173]> GET_IMEI 
05-06 17:31:28.360  1381  1382 D WH-RIL  : onRequest: GET_IMEI,3,38
05-06 17:31:28.360  1381  1382 D WH-AT   : ============AT> AT+CGSN
05-06 17:31:28.361   613   771 D RILJ    : [7820]< BASEBAND_VERSION WH_G405tf_FLASH_V1.0.31B09P23_190227 [SUB0]
05-06 17:31:28.361   613   613 D GsmCdmaPhone: [GsmCdmaPhone] Baseband version: WH_G405tf_FLASH_V1.0.31B09P23_190227
05-06 17:31:28.364  1381  1384 D WH-AT   : ============AT< +CGSN: 868221042893795
05-06 17:31:28.364  1381  1384 D WH-AT   : ============AT< OK
05-06 17:31:28.364  1381  1382 D RILC    : [1458784173]< GET_IMEI {868221042893795}
05-06 17:31:28.364  1381  1382 D RILC    : [1458784174]> GET_IMEISV 
05-06 17:31:28.365  1381  1382 D WH-RIL  : onRequest: GET_IMEISV,3,39
05-06 17:31:28.365  1381  1382 D WH-AT   : ============AT> AT+ZULI=8
05-06 17:31:28.365   613   771 D RILJ    : [7821]< GET_IMEI  [SUB0]
05-06 17:31:28.368  1381  1384 D WH-AT   : ============AT< +ZULI: 8,"8682210428937955"
05-06 17:31:28.368  1381  1384 D WH-AT   : ============AT< OK
05-06 17:31:28.369  1381  1382 D RILC    : [1458784174]< GET_IMEISV {8682210428937955}
05-06 17:31:28.369  1381  1382 D RILC    : [1458784175]> RIL_REQUEST_GET_RADIO_CAPABILITY 
05-06 17:31:28.369  1381  1382 D WH-RIL  : onRequest: RIL_REQUEST_GET_RADIO_CAPABILITY,3,130
05-06 17:31:28.369   613   771 D RILJ    : [7822]< GET_IMEISV  [SUB0]
05-06 17:31:28.518   613   771 E RILJ    : Hit EOS reading message length
05-06 17:31:28.518   613   771 I RILJ    : (0) Disconnected from 'rild' socket
05-06 17:31:28.519   613   771 D RilRequest: [7823]< RIL_REQUEST_GET_RADIO_CAPABILITY error: com.android.internal.telephony.CommandException: RADIO_NOT_AVAILABLE ret=
05-06 17:31:28.519   613   771 D RilRequest: [7824]< RIL_REQUEST_START_LCE error: com.android.internal.telephony.CommandException: RADIO_NOT_AVAILABLE ret=
05-06 17:31:28.519   613   771 D RilRequest: [7825]< GET_SIM_STATUS error: com.android.internal.telephony.CommandException: RADIO_NOT_AVAILABLE ret=
05-06 17:31:28.519   613   771 D RilRequest: [7826]< GET_CURRENT_CALLS error: com.android.internal.telephony.CommandException: RADIO_NOT_AVAILABLE ret=
05-06 17:31:28.519   613   771 D RilRequest: [7827]< RIL_REQUEST_IMS_REGISTRATION_STATE error: com.android.internal.telephony.CommandException: RADIO_NOT_AVAILABLE ret=
05-06 17:31:28.519   613   771 D RilRequest: [7828]< RIL_REQUEST_CDMA_GET_SUBSCRIPTION_SOURCE error: com.android.internal.telephony.CommandException: RADIO_NOT_AVAILABLE ret=
05-06 17:31:28.520   613   771 D RilRequest: [7829]< RIL_REQUEST_VOICE_RADIO_TECH error: com.android.internal.telephony.CommandException: RADIO_NOT_AVAILABLE ret=
05-06 17:31:28.520   613   613 D SST     : mDeviceShuttingDown=false, mDesiredPowerState=true, getRadioState=RADIO_UNAVAILABLE, mPowerOffDelayNeed=true, mAlarmSwitch=false, mRadioDisabledByCarrier=false
05-06 17:31:28.520   613   613 D SST     : useDataRegStateForDataOnlyDevice: VoiceRegState=1 DataRegState=1
05-06 17:31:28.520   613   613 D SST     : Poll ServiceState done:  oldSS=[1 1 voice home data home null null null null null null  Unknown Unknown CSS not supported -1 -1 RoamInd=-1 DefRoamInd=-1 EmergOnly=false IsDataRoamingFromRegistration=false IsUsingCarrierAggregation=false] newSS=[1 1 voice home data home null null null null null null  Unknown Unknown CSS not supported -1 -1 RoamInd=-1 DefRoamInd=-1 EmergOnly=false IsDataRoamingFromRegistration=false IsUsingCarrierAggregation=false] oldMaxDataCalls=1 mNewMaxDataCalls=1 oldReasonDataDenied=-1 mNewReasonDataDenied=-1
05-06 17:31:28.521   613   613 D UiccController: EVENT_RADIO_UNAVAILABLE, dispose card
05-06 17:31:28.521   613   613 D RILJ    : [5301]> GET_CURRENT_CALLS [SUB0]
05-06 17:31:28.521   613   613 D RilRequest: [5301]< GET_CURRENT_CALLS error: com.android.internal.telephony.CommandException: RADIO_NOT_AVAILABLE ret=
05-06 17:31:28.521   613   613 E IccCardProxy: setExternalState: !override and newstate unchanged from NOT_READY
05-06 17:31:28.521   613   613 D GsmCdmaPhone: [GsmCdmaPhone] Event EVENT_RADIO_OFF_OR_NOT_AVAILABLE Received
05-06 17:31:28.521   613   613 D DCT     : [0]onRadioOffOrNotAvailable: is off and clean up all connections
05-06 17:31:28.521   613   613 D DCT     : [0]cleanUpAllConnections: tearDown=false reason=radioTurnedOff
05-06 17:31:28.521   613   613 D GsmCdmaPhone: [GsmCdmaPhone] getDataConnectionState apnType=default ret=DISCONNECTED
05-06 17:31:28.522   613   771 I RILJ    : Couldn't find 'rild' socket; retrying after timeout
