05-06 17:30:42.563   221   221 D RILD    : **RIL Daemon Started**
05-06 17:30:42.564   221   221 D RILD    : **RILd param count=1**
05-06 17:30:42.578   221   221 W RILD    : RIL_SAP_Init not defined or exported in /system/lib/libreference-ril-wh405.so: undefined symbol: RIL_SAP_Init
05-06 17:30:42.579   221   221 D RILD    : RIL_Init argc = 5 clientId = 0
05-06 17:30:42.579   221   221 I WH-RIL  : RIL_Init -1,Feb 19 2019-10:27:58
05-06 17:30:42.579   221   221 D RILD    : RIL_Init rilInit completed
05-06 17:30:42.579   221   249 D WH-AT   : entering mainLoop()
05-06 17:30:42.579   221   221 I RILC    : SIM_COUNT: 1
05-06 17:30:42.579   221   249 I WH-RIL  : RIL mainLoop
05-06 17:30:42.579   221   221 E RILC    : RIL_register: RIL version 12
05-06 17:30:42.579   221   221 I RILC    : s_registerCalled flag set, 1
05-06 17:30:42.579   221   221 I RILC    : Start to listen RIL_SOCKET_1
05-06 17:30:42.579   221   221 D RILD    : RIL_Init RIL_register completed
05-06 17:30:42.579   221   221 D RILD    : RIL_register_socket completed
05-06 17:30:42.579   221   221 D RILD    : RIL_Init starting sleep loop
05-06 17:30:42.580   221   249 I WH-RIL  : mainLoop s_device_path null 
05-06 17:30:43.581   221   249 I WH-RIL  : mainLoop s_device_path null 
05-06 17:30:44.582   221   249 I WH-RIL  : mainLoop s_device_path null 
05-06 17:30:45.583   221   249 I WH-RIL  : mainLoop s_device_path null 
05-06 17:30:45.591   226   226 D TelephonyManager: No /proc/cmdline exception=java.io.FileNotFoundException: /proc/cmdline (Permission denied)
05-06 17:30:45.591   226   226 D TelephonyManager: /proc/cmdline=
05-06 17:30:46.584   221   249 I WH-RIL  : mainLoop s_device_path null 
05-06 17:30:47.585   221   249 I WH-RIL  : mainLoop s_device_path null 
05-06 17:30:47.663   430   430 D TelephonyManager: /proc/cmdline=earlycon=uart8250,mmio32,0xff690000 vmalloc=496M console=ttyFIQ0 androidboot.baseband=N/A androidboot.selinux=permissive androidboot.hardware=rk30board androidboot.console=ttyFIQ0 init=/init  mtdparts=rk29xxnand:0x00002000@0x00002000(uboot),0x00002000@0x00004000(trust),0x00002000@0x00006000(misc),0x00008000@0x00008000(resource),0x0001C000@0x00010000(boot),0x00010000@0x0002C000(recovery),0x00038000@0x0003C000(backup),0x00040000@0x00074000(cache),0x00400000@0x000B4000(system),0x00008000@0x004B4000(metadata),0x00019000@0x004BC000(vendor0),0x00019000@0x004D5000(vendor1),-@0x004EE000(userdata) storagemedia=emmc androidboot.oem_unlocked=0 uboot_logo=0x02000000@0xfbc00000 loader.timestamp=2018-11-12_10:31:06 SecureBootCheckOk=0 androidboot.mode=emmc
05-06 17:30:48.585   221   249 I WH-RIL  : mainLoop s_device_path null 
05-06 17:30:49.588   221   249 I WH-RIL  : mainLoop s_device_path null 
05-06 17:30:49.670   430   454 D TelephonyRegistry: listen oscl: hasNotifySubscriptionInfoChangedOccurred==false no callback
05-06 17:30:49.707   613   613 D TDC     : updateOrInsert: inserting: Modem { uuid=modem, state=0, rilModel=0, rat={}, maxActiveVoiceCall=1, maxActiveDataCall=1, maxStandby=1 }
05-06 17:30:49.707   613   613 D TDC     : updateOrInsert: inserting: Sim { uuid=sim, modemUuid=modem, state=0 }
05-06 17:30:49.722   613   613 D CdmaSSM : subscriptionSource from settings: 0
05-06 17:30:49.722   613   613 I PhoneFactory: Cdma Subscription set to 0
05-06 17:30:49.749   613   613 I PhoneFactory: Network Mode set to 9
05-06 17:30:49.758   613   613 D RILJ    : RIL(context, preferredNetworkType=9 cdmaSubscription=0)
05-06 17:30:49.771   613   613 D RILJ    : Starting RILReceiver0 [SUB0]
05-06 17:30:49.776   613   613 D RILJ    : [3648]> GET_HARDWARE_CONFIG [SUB0]
05-06 17:30:49.777   613   613 D RilRequest: [3648]< GET_HARDWARE_CONFIG error: com.android.internal.telephony.CommandException: RADIO_NOT_AVAILABLE ret=
05-06 17:30:49.777   613   613 I PhoneFactory: Creating SubscriptionController
05-06 17:30:49.780   613   613 D SubscriptionController: [SubscriptionController] init by Context
05-06 17:30:49.787   613   771 I RILJ    : (0) Connected to 'rild' socket
05-06 17:30:49.788   613   613 D UiccController: Creating UiccController
05-06 17:30:49.790   613   613 D TelephonyTester: register for intent action=com.android.internal.telephony.action_detached
05-06 17:30:49.791   613   613 D TelephonyTester: register for intent action=com.android.internal.telephony.action_attached
05-06 17:30:49.793   221   248 I RILC    : libril: new connection to RIL_SOCKET_1
05-06 17:30:49.793   221   248 D RILC    : [UNSL]< UNSOL_RIL_CONNECTED {12}
05-06 17:30:49.793   221   248 D RILC    : [UNSL]< UNSOL_RESPONSE_RADIO_STATE_CHANGED  {RADIO_UNAVAILABLE}
05-06 17:30:49.793   221   248 I RILC    : RIL Daemon version: WH_Android_RIL_Driver_V1.0.0
05-06 17:30:49.811   613   613 D Phone   : mDoesRilSendMultipleCallRing=true
05-06 17:30:49.811   613   613 D Phone   : mCallRingDelay=3000
05-06 17:30:49.817   613   613 D RILJ    : [3649]> RIL_REQUEST_START_LCE [SUB0]
05-06 17:30:49.824   221   248 D RILC    : [0001]> <unknown request> (200,1)
05-06 17:30:49.824   221   248 D WH-RIL  : onRequest: <unknown request>,1,132
05-06 17:30:49.824   221   248 D RILC    : [0001]< <unknown request> fails by E_RADIO_NOT_AVAILABLE
05-06 17:30:49.834   613   771 D RILJ    : [UNSL]< UNSOL_RIL_CONNECTED {12} [SUB0]
05-06 17:30:49.835   613   771 D RILJ    : [3650]> RADIO_POWER off [SUB0]
05-06 17:30:49.835   613   771 D RILJ    : [3651]> RIL_REQUEST_CDMA_SET_SUBSCRIPTION_SOURCE : 0 [SUB0]
05-06 17:30:49.835   221   248 D RILC    : [0002]> RADIO_POWER (0)
05-06 17:30:49.835   221   248 D WH-RIL  : onRequest: RADIO_POWER,1,23
05-06 17:30:49.835   221   248 D RILC    : [0002]< RADIO_POWER fails by E_RADIO_NOT_AVAILABLE
05-06 17:30:49.836   613   771 D RILJ    : setCellInfoListRate: 2147483647 [SUB0]
05-06 17:30:49.836   221   248 D RILC    : [0003]> CDMA_SET_SUBSCRIPTION_SOURCE (0)
05-06 17:30:49.836   221   248 D WH-RIL  : onRequest: CDMA_SET_SUBSCRIPTION_SOURCE,1,77
05-06 17:30:49.836   221   248 D RILC    : [0003]< CDMA_SET_SUBSCRIPTION_SOURCE fails by E_RADIO_NOT_AVAILABLE
05-06 17:30:49.836   613   771 D RILJ    : [3652]> RIL_REQUEST_SET_CELL_INFO_LIST_RATE [SUB0]
05-06 17:30:49.837   613   613 E RIL_ImsSms: getFormat should never be called from here!
05-06 17:30:49.837   613   613 D SMSDispatcher: SMSDispatcher: ctor mSmsCapable=false format=unknown mSmsSendDisabled=true
05-06 17:30:49.837   613   613 D RIL_ImsSms: ImsSMSDispatcher created
05-06 17:30:49.837   221   248 D RILC    : [0004]> SET_UNSOL_CELL_INFO_LIST_RATE (2147483647)
05-06 17:30:49.837   221   248 D WH-RIL  : onRequest: SET_UNSOL_CELL_INFO_LIST_RATE,1,110
05-06 17:30:49.837   221   248 D RILC    : [0004]< SET_UNSOL_CELL_INFO_LIST_RATE fails by E_RADIO_NOT_AVAILABLE
05-06 17:30:49.837   613   771 D RILJ    : [UNSL]< UNSOL_RESPONSE_RADIO_STATE_CHANGED RADIO_UNAVAILABLE [SUB0]
05-06 17:30:49.838   613   613 D SMSDispatcher: SMSDispatcher: ctor mSmsCapable=false format=3gpp2 mSmsSendDisabled=true
05-06 17:30:49.838   613   771 D RilRequest: [3649]< RIL_REQUEST_START_LCE error: com.android.internal.telephony.CommandException: RADIO_NOT_AVAILABLE ret=
05-06 17:30:49.838   613   613 D CdmaSMSDispatcher: CdmaSMSDispatcher created
05-06 17:30:49.839   613   771 D RilRequest: [3650]< RADIO_POWER error: com.android.internal.telephony.CommandException: RADIO_NOT_AVAILABLE ret=
05-06 17:30:49.839   613   771 D RilRequest: [3651]< RIL_REQUEST_CDMA_SET_SUBSCRIPTION_SOURCE error: com.android.internal.telephony.CommandException: RADIO_NOT_AVAILABLE ret=
05-06 17:30:49.840   613   771 D RilRequest: [3652]< RIL_REQUEST_SET_CELL_INFO_LIST_RATE error: com.android.internal.telephony.CommandException: RADIO_NOT_AVAILABLE ret=
05-06 17:30:49.862   613   613 D GsmInboundSmsHandler: created InboundSmsHandler
05-06 17:30:49.877   613   613 D CdmaInboundSmsHandler: created InboundSmsHandler
05-06 17:30:49.888   613   613 D SMSDispatcher: SMSDispatcher: ctor mSmsCapable=false format=3gpp mSmsSendDisabled=true
05-06 17:30:49.888   613   613 D GsmSMSDispatcher: GsmSMSDispatcher created
05-06 17:30:49.898   613   793 D GsmInboundSmsHandler: StartupState.processMessage:6
05-06 17:30:49.899   613   793 D GsmInboundSmsHandler: entering Idle state
05-06 17:30:49.910   613   795 D CdmaInboundSmsHandler: StartupState.processMessage:6
05-06 17:30:49.910   613   795 D CdmaInboundSmsHandler: entering Idle state
05-06 17:30:49.912   613   613 D IccCardProxy: ctor: ci=com.android.internal.telephony.RIL@a521470 phoneId=0
05-06 17:30:49.913   613   613 D CdmaSSM : subscriptionSource from settings: 0
05-06 17:30:49.913   613   613 D CdmaSSM : cdmaSSM constructor: 0
05-06 17:30:49.913   613   613 D IccCardProxy: update icc_operator_numeric=
05-06 17:30:49.913   613   613 D TelephonyManager: setTelephonyProperty: success phoneId=0 property=gsm.sim.operator.numeric value:  propVal=
05-06 17:30:49.914   613   613 D TelephonyManager: setTelephonyProperty: success phoneId=0 property=gsm.sim.operator.iso-country value:  propVal=
05-06 17:30:49.915   613   613 D TelephonyManager: setTelephonyProperty: success phoneId=0 property=gsm.sim.operator.alpha value:  propVal=
05-06 17:30:49.915   613   613 E IccCardProxy: setExternalState: set mPhoneId=0 mExternalState=NOT_READY
05-06 17:30:49.915   613   613 D TelephonyManager: setTelephonyProperty: success phoneId=0 property=gsm.sim.state value: NOT_READY propVal=NOT_READY
05-06 17:30:49.922   613   613 D IccCardProxy: broadcastIccStateChangedIntent intent ACTION_SIM_STATE_CHANGED value=NOT_READY reason=null for mPhoneId=0
05-06 17:30:49.926   613   613 D RILJ    : setPhoneType=1 old value=0 [SUB0]
05-06 17:30:49.926   613   613 D TelephonyManager: setTelephonyProperty: success phoneId=0 property=gsm.current.phone-type value: 1 propVal=1
05-06 17:30:49.931   613   613 D IccCardProxy: Setting radio tech UMTS
05-06 17:30:49.931   613   613 D IccCardProxy: updateQuietMode: 3GPP subscription -> newQuietMode=false
05-06 17:30:49.931   613   613 D IccCardProxy: updateQuietMode: no changes don't setExternalState
05-06 17:30:49.931   613   613 D IccCardProxy: updateQuietMode: QuietMode is false (app_type=1 cdmaSource=-1)
05-06 17:30:49.942   613   613 W CarrierConfigManager: Error getting config for subId -1 ICarrierConfigLoader is null
05-06 17:30:49.944   430   454 D TelephonyRegistry: listen oscl: hasNotifySubscriptionInfoChangedOccurred==false no callback
05-06 17:30:49.973   613   613 D TelephonyManager: setTelephonyProperty: success phoneId=0 property=gsm.network.type value: Unknown propVal=Unknown
05-06 17:30:49.974   613   613 D RILJ    : [3653]> SIGNAL_STRENGTH [SUB0]
05-06 17:30:49.976   221   248 D RILC    : [0005]> SIGNAL_STRENGTH 
05-06 17:30:49.976   221   248 D WH-RIL  : onRequest: SIGNAL_STRENGTH,1,19
05-06 17:30:49.976   221   248 D RILC    : [0005]< SIGNAL_STRENGTH fails by E_RADIO_NOT_AVAILABLE
05-06 17:30:49.977   613   771 D RilRequest: [3653]< SIGNAL_STRENGTH error: com.android.internal.telephony.CommandException: RADIO_NOT_AVAILABLE ret=
05-06 17:30:49.978   613   613 D SST     : notifyDataRegStateRilRadioTechnologyChanged: drs=1 rat=0
05-06 17:30:49.978   613   613 D TelephonyManager: setTelephonyProperty: success phoneId=0 property=gsm.network.type value: Unknown propVal=Unknown
05-06 17:30:49.994   613   613 D DCT     : [0]DCT.constructor
05-06 17:30:50.001   430   454 D TelephonyRegistry: listen oscl: hasNotifySubscriptionInfoChangedOccurred==false no callback
05-06 17:30:50.003   613   613 D Dcc     : E ctor
05-06 17:30:50.003   613   613 D Dcc     : X ctor
05-06 17:30:50.005   613   613 D SubscriptionController: [getPhoneId] asked for default subId=-1
05-06 17:30:50.013   613   613 D DcTesterFailBrinupAll: register for intent action=com.android.internal.telephony.dataconnection.action_fail_bringup
05-06 17:30:50.013   613   613 D DcTesterFailBrinupAll: register for intent action=com.android.internal.telephony.action_detached
05-06 17:30:50.013   613   613 D DcTesterFailBrinupAll: register for intent action=com.android.internal.telephony.action_attached
05-06 17:30:50.018   613   818 D DcTesterDeacativateAll: register for intent action=com.android.internal.telephony.dataconnection.action_deactivate_all
05-06 17:30:50.019   613   818 D DcTesterDeacativateAll: register for intent action=com.android.internal.telephony.action_detached
05-06 17:30:50.022   613   613 D SST     : notifyDataRegStateRilRadioTechnologyChanged: drs=1 rat=0
05-06 17:30:50.022   613   613 D TelephonyManager: setTelephonyProperty: success phoneId=0 property=gsm.network.type value: Unknown propVal=Unknown
05-06 17:30:50.022   613   818 D Dcc     : DccDefaultState: msg.what=EVENT_RIL_CONNECTED mRilVersion=12
05-06 17:30:50.023   613   613 D DCT     : [0]update sub = -2
05-06 17:30:50.023   613   613 D DCT     : [0]update(): Active DDS, register for all events now!
05-06 17:30:50.023   613   613 D GsmCdmaPhone: [GsmCdmaPhone] updateCurrentCarrierInProvider: mSubId = -2 currentDds = 1 operatorNumeric = null
05-06 17:30:50.025   613   613 D DCT     : [0]initApnContexts: E
05-06 17:30:50.025   613   613 D DCT     : [0]initApnContexts: skipping unknown type=1
05-06 17:30:50.027   613   613 D DCT     : [0]initApnContexts: apnContext={mApnType=default mState=IDLE mWaitingApns={null} mApnSetting={null} mReason=dataEnabled mDataEnabled=false mDependencyMet=true}
05-06 17:30:50.027   613   613 D DCT     : [0]initApnContexts: apnContext={mApnType=mms mState=IDLE mWaitingApns={null} mApnSetting={null} mReason=dataEnabled mDataEnabled=false mDependencyMet=false}
05-06 17:30:50.027   613   613 D DCT     : [0]initApnContexts: apnContext={mApnType=supl mState=IDLE mWaitingApns={null} mApnSetting={null} mReason=dataEnabled mDataEnabled=false mDependencyMet=true}
05-06 17:30:50.027   613   613 D DCT     : [0]initApnContexts: apnContext={mApnType=dun mState=IDLE mWaitingApns={null} mApnSetting={null} mReason=dataEnabled mDataEnabled=false mDependencyMet=true}
05-06 17:30:50.027   613   613 D DCT     : [0]initApnContexts: apnContext={mApnType=hipri mState=IDLE mWaitingApns={null} mApnSetting={null} mReason=dataEnabled mDataEnabled=false mDependencyMet=true}
05-06 17:30:50.027   613   613 D DCT     : [0]initApnContexts: apnContext={mApnType=fota mState=IDLE mWaitingApns={null} mApnSetting={null} mReason=dataEnabled mDataEnabled=false mDependencyMet=true}
05-06 17:30:50.028   613   613 D DCT     : [0]initApnContexts: apnContext={mApnType=ims mState=IDLE mWaitingApns={null} mApnSetting={null} mReason=dataEnabled mDataEnabled=false mDependencyMet=true}
05-06 17:30:50.028   613   613 D DCT     : [0]initApnContexts: apnContext={mApnType=cbs mState=IDLE mWaitingApns={null} mApnSetting={null} mReason=dataEnabled mDataEnabled=false mDependencyMet=true}
05-06 17:30:50.028   613   613 D DCT     : [0]initApnContexts: skipping unknown type=7
05-06 17:30:50.028   613   613 D DCT     : [0]initApnContexts: skipping unknown type=9
05-06 17:30:50.028   613   613 D DCT     : [0]initApnContexts: apnContext={mApnType=emergency mState=IDLE mWaitingApns={null} mApnSetting={null} mReason=dataEnabled mDataEnabled=false mDependencyMet=true}
05-06 17:30:50.091   613   613 D GsmCdmaPhone: [GsmCdmaPhone] GsmCdmaPhone: constructor: sub = 0
05-06 17:30:50.091   613   613 I PhoneFactory: Creating Phone with type = 1 sub = 0
05-06 17:30:50.092   613   613 I PhoneFactory: defaultSmsApplication: NONE
05-06 17:30:50.097   613   613 I PhoneFactory: Creating SubInfoRecordUpdater 
05-06 17:30:50.098   613   613 D SubscriptionInfoUpdater: Constructor invoked
05-06 17:30:50.130   430   524 D TelephonyRegistry: systemRunning register for intents
05-06 17:30:50.170   430   454 D TelephonyRegistry: listen oscl: hasNotifySubscriptionInfoChangedOccurred==false no callback
05-06 17:30:50.171   613   613 D SubscriptionController: [getPhoneId]- no sims, returning default phoneId=2147483647
05-06 17:30:50.186   430   454 D TelephonyRegistry: listen oscl: hasNotifySubscriptionInfoChangedOccurred==false no callback
05-06 17:30:50.193   613   613 D PhoneSwitcher: PhoneSwitcher started
05-06 17:30:50.193   613   613 D ProxyController: Constructor - Enter
05-06 17:30:50.197   613   613 D ProxyController: clearTransaction
05-06 17:30:50.197   613   613 D ProxyController: clearTransaction: phoneId=0 status=IDLE
05-06 17:30:50.197   613   613 D ProxyController: Constructor - Exit
05-06 17:30:50.197   613   613 D TelephonyNetworkFactory[0]: Registering NetworkFactory
05-06 17:30:50.219   613   613 D CallManager: registerPhone(GSM Handler (com.android.internal.telephony.GsmCdmaPhone) {73e8fcc})
05-06 17:30:50.233   430   488 D TelephonyRegistry: listen oscl: hasNotifySubscriptionInfoChangedOccurred==false no callback
05-06 17:30:50.272   430   488 D TelephonyRegistry: listen oscl: hasNotifySubscriptionInfoChangedOccurred==false no callback
05-06 17:30:50.303   613   613 D RILJ    : [3654]> RIL_REQUEST_SET_TTY_MODE : 0 [SUB0]
05-06 17:30:50.304   221   248 D RILC    : [0006]> SET_TTY_MODE (0)
05-06 17:30:50.304   221   248 D WH-RIL  : onRequest: SET_TTY_MODE,1,80
05-06 17:30:50.304   221   248 D RILC    : [0006]< SET_TTY_MODE fails by E_RADIO_NOT_AVAILABLE
05-06 17:30:50.304   613   771 D RilRequest: [3654]< RIL_REQUEST_SET_TTY_MODE error: com.android.internal.telephony.CommandException: RADIO_NOT_AVAILABLE ret=
05-06 17:30:50.311   430   488 D TelephonyRegistry: listen oscl: hasNotifySubscriptionInfoChangedOccurred==false no callback
05-06 17:30:50.312   613   613 D SubscriptionController: [getPhoneId] asked for default subId=-1
05-06 17:30:50.316   613   613 D UiccController: EVENT_RADIO_UNAVAILABLE, dispose card
05-06 17:30:50.316   613   613 D RILJ    : [3655]> GET_CURRENT_CALLS [SUB0]
05-06 17:30:50.317   221   248 D RILC    : [0007]> GET_CURRENT_CALLS 
05-06 17:30:50.317   613   613 D Phone   : config LCE service failed: com.android.internal.telephony.CommandException: RADIO_NOT_AVAILABLE
05-06 17:30:50.317   221   248 D WH-RIL  : onRequest: GET_CURRENT_CALLS,1,9
05-06 17:30:50.317   221   248 D RILC    : [0007]< GET_CURRENT_CALLS fails by E_RADIO_NOT_AVAILABLE
05-06 17:30:50.317   613   613 D GsmSMSDispatcher: GsmSMSDispatcher: subId = -2 slotId = 0
05-06 17:30:50.318   613   771 D RilRequest: [3655]< GET_CURRENT_CALLS error: com.android.internal.telephony.CommandException: RADIO_NOT_AVAILABLE ret=
05-06 17:30:50.319   613   613 E IccCardProxy: setExternalState: !override and newstate unchanged from NOT_READY
05-06 17:30:50.319   613   613 E IccCardProxy: setExternalState: !override and newstate unchanged from NOT_READY
05-06 17:30:50.319   613   613 D GsmCdmaPhone: [GsmCdmaPhone] Event EVENT_RADIO_OFF_OR_NOT_AVAILABLE Received
05-06 17:30:50.319   613   613 E IccCardProxy: setExternalState: !override and newstate unchanged from NOT_READY
05-06 17:30:50.319   613   613 D SST     : mDeviceShuttingDown=false, mDesiredPowerState=true, getRadioState=RADIO_UNAVAILABLE, mPowerOffDelayNeed=true, mAlarmSwitch=false, mRadioDisabledByCarrier=false
05-06 17:30:50.320   613   613 D SST     : useDataRegStateForDataOnlyDevice: VoiceRegState=1 DataRegState=1
05-06 17:30:50.320   613   613 D SST     : Poll ServiceState done:  oldSS=[1 1 voice home data home null null null null null null  Unknown Unknown CSS not supported 0 0 RoamInd=0 DefRoamInd=0 EmergOnly=false IsDataRoamingFromRegistration=false IsUsingCarrierAggregation=false] newSS=[1 1 voice home data home null null null null null null  Unknown Unknown CSS not supported -1 -1 RoamInd=-1 DefRoamInd=-1 EmergOnly=false IsDataRoamingFromRegistration=false IsUsingCarrierAggregation=false] oldMaxDataCalls=1 mNewMaxDataCalls=1 oldReasonDataDenied=-1 mNewReasonDataDenied=-1
05-06 17:30:50.320   613   613 D SST     : updateSpnDisplay: radio is on but out of service, set plmn='没有服务'
05-06 17:30:50.320   613   613 D SST     : updateSpnDisplay: changed sending intent rule=0 showPlmn='true' plmn='没有服务' showSpn='false' spn='' dataSpn='' subId='-2'
05-06 17:30:50.322   613   613 D SubscriptionController: [setPlmnSpn] No valid subscription to store info
05-06 17:30:50.326   613   613 D SubscriptionController: notifySubscriptionInfoChanged:
05-06 17:30:50.326   430   488 D TelephonyRegistry: notifySubscriptionInfoChanged: first invocation mRecords.size=12
05-06 17:30:50.328   613   613 D TelephonyManager: setTelephonyProperty: success phoneId=0 property=gsm.operator.alpha value:  propVal=
05-06 17:30:50.328   613   613 D TelephonyManager: setTelephonyProperty: success phoneId=0 property=gsm.operator.numeric value:  propVal=
05-06 17:30:50.329   613   613 D SST     : operatorNumeric is null
05-06 17:30:50.329   613   613 D TelephonyManager: setTelephonyProperty: success phoneId=0 property=gsm.operator.iso-country value:  propVal=
05-06 17:30:50.330   613   613 D TelephonyManager: setTelephonyProperty: success phoneId=0 property=gsm.operator.isroaming value: false propVal=false
05-06 17:30:50.330   613   613 D SST     : Broadcasting ServiceState : 1 1 voice home data home null null null null null null  Unknown Unknown CSS not supported -1 -1 RoamInd=-1 DefRoamInd=-1 EmergOnly=false IsDataRoamingFromRegistration=false IsUsingCarrierAggregation=false
05-06 17:30:50.331   613   613 D DefaultPhoneNotifier: nofityServiceState: mRegistry=com.android.internal.telephony.ITelephonyRegistry$Stub$Proxy@4c155f7 ss=1 1 voice home data home null null null null null null  Unknown Unknown CSS not supported -1 -1 RoamInd=-1 DefRoamInd=-1 EmergOnly=false IsDataRoamingFromRegistration=false IsUsingCarrierAggregation=false sender=Handler (com.android.internal.telephony.GsmCdmaPhone) {73e8fcc} phondId=0 subId=-2
05-06 17:30:50.349   613   613 D SubscriptionController: [getSlotId]- subId invalid
05-06 17:30:50.350   430   488 D TelephonyManager: getSimState: default sim:-1, sim state for slotIdx=0 is 6, return state as unknown
05-06 17:30:50.356   613   613 D SST     : mDeviceShuttingDown=false, mDesiredPowerState=true, getRadioState=RADIO_UNAVAILABLE, mPowerOffDelayNeed=true, mAlarmSwitch=false, mRadioDisabledByCarrier=false
05-06 17:30:50.357   613   613 D SST     : useDataRegStateForDataOnlyDevice: VoiceRegState=1 DataRegState=1
05-06 17:30:50.357   613   613 D SST     : Poll ServiceState done:  oldSS=[1 1 voice home data home null null null null null null  Unknown Unknown CSS not supported -1 -1 RoamInd=-1 DefRoamInd=-1 EmergOnly=false IsDataRoamingFromRegistration=false IsUsingCarrierAggregation=false] newSS=[1 1 voice home data home null null null null null null  Unknown Unknown CSS not supported -1 -1 RoamInd=-1 DefRoamInd=-1 EmergOnly=false IsDataRoamingFromRegistration=false IsUsingCarrierAggregation=false] oldMaxDataCalls=1 mNewMaxDataCalls=1 oldReasonDataDenied=-1 mNewReasonDataDenied=-1
05-06 17:30:50.358   613   613 D DCT     : [0]onRadioOffOrNotAvailable: is off and clean up all connections
05-06 17:30:50.358   613   613 D DCT     : [0]cleanUpAllConnections: tearDown=false reason=radioTurnedOff
05-06 17:30:50.359   613   613 D GsmCdmaPhone: [GsmCdmaPhone] getDataConnectionState apnType=default ret=DISCONNECTED
05-06 17:30:50.363   613   613 D DCT     : [0]cleanUpConnection: X tearDown=false reason=radioTurnedOff apnContext={mApnType=default mState=IDLE mWaitingApns={null} mApnSetting={null} mReason=radioTurnedOff mDataEnabled=false mDependencyMet=true} dcac=null
05-06 17:30:50.363   613   613 D GsmCdmaPhone: [GsmCdmaPhone] getDataConnectionState apnType=mms ret=DISCONNECTED
05-06 17:30:50.365   613   613 D DCT     : [0]cleanUpConnection: X tearDown=false reason=radioTurnedOff apnContext={mApnType=mms mState=IDLE mWaitingApns={null} mApnSetting={null} mReason=radioTurnedOff mDataEnabled=false mDependencyMet=false} dcac=null
05-06 17:30:50.366   613   613 D GsmCdmaPhone: [GsmCdmaPhone] getDataConnectionState apnType=cbs ret=DISCONNECTED
05-06 17:30:50.370   613   613 D DCT     : [0]cleanUpConnection: X tearDown=false reason=radioTurnedOff apnContext={mApnType=cbs mState=IDLE mWaitingApns={null} mApnSetting={null} mReason=radioTurnedOff mDataEnabled=false mDependencyMet=true} dcac=null
05-06 17:30:50.370   613   613 D GsmCdmaPhone: [GsmCdmaPhone] getDataConnectionState apnType=fota ret=DISCONNECTED
05-06 17:30:50.373   613   613 D DCT     : [0]cleanUpConnection: X tearDown=false reason=radioTurnedOff apnContext={mApnType=fota mState=IDLE mWaitingApns={null} mApnSetting={null} mReason=radioTurnedOff mDataEnabled=false mDependencyMet=true} dcac=null
05-06 17:30:50.373   613   613 D GsmCdmaPhone: [GsmCdmaPhone] getDataConnectionState apnType=supl ret=DISCONNECTED
05-06 17:30:50.376   613   613 D DCT     : [0]cleanUpConnection: X tearDown=false reason=radioTurnedOff apnContext={mApnType=supl mState=IDLE mWaitingApns={null} mApnSetting={null} mReason=radioTurnedOff mDataEnabled=false mDependencyMet=true} dcac=null
05-06 17:30:50.376   613   613 D GsmCdmaPhone: [GsmCdmaPhone] getDataConnectionState apnType=emergency ret=DISCONNECTED
05-06 17:30:50.379   613   613 D DCT     : [0]cleanUpConnection: X tearDown=false reason=radioTurnedOff apnContext={mApnType=emergency mState=IDLE mWaitingApns={null} mApnSetting={null} mReason=radioTurnedOff mDataEnabled=false mDependencyMet=true} dcac=null
05-06 17:30:50.379   613   613 D GsmCdmaPhone: [GsmCdmaPhone] getDataConnectionState apnType=dun ret=DISCONNECTED
05-06 17:30:50.382   613   613 D DCT     : [0]cleanUpConnection: X tearDown=false reason=radioTurnedOff apnContext={mApnType=dun mState=IDLE mWaitingApns={null} mApnSetting={null} mReason=radioTurnedOff mDataEnabled=false mDependencyMet=true} dcac=null
05-06 17:30:50.382   613   613 D GsmCdmaPhone: [GsmCdmaPhone] getDataConnectionState apnType=hipri ret=DISCONNECTED
05-06 17:30:50.385   613   613 D DCT     : [0]cleanUpConnection: X tearDown=false reason=radioTurnedOff apnContext={mApnType=hipri mState=IDLE mWaitingApns={null} mApnSetting={null} mReason=radioTurnedOff mDataEnabled=false mDependencyMet=true} dcac=null
05-06 17:30:50.385   613   613 D GsmCdmaPhone: [GsmCdmaPhone] getDataConnectionState apnType=ims ret=DISCONNECTED
05-06 17:30:50.388   613   613 D DCT     : [0]cleanUpConnection: X tearDown=false reason=radioTurnedOff apnContext={mApnType=ims mState=IDLE mWaitingApns={null} mApnSetting={null} mReason=radioTurnedOff mDataEnabled=false mDependencyMet=true} dcac=null
05-06 17:30:50.389   613   613 D DCT     : [0]stopNetStatPoll
05-06 17:30:50.389   613   613 D DCT     : [0]cleanUpConnection: mDisconnectPendingCount = 0
05-06 17:30:50.390   613   613 D DCT     : [0]isDataAllowed: No - SIM not loaded - Not attached
05-06 17:30:50.422   613   613 D DCT     : [0]onDataConnectionDetached: stop polling and notify detached
05-06 17:30:50.422   613   613 D DCT     : [0]stopNetStatPoll
05-06 17:30:50.423   613   613 D DCT     : [0]notifyDataConnection: reason=dataDetached
05-06 17:30:50.426   613   613 D DCT     : [0]isDataAllowed: No - SIM not loaded - Not attached
05-06 17:30:50.449   613   613 D DCT     : [0]onRoamingOff
05-06 17:30:50.449   613   613 D DCT     : [0]setDataProfilesAsNeeded mSetDataProfileStatus: 0
05-06 17:30:50.450   613   613 D DCT     : [0]notifyDataConnection: reason=roamingOff
05-06 17:30:50.450   613   613 D DCT     : [0]isDataAllowed: No - SIM not loaded - Not attached
05-06 17:30:50.493   613   613 D DCT     : [0]setupDataOnConnectableApns: nwTypeChanged emergency:[state=IDLE,enabled=false] hipri:[state=IDLE,enabled=false] supl:[state=IDLE,enabled=false] mms:[state=IDLE,enabled=false] dun:[state=IDLE,enabled=false] fota:[state=IDLE,enabled=false] ims:[state=IDLE,enabled=false] default:[state=IDLE,enabled=false] cbs:[state=IDLE,enabled=false] 
05-06 17:30:50.493   613   613 D TelephonyNetworkFactory[0]: onSubIdChange -1->-2
05-06 17:30:50.493   613   613 D TelephonyNetworkFactory[0]: got request NetworkRequest [ REQUEST id=1, [ Capabilities: INTERNET&NOT_RESTRICTED&TRUSTED&NOT_VPN] ] with score 0
05-06 17:30:50.493   613   613 D SubscriptionInfoUpdater: [Receiver]+
05-06 17:30:50.493   613   613 D SubscriptionInfoUpdater: Action: android.intent.action.SIM_STATE_CHANGED
05-06 17:30:50.493   613   613 D SubscriptionInfoUpdater: slotId: 0
05-06 17:30:50.494   613   613 D SubscriptionInfoUpdater: simStatus: NOT_READY
05-06 17:30:50.494   613   613 D SubscriptionInfoUpdater: Ignoring simStatus: NOT_READY
05-06 17:30:50.494   613   613 D SubscriptionInfoUpdater: [Receiver]-
05-06 17:30:50.496   613   613 D DebugService: DebugService DebugService:
05-06 17:30:50.503   613   613 D RILJ    : [3656]> RIL_REQUEST_QUERY_TTY_MODE [SUB0]
05-06 17:30:50.505   613   613 D GsmSMSDispatcher: GsmSMSDispatcher: subId = -2 slotId = 0
05-06 17:30:50.506   613   613 E IccCardProxy: setExternalState: !override and newstate unchanged from NOT_READY
05-06 17:30:50.506   613   613 D GsmCdmaCallTracker: Event EVENT_POLL_CALLS_RESULT Received
05-06 17:30:50.506   613   613 D GsmCdmaCallTracker: [GsmCdmaCallTracker] update phone state, old=IDLE new=IDLE
05-06 17:30:50.506   613   613 D SST     : SubscriptionListener.onSubscriptionInfoChanged
05-06 17:30:50.506   613   613 E Phone   : getStoredVoiceMessageCount: invalid subId -2
05-06 17:30:50.506   613   613 D GsmCdmaPhone: [GsmCdmaPhone] updateVoiceMail countVoiceMessages = 0 subId -2
05-06 17:30:50.506   613   613 E Phone   : setVoiceMessageCount in sharedPreference: invalid subId -2
05-06 17:30:50.506   613   613 D PhoneSwitcher: evaluating due to subChanged default 0->1 phone[0] 0->-2
05-06 17:30:50.507   221   248 D RILC    : [0008]> QUERY_TTY_MODE 
05-06 17:30:50.507   221   248 D WH-RIL  : onRequest: QUERY_TTY_MODE,1,81
05-06 17:30:50.507   221   248 D RILC    : [0008]< QUERY_TTY_MODE fails by E_RADIO_NOT_AVAILABLE
05-06 17:30:50.507   613   771 D RilRequest: [3656]< RIL_REQUEST_QUERY_TTY_MODE error: com.android.internal.telephony.CommandException: RADIO_NOT_AVAILABLE ret=
05-06 17:30:50.509   613   613 D SubscriptionController: [getActiveSubInfoList] Sub Controller not ready
05-06 17:30:50.512   613   613 D SubscriptionController: [getActiveSubInfoList] Sub Controller not ready
05-06 17:30:50.586   613   613 D DCT     : [0]SubscriptionListener.onSubscriptionInfoChanged
05-06 17:30:50.589   221   249 I WH-RIL  : mainLoop s_device_path null 
05-06 17:30:50.607   613   613 D PhoneSwitcher: evaluating due to netRequest
05-06 17:30:50.609   613   613 D TelephonyNetworkFactory[0]: not acting - isApp=false, isAct=false NetworkRequest [ REQUEST id=1, [ Capabilities: INTERNET&NOT_RESTRICTED&TRUSTED&NOT_VPN] ]
05-06 17:30:51.075   613   631 D SubscriptionController: [getActiveSubInfoList] Sub Controller not ready
05-06 17:30:51.077   613   631 D SubscriptionController: [getActiveSubInfoList] Sub Controller not ready
05-06 17:30:51.078   613   631 D SubscriptionController: [getActiveSubInfoList] Sub Controller not ready
05-06 17:30:51.123   613   631 D SubscriptionController: [getPhoneId] asked for default subId=-1
05-06 17:30:51.160   613   631 D SubscriptionController: [getSlotId]- subId invalid
05-06 17:30:51.162   618   936 D TelephonyManager: getSimState: default sim:-1, sim state for slotIdx=0 is 6, return state as unknown
05-06 17:30:51.186   613   631 D SubscriptionController: [getSlotId]- subId invalid
05-06 17:30:51.187   618   936 D TelephonyManager: getSimState: default sim:-1, sim state for slotIdx=0 is 6, return state as unknown
05-06 17:30:51.194   613   631 D SubscriptionController: [getSlotId]- subId invalid
05-06 17:30:51.195   618   936 D TelephonyManager: getSimState: default sim:-1, sim state for slotIdx=0 is 6, return state as unknown
05-06 17:30:51.294   613   631 D SubscriptionController: [getActiveSubInfoList] Sub Controller not ready
05-06 17:30:51.590   221   249 I WH-RIL  : mainLoop s_device_path null 
05-06 17:30:51.757   613   631 D SubscriptionController: [getSlotId]- subId invalid
05-06 17:30:51.766   613   613 D WAP PUSH: Received broadcast android.intent.action.USER_UNLOCKED
05-06 17:30:51.767   613   613 D WAP PUSH: Received broadcast android.intent.action.USER_UNLOCKED
05-06 17:30:51.767   613   613 D SmsBroadcastUndelivered: Received broadcast android.intent.action.USER_UNLOCKED
05-06 17:30:51.767   613   613 D SubscriptionInfoUpdater: [Receiver]+
05-06 17:30:51.767   613   613 D SubscriptionInfoUpdater: Action: android.intent.action.USER_UNLOCKED
05-06 17:30:51.768   613   613 D SubscriptionInfoUpdater: Broadcasting intent ACTION_SIM_STATE_CHANGED for mCardIndex: 0
05-06 17:30:51.772   613   999 D SmsBroadcastUndelivered: scanning raw table for undelivered messages
05-06 17:30:51.792   613   613 D SubscriptionInfoUpdater: [Receiver]-
05-06 17:30:51.811   618   936 D TelephonyManager: getSimState: default sim:-1, sim state for slotIdx=0 is 6, return state as unknown
05-06 17:30:51.831   613   613 D SubscriptionInfoUpdater: [Receiver]+
05-06 17:30:51.831   613   613 D SubscriptionInfoUpdater: Action: android.intent.action.SIM_STATE_CHANGED
05-06 17:30:51.831   613   613 D SubscriptionInfoUpdater: slotId: 0
05-06 17:30:51.831   613   613 D SubscriptionInfoUpdater: simStatus: NOT_READY
05-06 17:30:51.831   613   613 D SubscriptionInfoUpdater: Ignoring simStatus: NOT_READY
05-06 17:30:51.831   613   613 D SubscriptionInfoUpdater: [Receiver]-
05-06 17:30:51.840   613   631 D SubscriptionController: [getActiveSubInfoList] Sub Controller not ready
05-06 17:30:51.853   613   999 D SmsBroadcastUndelivered: finished scanning raw table in 80 ms
05-06 17:30:51.896   613   631 D SubscriptionController: [getSlotId]- subId invalid
05-06 17:30:51.900   618   936 D TelephonyManager: getSimState: default sim:-1, sim state for slotIdx=0 is 6, return state as unknown
05-06 17:30:51.980   613   996 D SubscriptionController: [getSlotId]- subId invalid
05-06 17:30:51.984   618   936 D TelephonyManager: getSimState: default sim:-1, sim state for slotIdx=0 is 6, return state as unknown
05-06 17:30:52.592   221   249 I WH-RIL  : mainLoop s_device_path null 
05-06 17:30:52.854   613   791 D GsmCellBroadcastHandler: mWakeLock released
05-06 17:30:52.866   613   794 D CellBroadcastHandler: mWakeLock released
05-06 17:30:52.890   613   796 D CdmaServiceCategoryProgramHandler: mWakeLock released
05-06 17:30:52.899   613   793 D GsmInboundSmsHandler: IdleState.processMessage:5
05-06 17:30:52.899   613   793 D GsmInboundSmsHandler: Idle state processing message type 5
05-06 17:30:52.901   613   793 D GsmInboundSmsHandler: mWakeLock released
05-06 17:30:52.912   613   795 D CdmaInboundSmsHandler: IdleState.processMessage:5
05-06 17:30:52.913   613   795 D CdmaInboundSmsHandler: Idle state processing message type 5
05-06 17:30:52.914   613   795 D CdmaInboundSmsHandler: mWakeLock released
05-06 17:30:53.595   221   249 I WH-RIL  : mainLoop s_device_path null 
05-06 17:30:54.031   613   613 D SubscriptionController: [getPhoneId] asked for default subId=-1
05-06 17:30:54.046   613   613 D GsmCdmaPhone: mBroadcastReceiver: action android.telephony.action.CARRIER_CONFIG_CHANGED
05-06 17:30:54.051   613   613 I CSST    : reading time to delay notification: -1
05-06 17:30:54.058   613   613 D ImsManager: updateVolteFeatureValue: available = false, enabled = true, nonTTY = true
05-06 17:30:54.061   613   613 E ImsManager: updateImsServiceConfig: 
05-06 17:30:54.061   613   613 E ImsManager: com.android.ims.ImsException: Service is unavailable, code = 106
05-06 17:30:54.061   613   613 E ImsManager: 	at com.android.ims.ImsManager.checkAndThrowExceptionIfServiceUnavailable(ImsManager.java:1316)
05-06 17:30:54.061   613   613 E ImsManager: 	at com.android.ims.ImsManager.getConfigInterface(ImsManager.java:1198)
05-06 17:30:54.061   613   613 E ImsManager: 	at com.android.ims.ImsManager.updateVolteFeatureValue(ImsManager.java:780)
05-06 17:30:54.061   613   613 E ImsManager: 	at com.android.ims.ImsManager.updateImsServiceConfig(ImsManager.java:740)
05-06 17:30:54.061   613   613 E ImsManager: 	at com.android.internal.telephony.GsmCdmaPhone.handleMessage(GsmCdmaPhone.java:2084)
05-06 17:30:54.061   613   613 E ImsManager: 	at android.os.Handler.dispatchMessage(Handler.java:102)
05-06 17:30:54.061   613   613 E ImsManager: 	at android.os.Looper.loop(Looper.java:154)
05-06 17:30:54.061   613   613 E ImsManager: 	at android.app.ActivityThread.main(ActivityThread.java:6141)
05-06 17:30:54.061   613   613 E ImsManager: 	at java.lang.reflect.Method.invoke(Native Method)
05-06 17:30:54.061   613   613 E ImsManager: 	at com.android.internal.os.ZygoteInit$MethodAndArgsCaller.run(ZygoteInit.java:912)
05-06 17:30:54.061   613   613 E ImsManager: 	at com.android.internal.os.ZygoteInit.main(ZygoteInit.java:802)
05-06 17:30:54.062   613   613 D GsmCdmaPhone: [GsmCdmaPhone] broadcastEmergencyCallStateChanges = false
05-06 17:30:54.062   613   613 E GsmCdmaPhone: [GsmCdmaPhone] Invalid cdma_roaming_mode settings: -1
05-06 17:30:54.062   613   613 D EriManager: loadEriFileFromXml: check for alternate file
05-06 17:30:54.063   613   613 D EriManager: loadEriFileFromXml: no alternate file
05-06 17:30:54.064   613   613 D EriManager: eriFile = eri.xml
05-06 17:30:54.069   613   613 D EriManager: loadEriFileFromXml: eri parsing successful, file loaded. ver = 1357, # of entries = 176
05-06 17:30:54.069   613   613 D GsmCdmaPhone: [GsmCdmaPhone] ERI read, notify registrants
05-06 17:30:54.595   221   249 I WH-RIL  : mainLoop s_device_path null 
05-06 17:30:55.596   221   249 I WH-RIL  : mainLoop s_device_path null 
05-06 17:30:56.601   221   249 I WH-RIL  : mainLoop s_device_path null 
05-06 17:30:57.602   221   249 D WH-RIL  : usb_device_prefix 1-1:1.2
05-06 17:30:57.603   221   249 D WH-RIL  : the file name 1-1:1.2
05-06 17:30:57.603   221   249 I WH-RIL  : RIL_Init s_device_path /dev/ttyUSB0 
05-06 17:30:57.604   221   248 D WH-RIL  : setRadioState 0
05-06 17:30:57.604   221   248 D RILC    : [UNSL]< UNSOL_RESPONSE_RADIO_STATE_CHANGED  {RADIO_OFF}
05-06 17:30:57.605   613   771 D RILJ    : [UNSL]< UNSOL_RESPONSE_RADIO_STATE_CHANGED RADIO_OFF [SUB0]
05-06 17:30:57.605   613   613 D SST     : mDeviceShuttingDown=false, mDesiredPowerState=true, getRadioState=RADIO_OFF, mPowerOffDelayNeed=true, mAlarmSwitch=false, mRadioDisabledByCarrier=false
05-06 17:30:57.606   613   771 D RILJ    : [3657]> SCREEN_STATE: true [SUB0]
05-06 17:30:57.607   613   613 D RILJ    : [3658]> RADIO_POWER on [SUB0]
05-06 17:30:57.609   613   613 D RILJ    : [3659]> OPERATOR [SUB0]
05-06 17:30:57.611   613   613 D RILJ    : [3660]> DATA_REGISTRATION_STATE [SUB0]
05-06 17:30:57.612   613   613 D RILJ    : [3661]> VOICE_REGISTRATION_STATE [SUB0]
05-06 17:30:57.614   613   613 D RILJ    : [3662]> QUERY_NETWORK_SELECTION_MODE [SUB0]
05-06 17:30:57.615   613   613 D RILJ    : [3663]> BASEBAND_VERSION [SUB0]
05-06 17:30:57.617   613   613 D RILJ    : [3664]> GET_IMEI [SUB0]
05-06 17:30:57.618   613   613 D RILJ    : [3665]> GET_IMEISV [SUB0]
05-06 17:30:57.620   613   613 D RILJ    : [3666]> RIL_REQUEST_GET_RADIO_CAPABILITY [SUB0]
05-06 17:30:57.621   613   613 D RILJ    : [3667]> RIL_REQUEST_START_LCE [SUB0]
05-06 17:30:57.623   613   613 D DCT     : [0]onRadioAvailable
05-06 17:30:59.605   221   248 D WH-AT   : ============AT> ATE0Q0V1
05-06 17:30:59.607   221  1321 D WH-AT   : ============AT< +ZICCID: 00000000000000000000
05-06 17:30:59.607   221  1321 D WH-AT   : ============AT< +CREG: 2
05-06 17:30:59.607   221  1321 D WH-RIL  : handle_creg creg = 2
05-06 17:30:59.608   221  1321 D RILC    : [UNSL]< UNSOL_RESPONSE_VOICE_NETWORK_STATE_CHANGED 
05-06 17:30:59.609   221  1321 D WH-AT   : ============AT< +CGREG: 2
05-06 17:30:59.609   221  1321 D WH-AT   : ============AT< +CEREG: 2
05-06 17:30:59.609   221  1321 D WH-RIL  : handle_creg creg = 2
05-06 17:30:59.609   613   771 D RILJ    : [UNSL]< UNSOL_RESPONSE_VOICE_NETWORK_STATE_CHANGED [SUB0]
05-06 17:30:59.610   221  1321 D RILC    : [UNSL]< UNSOL_RESPONSE_VOICE_NETWORK_STATE_CHANGED 
05-06 17:30:59.610   613   613 D RILJ    : [3668]> OPERATOR [SUB0]
05-06 17:30:59.610   221  1321 D WH-AT   : ============AT< +ZMSRI
05-06 17:30:59.610   221  1321 E WH-RIL  : invalid ZMSRI line ==========================
05-06 17:30:59.610   221  1321 D WH-AT   : ============AT< OK
05-06 17:30:59.610   613   771 D RILJ    : [UNSL]< UNSOL_RESPONSE_VOICE_NETWORK_STATE_CHANGED [SUB0]
05-06 17:30:59.611   613   613 D RILJ    : [3669]> DATA_REGISTRATION_STATE [SUB0]
05-06 17:30:59.613   613   613 D RILJ    : [3670]> VOICE_REGISTRATION_STATE [SUB0]
05-06 17:30:59.614   613   613 D RILJ    : [3671]> QUERY_NETWORK_SELECTION_MODE [SUB0]
05-06 17:30:59.616   613   613 D RILJ    : [3672]> OPERATOR [SUB0]
05-06 17:30:59.617   613   613 D RILJ    : [3673]> DATA_REGISTRATION_STATE [SUB0]
05-06 17:30:59.619   613   613 D RILJ    : [3674]> VOICE_REGISTRATION_STATE [SUB0]
05-06 17:30:59.620   613   613 D RILJ    : [3675]> QUERY_NETWORK_SELECTION_MODE [SUB0]
05-06 17:30:59.810   221  1321 D WH-AT   : ============AT< +CREG: 0
05-06 17:31:00.610   221   248 I WH-RIL  : AT at_handshake END
05-06 17:31:00.610   221  1321 D WH-RIL  : handle_creg creg = 0
05-06 17:31:00.611   221  1321 D RILC    : [UNSL]< UNSOL_RESPONSE_VOICE_NETWORK_STATE_CHANGED 
05-06 17:31:00.612   221  1321 D WH-AT   : ============AT< +CGREG: 0
05-06 17:31:00.612   221  1321 D WH-AT   : ============AT< ^MODE: 3,3
05-06 17:31:00.612   221   248 D WH-AT   : ============AT> ATS0=0
05-06 17:31:00.612   613   771 D RILJ    : [UNSL]< UNSOL_RESPONSE_VOICE_NETWORK_STATE_CHANGED [SUB0]
05-06 17:31:00.612   221  1321 D WH-RIL  : handle_mode: value=3, sys_mode=0
05-06 17:31:00.612   221  1321 D WH-RIL  : handle_mode: RIL_UNSOL_RESPONSE_VOICE_NETWORK_STATE_CHANGED
05-06 17:31:00.612   221  1321 D RILC    : [UNSL]< UNSOL_RESPONSE_VOICE_NETWORK_STATE_CHANGED 
05-06 17:31:00.613   221  1321 D WH-RIL  : handle_mode mode = 3
05-06 17:31:00.613   613   613 D RILJ    : [3676]> OPERATOR [SUB0]
05-06 17:31:00.613   613   771 D RILJ    : [UNSL]< UNSOL_RESPONSE_VOICE_NETWORK_STATE_CHANGED [SUB0]
05-06 17:31:00.614   613   613 D RILJ    : [3677]> DATA_REGISTRATION_STATE [SUB0]
05-06 17:31:00.615   221  1321 D WH-AT   : ============AT< OK
05-06 17:31:00.616   221   248 D WH-AT   : ============AT> AT+CMEE=1
05-06 17:31:00.616   613   613 D RILJ    : [3678]> VOICE_REGISTRATION_STATE [SUB0]
05-06 17:31:00.618   613   613 D RILJ    : [3679]> QUERY_NETWORK_SELECTION_MODE [SUB0]
05-06 17:31:00.619   221  1321 D WH-AT   : ============AT< OK
05-06 17:31:00.619   221   248 D WH-AT   : ============AT> AT+CREG=2
05-06 17:31:00.620   613   613 D RILJ    : [3680]> OPERATOR [SUB0]
05-06 17:31:00.621   613   613 D RILJ    : [3681]> DATA_REGISTRATION_STATE [SUB0]
05-06 17:31:00.623   613   613 D RILJ    : [3682]> VOICE_REGISTRATION_STATE [SUB0]
05-06 17:31:00.623   221  1321 D WH-AT   : ============AT< OK
05-06 17:31:00.623   221   248 D WH-AT   : ============AT> AT+CEREG=2
05-06 17:31:00.624   613   613 D RILJ    : [3683]> QUERY_NETWORK_SELECTION_MODE [SUB0]
05-06 17:31:00.627   221  1321 D WH-AT   : ============AT< OK
05-06 17:31:00.627   221   248 D WH-AT   : ============AT> AT+CCWA=1
05-06 17:31:00.631   221  1321 D WH-AT   : ============AT< OK
05-06 17:31:00.631   221   248 D WH-AT   : ============AT> AT+CMOD=0
05-06 17:31:00.634   221  1321 D WH-AT   : ============AT< OK
05-06 17:31:00.635   221   248 D WH-AT   : ============AT> AT+CSSN=0,1
05-06 17:31:00.638   221  1321 D WH-AT   : ============AT< OK
05-06 17:31:00.638   221   248 D WH-AT   : ============AT> AT+COLP=0
05-06 17:31:00.642   221  1321 D WH-AT   : ============AT< OK
05-06 17:31:00.642   221   248 D WH-AT   : ============AT> AT+CUSD=1
05-06 17:31:00.646   221  1321 D WH-AT   : ============AT< OK
05-06 17:31:00.646   221   248 D WH-AT   : ============AT> AT+CMGF=0
05-06 17:31:00.650   221  1321 D WH-AT   : ============AT< OK
05-06 17:31:00.651   221   248 D WH-AT   : ============AT> AT+ZMMI=1
05-06 17:31:00.654   221  1321 D WH-AT   : ============AT< OK
05-06 17:31:00.654   221   248 D WH-AT   : ============AT> AT+CFUN?
05-06 17:31:00.658   221  1321 D WH-AT   : ============AT< +CFUN: 1
05-06 17:31:00.658   221  1321 D WH-AT   : ============AT< OK
05-06 17:31:00.658   221   248 D WH-RIL  : setRadioState 2
05-06 17:31:00.658   221   248 D RILC    : [UNSL]< UNSOL_VOICE_RADIO_TECH_CHANGED {3}
05-06 17:31:00.659   221   248 D RILC    : [UNSL]< UNSOL_VOICE_RADIO_TECH_CHANGED {3} {RADIO_SIM_NOT_READY}
05-06 17:31:00.659   221   248 D WH-AT   : ============AT> AT+CPIN?
05-06 17:31:00.659   613   771 D RILJ    : [UNSL]< UNSOL_VOICE_RADIO_TECH_CHANGED {3} [SUB0]
05-06 17:31:00.660   613   771 D RILJ    : [UNSL]< UNSOL_RESPONSE_RADIO_STATE_CHANGED RADIO_ON [SUB0]
05-06 17:31:00.660   613   613 D GsmCdmaPhone: [GsmCdmaPhone] EVENT_VOICE_RADIO_TECH_CHANGED: newVoiceTech=3
05-06 17:31:00.660   613   613 D GsmCdmaPhone: [GsmCdmaPhone] phoneObjectUpdater: newVoiceRadioTech=3
05-06 17:31:00.660   613   613 D GsmCdmaPhone: [GsmCdmaPhone] phoneObjectUpdater: No change ignore, newVoiceRadioTech=3 mActivePhone=GSM
05-06 17:31:00.661   613   613 D SST     : mDeviceShuttingDown=false, mDesiredPowerState=true, getRadioState=RADIO_ON, mPowerOffDelayNeed=true, mAlarmSwitch=false, mRadioDisabledByCarrier=false
05-06 17:31:00.662   613   613 D RILJ    : [3684]> OPERATOR [SUB0]
05-06 17:31:00.662   221  1321 D WH-AT   : ============AT< +CME ERROR: 10
05-06 17:31:00.663   221   248 D WH-RIL  : setRadioState 3
05-06 17:31:00.663   221   248 D RILC    : [UNSL]< UNSOL_RESPONSE_SIM_STATUS_CHANGED 
05-06 17:31:00.663   221   248 D RILC    : [UNSL]< UNSOL_RESPONSE_SIM_STATUS_CHANGED  {RADIO_SIM_LOCKED_OR_ABSENT}
05-06 17:31:00.663   613   771 D RILJ    : [UNSL]< UNSOL_RESPONSE_SIM_STATUS_CHANGED [SUB0]
05-06 17:31:00.664   221   248 D RILC    : [0009]> SCREEN_STATE (1)
05-06 17:31:00.664   613   771 D RILJ    : [UNSL]< UNSOL_RESPONSE_RADIO_STATE_CHANGED RADIO_ON [SUB0]
05-06 17:31:00.664   221   248 D WH-RIL  : onRequest: SCREEN_STATE,3,61
05-06 17:31:00.664   221   248 D RILC    : [UNSL]< UNSOL_RESPONSE_VOICE_NETWORK_STATE_CHANGED 
05-06 17:31:00.664   221   248 D RILC    : [0009]< SCREEN_STATE
05-06 17:31:00.664   221   248 D RILC    : [0010]> RADIO_POWER (1)
05-06 17:31:00.664   221   248 D WH-RIL  : onRequest: RADIO_POWER,3,23
05-06 17:31:00.664   613   613 D RILJ    : [3685]> DATA_REGISTRATION_STATE [SUB0]
05-06 17:31:00.664   221   248 D WH-RIL  : requestRadioPower onOff 1, sState 3 
05-06 17:31:00.664   221   248 D RILC    : [0010]< RADIO_POWER
05-06 17:31:00.664   221   248 D RILC    : [0011]> OPERATOR 
05-06 17:31:00.665   221   248 D WH-RIL  : onRequest: OPERATOR,3,22
05-06 17:31:00.665   221   248 D WH-AT   : ============AT> AT+COPS=3,0;+COPS?;+COPS=3,1;+COPS?;+COPS=3,2;+COPS?
05-06 17:31:00.665   613   771 D RILJ    : [UNSL]< UNSOL_RESPONSE_VOICE_NETWORK_STATE_CHANGED [SUB0]
05-06 17:31:00.666   613   771 D RILJ    : [3657]< SCREEN_STATE  [SUB0]
05-06 17:31:00.667   613   613 D RILJ    : [3686]> VOICE_REGISTRATION_STATE [SUB0]
05-06 17:31:00.667   613   771 D RILJ    : [3658]< RADIO_POWER  [SUB0]
05-06 17:31:00.669   221  1321 D WH-AT   : ============AT< +COPS: 0
05-06 17:31:00.669   221  1321 D WH-AT   : ============AT< +COPS: 0
05-06 17:31:00.669   221  1321 D WH-AT   : ============AT< +COPS: 0
05-06 17:31:00.669   221  1321 D WH-AT   : ============AT< OK
05-06 17:31:00.669   613   613 D RILJ    : [3687]> QUERY_NETWORK_SELECTION_MODE [SUB0]
05-06 17:31:00.670   221   248 E WH-RIL  : requestOperator (null),(null),(null)
05-06 17:31:00.670   221   248 D RILC    : [0011]< OPERATOR {(null),(null),(null)}
05-06 17:31:00.671   613   771 D RILJ    : [3659]< OPERATOR {null, null, null} [SUB0]
05-06 17:31:00.671   613   613 D UiccController: Received EVENT_ICC_STATUS_CHANGED, calling getIccCardStatus
05-06 17:31:00.671   221   248 D RILC    : [0012]> DATA_REGISTRATION_STATE 
05-06 17:31:00.671   221   248 D WH-RIL  : onRequest: DATA_REGISTRATION_STATE,3,21
05-06 17:31:00.671   221   248 D WH-AT   : ============AT> AT+CEREG?
05-06 17:31:00.672   613   613 D RILJ    : [3688]> GET_SIM_STATUS [SUB0]
05-06 17:31:00.673   613   613 D RILJ    : [3689]> GET_CURRENT_CALLS [SUB0]
05-06 17:31:00.675   613   613 D RILJ    : [3690]> RIL_REQUEST_IMS_REGISTRATION_STATE [SUB0]
05-06 17:31:00.675   221  1321 D WH-AT   : ============AT< +CEREG: 2,2
05-06 17:31:00.675   221  1321 D WH-AT   : ============AT< OK
05-06 17:31:00.675   221   248 E WH-RIL  : requestRegistrationState response[3]:0
05-06 17:31:00.675   221   248 D RILC    : [0012]< DATA_REGISTRATION_STATE {2}
05-06 17:31:00.675   221   248 D RILC    : [0013]> VOICE_REGISTRATION_STATE 
05-06 17:31:00.676   221   248 D WH-RIL  : onRequest: VOICE_REGISTRATION_STATE,3,20
05-06 17:31:00.676   221   248 D WH-AT   : ============AT> AT+CREG?
05-06 17:31:00.676   613   771 D RILJ    : [3660]< DATA_REGISTRATION_STATE {2} [SUB0]
05-06 17:31:00.677   613   613 D RILJ    : [3691]> RIL_REQUEST_CDMA_GET_SUBSCRIPTION_SOURCE [SUB0]
05-06 17:31:00.678   613   613 D GsmCdmaPhone: [GsmCdmaPhone] Event EVENT_RADIO_ON Received
05-06 17:31:00.679   613   613 D RILJ    : [3692]> RIL_REQUEST_VOICE_RADIO_TECH [SUB0]
05-06 17:31:00.679   221  1321 D WH-AT   : ============AT< +CREG: 2,0
05-06 17:31:00.680   221  1321 D WH-AT   : ============AT< OK
05-06 17:31:00.680   221   248 D WH-AT   : ============AT> AT^SYSINFO
05-06 17:31:00.680   613   613 D UiccController: Received EVENT_ICC_STATUS_CHANGED, calling getIccCardStatus
05-06 17:31:00.681   613   613 D RILJ    : [3693]> GET_SIM_STATUS [SUB0]
05-06 17:31:00.682   613   613 D RILJ    : [3694]> OPERATOR [SUB0]
05-06 17:31:00.683   613   613 D RILJ    : [3695]> DATA_REGISTRATION_STATE [SUB0]
05-06 17:31:00.684   221  1321 D WH-AT   : ============AT< ^SYSINFO: 1,0,0,3,255,,3
05-06 17:31:00.684   221  1321 D WH-AT   : ============AT< OK
05-06 17:31:00.684   221   248 E WH-RIL  : requestRegistrationState srv_status:1
05-06 17:31:00.684   221   248 E WH-RIL  : requestRegistrationState response[3]:0
05-06 17:31:00.684   221   248 D RILC    : [0013]< VOICE_REGISTRATION_STATE {0}
05-06 17:31:00.685   613   613 D RILJ    : [3696]> VOICE_REGISTRATION_STATE [SUB0]
05-06 17:31:00.685   221   248 D RILC    : [0014]> QUERY_NETWORK_SELECTION_MODE 
