05-05 10:20:56.570   219   239 D WH-RIL  : onRequest: <unknown request>,4,132
05-05 10:20:56.570   219   239 D WH-RIL  : onRequest: <unknown request> not supported
05-05 10:20:56.570   219   239 D WH-RIL  : onRequest: OPERATOR,4,22
05-05 10:20:56.570   609   769 D RILJ    : [3665]< GET_IMEISV  [SUB0]
05-05 10:20:56.570   219   239 D WH-AT   : ============AT> AT+COPS=3,0;+COPS?;+COPS=3,1;+COPS?;+COPS=3,2;+COPS?
05-05 10:20:56.571   609   769 D RILJ    : responseRadioCapability: version= 1, session=0, phase=0, rat=249358, logicModemUuid=com.wh.lm0, status=1 [SUB0]
05-05 10:20:56.571   609   769 D RILJ    : [3666]< RIL_REQUEST_GET_RADIO_CAPABILITY {mPhoneId = 0 mVersion=1 mSession=0 mPhase=0 mRadioAccessFamily=249358 mLogicModemId=com.wh.lm0 mStatus=1} [SUB0]
05-05 10:20:56.572   609   609 D GsmCdmaPhone: EVENT_GET_RADIO_CAPABILITY: phone rc: {mPhoneId = 0 mVersion=1 mSession=0 mPhase=0 mRadioAccessFamily=249358 mLogicModemId=com.wh.lm0 mStatus=1}
05-05 10:20:56.572   609   769 D RilRequest: [3667]< RIL_REQUEST_START_LCE error: com.android.internal.telephony.CommandException: REQUEST_NOT_SUPPORTED ret=
05-05 10:20:56.572   609   609 D Phone   : config LCE service failed: com.android.internal.telephony.CommandException: REQUEST_NOT_SUPPORTED
05-05 10:20:56.573   219  1310 D WH-AT   : ============AT< +COPS: 0,0,"CHINA-UNICOM",7,1
05-05 10:20:56.573   219  1310 D WH-AT   : ============AT< +COPS: 0,1,"UNICOM",7,1
05-05 10:20:56.573   219  1310 D WH-AT   : ============AT< +COPS: 0,2,"46001",7,1
05-05 10:20:56.574   219  1310 D WH-AT   : ============AT< OK
05-05 10:20:56.574   219   239 E WH-RIL  : requestOperator CHINA-UNICOM,UNICOM,46001
05-05 10:20:56.574   219   239 D WH-RIL  : onRequest: DATA_REGISTRATION_STATE,4,21
05-05 10:20:56.574   219   239 D WH-AT   : ============AT> AT+CEREG?
05-05 10:20:56.575   609   769 D RILJ    : [3668]< OPERATOR {CHINA-UNICOM, UNICOM, 46001} [SUB0]
05-05 10:20:56.576   219  1310 D WH-AT   : ============AT< +CEREG: 2,1,"521C","03207502",7,1
05-05 10:20:56.577   219  1310 D WH-AT   : ============AT< OK
05-05 10:20:56.577   219   239 E WH-RIL  : requestRegistrationState response[3]:7
05-05 10:20:56.577   219   239 D WH-RIL  : onRequest: VOICE_REGISTRATION_STATE,4,20
05-05 10:20:56.577   219   239 D WH-AT   : ============AT> AT+CREG?
05-05 10:20:56.578   609   769 D RILJ    : [3669]< DATA_REGISTRATION_STATE {1, 521c, 3207502, 14} [SUB0]
05-05 10:20:56.579   219  1310 D WH-AT   : ============AT< +CREG: 2,1,"D306","03207502",7,1
05-05 10:20:56.579   219  1310 D WH-AT   : ============AT< OK
05-05 10:20:56.579   219   239 E WH-RIL  : requestRegistrationState response[3]:7
05-05 10:20:56.580   219   239 D WH-RIL  : onRequest: QUERY_NETWORK_SELECTION_MODE,4,45
05-05 10:20:56.580   219   239 D WH-AT   : ============AT> AT+COPS?
05-05 10:20:56.580   609   769 D RILJ    : [3670]< VOICE_REGISTRATION_STATE {1, d306, 3207502, 14} [SUB0]
05-05 10:20:56.582   219  1310 D WH-AT   : ============AT< +COPS: 0,2,"46001",7,1
05-05 10:20:56.582   219  1310 D WH-AT   : ============AT< OK
05-05 10:20:56.582   219   239 D WH-RIL  : onRequest: OPERATOR,4,22
05-05 10:20:56.582   219   239 D WH-AT   : ============AT> AT+COPS=3,0;+COPS?;+COPS=3,1;+COPS?;+COPS=3,2;+COPS?
05-05 10:20:56.583   609   769 D RILJ    : [3671]< QUERY_NETWORK_SELECTION_MODE {0} [SUB0]
05-05 10:20:56.583   609   609 D SST     : EVENT_POLL_STATE_NETWORK_SELECTION_MODE
05-05 10:20:56.585   219  1310 D WH-AT   : ============AT< +COPS: 0,0,"CHINA-UNICOM",7,1
05-05 10:20:56.585   219  1310 D WH-AT   : ============AT< +COPS: 0,1,"UNICOM",7,1
05-05 10:20:56.586   219  1310 D WH-AT   : ============AT< +COPS: 0,2,"46001",7,1
05-05 10:20:56.586   219  1310 D WH-AT   : ============AT< OK
05-05 10:20:56.586   219   239 E WH-RIL  : requestOperator CHINA-UNICOM,UNICOM,46001
05-05 10:20:56.586   219   239 D WH-RIL  : onRequest: DATA_REGISTRATION_STATE,4,21
05-05 10:20:56.587   219   239 D WH-AT   : ============AT> AT+CEREG?
05-05 10:20:56.587   609   769 D RILJ    : [3672]< OPERATOR {CHINA-UNICOM, UNICOM, 46001} [SUB0]
05-05 10:20:56.589   219  1310 D WH-AT   : ============AT< +CEREG: 2,1,"521C","03207502",7,1
05-05 10:20:56.589   219  1310 D WH-AT   : ============AT< OK
05-05 10:20:56.589   219   239 E WH-RIL  : requestRegistrationState response[3]:7
05-05 10:20:56.589   219   239 D WH-RIL  : onRequest: VOICE_REGISTRATION_STATE,4,20
05-05 10:20:56.589   219   239 D WH-AT   : ============AT> AT+CREG?
05-05 10:20:56.590   609   769 D RILJ    : [3673]< DATA_REGISTRATION_STATE {1, 521c, 3207502, 14} [SUB0]
05-05 10:20:56.592   219  1310 D WH-AT   : ============AT< +CREG: 2,1,"D306","03207502",7,1
05-05 10:20:56.592   219  1310 D WH-AT   : ============AT< OK
05-05 10:20:56.592   219   239 E WH-RIL  : requestRegistrationState response[3]:7
05-05 10:20:56.592   219   239 D WH-RIL  : onRequest: QUERY_NETWORK_SELECTION_MODE,4,45
05-05 10:20:56.592   219   239 D WH-AT   : ============AT> AT+COPS?
05-05 10:20:56.593   609   769 D RILJ    : [3674]< VOICE_REGISTRATION_STATE {1, d306, 3207502, 14} [SUB0]
05-05 10:20:56.594   219  1310 D WH-AT   : ============AT< +COPS: 0,2,"46001",7,1
05-05 10:20:56.595   219  1310 D WH-AT   : ============AT< OK
05-05 10:20:56.595   219   239 D WH-RIL  : onRequest: OPERATOR,4,22
05-05 10:20:56.595   219   239 D WH-AT   : ============AT> AT+COPS=3,0;+COPS?;+COPS=3,1;+COPS?;+COPS=3,2;+COPS?
05-05 10:20:56.595   609   769 D RILJ    : [3675]< QUERY_NETWORK_SELECTION_MODE {0} [SUB0]
05-05 10:20:56.595   609   609 D SST     : EVENT_POLL_STATE_NETWORK_SELECTION_MODE
05-05 10:20:56.598   219  1310 D WH-AT   : ============AT< +COPS: 0,0,"CHINA-UNICOM",7,1
05-05 10:20:56.598   219  1310 D WH-AT   : ============AT< +COPS: 0,1,"UNICOM",7,1
05-05 10:20:56.598   219  1310 D WH-AT   : ============AT< +COPS: 0,2,"46001",7,1
05-05 10:20:56.598   219  1310 D WH-AT   : ============AT< OK
05-05 10:20:56.598   219   239 E WH-RIL  : requestOperator CHINA-UNICOM,UNICOM,46001
05-05 10:20:56.599   219   239 D WH-RIL  : onRequest: DATA_REGISTRATION_STATE,4,21
05-05 10:20:56.599   219   239 D WH-AT   : ============AT> AT+CEREG?
05-05 10:20:56.599   609   769 D RILJ    : [3676]< OPERATOR {CHINA-UNICOM, UNICOM, 46001} [SUB0]
05-05 10:20:56.601   219  1310 D WH-AT   : ============AT< +CEREG: 2,1,"521C","03207502",7,1
05-05 10:20:56.601   219  1310 D WH-AT   : ============AT< OK
05-05 10:20:56.602   219   239 E WH-RIL  : requestRegistrationState response[3]:7
05-05 10:20:56.602   219   239 D WH-RIL  : onRequest: VOICE_REGISTRATION_STATE,4,20
05-05 10:20:56.602   219   239 D WH-AT   : ============AT> AT+CREG?
05-05 10:20:56.602   609   769 D RILJ    : [3677]< DATA_REGISTRATION_STATE {1, 521c, 3207502, 14} [SUB0]
05-05 10:20:56.604   219  1310 D WH-AT   : ============AT< +CREG: 2,1,"D306","03207502",7,1
05-05 10:20:56.604   219  1310 D WH-AT   : ============AT< OK
05-05 10:20:56.604   219   239 E WH-RIL  : requestRegistrationState response[3]:7
05-05 10:20:56.605   219   239 D WH-RIL  : onRequest: QUERY_NETWORK_SELECTION_MODE,4,45
05-05 10:20:56.605   219   239 D WH-AT   : ============AT> AT+COPS?
05-05 10:20:56.605   609   769 D RILJ    : [3678]< VOICE_REGISTRATION_STATE {1, d306, 3207502, 14} [SUB0]
05-05 10:20:56.607   219  1310 D WH-AT   : ============AT< +COPS: 0,2,"46001",7,1
05-05 10:20:56.607   219  1310 D WH-AT   : ============AT< OK
05-05 10:20:56.607   219   239 D WH-RIL  : onRequest: OPERATOR,4,22
05-05 10:20:56.607   219   239 D WH-AT   : ============AT> AT+COPS=3,0;+COPS?;+COPS=3,1;+COPS?;+COPS=3,2;+COPS?
05-05 10:20:56.607   609   769 D RILJ    : [3679]< QUERY_NETWORK_SELECTION_MODE {0} [SUB0]
05-05 10:20:56.607   609   609 D SST     : EVENT_POLL_STATE_NETWORK_SELECTION_MODE
05-05 10:20:56.610   219  1310 D WH-AT   : ============AT< +COPS: 0,0,"CHINA-UNICOM",7,1
05-05 10:20:56.610   219  1310 D WH-AT   : ============AT< +COPS: 0,1,"UNICOM",7,1
05-05 10:20:56.610   219  1310 D WH-AT   : ============AT< +COPS: 0,2,"46001",7,1
05-05 10:20:56.611   219  1310 D WH-AT   : ============AT< OK
05-05 10:20:56.611   219   239 E WH-RIL  : requestOperator CHINA-UNICOM,UNICOM,46001
05-05 10:20:56.611   219   239 D WH-RIL  : onRequest: DATA_REGISTRATION_STATE,4,21
05-05 10:20:56.611   219   239 D WH-AT   : ============AT> AT+CEREG?
05-05 10:20:56.611   609   769 D RILJ    : [3680]< OPERATOR {CHINA-UNICOM, UNICOM, 46001} [SUB0]
05-05 10:20:56.614   219  1310 D WH-AT   : ============AT< +CEREG: 2,1,"521C","03207502",7,1
05-05 10:20:56.614   219  1310 D WH-AT   : ============AT< OK
05-05 10:20:56.614   219   239 E WH-RIL  : requestRegistrationState response[3]:7
05-05 10:20:56.614   219   239 D WH-RIL  : onRequest: VOICE_REGISTRATION_STATE,4,20
05-05 10:20:56.614   219   239 D WH-AT   : ============AT> AT+CREG?
05-05 10:20:56.615   609   769 D RILJ    : [3681]< DATA_REGISTRATION_STATE {1, 521c, 3207502, 14} [SUB0]
05-05 10:20:56.616   219  1310 D WH-AT   : ============AT< +CREG: 2,1,"D306","03207502",7,1
05-05 10:20:56.617   219  1310 D WH-AT   : ============AT< OK
05-05 10:20:56.617   219   239 E WH-RIL  : requestRegistrationState response[3]:7
05-05 10:20:56.617   219   239 D WH-RIL  : onRequest: QUERY_NETWORK_SELECTION_MODE,4,45
05-05 10:20:56.617   219   239 D WH-AT   : ============AT> AT+COPS?
05-05 10:20:56.618   609   769 D RILJ    : [3682]< VOICE_REGISTRATION_STATE {1, d306, 3207502, 14} [SUB0]
05-05 10:20:56.619   219  1310 D WH-AT   : ============AT< +COPS: 0,2,"46001",7,1
05-05 10:20:56.620   219  1310 D WH-AT   : ============AT< OK
05-05 10:20:56.620   219   239 D WH-RIL  : onRequest: OPERATOR,4,22
05-05 10:20:56.620   219   239 D WH-AT   : ============AT> AT+COPS=3,0;+COPS?;+COPS=3,1;+COPS?;+COPS=3,2;+COPS?
05-05 10:20:56.621   609   769 D RILJ    : [3683]< QUERY_NETWORK_SELECTION_MODE {0} [SUB0]
05-05 10:20:56.621   609   609 D SST     : EVENT_POLL_STATE_NETWORK_SELECTION_MODE
05-05 10:20:56.623   219  1310 D WH-AT   : ============AT< +COPS: 0,0,"CHINA-UNICOM",7,1
05-05 10:20:56.623   219  1310 D WH-AT   : ============AT< +COPS: 0,1,"UNICOM",7,1
05-05 10:20:56.623   219  1310 D WH-AT   : ============AT< +COPS: 0,2,"46001",7,1
05-05 10:20:56.624   219  1310 D WH-AT   : ============AT< OK
05-05 10:20:56.624   219   239 E WH-RIL  : requestOperator CHINA-UNICOM,UNICOM,46001
05-05 10:20:56.624   219   239 D WH-RIL  : onRequest: DATA_REGISTRATION_STATE,4,21
05-05 10:20:56.624   219   239 D WH-AT   : ============AT> AT+CEREG?
05-05 10:20:56.624   609   769 D RILJ    : [3684]< OPERATOR {CHINA-UNICOM, UNICOM, 46001} [SUB0]
05-05 10:20:56.626   219  1310 D WH-AT   : ============AT< +CEREG: 2,1,"521C","03207502",7,1
05-05 10:20:56.626   219  1310 D WH-AT   : ============AT< OK
05-05 10:20:56.627   219   239 E WH-RIL  : requestRegistrationState response[3]:7
05-05 10:20:56.627   219   239 D WH-RIL  : onRequest: VOICE_REGISTRATION_STATE,4,20
05-05 10:20:56.627   219   239 D WH-AT   : ============AT> AT+CREG?
05-05 10:20:56.627   609   769 D RILJ    : [3685]< DATA_REGISTRATION_STATE {1, 521c, 3207502, 14} [SUB0]
05-05 10:20:56.629   219  1310 D WH-AT   : ============AT< +CREG: 2,1,"D306","03207502",7,1
05-05 10:20:56.629   219  1310 D WH-AT   : ============AT< OK
05-05 10:20:56.629   219   239 E WH-RIL  : requestRegistrationState response[3]:7
05-05 10:20:56.629   219   239 D WH-RIL  : onRequest: QUERY_NETWORK_SELECTION_MODE,4,45
05-05 10:20:56.630   219   239 D WH-AT   : ============AT> AT+COPS?
05-05 10:20:56.630   609   769 D RILJ    : [3686]< VOICE_REGISTRATION_STATE {1, d306, 3207502, 14} [SUB0]
05-05 10:20:56.632   219  1310 D WH-AT   : ============AT< +COPS: 0,2,"46001",7,1
05-05 10:20:56.632   219  1310 D WH-AT   : ============AT< OK
05-05 10:20:56.632   219   239 D WH-RIL  : onRequest: OPERATOR,4,22
05-05 10:20:56.632   219   239 D WH-AT   : ============AT> AT+COPS=3,0;+COPS?;+COPS=3,1;+COPS?;+COPS=3,2;+COPS?
05-05 10:20:56.633   609   769 D RILJ    : [3687]< QUERY_NETWORK_SELECTION_MODE {0} [SUB0]
05-05 10:20:56.633   609   609 D SST     : EVENT_POLL_STATE_NETWORK_SELECTION_MODE
05-05 10:20:56.635   219  1310 D WH-AT   : ============AT< +COPS: 0,0,"CHINA-UNICOM",7,1
05-05 10:20:56.635   219  1310 D WH-AT   : ============AT< +COPS: 0,1,"UNICOM",7,1
05-05 10:20:56.635   219  1310 D WH-AT   : ============AT< +COPS: 0,2,"46001",7,1
05-05 10:20:56.636   219  1310 D WH-AT   : ============AT< OK
05-05 10:20:56.636   219   239 E WH-RIL  : requestOperator CHINA-UNICOM,UNICOM,46001
05-05 10:20:56.636   219   239 D WH-RIL  : onRequest: DATA_REGISTRATION_STATE,4,21
05-05 10:20:56.637   219   239 D WH-AT   : ============AT> AT+CEREG?
05-05 10:20:56.637   609   769 D RILJ    : [3688]< OPERATOR {CHINA-UNICOM, UNICOM, 46001} [SUB0]
05-05 10:20:56.639   219  1310 D WH-AT   : ============AT< +CEREG: 2,1,"521C","03207502",7,1
05-05 10:20:56.639   219  1310 D WH-AT   : ============AT< OK
05-05 10:20:56.639   219   239 E WH-RIL  : requestRegistrationState response[3]:7
05-05 10:20:56.639   219   239 D WH-RIL  : onRequest: VOICE_REGISTRATION_STATE,4,20
05-05 10:20:56.639   219   239 D WH-AT   : ============AT> AT+CREG?
05-05 10:20:56.640   609   769 D RILJ    : [3689]< DATA_REGISTRATION_STATE {1, 521c, 3207502, 14} [SUB0]
05-05 10:20:56.642   219  1310 D WH-AT   : ============AT< +CREG: 2,1,"D306","03207502",7,1
05-05 10:20:56.642   219  1310 D WH-AT   : ============AT< OK
05-05 10:20:56.642   219   239 E WH-RIL  : requestRegistrationState response[3]:7
05-05 10:20:56.642   219   239 D WH-RIL  : onRequest: QUERY_NETWORK_SELECTION_MODE,4,45
05-05 10:20:56.642   219   239 D WH-AT   : ============AT> AT+COPS?
05-05 10:20:56.643   609   769 D RILJ    : [3690]< VOICE_REGISTRATION_STATE {1, d306, 3207502, 14} [SUB0]
05-05 10:20:56.644   219  1310 D WH-AT   : ============AT< +COPS: 0,2,"46001",7,1
05-05 10:20:56.645   219  1310 D WH-AT   : ============AT< OK
05-05 10:20:56.645   219   239 D WH-RIL  : onRequest: GET_SIM_STATUS,4,1
05-05 10:20:56.645   219   239 D WH-AT   : ============AT> AT+CPIN?
05-05 10:20:56.645   609   769 D RILJ    : [3691]< QUERY_NETWORK_SELECTION_MODE {0} [SUB0]
05-05 10:20:56.646   609   609 D SST     : EVENT_POLL_STATE_NETWORK_SELECTION_MODE
05-05 10:20:56.647   219  1310 D WH-AT   : ============AT< +CPIN: READY
05-05 10:20:56.647   219  1310 D WH-AT   : ============AT< OK
05-05 10:20:56.648   219   239 D WH-RIL  : onRequest: GET_CURRENT_CALLS,4,9
05-05 10:20:56.648   219   239 D WH-AT   : ============AT> AT+CLCC
05-05 10:20:56.651   219  1310 D WH-AT   : ============AT< OK
05-05 10:20:56.651   219   239 D WH-RIL  : onRequest: IMS_REGISTRATION_STATE,4,112
05-05 10:20:56.651   219   239 D WH-RIL  : onRequest: IMS_REGISTRATION_STATE not supported
05-05 10:20:56.651   609   769 D RILJ    : [3692]< GET_SIM_STATUS IccCardState {CARDSTATE_PRESENT,PINSTATE_UNKNOWN,num_apps=1,gsm_id=0{APPTYPE_SIM,APPSTATE_READY},cdma_id=8,ims_id=8} [SUB0]
05-05 10:20:56.651   219   239 D WH-RIL  : onRequest: GET_SIM_STATUS,4,1
05-05 10:20:56.651   219   239 D WH-AT   : ============AT> AT+CPIN?
05-05 10:20:56.651   609   609 D UiccController: Received EVENT_GET_ICC_STATUS_DONE
05-05 10:20:56.652   609   769 D RILJ    : [3693]< GET_CURRENT_CALLS {} [SUB0]
05-05 10:20:56.652   609   609 D UiccCard: 1 applications
05-05 10:20:56.653   609   609 D UiccCardApplication: Creating UiccApp: {APPTYPE_SIM,APPSTATE_READY}
05-05 10:20:56.653   609   769 D RilRequest: [3694]< RIL_REQUEST_IMS_REGISTRATION_STATE error: com.android.internal.telephony.CommandException: REQUEST_NOT_SUPPORTED ret=
05-05 10:20:56.653   609   769 D RILJ    : [3695]< RIL_REQUEST_CDMA_GET_SUBSCRIPTION_SOURCE {0} [SUB0]
05-05 10:20:56.653   219  1310 D WH-AT   : ============AT< +CPIN: READY
05-05 10:20:56.654   219  1310 D WH-AT   : ============AT< OK
05-05 10:20:56.654   219   239 D WH-RIL  : onRequest: OPERATOR,4,22
05-05 10:20:56.654   219   239 D WH-AT   : ============AT> AT+COPS=3,0;+COPS?;+COPS=3,1;+COPS?;+COPS=3,2;+COPS?
05-05 10:20:56.654   609   769 D RILJ    : [3696]< RIL_REQUEST_VOICE_RADIO_TECH {3} [SUB0]
05-05 10:20:56.655   609   769 D RILJ    : [3697]< GET_SIM_STATUS IccCardState {CARDSTATE_PRESENT,PINSTATE_UNKNOWN,num_apps=1,gsm_id=0{APPTYPE_SIM,APPSTATE_READY},cdma_id=8,ims_id=8} [SUB0]
05-05 10:20:56.657   219  1310 D WH-AT   : ============AT< +COPS: 0,0,"CHINA-UNICOM",7,1
05-05 10:20:56.658   219  1310 D WH-AT   : ============AT< +COPS: 0,1,"UNICOM",7,1
05-05 10:20:56.658   219  1310 D WH-AT   : ============AT< +COPS: 0,2,"46001",7,1
05-05 10:20:56.658   219  1310 D WH-AT   : ============AT< OK
05-05 10:20:56.658   219   239 E WH-RIL  : requestOperator CHINA-UNICOM,UNICOM,46001
05-05 10:20:56.658   219   239 D WH-RIL  : onRequest: DATA_REGISTRATION_STATE,4,21
05-05 10:20:56.658   219   239 D WH-AT   : ============AT> AT+CEREG?
05-05 10:20:56.659   609   769 D RILJ    : [3698]< OPERATOR {CHINA-UNICOM, UNICOM, 46001} [SUB0]
05-05 10:20:56.660   609   609 W VoiceMailConstants: Can't open /system/etc/voicemail-conf.xml
05-05 10:20:56.661   219  1310 D WH-AT   : ============AT< +CEREG: 2,1,"521C","03207502",7,1
05-05 10:20:56.661   219  1310 D WH-AT   : ============AT< OK
05-05 10:20:56.661   219   239 E WH-RIL  : requestRegistrationState response[3]:7
05-05 10:20:56.661   219   239 D WH-RIL  : onRequest: VOICE_REGISTRATION_STATE,4,20
05-05 10:20:56.661   219   239 D WH-AT   : ============AT> AT+CREG?
05-05 10:20:56.662   609   769 D RILJ    : [3699]< DATA_REGISTRATION_STATE {1, 521c, 3207502, 14} [SUB0]
05-05 10:20:56.662   609   609 D SpnOverride: No SPN in OEM image = /oem/telephony/spn-conf.xml Load SPN from system image
05-05 10:20:56.663   219  1310 D WH-AT   : ============AT< +CREG: 2,1,"D306","03207502",7,1
05-05 10:20:56.664   219  1310 D WH-AT   : ============AT< OK
05-05 10:20:56.664   219   239 E WH-RIL  : requestRegistrationState response[3]:7
05-05 10:20:56.664   219   239 D WH-RIL  : onRequest: QUERY_NETWORK_SELECTION_MODE,4,45
05-05 10:20:56.664   219   239 D WH-AT   : ============AT> AT+COPS?
05-05 10:20:56.664   609   769 D RILJ    : [3700]< VOICE_REGISTRATION_STATE {1, d306, 3207502, 14} [SUB0]
05-05 10:20:56.666   219  1310 D WH-AT   : ============AT< +COPS: 0,2,"46001",7,1
05-05 10:20:56.666   219  1310 D WH-AT   : ============AT< OK
05-05 10:20:56.667   609   769 D RILJ    : [3701]< QUERY_NETWORK_SELECTION_MODE {0} [SUB0]
05-05 10:20:56.697   609   609 D SIMRecords: [SIMRecords] setting0 mMncLength-1
05-05 10:20:56.697   609   609 D SIMRecords: [SIMRecords] SIMRecords: onRadioOffOrNotAvailable set 'gsm.sim.operator.numeric' to operator=null
05-05 10:20:56.697   609   609 D SIMRecords: [SIMRecords] update icc_operator_numeric=null
05-05 10:20:56.697   609   609 D TelephonyManager: setTelephonyProperty: success phoneId=0 property=gsm.sim.operator.numeric value:  propVal=
05-05 10:20:56.698   609   609 D TelephonyManager: setTelephonyProperty: success phoneId=0 property=gsm.sim.operator.alpha value:  propVal=
05-05 10:20:56.698   609   609 D TelephonyManager: setTelephonyProperty: success phoneId=0 property=gsm.sim.operator.iso-country value:  propVal=
05-05 10:20:56.699   609   609 D UiccCardApplication: Notifying 1 registrant: READY
05-05 10:20:56.700   609   609 D SIMRecords: [SIMRecords] getOperatorNumeric: IMSI == null
05-05 10:20:56.700   609   609 D SIMRecords: [SIMRecords] SIMRecords X ctor this=SimRecords: mDestroyed=false mContext=com.android.phone.PhoneGlobals@34bcf19 mCi=com.android.internal.telephony.RIL@5f81464 mFh=Handler (com.android.internal.telephony.uicc.SIMFileHandler) {6b6fbde} mParentApp=com.android.internal.telephony.uicc.UiccCardApplication@85b11bf recordsLoadedRegistrants=android.os.RegistrantList@6e8f08c mImsiReadyRegistrants=android.os.RegistrantList@2c143d5 mRecordsEventsRegistrants=android.os.RegistrantList@ab2f7ea mNewSmsRegistrants=android.os.RegistrantList@eb90adb mNetworkSelectionModeAutomaticRegistrants=android.os.RegistrantList@67a8978 recordsToLoad=0 adnCache=Handler (com.android.internal.telephony.uicc.AdnRecordCache) {2df4851} recordsRequested=false iccid=null msisdnTag=null voiceMailNum=null voiceMailTag=null voiceMailNum=null newVoiceMailTag=null isVoiceMailFixed=false mImsi=null mncLength=-1 mailboxIndex=0 spn=null mVmConfigcom.android.internal.telephony.uicc.VoiceMailConstants@c0a8b6 mSpnOverride=mSpnOverride callForwardingEnabled=0 spnState=null mCphsInfo=null mCspPlmnEnabled=true efMWIS=null efCPHS_MWI=null mEfCff=null mEfCfis=null getOperatorNumeric=null
05-05 10:20:56.702   609   609 D RILJ    : [3702]> QUERY_FACILITY_LOCK [FD 7 null] [SUB0]
05-05 10:20:56.703   609   609 D RILJ    : [3703]> QUERY_FACILITY_LOCK [SC 7 null] [SUB0]
05-05 10:20:56.704   219   239 D WH-RIL  : onRequest: QUERY_FACILITY_LOCK,4,42
05-05 10:20:56.704   219   239 D WH-AT   : ============AT> AT+CLCK="FD",2
05-05 10:20:56.706   219  1310 D WH-AT   : ============AT< +CLCK: 0,7
05-05 10:20:56.706   219  1310 D WH-AT   : ============AT< OK
05-05 10:20:56.706   219   239 D WH-RIL  : onRequest: QUERY_FACILITY_LOCK,4,42
05-05 10:20:56.706   219   239 D WH-AT   : ============AT> AT+CLCK="SC",2,"",7
05-05 10:20:56.707   609   769 D RILJ    : [3702]< QUERY_FACILITY_LOCK {0} [SUB0]
05-05 10:20:56.708   219  1310 D WH-AT   : ============AT< +CLCK: 0
05-05 10:20:56.709   219  1310 D WH-AT   : ============AT< OK
05-05 10:20:56.709   609   769 D RILJ    : [3703]< QUERY_FACILITY_LOCK {0} [SUB0]
05-05 10:20:56.709   609   609 D CAT     : CatService: registerForRecordsLoaded slotid=0 instance:Handler (com.android.internal.telephony.cat.CatService) {5410f90}
05-05 10:20:56.710   609   609 D CAT     : CatService: Running CAT service on Slotid: 0. STK app installed:false
05-05 10:20:56.710   609   609 D UiccCard: Before privilege rules: null : CARDSTATE_PRESENT
05-05 10:20:56.712   609   609 D RILJ    : [3704]> RIL_REQUEST_SIM_OPEN_CHANNEL [SUB0]
05-05 10:20:56.713   609   609 E UiccCard: App index 8 is invalid since there are no applications
05-05 10:20:56.713   609   609 E UiccCard: App index 8 is invalid since there are no applications
05-05 10:20:56.713   609   609 D UiccCard: update: radioState=RADIO_ON mLastRadioState=RADIO_UNAVAILABLE
05-05 10:20:56.713   609   609 D UiccController: Notifying IccChangedRegistrants
05-05 10:20:56.713   219   239 D WH-RIL  : onRequest: SIM_OPEN_CHANNEL,4,115
05-05 10:20:56.713   219   239 D WH-RIL  : onRequest: SIM_OPEN_CHANNEL not supported
05-05 10:20:56.714   609   769 D RilRequest: [3704]< RIL_REQUEST_SIM_OPEN_CHANNEL error: com.android.internal.telephony.CommandException: REQUEST_NOT_SUPPORTED ret=
05-05 10:20:56.724   609   609 D GsmCdmaCallTracker: Event EVENT_POLL_CALLS_RESULT Received
05-05 10:20:56.724   609   609 D GsmCdmaCallTracker: [GsmCdmaCallTracker] update phone state, old=IDLE new=IDLE
05-05 10:20:56.724   609   609 E RIL_ImsSms: IMS State query failed with exp com.android.internal.telephony.CommandException: REQUEST_NOT_SUPPORTED
05-05 10:20:56.724   609   609 D CdmaSSM : CDMA_SUBSCRIPTION_SOURCE event = 2
05-05 10:20:56.724   609   609 D GsmCdmaPhone: [GsmCdmaPhone] EVENT_REQUEST_VOICE_RADIO_TECH_DONE: newVoiceTech=3
05-05 10:20:56.724   609   609 D GsmCdmaPhone: [GsmCdmaPhone] phoneObjectUpdater: newVoiceRadioTech=3
05-05 10:20:56.724   609   609 D GsmCdmaPhone: [GsmCdmaPhone] phoneObjectUpdater: No change ignore, newVoiceRadioTech=3 mActivePhone=GSM
05-05 10:20:56.724   609   609 D UiccController: Received EVENT_GET_ICC_STATUS_DONE
05-05 10:20:56.724   609   609 D UiccCard: 1 applications
05-05 10:20:56.724   609   609 D UiccCardApplication: APPTYPE_SIM update. New {APPTYPE_SIM,APPSTATE_READY}
05-05 10:20:56.724   609   609 D UiccCard: Before privilege rules: Handler (com.android.internal.telephony.uicc.UiccCarrierPrivilegeRules) {8d1b089} : CARDSTATE_PRESENT
05-05 10:20:56.724   609   609 E UiccCard: App index 8 is invalid since there are no applications
05-05 10:20:56.724   609   609 E UiccCard: App index 8 is invalid since there are no applications
05-05 10:20:56.725   609   609 D UiccCard: update: radioState=RADIO_ON mLastRadioState=RADIO_ON
05-05 10:20:56.725   609   609 D UiccController: Notifying IccChangedRegistrants
05-05 10:20:56.725   609   609 D SST     : handlPollStateResultMessage: GsmSST setDataRegState=0 regState=1 dataRadioTechnology=14
05-05 10:20:56.725   609   609 D SST     : EVENT_POLL_STATE_NETWORK_SELECTION_MODE
05-05 10:20:56.726   609   609 D SST     : useDataRegStateForDataOnlyDevice: VoiceRegState=0 DataRegState=0
05-05 10:20:56.726   609   609 D SST     : Poll ServiceState done:  oldSS=[1 1 voice home data home null null null null null null  Unknown Unknown CSS not supported -1 -1 RoamInd=-1 DefRoamInd=-1 EmergOnly=false IsDataRoamingFromRegistration=false IsUsingCarrierAggregation=false] newSS=[0 0 voice home data home CHINA-UNICOM UNICOM 46001 CHINA-UNICOM UNICOM 46001  LTE LTE CSS not supported -1 -1 RoamInd=-1 DefRoamInd=-1 EmergOnly=false IsDataRoamingFromRegistration=false IsUsingCarrierAggregation=false] oldMaxDataCalls=1 mNewMaxDataCalls=1 oldReasonDataDenied=-1 mNewReasonDataDenied=-1
05-05 10:20:56.727   609   609 D SST     : RAT switched Unknown -> LTE at cell 52458754
05-05 10:20:56.727   609   609 D GsmCdmaPhone: [GsmCdmaPhone] updatePhoneObject: radioTechnology=14
05-05 10:20:56.727   609   609 D TelephonyManager: setTelephonyProperty: success phoneId=0 property=gsm.network.type value: LTE propVal=LTE
05-05 10:20:56.727   609   609 D SST     : pollStateDone: registering current mNitzUpdatedTime=false changing to false
05-05 10:20:56.728   609   609 D SST     : updateSpnDisplay: changed sending intent rule=0 showPlmn='false' plmn='CHINA-UNICOM' showSpn='false' spn='' dataSpn='' subId='-2'
05-05 10:20:56.731   609   609 D SubscriptionController: [setPlmnSpn] No valid subscription to store info
05-05 10:20:56.731   609   609 D SubscriptionController: notifySubscriptionInfoChanged:
05-05 10:20:56.734   609   851 D SubscriptionController: [getActiveSubInfoList] Sub Controller not ready
05-05 10:20:56.735   609  1316 D SubscriptionController: [getActiveSubInfoList] Sub Controller not ready
05-05 10:20:56.735   609   609 D TelephonyManager: setTelephonyProperty: success phoneId=0 property=gsm.operator.alpha value: CHINA-UNICOM propVal=CHINA-UNICOM
05-05 10:20:56.737   609   609 D TelephonyManager: setTelephonyProperty: success phoneId=0 property=gsm.operator.numeric value: 46001 propVal=46001
05-05 10:20:56.737   609   609 D SST     : update mccmnc=46001 fromServiceState=true
05-05 10:20:56.741   609   609 D SubscriptionController: [getPhoneId]- no sims, returning default phoneId=2147483647
05-05 10:20:56.746   609   609 D TelephonyManager: setTelephonyProperty: success phoneId=0 property=gsm.operator.iso-country value: cn propVal=cn
05-05 10:20:56.757   609   609 D SST     : pollStateDone: there are 2 unique offsets for iso-cc='cn testOneUniqueOffsetPath=false', do nothing
05-05 10:20:56.758   609   609 D SST     : shouldFixTimeZoneNow: retVal=false iccCardExist=false operatorNumeric=46001 mcc=460 prevOperatorNumeric= prevMcc=461 needToFixTimeZone=false ltod=05-05 10:20:56.757
05-05 10:20:56.758   609   609 D TelephonyManager: setTelephonyProperty: success phoneId=0 property=gsm.operator.isroaming value: false propVal=false
05-05 10:20:56.758   609   609 D SST     : Broadcasting ServiceState : 0 0 voice home data home CHINA-UNICOM UNICOM 46001 CHINA-UNICOM UNICOM 46001  LTE LTE CSS not supported -1 -1 RoamInd=-1 DefRoamInd=-1 EmergOnly=false IsDataRoamingFromRegistration=false IsUsingCarrierAggregation=false
05-05 10:20:56.759   609   609 D DefaultPhoneNotifier: nofityServiceState: mRegistry=com.android.internal.telephony.ITelephonyRegistry$Stub$Proxy@2c19f18 ss=0 0 voice home data home CHINA-UNICOM UNICOM 46001 CHINA-UNICOM UNICOM 46001  LTE LTE CSS not supported -1 -1 RoamInd=-1 DefRoamInd=-1 EmergOnly=false IsDataRoamingFromRegistration=false IsUsingCarrierAggregation=false sender=Handler (com.android.internal.telephony.GsmCdmaPhone) {239d000} phondId=0 subId=-2
05-05 10:20:56.760   609   609 D SubscriptionController: [getSlotId]- subId invalid
05-05 10:20:56.761   442   501 D TelephonyManager: getSimState: default sim:-1, sim state for slotIdx=0 is 6, return state as unknown
05-05 10:20:56.765   609   609 D SST     : notifyDataRegStateRilRadioTechnologyChanged: drs=0 rat=14
05-05 10:20:56.765   609   609 D TelephonyManager: setTelephonyProperty: success phoneId=0 property=gsm.network.type value: LTE propVal=LTE
05-05 10:20:56.766   609   609 D DCT     : [0]get all active apn types
05-05 10:20:56.766   609   609 D SST     : getCellLocation(): X good mCellLoc=[54022,52458754,-1]
05-05 10:20:56.766   442   501 D TelephonyRegistry: notifyCellLocationForSubscriber: subId=-2 cellLocation=Bundle[mParcelledData.dataSize=64]
05-05 10:20:56.767   609   609 D SIMRecords: [SIMRecords] fetchSimRecords 0
05-05 10:20:56.767   609   609 D RILJ    : [3705]> getIMSI: GET_IMSI aid: null [SUB0]
05-05 10:20:56.768   609   609 D RILJ    : [3706]> iccIO: SIM_IO 0xc0 0x2fe2  path: 3F00,0,0,15 aid: null [SUB0]
05-05 10:20:56.768   219   239 D WH-RIL  : onRequest: GET_IMSI,4,11
05-05 10:20:56.768   219   239 D WH-AT   : ============AT> AT+CIMI
05-05 10:20:56.769   609   609 D RILJ    : [3707]> iccIO: SIM_IO 0xc0 0x6f40  path: 3F007F10,0,0,15 aid: null [SUB0]
05-05 10:20:56.770   219  1310 D WH-AT   : ============AT< +CIMI: 460066524079246
05-05 10:20:56.770   219  1310 D WH-AT   : ============AT< OK
05-05 10:20:56.771   609   609 D RILJ    : [3708]> iccIO: SIM_IO 0xc0 0x6fc9  path: 3F007F20,0,0,15 aid: null [SUB0]
05-05 10:20:56.771   219   239 D WH-RIL  : ril_request_get_imsi, imsi_str= 460066524079246
05-05 10:20:56.771   219   239 D WH-RIL  : onRequest: SIM_IO,4,28
05-05 10:20:56.771   219   239 D WH-AT   : ============AT> AT+CRSM=192,12258,0,0,255
05-05 10:20:56.771   609   769 D RILJ    : [3705]< GET_IMSI  [SUB0]
05-05 10:20:56.772   609   609 D RILJ    : [3709]> iccIO: SIM_IO 0xc0 0x6fad  path: 3F007F20,0,0,15 aid: null [SUB0]
05-05 10:20:56.772   609   609 D RILJ    : [3710]> iccIO: SIM_IO 0xc0 0x6fca  path: 3F007F20,0,0,15 aid: null [SUB0]
05-05 10:20:56.773   609   609 D RILJ    : [3711]> iccIO: SIM_IO 0xc0 0x6f11  path: 3F007F20,0,0,15 aid: null [SUB0]
05-05 10:20:56.774   609   609 D RILJ    : [3712]> iccIO: SIM_IO 0xc0 0x6fcb  path: 3F007F20,0,0,15 aid: null [SUB0]
05-05 10:20:56.775   609   609 D RILJ    : [3713]> iccIO: SIM_IO 0xc0 0x6f13  path: 3F007F20,0,0,15 aid: null [SUB0]
05-05 10:20:56.776   609   609 D RILJ    : [3714]> iccIO: SIM_IO 0xc0 0x6f46  path: 3F007F20,0,0,15 aid: null [SUB0]
05-05 10:20:56.777   609   609 D RILJ    : [3715]> iccIO: SIM_IO 0xc0 0x6fcd  path: 3F007F20,0,0,15 aid: null [SUB0]
05-05 10:20:56.778   609   609 D RILJ    : [3716]> iccIO: SIM_IO 0xc0 0x6fc5  path: 3F007F20,0,0,15 aid: null [SUB0]
05-05 10:20:56.779   609   609 D RILJ    : [3717]> iccIO: SIM_IO 0xc0 0x6f38  path: 3F007F20,0,0,15 aid: null [SUB0]
05-05 10:20:56.780   609   609 D RILJ    : [3718]> iccIO: SIM_IO 0xc0 0x6f16  path: 3F007F20,0,0,15 aid: null [SUB0]
05-05 10:20:56.780   609   609 D RILJ    : [3719]> iccIO: SIM_IO 0xc0 0x6f15  path: 3F007F20,0,0,15 aid: null [SUB0]
05-05 10:20:56.781   609   609 D RILJ    : [3720]> iccIO: SIM_IO 0xc0 0x6f3e  path: 3F007F20,0,0,15 aid: null [SUB0]
05-05 10:20:56.782   609   609 D RILJ    : [3721]> iccIO: SIM_IO 0xc0 0x6f3f  path: 3F007F20,0,0,15 aid: null [SUB0]
05-05 10:20:56.783   609   609 E SIMFileHandler: Error: EF Path being returned in null
05-05 10:20:56.783   609   609 D RILJ    : [3722]> iccIO: SIM_IO 0xc0 0x6f60  path: null,0,0,15 aid: null [SUB0]
05-05 10:20:56.783   609   609 E SIMFileHandler: Error: EF Path being returned in null
05-05 10:20:56.784   609   609 D RILJ    : [3723]> iccIO: SIM_IO 0xc0 0x6f61  path: null,0,0,15 aid: null [SUB0]
05-05 10:20:56.784   609   609 E SIMFileHandler: Error: EF Path being returned in null
05-05 10:20:56.785   609   609 D RILJ    : [3724]> iccIO: SIM_IO 0xc0 0x6f62  path: null,0,0,15 aid: null [SUB0]
05-05 10:20:56.785   609   609 E SIMFileHandler: Error: EF Path being returned in null
05-05 10:20:56.785   609   609 D RILJ    : [3725]> iccIO: SIM_IO 0xc0 0x6fd9  path: null,0,0,15 aid: null [SUB0]
05-05 10:20:56.786   609   609 E SIMFileHandler: Error: EF Path being returned in null
05-05 10:20:56.786   609   609 D RILJ    : [3726]> iccIO: SIM_IO 0xc0 0x6f7b  path: null,0,0,15 aid: null [SUB0]
05-05 10:20:56.787   609   609 D SIMRecords: [SIMRecords] fetchSimRecords 18 requested: true
05-05 10:20:56.787   609   609 D UiccCardApplication: Query facility FDN : FDN service available: true enabled: false
05-05 10:20:56.787   609   609 D UiccCardApplication: Query facility lock : 0
05-05 10:20:56.787   609   609 D UiccCardApplication: Ignoring: pin1state=PINSTATE_UNKNOWN
05-05 10:20:56.787   609   609 D CAT     : CatService: handleMessage[8]
05-05 10:20:56.787   609   609 D CAT     : CatService: MSG_ID_ICC_CHANGED
05-05 10:20:56.787   609   609 D CAT     : CatService: New Card State = CARDSTATE_PRESENT Old Card State = CARDSTATE_ABSENT
05-05 10:20:56.788   609   609 D RILJ    : [3727]> RIL_REQUEST_REPORT_STK_SERVICE_IS_RUNNING [SUB0]
05-05 10:20:56.788   609   609 D GsmCdmaPhone: [GsmCdmaPhone] New Uicc application found. type = APPTYPE_SIM
05-05 10:20:56.789   609   609 D GsmSMSDispatcher: GsmSMSDispatcher: subId = -2 slotId = 0
05-05 10:20:56.789   609   609 D GsmSMSDispatcher: New Uicc application found
05-05 10:20:56.789   609   609 D IccCardProxy: Icc changed. Reregestering.
05-05 10:20:56.789   609   609 D UiccCardApplication: Notifying 1 registrant: READY
05-05 10:20:56.789   609   609 E IccCardProxy: setExternalState: set mPhoneId=0 mExternalState=READY
05-05 10:20:56.789   609   609 D TelephonyManager: setTelephonyProperty: success phoneId=0 property=gsm.sim.state value: READY propVal=READY
05-05 10:20:56.790   609   609 D IccCardProxy: broadcastIccStateChangedIntent intent ACTION_SIM_STATE_CHANGED value=READY reason=null for mPhoneId=0
05-05 10:20:56.791   609   609 D SST     : New card found
05-05 10:20:56.791   609   609 D UiccCardApplication: Notifying 1 registrant: READY
05-05 10:20:56.792   609   609 D CAT     : CatService: handleMessage[8]
05-05 10:20:56.792   609   609 D CAT     : CatService: MSG_ID_ICC_CHANGED
05-05 10:20:56.792   609   609 D CAT     : CatService: New Card State = CARDSTATE_PRESENT Old Card State = CARDSTATE_PRESENT
05-05 10:20:56.793   609   609 D UiccCard: Error in SIM access with exceptioncom.android.internal.telephony.CommandException: REQUEST_NOT_SUPPORTED
05-05 10:20:56.793   609   609 D GsmSMSDispatcher: GsmSMSDispatcher: subId = -2 slotId = 0
05-05 10:20:56.793   609   609 E IccCardProxy: setExternalState: !override and newstate unchanged from READY
05-05 10:20:56.793   609   609 D CAT     : CatService: handleMessage[8]
05-05 10:20:56.793   609   609 D CAT     : CatService: MSG_ID_ICC_CHANGED
05-05 10:20:56.794   609   609 D CAT     : CatService: New Card State = CARDSTATE_PRESENT Old Card State = CARDSTATE_PRESENT
05-05 10:20:56.794   609   609 D GsmCdmaPhone: [GsmCdmaPhone] phoneObjectUpdater: newVoiceRadioTech=14
05-05 10:20:56.795   609   609 D GsmCdmaPhone: [GsmCdmaPhone] phoneObjectUpdater: volteReplacementRat=0
05-05 10:20:56.795   609   609 D GsmCdmaPhone: [GsmCdmaPhone] phoneObjectUpdater: No change ignore, newVoiceRadioTech=14 mActivePhone=GSM
05-05 10:20:56.796   609   609 D GsmCdmaPhone: [GsmCdmaPhone] Event EVENT_REGISTERED_TO_NETWORK Received
05-05 10:20:56.796   609   609 D SST     : SubscriptionListener.onSubscriptionInfoChanged
05-05 10:20:56.796   609  1316 D SubscriptionController: [getActiveSubInfoList] Sub Controller not ready
05-05 10:20:56.797   609   609 D SubscriptionController: [getActiveSubInfoList] Sub Controller not ready
05-05 10:20:56.797   609   609 D DCT     : [0]SubscriptionListener.onSubscriptionInfoChanged
05-05 10:20:56.807   219  1310 D WH-AT   : ============AT< +CRSM: 144,0,621C8202012183022FE2A5038001718A01058B032F06018002000A880110
05-05 10:20:56.807   219  1310 D WH-AT   : ============AT< OK
05-05 10:20:56.808   219   239 D WH-RIL  : onRequest: SIM_IO,4,28
05-05 10:20:56.808   219   239 D WH-AT   : ============AT> AT+CRSM=192,28480,0,0,255
05-05 10:20:56.809   609   769 D RILJ    : [3706]< SIM_IO IccIoResult sw1:0x90 sw2:0x0 [SUB0]
05-05 10:20:56.816   609   609 D SubscriptionController: [getActiveSubInfoList] Sub Controller not ready
05-05 10:20:56.818   609   609 D DCT     : [0]onDataConnectionAttached
05-05 10:20:56.818   609   609 D DCT     : [0]isDataAllowed: No - SIM not loaded
05-05 10:20:56.843   609   609 D DCT     : [0]setupDataOnConnectableApns: dataAttached emergency:[state=IDLE,enabled=false] hipri:[state=IDLE,enabled=false] supl:[state=IDLE,enabled=false] mms:[state=IDLE,enabled=false] dun:[state=IDLE,enabled=false] fota:[state=IDLE,enabled=false] ims:[state=IDLE,enabled=false] default:[state=IDLE,enabled=false] cbs:[state=IDLE,enabled=false] 
05-05 10:20:56.843   609   609 D DCT     : [0]setupDataOnConnectableApns: nwTypeChanged emergency:[state=IDLE,enabled=false] hipri:[state=IDLE,enabled=false] supl:[state=IDLE,enabled=false] mms:[state=IDLE,enabled=false] dun:[state=IDLE,enabled=false] fota:[state=IDLE,enabled=false] ims:[state=IDLE,enabled=false] default:[state=IDLE,enabled=false] cbs:[state=IDLE,enabled=false] 
05-05 10:20:56.843   609   609 D SIMRecords: [SIMRecords] IMSI: mMncLength=-1
05-05 10:20:56.843   609   609 D SIMRecords: [SIMRecords] IMSI: 460066[8GWiGkP3NRanOwXejpaMEChZgK8]
05-05 10:20:56.843   609   609 D SIMRecords: [SIMRecords] onRecordLoaded 17 requested: true
05-05 10:20:56.845   609   609 D SIMRecords: [SIMRecords] getSIMOperatorNumeric: bad mncLength
05-05 10:20:56.845   609   609 E IccCardProxy: setExternalState: !override and newstate unchanged from READY
05-05 10:20:56.846   609   609 D RILJ    : [3728]> OPERATOR [SUB0]
05-05 10:20:56.846   609   609 D RILJ    : [3729]> DATA_REGISTRATION_STATE [SUB0]
05-05 10:20:56.847   609   609 D RILJ    : [3730]> VOICE_REGISTRATION_STATE [SUB0]
05-05 10:20:56.848   609   609 D RILJ    : [3731]> QUERY_NETWORK_SELECTION_MODE [SUB0]
05-05 10:20:56.849   609   609 D SubscriptionInfoUpdater: [Receiver]+
05-05 10:20:56.849   609   609 D SubscriptionInfoUpdater: Action: android.intent.action.SIM_STATE_CHANGED
05-05 10:20:56.849   609   609 D SubscriptionInfoUpdater: slotId: 0
05-05 10:20:56.849   609   609 D SubscriptionInfoUpdater: simStatus: READY
05-05 10:20:56.849   609   609 D SubscriptionInfoUpdater: Ignoring simStatus: READY
05-05 10:20:56.849   609   609 D SubscriptionInfoUpdater: [Receiver]-
05-05 10:20:56.851   609   609 D UiccPkcs15: Creating UiccPkcs15
05-05 10:20:56.852   609   609 D RILJ    : [3732]> RIL_REQUEST_SIM_OPEN_CHANNEL [SUB0]
05-05 10:20:56.853   219  1310 D WH-AT   : ============AT< +CRSM: 144,0,621E82050221001C0283026F40A5038001718A01058B036F0605800200388800
05-05 10:20:56.853   219  1310 D WH-AT   : ============AT< OK
05-05 10:20:56.853   609   609 D RILJ    : [3733]> iccIO: SIM_IO 0xb0 0x2fe2  path: 3F00,0,0,10 aid: null [SUB0]
05-05 10:20:56.854   219   239 D WH-RIL  : onRequest: SIM_IO,4,28
05-05 10:20:56.854   219   239 D WH-AT   : ============AT> AT+CRSM=192,28617,0,0,255
05-05 10:20:56.854   609   769 D RILJ    : [3707]< SIM_IO IccIoResult sw1:0x90 sw2:0x0 [SUB0]
05-05 10:20:56.872   609   609 D IccCardProxy: broadcastIccStateChangedIntent intent ACTION_SIM_STATE_CHANGED value=IMSI reason=null for mPhoneId=0
05-05 10:20:56.875   609   609 D RILJ    : [3734]> iccIO: SIM_IO 0xb2 0x6f40  path: 3F007F10,1,4,28 aid: null [SUB0]
05-05 10:20:56.877   609   609 D SubscriptionInfoUpdater: [Receiver]+
05-05 10:20:56.877   609   609 D SubscriptionInfoUpdater: Action: android.intent.action.SIM_STATE_CHANGED
05-05 10:20:56.877   609   609 D SubscriptionInfoUpdater: slotId: 0
05-05 10:20:56.877   609   609 D SubscriptionInfoUpdater: simStatus: IMSI
05-05 10:20:56.877   609   609 D SubscriptionInfoUpdater: Ignoring simStatus: IMSI
05-05 10:20:56.877   609   609 D SubscriptionInfoUpdater: [Receiver]-
05-05 10:20:56.879   609   851 D SubscriptionController: [getActiveSubInfoList] Sub Controller not ready
05-05 10:20:56.882   219  1310 D WH-AT   : ============AT< +CRSM: 106,130
05-05 10:20:56.882   219  1310 D WH-AT   : ============AT< OK
05-05 10:20:56.882   219   239 D WH-RIL  : onRequest: SIM_IO,4,28
05-05 10:20:56.882   219   239 D WH-AT   : ============AT> AT+CRSM=192,28589,0,0,255
05-05 10:20:56.882   609   769 D RILJ    : [3708]< SIM_IO IccIoResult sw1:0x6a sw2:0x82 Error: File not found [SUB0]
05-05 10:20:56.883   609   609 D RILJ    : [3735]> iccIO: SIM_IO 0xc0 0x6f17  path: 3F007F20,0,0,15 aid: null [SUB0]
05-05 10:20:56.884   609   609 D SIMRecords: [SIMRecords] onRecordLoaded 17 requested: true
05-05 10:20:56.905   219  1310 D WH-AT   : ============AT< +CRSM: 144,0,621C8202012183026FADA5038001718A01058B036F060180020004880118
05-05 10:20:56.906   219  1310 D WH-AT   : ============AT< OK
05-05 10:20:56.906   219   239 D WH-RIL  : onRequest: SIM_IO,4,28
05-05 10:20:56.906   219   239 D WH-AT   : ============AT> AT+CRSM=192,28618,0,0,255
05-05 10:20:56.906   609   769 D RILJ    : [3709]< SIM_IO IccIoResult sw1:0x90 sw2:0x0 [SUB0]
05-05 10:20:56.907   609   609 D RILJ    : [3736]> iccIO: SIM_IO 0xb0 0x6fad  path: 3F007F20,0,0,4 aid: null [SUB0]
05-05 10:20:56.934   219  1310 D WH-AT   : ============AT< +CRSM: 106,130
05-05 10:20:56.934   219  1310 D WH-AT   : ============AT< OK
05-05 10:20:56.934   219   239 D WH-RIL  : onRequest: SIM_IO,4,28
05-05 10:20:56.934   219   239 D WH-AT   : ============AT> AT+CRSM=192,28433,0,0,255
05-05 10:20:56.935   609   769 D RILJ    : [3710]< SIM_IO IccIoResult sw1:0x6a sw2:0x82 Error: File not found [SUB0]
05-05 10:20:56.936   609   609 D SIMRecords: [SIMRecords] EF_MWIS : null
05-05 10:20:56.936   609   609 D SIMRecords: [SIMRecords] EVENT_GET_MWIS_DONE exception = com.android.internal.telephony.uicc.IccException: sw1:106 sw2:130
05-05 10:20:56.937   609   609 D SIMRecords: [SIMRecords] onRecordLoaded 16 requested: true
05-05 10:20:56.937   219  1310 D WH-AT   : ============AT< +CME ERROR: 15
05-05 10:20:56.937   219   239 D WH-RIL  : onRequest: SIM_IO,4,28
05-05 10:20:56.937   219   239 D WH-AT   : ============AT> AT+CRSM=192,28619,0,0,255
05-05 10:20:56.938   609   769 D RilRequest: [3711]< SIM_IO error: com.android.internal.telephony.CommandException: GENERIC_FAILURE ret=
05-05 10:20:56.938   609   609 D SIMRecords: [SIMRecords] EF_CPHS_MWI: null
05-05 10:20:56.939   609   609 D SIMRecords: [SIMRecords] EVENT_GET_VOICE_MAIL_INDICATOR_CPHS_DONE exception = com.android.internal.telephony.CommandException: GENERIC_FAILURE
05-05 10:20:56.939   609   609 D SIMRecords: [SIMRecords] onRecordLoaded 15 requested: true
05-05 10:20:56.965   219  1310 D WH-AT   : ============AT< +CRSM: 106,130
05-05 10:20:56.965   219  1310 D WH-AT   : ============AT< OK
05-05 10:20:56.965   219   239 D WH-RIL  : onRequest: SIM_IO,4,28
05-05 10:20:56.965   219   239 D WH-AT   : ============AT> AT+CRSM=192,28435,0,0,255
05-05 10:20:56.965   609   769 D RILJ    : [3712]< SIM_IO IccIoResult sw1:0x6a sw2:0x82 Error: File not found [SUB0]
05-05 10:20:56.966   609   609 D SIMRecords: [SIMRecords] onRecordLoaded 14 requested: true
05-05 10:20:56.967   219  1310 D WH-AT   : ============AT< +CME ERROR: 15
05-05 10:20:56.967   219   239 D WH-RIL  : onRequest: SIM_IO,4,28
05-05 10:20:56.968   219   239 D WH-AT   : ============AT> AT+CRSM=192,28486,0,0,255
05-05 10:20:56.968   609   769 D RilRequest: [3713]< SIM_IO error: com.android.internal.telephony.CommandException: GENERIC_FAILURE ret=
05-05 10:20:56.968   609   609 D SIMRecords: [SIMRecords] onRecordLoaded 13 requested: true
05-05 10:20:56.989   219  1310 D WH-AT   : ============AT< +CRSM: 144,0,621B8202012183026F46A5038001718A01058B036F0601800200118800
05-05 10:20:56.989   219  1310 D WH-AT   : ============AT< OK
05-05 10:20:56.990   219   239 D WH-RIL  : onRequest: SIM_IO,4,28
05-05 10:20:56.990   219   239 D WH-AT   : ============AT> AT+CRSM=192,28621,0,0,255
05-05 10:20:56.990   609   769 D RILJ    : [3714]< SIM_IO IccIoResult sw1:0x90 sw2:0x0 [SUB0]
05-05 10:20:56.990   609   609 D RILJ    : [3737]> iccIO: SIM_IO 0xb0 0x6f46  path: 3F007F20,0,0,17 aid: null [SUB0]
05-05 10:20:57.017   219  1310 D WH-AT   : ============AT< +CRSM: 106,130
05-05 10:20:57.017   219  1310 D WH-AT   : ============AT< OK
05-05 10:20:57.018   219   239 D WH-RIL  : onRequest: SIM_IO,4,28
05-05 10:20:57.018   219   239 D WH-AT   : ============AT> AT+CRSM=192,28613,0,0,255
05-05 10:20:57.019   609   769 D RILJ    : [3715]< SIM_IO IccIoResult sw1:0x6a sw2:0x82 Error: File not found [SUB0]
05-05 10:20:57.020   609   609 D SIMRecords: [SIMRecords] onRecordLoaded 12 requested: true
05-05 10:20:57.050   219  1310 D WH-AT   : ============AT< +CRSM: 144,0,621F82050221000E0883026FC5A5038001718A01058B036F0601800200708801C8
05-05 10:20:57.050   219  1310 D WH-AT   : ============AT< OK
05-05 10:20:57.051   219   239 D WH-RIL  : onRequest: SIM_IO,4,28
05-05 10:20:57.051   219   239 D WH-AT   : ============AT> AT+CRSM=192,28472,0,0,255
05-05 10:20:57.051   609   769 D RILJ    : [3716]< SIM_IO IccIoResult sw1:0x90 sw2:0x0 [SUB0]
05-05 10:20:57.052   609   609 D RILJ    : [3738]> iccIO: SIM_IO 0xb2 0x6fc5  path: 3F007F20,1,4,14 aid: null [SUB0]
05-05 10:20:57.072   219  1310 D WH-AT   : ============AT< +CRSM: 144,0,621C8202012183026F38A5038001718A01058B036F06068002000A880120
05-05 10:20:57.072   219  1310 D WH-AT   : ============AT< OK
05-05 10:20:57.072   219   239 D WH-RIL  : onRequest: SIM_IO,4,28
05-05 10:20:57.072   219   239 D WH-AT   : ============AT> AT+CRSM=192,28438,0,0,255
05-05 10:20:57.073   609   769 D RILJ    : [3717]< SIM_IO IccIoResult sw1:0x90 sw2:0x0 [SUB0]
05-05 10:20:57.073   609   609 D RILJ    : [3739]> iccIO: SIM_IO 0xb0 0x6f38  path: 3F007F20,0,0,10 aid: null [SUB0]
05-05 10:20:57.074   219  1310 D WH-AT   : ============AT< +CME ERROR: 15
05-05 10:20:57.075   219   239 D WH-RIL  : onRequest: SIM_IO,4,28
05-05 10:20:57.075   219   239 D WH-AT   : ============AT> AT+CRSM=192,28437,0,0,255
05-05 10:20:57.076   609   769 D RilRequest: [3718]< SIM_IO error: com.android.internal.telephony.CommandException: GENERIC_FAILURE ret=
05-05 10:20:57.076   609   609 D SIMRecords: [SIMRecords] onRecordLoaded 11 requested: true
05-05 10:20:57.077   219  1310 D WH-AT   : ============AT< +CME ERROR: 15
05-05 10:20:57.077   219   239 D WH-RIL  : onRequest: SIM_IO,4,28
05-05 10:20:57.078   219   239 D WH-AT   : ============AT> AT+CRSM=192,28478,0,0,255
05-05 10:20:57.078   609   769 D RilRequest: [3719]< SIM_IO error: com.android.internal.telephony.CommandException: GENERIC_FAILURE ret=
05-05 10:20:57.079   609   609 E SIMRecords: [SIMRecords] Exception in fetching EF_CSP data com.android.internal.telephony.CommandException: GENERIC_FAILURE
05-05 10:20:57.079   609   609 D SIMRecords: [SIMRecords] onRecordLoaded 10 requested: true
05-05 10:20:57.099   219  1310 D WH-AT   : ============AT< +CRSM: 144,0,621B8202012183026F3EA5038001718A01058B036F0606800200018800
05-05 10:20:57.099   219  1310 D WH-AT   : ============AT< OK
05-05 10:20:57.099   219   239 D WH-RIL  : onRequest: SIM_IO,4,28
05-05 10:20:57.099   219   239 D WH-AT   : ============AT> AT+CRSM=192,28479,0,0,255
05-05 10:20:57.100   609   769 D RILJ    : [3720]< SIM_IO IccIoResult sw1:0x90 sw2:0x0 [SUB0]
05-05 10:20:57.101   609   609 D RILJ    : [3740]> iccIO: SIM_IO 0xb0 0x6f3e  path: 3F007F20,0,0,1 aid: null [SUB0]
05-05 10:20:57.121   219  1310 D WH-AT   : ============AT< +CRSM: 144,0,621B8202012183026F3FA5038001718A01058B036F0606800200018800
05-05 10:20:57.121   219  1310 D WH-AT   : ============AT< OK
05-05 10:20:57.121   219   239 D WH-RIL  : onRequest: SIM_IO,4,28
05-05 10:20:57.121   219   239 D WH-AT   : ============AT> AT+CRSM=192,28512,0,0,255
05-05 10:20:57.122   609   769 D RILJ    : [3721]< SIM_IO IccIoResult sw1:0x90 sw2:0x0 [SUB0]
05-05 10:20:57.122   609   609 D RILJ    : [3741]> iccIO: SIM_IO 0xb0 0x6f3f  path: 3F007F20,0,0,1 aid: null [SUB0]
05-05 10:20:57.141   219  1310 D WH-AT   : ============AT< +CRSM: 144,0,621C8202012183026F60A5038001718A01058B036F060580020028880150
05-05 10:20:57.141   219  1310 D WH-AT   : ============AT< OK
05-05 10:20:57.142   219   239 D WH-RIL  : onRequest: SIM_IO,4,28
05-05 10:20:57.142   219   239 D WH-AT   : ============AT> AT+CRSM=192,28513,0,0,255
05-05 10:20:57.142   609   769 D RILJ    : [3722]< SIM_IO IccIoResult sw1:0x90 sw2:0x0 [SUB0]
05-05 10:20:57.143   609   609 E SIMFileHandler: Error: EF Path being returned in null
05-05 10:20:57.143   609   609 D RILJ    : [3742]> iccIO: SIM_IO 0xb0 0x6f60  path: null,0,0,40 aid: null [SUB0]
05-05 10:20:57.173   219  1310 D WH-AT   : ============AT< +CRSM: 144,0,621C8202012183026F61A5038001718A01058B036F0606800201F4880188
05-05 10:20:57.173   219  1310 D WH-AT   : ============AT< OK
05-05 10:20:57.173   219   239 D WH-RIL  : onRequest: SIM_IO,4,28
05-05 10:20:57.174   219   239 D WH-AT   : ============AT> AT+CRSM=192,28514,0,0,255
05-05 10:20:57.174   609   769 D RILJ    : [3723]< SIM_IO IccIoResult sw1:0x90 sw2:0x0 [SUB0]
05-05 10:20:57.174   609   609 E SIMFileHandler: Error: EF Path being returned in null
05-05 10:20:57.175   609   609 D RILJ    : [3743]> iccIO: SIM_IO 0xb0 0x6f61  path: null,0,0,500 aid: null [SUB0]
05-05 10:20:57.205   219  1310 D WH-AT   : ============AT< +CRSM: 144,0,621C8202012183026F62A5038001718A01058B036F060680020028880198
05-05 10:20:57.205   219  1310 D WH-AT   : ============AT< OK
05-05 10:20:57.206   219   239 D WH-RIL  : onRequest: SIM_IO,4,28
05-05 10:20:57.206   219   239 D WH-AT   : ============AT> AT+CRSM=192,28633,0,0,255
05-05 10:20:57.206   609   769 D RILJ    : [3724]< SIM_IO IccIoResult sw1:0x90 sw2:0x0 [SUB0]
05-05 10:20:57.207   609   609 E SIMFileHandler: Error: EF Path being returned in null
05-05 10:20:57.207   609   609 D RILJ    : [3744]> iccIO: SIM_IO 0xb0 0x6f62  path: null,0,0,40 aid: null [SUB0]
05-05 10:20:57.241   219  1310 D WH-AT   : ============AT< +CRSM: 144,0,621B8202012183026FD9A5038001718A01058B036F06068002000C8800
05-05 10:20:57.241   219  1310 D WH-AT   : ============AT< OK
