05-05 10:20:57.241   219   239 D WH-RIL  : onRequest: SIM_IO,4,28
05-05 10:20:57.241   219   239 D WH-AT   : ============AT> AT+CRSM=192,28539,0,0,255
05-05 10:20:57.242   609   769 D RILJ    : [3725]< SIM_IO IccIoResult sw1:0x90 sw2:0x0 [SUB0]
05-05 10:20:57.242   609   609 E SIMFileHandler: Error: EF Path being returned in null
05-05 10:20:57.242   609   609 D RILJ    : [3745]> iccIO: SIM_IO 0xb0 0x6fd9  path: null,0,0,12 aid: null [SUB0]
05-05 10:20:57.264   219  1310 D WH-AT   : ============AT< +CRSM: 144,0,621C8202012183026F7BA5038001718A01058B036F06058002001E880168
05-05 10:20:57.264   219  1310 D WH-AT   : ============AT< OK
05-05 10:20:57.265   219   239 D WH-RIL  : onRequest: REPORT_STK_SERVICE_IS_RUNNING,4,103
05-05 10:20:57.265   219   239 D WH-RIL  : onRequest: OPERATOR,4,22
05-05 10:20:57.265   219   239 D WH-AT   : ============AT> AT+COPS=3,0;+COPS?;+COPS=3,1;+COPS?;+COPS=3,2;+COPS?
05-05 10:20:57.265   609   769 D RILJ    : [3726]< SIM_IO IccIoResult sw1:0x90 sw2:0x0 [SUB0]
05-05 10:20:57.266   609   609 E SIMFileHandler: Error: EF Path being returned in null
05-05 10:20:57.266   609   609 D RILJ    : [3746]> iccIO: SIM_IO 0xb0 0x6f7b  path: null,0,0,30 aid: null [SUB0]
05-05 10:20:57.266   609   769 D RILJ    : [3727]< RIL_REQUEST_REPORT_STK_SERVICE_IS_RUNNING  [SUB0]
05-05 10:20:57.268   219  1310 D WH-AT   : ============AT< +COPS: 0,0,"CHINA-UNICOM",7,1
05-05 10:20:57.268   219  1310 D WH-AT   : ============AT< +COPS: 0,1,"UNICOM",7,1
05-05 10:20:57.268   219  1310 D WH-AT   : ============AT< +COPS: 0,2,"46001",7,1
05-05 10:20:57.269   219  1310 D WH-AT   : ============AT< OK
05-05 10:20:57.269   219   239 E WH-RIL  : requestOperator CHINA-UNICOM,UNICOM,46001
05-05 10:20:57.269   219   239 D WH-RIL  : onRequest: DATA_REGISTRATION_STATE,4,21
05-05 10:20:57.269   219   239 D WH-AT   : ============AT> AT+CEREG?
05-05 10:20:57.270   609   769 D RILJ    : [3728]< OPERATOR {CHINA-UNICOM, UNICOM, 46001} [SUB0]
05-05 10:20:57.272   219  1310 D WH-AT   : ============AT< +CEREG: 2,1,"521C","03207502",7,1
05-05 10:20:57.272   219  1310 D WH-AT   : ============AT< OK
05-05 10:20:57.272   219   239 E WH-RIL  : requestRegistrationState response[3]:7
05-05 10:20:57.272   219   239 D WH-RIL  : onRequest: VOICE_REGISTRATION_STATE,4,20
05-05 10:20:57.272   219   239 D WH-AT   : ============AT> AT+CREG?
05-05 10:20:57.273   609   769 D RILJ    : [3729]< DATA_REGISTRATION_STATE {1, 521c, 3207502, 14} [SUB0]
05-05 10:20:57.273   609   609 D SST     : handlPollStateResultMessage: GsmSST setDataRegState=0 regState=1 dataRadioTechnology=14
05-05 10:20:57.274   219  1310 D WH-AT   : ============AT< +CREG: 2,1,"D306","03207502",7,1
05-05 10:20:57.274   219  1310 D WH-AT   : ============AT< OK
05-05 10:20:57.274   219   239 E WH-RIL  : requestRegistrationState response[3]:7
05-05 10:20:57.275   219   239 D WH-RIL  : onRequest: QUERY_NETWORK_SELECTION_MODE,4,45
05-05 10:20:57.275   219   239 D WH-AT   : ============AT> AT+COPS?
05-05 10:20:57.275   609   769 D RILJ    : [3730]< VOICE_REGISTRATION_STATE {1, d306, 3207502, 14} [SUB0]
05-05 10:20:57.277   219  1310 D WH-AT   : ============AT< +COPS: 0,2,"46001",7,1
05-05 10:20:57.277   219  1310 D WH-AT   : ============AT< OK
05-05 10:20:57.277   219   239 D WH-RIL  : onRequest: SIM_OPEN_CHANNEL,4,115
05-05 10:20:57.277   219   239 D WH-RIL  : onRequest: SIM_OPEN_CHANNEL not supported
05-05 10:20:57.277   609   769 D RILJ    : [3731]< QUERY_NETWORK_SELECTION_MODE {0} [SUB0]
05-05 10:20:57.278   219   239 D WH-RIL  : onRequest: SIM_IO,4,28
05-05 10:20:57.278   219   239 D WH-AT   : ============AT> AT+CRSM=176,12258,0,0,10
05-05 10:20:57.278   609   769 D RilRequest: [3732]< RIL_REQUEST_SIM_OPEN_CHANNEL error: com.android.internal.telephony.CommandException: REQUEST_NOT_SUPPORTED ret=
05-05 10:20:57.279   609   609 D SST     : EVENT_POLL_STATE_NETWORK_SELECTION_MODE
05-05 10:20:57.281   609   609 D SST     : useDataRegStateForDataOnlyDevice: VoiceRegState=0 DataRegState=0
05-05 10:20:57.281   609   609 D SST     : Poll ServiceState done:  oldSS=[0 0 voice home data home CHINA-UNICOM UNICOM 46001 CHINA-UNICOM UNICOM 46001  LTE LTE CSS not supported -1 -1 RoamInd=-1 DefRoamInd=-1 EmergOnly=false IsDataRoamingFromRegistration=false IsUsingCarrierAggregation=false] newSS=[0 0 voice home data home CHINA-UNICOM UNICOM 46001 CHINA-UNICOM UNICOM 46001  LTE LTE CSS not supported -1 -1 RoamInd=-1 DefRoamInd=-1 EmergOnly=false IsDataRoamingFromRegistration=false IsUsingCarrierAggregation=false] oldMaxDataCalls=1 mNewMaxDataCalls=1 oldReasonDataDenied=-1 mNewReasonDataDenied=-1
05-05 10:20:57.282   609   609 D UiccCard: Error in SIM access with exceptioncom.android.internal.telephony.CommandException: REQUEST_NOT_SUPPORTED
05-05 10:20:57.283   609   609 D UiccPkcs15: handleMessage: 201
05-05 10:20:57.283   609   609 D UiccPkcs15: error: com.android.internal.telephony.CommandException: REQUEST_NOT_SUPPORTED
05-05 10:20:57.283   609   609 D UiccPkcs15: handleMessage: 1
05-05 10:20:57.283   609   609 D UiccPkcs15: select pkcs15 failed: com.android.internal.telephony.CommandException: REQUEST_NOT_SUPPORTED
05-05 10:20:57.307   219  1310 D WH-AT   : ============AT< +CRSM: 144,0,98686071400016612947
05-05 10:20:57.307   219  1310 D WH-AT   : ============AT< OK
05-05 10:20:57.307   219   239 D WH-RIL  : onRequest: SIM_IO,4,28
05-05 10:20:57.307   219   239 D WH-AT   : ============AT> AT+CRSM=178,28480,1,4,28
05-05 10:20:57.308   609   769 D RILJ    : [3733]< SIM_IO IccIoResult sw1:0x90 sw2:0x0 [SUB0]
05-05 10:20:57.309   609   609 D SIMRecords: [SIMRecords] iccid: 89860617040061169274
05-05 10:20:57.309   609   609 D SIMRecords: [SIMRecords] onRecordLoaded 9 requested: true
05-05 10:20:57.310   219  1310 D WH-AT   : ============AT< +CRSM: 144,0,FFFFFFFFFFFFFFFFFFFFFFFFFFFFFFFFFFFFFFFFFFFFFFFFFFFFFFFF
05-05 10:20:57.310   219  1310 D WH-AT   : ============AT< OK
05-05 10:20:57.310   219   239 D WH-RIL  : onRequest: SIM_IO,4,28
05-05 10:20:57.310   219   239 D WH-AT   : ============AT> AT+CRSM=192,28439,0,0,255
05-05 10:20:57.311   609   769 D RILJ    : [3734]< SIM_IO IccIoResult sw1:0x90 sw2:0x0 [SUB0]
05-05 10:20:57.313   219  1310 D WH-AT   : ============AT< +CME ERROR: 15
05-05 10:20:57.313   219   239 D WH-RIL  : onRequest: SIM_IO,4,28
05-05 10:20:57.313   219   239 D WH-AT   : ============AT> AT+CRSM=176,28589,0,0,4
05-05 10:20:57.314   609   769 D RilRequest: [3735]< SIM_IO error: com.android.internal.telephony.CommandException: GENERIC_FAILURE ret=
05-05 10:20:57.330   609   609 D SIMRecords: [SIMRecords] MSISDN: 
05-05 10:20:57.330   609   609 D SIMRecords: [SIMRecords] onRecordLoaded 8 requested: true
05-05 10:20:57.330   609   609 D SIMRecords: [SIMRecords] Invalid or missing EF[MAILBOX]
05-05 10:20:57.330   609   609 D SIMRecords: [SIMRecords] onRecordLoaded 7 requested: true
05-05 10:20:57.345   219  1310 D WH-AT   : ============AT< +CRSM: 144,0,00000002
05-05 10:20:57.345   219  1310 D WH-AT   : ============AT< OK
05-05 10:20:57.345   219   239 D WH-RIL  : onRequest: SIM_IO,4,28
05-05 10:20:57.345   219   239 D WH-AT   : ============AT> AT+CRSM=176,28486,0,0,17
05-05 10:20:57.345   609   769 D RILJ    : [3736]< SIM_IO IccIoResult sw1:0x90 sw2:0x0 [SUB0]
05-05 10:20:57.346   609   609 D SIMRecords: [SIMRecords] EF_AD: 00000002
05-05 10:20:57.346   609   609 D SIMRecords: [SIMRecords] setting4 mMncLength=2
05-05 10:20:57.346   609   609 D SIMRecords: [SIMRecords] mccmncCode=460066
05-05 10:20:57.346   609   609 D SIMRecords: [SIMRecords] update mccmnc=46006
05-05 10:20:57.348   609   609 D SubscriptionController: [getPhoneId]- no sims, returning default phoneId=2147483647
05-05 10:20:57.377   219  1310 D WH-AT   : ============AT< +CRSM: 144,0,00FFFFFFFFFFFFFFFFFFFFFFFFFFFFFFFF
05-05 10:20:57.377   219  1310 D WH-AT   : ============AT< OK
05-05 10:20:57.377   219   239 D WH-RIL  : onRequest: SIM_IO,4,28
05-05 10:20:57.377   219   239 D WH-AT   : ============AT> AT+CRSM=178,28613,1,4,14
05-05 10:20:57.377   609   769 D RILJ    : [3737]< SIM_IO IccIoResult sw1:0x90 sw2:0x0 [SUB0]
05-05 10:20:57.399   219  1310 D WH-AT   : ============AT< +CRSM: 144,0,FFFFFFFFFFFFFFFFFFFFFFFFFFFF
05-05 10:20:57.399   219  1310 D WH-AT   : ============AT< OK
05-05 10:20:57.399   219   239 D WH-RIL  : onRequest: SIM_IO,4,28
05-05 10:20:57.399   219   239 D WH-AT   : ============AT> AT+CRSM=176,28472,0,0,10
05-05 10:20:57.399   609   769 D RILJ    : [3738]< SIM_IO IccIoResult sw1:0x90 sw2:0x0 [SUB0]
05-05 10:20:57.420   609   851 D DCT     : [0]hasMatchedTetherApnSetting: APN=null
05-05 10:20:57.424   609   609 D SIMRecords: [SIMRecords] onRecordLoaded 6 requested: true
05-05 10:20:57.429   219  1310 D WH-AT   : ============AT< +CRSM: 144,0,9EFFBFFDFF3EDC034001
05-05 10:20:57.429   219  1310 D WH-AT   : ============AT< OK
05-05 10:20:57.429   219   239 D WH-RIL  : onRequest: SIM_IO,4,28
05-05 10:20:57.429   219   239 D WH-AT   : ============AT> AT+CRSM=176,28478,0,0,1
05-05 10:20:57.429   609   769 D RILJ    : [3739]< SIM_IO IccIoResult sw1:0x90 sw2:0x0 [SUB0]
05-05 10:20:57.437   609   609 D SIMRecords: [SIMRecords] getServiceProviderName: no brandOverride, providerName=
05-05 10:20:57.437   609   609 D RILJ    : [3747]> iccIO: SIM_IO 0xc0 0x6f14  path: 3F007F20,0,0,15 aid: null [SUB0]
05-05 10:20:57.439   609   609 D SIMRecords: [SIMRecords] onRecordLoaded 6 requested: true
05-05 10:20:57.439   609   609 D SIMRecords: [SIMRecords] onRecordLoaded 5 requested: true
05-05 10:20:57.440   609   609 D SIMRecords: [SIMRecords] SST: UsimServiceTable[80]={ FDN, FDN_EXTENSION, SDN, SDN_EXTENSION, OUTGOING_CALL_INFO, INCOMING_CALL_INFO, SM_STORAGE, SM_STATUS_REPORTS, SM_SERVICE_PARAMS, ADVICE_OF_CHARGE, CAP_CONFIG_PARAMS_2, CB_MESSAGE_ID, CB_MESSAGE_ID_RANGES, GROUP_ID_LEVEL_1, GROUP_ID_LEVEL_2, SPN, USER_PLMN_SELECT, MSISDN, IMAGE, EMLPP, EMLPP_AUTO_ANSWER, GSM_ACCESS, DATA_DL_VIA_SMS_PP, DATA_DL_VIA_SMS_CB, CALL_CONTROL_BY_USIM, MO_SMS_CONTROL_BY_USIM, RUN_AT_COMMAND, IGNORED_1, ENABLED_SERVICES_TABLE, APN_CONTROL_LIST, DEPERSONALISATION_CONTROL_KEYS, COOPERATIVE_NETWORK_LIST, GSM_SECURITY_CONTEXT, CPBCCH_INFO, INVESTIGATION_SCAN, OPERATOR_PLMN_SELECT, HPLMN_SELECT, EXTENSION_5, PLMN_NETWORK_NAME, OPERATOR_PLMN_LIST, SERVICE_PROVIDER_DISPLAY_INFO, MMS_NOTIFICATION, MMS_NOTIFICATION_EXTENSION, MMS_CONNECTIVITY_PARAMS, NETWORK_INDICATION_OF_ALERTING, VGCS_GROUP_ID_LIST, VBS_GROUP_ID_LIST, EQUIVALENT_HPLMN, EQUIVALENT_HPLMN_PRESENTATION }
05-05 10:20:57.440   609   609 D SIMRecords: [SIMRecords] onRecordLoaded 4 requested: true
05-05 10:20:57.457   219  1310 D WH-AT   : ============AT< +CRSM: 144,0,FF
05-05 10:20:57.457   219  1310 D WH-AT   : ============AT< OK
05-05 10:20:57.457   219   239 D WH-RIL  : onRequest: SIM_IO,4,28
05-05 10:20:57.457   219   239 D WH-AT   : ============AT> AT+CRSM=176,28479,0,0,1
05-05 10:20:57.458   609   769 D RILJ    : [3740]< SIM_IO IccIoResult sw1:0x90 sw2:0x0 [SUB0]
05-05 10:20:57.458   609   609 D SIMRecords: [SIMRecords] GID1: ff
05-05 10:20:57.458   609   609 D SIMRecords: [SIMRecords] onRecordLoaded 3 requested: true
05-05 10:20:57.486   219  1310 D WH-AT   : ============AT< +CRSM: 144,0,FF
05-05 10:20:57.486   219  1310 D WH-AT   : ============AT< OK
05-05 10:20:57.486   219   239 D WH-RIL  : onRequest: SIM_IO,4,28
05-05 10:20:57.486   219   239 D WH-AT   : ============AT> AT+CRSM=176,28512,0,0,40
05-05 10:20:57.490   609   769 D RILJ    : [3741]< SIM_IO IccIoResult sw1:0x90 sw2:0x0 [SUB0]
05-05 10:20:57.490   609   609 D SIMRecords: [SIMRecords] GID2: ff
05-05 10:20:57.490   609   609 D SIMRecords: [SIMRecords] onRecordLoaded 2 requested: true
05-05 10:20:57.520   219  1310 D WH-AT   : ============AT< +CRSM: 144,0,64F010400064F090400064F010800064F0908000FFFFFF0000FFFFFF0000FFFFFF0000FFFFFF0000
05-05 10:20:57.520   219  1310 D WH-AT   : ============AT< OK
05-05 10:20:57.520   219   239 D WH-RIL  : onRequest: SIM_IO,4,28
05-05 10:20:57.520   219   239 D WH-AT   : ============AT> AT+CRSM=176,28513,0,0,255
05-05 10:20:57.520   609   769 D RILJ    : [3742]< SIM_IO IccIoResult sw1:0x90 sw2:0x0 [SUB0]
05-05 10:20:57.520   609   609 D SIMRecords: [SIMRecords] Received a PlmnActRecord, raw=64f010400064f090400064f010800064f0908000ffffff0000ffffff0000ffffff0000ffffff0000
05-05 10:20:57.521   609   609 V PlmnActRecord: Extracting Logs, count=8
05-05 10:20:57.521   609   609 V PlmnActRecord: Creating PlmnActRecord 0
05-05 10:20:57.521   609   609 V PlmnActRecord: Creating PlmnActRecord 5
05-05 10:20:57.521   609   609 V PlmnActRecord: Creating PlmnActRecord 10
05-05 10:20:57.521   609   609 V PlmnActRecord: Creating PlmnActRecord 15
05-05 10:20:57.521   609   609 V PlmnActRecord: Creating PlmnActRecord 20
05-05 10:20:57.521   609   609 V PlmnActRecord: Creating PlmnActRecord 25
05-05 10:20:57.521   609   609 V PlmnActRecord: Creating PlmnActRecord 30
05-05 10:20:57.521   609   609 V PlmnActRecord: Creating PlmnActRecord 35
05-05 10:20:57.599   219  1310 D WH-AT   : ============AT< +CRSM: 144,0,64F010400064F090400064F010800064F0908000FFFFFF0000FFFFFF0000FFFFFF0000FFFFFF0000FFFFFF0000FFFFFF0000FFFFFF0000FFFFFF0000FFFFFF0000FFFFFF0000FFFFFF0000FFFFFF0000FFFFFF0000FFFFFF0000FFFFFF0000FFFFFF0000FFFFFF0000FFFFFF0000FFFFFF0000FFFFFF0000FFFFFF0000FFFFFF0000FFFFFF0000FFFFFF0000FFFFFF0000FFFFFF0000FFFFFF0000FFFFFF0000FFFFFF0000FFFFFF0000FFFFFF0000FFFFFF0000FFFFFF0000FFFFFF0000FFFFFF0000FFFFFF0000FFFFFF0000FFFFFF0000FFFFFF0000FFFFFF0000FFFFFF0000FFFFFF0000FFFFFF0000FFFFFF0000FFFFFF0000FFFFFF0000FFFFFF0000
05-05 10:20:57.599   219  1310 D WH-AT   : ============AT< OK
05-05 10:20:57.599   219   239 D WH-AT   : ============AT> AT+CRSM=176,28513,0,255,245
05-05 10:20:57.678   219  1310 D WH-AT   : ============AT< +CRSM: 144,0,FFFFFF0000FFFFFF0000FFFFFF0000FFFFFF0000FFFFFF0000FFFFFF0000FFFFFF0000FFFFFF0000FFFFFF0000FFFFFF0000FFFFFF0000FFFFFF0000FFFFFF0000FFFFFF0000FFFFFF0000FFFFFF0000FFFFFF0000FFFFFF0000FFFFFF0000FFFFFF0000FFFFFF0000FFFFFF0000FFFFFF0000FFFFFF0000FFFFFF0000FFFFFF0000FFFFFF0000FFFFFF0000FFFFFF0000FFFFFF0000FFFFFF0000FFFFFF0000FFFFFF0000FFFFFF0000FFFFFF0000FFFFFF0000FFFFFF0000FFFFFF0000FFFFFF0000FFFFFF0000FFFFFF0000FFFFFF0000FFFFFF0000FFFFFF0000FFFFFF0000FFFFFF0000FFFFFF0000FFFFFF0000FFFFFF0000
05-05 10:20:57.678   219  1310 D WH-AT   : ============AT< OK
05-05 10:20:57.678   219   239 D WH-RIL  : onRequest: SIM_IO,4,28
05-05 10:20:57.678   219   239 D WH-AT   : ============AT> AT+CRSM=176,28514,0,0,40
05-05 10:20:57.678   609   769 D RILJ    : [3743]< SIM_IO IccIoResult sw1:0x90 sw2:0x0 [SUB0]
05-05 10:20:57.678   609   609 D SIMRecords: [SIMRecords] Received a PlmnActRecord, raw=64f010400064f090400064f010800064f0908000ffffff0000ffffff0000ffffff0000ffffff0000ffffff0000ffffff0000ffffff0000ffffff0000ffffff0000ffffff0000ffffff0000ffffff0000ffffff0000ffffff0000ffffff0000ffffff0000ffffff0000ffffff0000ffffff0000ffffff0000ffffff0000ffffff0000ffffff0000ffffff0000ffffff0000ffffff0000ffffff0000ffffff0000ffffff0000ffffff0000ffffff0000ffffff0000ffffff0000ffffff0000ffffff0000ffffff0000ffffff0000ffffff0000ffffff0000ffffff0000ffffff0000ffffff0000ffffff0000ffffff0000ffffff0000ffffff0000ffffff0000ffffff0000ffffff0000ffffff0000ffffff0000ffffff0000ffffff0000ffffff0000ffffff0000ffffff0000ffffff0000ffffff0000ffffff0000ffffff0000ffffff0000ffffff0000ffffff0000ffffff0000ffffff0000ffffff0000ffffff0000ffffff0000ffffff0000ffffff0000ffffff0000ffffff0000ffffff0000ffffff0000ffffff0000ffffff0000ffffff0000ffffff0000ffffff0000ffffff0000ffffff0000ffffff0000ffffff0000ffffff0000ffffff0000ffffff0000ffffff0000ffffff0000ffffff0000ffffff0000ffffff0000ffffff0000ffffff0000ffffff0000ffffff0000ffffff0000
05-05 10:20:57.678   609   609 V PlmnActRecord: Extracting Logs, count=100
05-05 10:20:57.679   609   609 V PlmnActRecord: Creating PlmnActRecord 0
05-05 10:20:57.679   609   609 V PlmnActRecord: Creating PlmnActRecord 5
05-05 10:20:57.679   609   609 V PlmnActRecord: Creating PlmnActRecord 10
05-05 10:20:57.679   609   609 V PlmnActRecord: Creating PlmnActRecord 15
05-05 10:20:57.679   609   609 V PlmnActRecord: Creating PlmnActRecord 20
05-05 10:20:57.679   609   609 V PlmnActRecord: Creating PlmnActRecord 25
05-05 10:20:57.679   609   609 V PlmnActRecord: Creating PlmnActRecord 30
05-05 10:20:57.679   609   609 V PlmnActRecord: Creating PlmnActRecord 35
05-05 10:20:57.679   609   609 V PlmnActRecord: Creating PlmnActRecord 40
05-05 10:20:57.679   609   609 V PlmnActRecord: Creating PlmnActRecord 45
05-05 10:20:57.679   609   609 V PlmnActRecord: Creating PlmnActRecord 50
05-05 10:20:57.679   609   609 V PlmnActRecord: Creating PlmnActRecord 55
05-05 10:20:57.679   609   609 V PlmnActRecord: Creating PlmnActRecord 60
05-05 10:20:57.679   609   609 V PlmnActRecord: Creating PlmnActRecord 65
05-05 10:20:57.679   609   609 V PlmnActRecord: Creating PlmnActRecord 70
05-05 10:20:57.679   609   609 V PlmnActRecord: Creating PlmnActRecord 75
05-05 10:20:57.679   609   609 V PlmnActRecord: Creating PlmnActRecord 80
05-05 10:20:57.679   609   609 V PlmnActRecord: Creating PlmnActRecord 85
05-05 10:20:57.679   609   609 V PlmnActRecord: Creating PlmnActRecord 90
05-05 10:20:57.679   609   609 V PlmnActRecord: Creating PlmnActRecord 95
05-05 10:20:57.679   609   609 V PlmnActRecord: Creating PlmnActRecord 100
05-05 10:20:57.679   609   609 V PlmnActRecord: Creating PlmnActRecord 105
05-05 10:20:57.679   609   609 V PlmnActRecord: Creating PlmnActRecord 110
05-05 10:20:57.679   609   609 V PlmnActRecord: Creating PlmnActRecord 115
05-05 10:20:57.679   609   609 V PlmnActRecord: Creating PlmnActRecord 120
05-05 10:20:57.680   609   609 V PlmnActRecord: Creating PlmnActRecord 125
05-05 10:20:57.680   609   609 V PlmnActRecord: Creating PlmnActRecord 130
05-05 10:20:57.680   609   609 V PlmnActRecord: Creating PlmnActRecord 135
05-05 10:20:57.680   609   609 V PlmnActRecord: Creating PlmnActRecord 140
05-05 10:20:57.680   609   609 V PlmnActRecord: Creating PlmnActRecord 145
05-05 10:20:57.680   609   609 V PlmnActRecord: Creating PlmnActRecord 150
05-05 10:20:57.680   609   609 V PlmnActRecord: Creating PlmnActRecord 155
05-05 10:20:57.680   609   609 V PlmnActRecord: Creating PlmnActRecord 160
05-05 10:20:57.680   609   609 V PlmnActRecord: Creating PlmnActRecord 165
05-05 10:20:57.680   609   609 V PlmnActRecord: Creating PlmnActRecord 170
05-05 10:20:57.680   609   609 V PlmnActRecord: Creating PlmnActRecord 175
05-05 10:20:57.680   609   609 V PlmnActRecord: Creating PlmnActRecord 180
05-05 10:20:57.680   609   609 V PlmnActRecord: Creating PlmnActRecord 185
05-05 10:20:57.680   609   609 V PlmnActRecord: Creating PlmnActRecord 190
05-05 10:20:57.680   609   609 V PlmnActRecord: Creating PlmnActRecord 195
05-05 10:20:57.680   609   609 V PlmnActRecord: Creating PlmnActRecord 200
05-05 10:20:57.680   609   609 V PlmnActRecord: Creating PlmnActRecord 205
05-05 10:20:57.680   609   609 V PlmnActRecord: Creating PlmnActRecord 210
05-05 10:20:57.680   609   609 V PlmnActRecord: Creating PlmnActRecord 215
05-05 10:20:57.680   609   609 V PlmnActRecord: Creating PlmnActRecord 220
05-05 10:20:57.680   609   609 V PlmnActRecord: Creating PlmnActRecord 225
05-05 10:20:57.680   609   609 V PlmnActRecord: Creating PlmnActRecord 230
05-05 10:20:57.680   609   609 V PlmnActRecord: Creating PlmnActRecord 235
05-05 10:20:57.680   609   609 V PlmnActRecord: Creating PlmnActRecord 240
05-05 10:20:57.680   609   609 V PlmnActRecord: Creating PlmnActRecord 245
05-05 10:20:57.680   609   609 V PlmnActRecord: Creating PlmnActRecord 250
05-05 10:20:57.680   609   609 V PlmnActRecord: Creating PlmnActRecord 255
05-05 10:20:57.681   609   609 V PlmnActRecord: Creating PlmnActRecord 260
05-05 10:20:57.681   609   609 V PlmnActRecord: Creating PlmnActRecord 265
05-05 10:20:57.681   609   609 V PlmnActRecord: Creating PlmnActRecord 270
05-05 10:20:57.681   609   609 V PlmnActRecord: Creating PlmnActRecord 275
05-05 10:20:57.681   609   609 V PlmnActRecord: Creating PlmnActRecord 280
05-05 10:20:57.681   609   609 V PlmnActRecord: Creating PlmnActRecord 285
05-05 10:20:57.681   609   609 V PlmnActRecord: Creating PlmnActRecord 290
05-05 10:20:57.681   609   609 V PlmnActRecord: Creating PlmnActRecord 295
05-05 10:20:57.681   609   609 V PlmnActRecord: Creating PlmnActRecord 300
05-05 10:20:57.681   609   609 V PlmnActRecord: Creating PlmnActRecord 305
05-05 10:20:57.681   609   609 V PlmnActRecord: Creating PlmnActRecord 310
05-05 10:20:57.681   609   609 V PlmnActRecord: Creating PlmnActRecord 315
05-05 10:20:57.681   609   609 V PlmnActRecord: Creating PlmnActRecord 320
05-05 10:20:57.681   609   609 V PlmnActRecord: Creating PlmnActRecord 325
05-05 10:20:57.681   609   609 V PlmnActRecord: Creating PlmnActRecord 330
05-05 10:20:57.681   609   609 V PlmnActRecord: Creating PlmnActRecord 335
05-05 10:20:57.681   609   609 V PlmnActRecord: Creating PlmnActRecord 340
05-05 10:20:57.681   609   609 V PlmnActRecord: Creating PlmnActRecord 345
05-05 10:20:57.681   609   609 V PlmnActRecord: Creating PlmnActRecord 350
05-05 10:20:57.681   609   609 V PlmnActRecord: Creating PlmnActRecord 355
05-05 10:20:57.681   609   609 V PlmnActRecord: Creating PlmnActRecord 360
05-05 10:20:57.681   609   609 V PlmnActRecord: Creating PlmnActRecord 365
05-05 10:20:57.681   609   609 V PlmnActRecord: Creating PlmnActRecord 370
05-05 10:20:57.681   609   609 V PlmnActRecord: Creating PlmnActRecord 375
05-05 10:20:57.681   609   609 V PlmnActRecord: Creating PlmnActRecord 380
05-05 10:20:57.681   609   609 V PlmnActRecord: Creating PlmnActRecord 385
05-05 10:20:57.681   609   609 V PlmnActRecord: Creating PlmnActRecord 390
05-05 10:20:57.681   609   609 V PlmnActRecord: Creating PlmnActRecord 395
05-05 10:20:57.681   609   609 V PlmnActRecord: Creating PlmnActRecord 400
05-05 10:20:57.682   609   609 V PlmnActRecord: Creating PlmnActRecord 405
05-05 10:20:57.682   609   609 V PlmnActRecord: Creating PlmnActRecord 410
05-05 10:20:57.682   609   609 V PlmnActRecord: Creating PlmnActRecord 415
05-05 10:20:57.682   609   609 V PlmnActRecord: Creating PlmnActRecord 420
05-05 10:20:57.682   609   609 V PlmnActRecord: Creating PlmnActRecord 425
05-05 10:20:57.682   609   609 V PlmnActRecord: Creating PlmnActRecord 430
05-05 10:20:57.682   609   609 V PlmnActRecord: Creating PlmnActRecord 435
05-05 10:20:57.682   609   609 V PlmnActRecord: Creating PlmnActRecord 440
05-05 10:20:57.682   609   609 V PlmnActRecord: Creating PlmnActRecord 445
05-05 10:20:57.682   609   609 V PlmnActRecord: Creating PlmnActRecord 450
05-05 10:20:57.682   609   609 V PlmnActRecord: Creating PlmnActRecord 455
05-05 10:20:57.682   609   609 V PlmnActRecord: Creating PlmnActRecord 460
05-05 10:20:57.682   609   609 V PlmnActRecord: Creating PlmnActRecord 465
05-05 10:20:57.682   609   609 V PlmnActRecord: Creating PlmnActRecord 470
05-05 10:20:57.682   609   609 V PlmnActRecord: Creating PlmnActRecord 475
05-05 10:20:57.682   609   609 V PlmnActRecord: Creating PlmnActRecord 480
05-05 10:20:57.682   609   609 V PlmnActRecord: Creating PlmnActRecord 485
05-05 10:20:57.682   609   609 V PlmnActRecord: Creating PlmnActRecord 490
05-05 10:20:57.682   609   609 V PlmnActRecord: Creating PlmnActRecord 495
05-05 10:20:57.723   219  1310 D WH-AT   : ============AT< +CRSM: 144,0,64F010400064F090400064F010800064F0908000FFFFFF0000FFFFFF0000FFFFFF0000FFFFFF0000
05-05 10:20:57.723   219  1310 D WH-AT   : ============AT< OK
05-05 10:20:57.723   219   239 D WH-RIL  : onRequest: SIM_IO,4,28
05-05 10:20:57.723   219   239 D WH-AT   : ============AT> AT+CRSM=176,28633,0,0,12
05-05 10:20:57.724   609   769 D RILJ    : [3744]< SIM_IO IccIoResult sw1:0x90 sw2:0x0 [SUB0]
05-05 10:20:57.724   609   609 D SIMRecords: [SIMRecords] Received a PlmnActRecord, raw=64f010400064f090400064f010800064f0908000ffffff0000ffffff0000ffffff0000ffffff0000
05-05 10:20:57.725   609   609 V PlmnActRecord: Extracting Logs, count=8
05-05 10:20:57.725   609   609 V PlmnActRecord: Creating PlmnActRecord 0
05-05 10:20:57.725   609   609 V PlmnActRecord: Creating PlmnActRecord 5
05-05 10:20:57.725   609   609 V PlmnActRecord: Creating PlmnActRecord 10
05-05 10:20:57.725   609   609 V PlmnActRecord: Creating PlmnActRecord 15
05-05 10:20:57.725   609   609 V PlmnActRecord: Creating PlmnActRecord 20
05-05 10:20:57.725   609   609 V PlmnActRecord: Creating PlmnActRecord 25
05-05 10:20:57.725   609   609 V PlmnActRecord: Creating PlmnActRecord 30
05-05 10:20:57.725   609   609 V PlmnActRecord: Creating PlmnActRecord 35
05-05 10:20:57.727   609   609 D SIMRecords: [SIMRecords] HplmnActRecord[]=[{PLMN=46001,AccessTechs=EUTRAN}, {PLMN=46009,AccessTechs=EUTRAN}, {PLMN=46001,AccessTechs=UTRAN}, {PLMN=46009,AccessTechs=UTRAN}, {PLMN=fffff,AccessTechs=NONE}, {PLMN=fffff,AccessTechs=NONE}, {PLMN=fffff,AccessTechs=NONE}, {PLMN=fffff,AccessTechs=NONE}]
05-05 10:20:57.773   219  1310 D WH-AT   : ============AT< +CRSM: 144,0,64F010FFFFFFFFFFFFFFFFFF
05-05 10:20:57.773   219  1310 D WH-AT   : ============AT< OK
05-05 10:20:57.773   219   239 D WH-RIL  : onRequest: SIM_IO,4,28
05-05 10:20:57.773   219   239 D WH-AT   : ============AT> AT+CRSM=176,28539,0,0,30
05-05 10:20:57.773   609   769 D RILJ    : [3745]< SIM_IO IccIoResult sw1:0x90 sw2:0x0 [SUB0]
05-05 10:20:57.773   609   609 D SIMRecords: [SIMRecords] Received Equivalent Home PLMNs, raw=64f010ffffffffffffffffff
05-05 10:20:57.814   219  1310 D WH-AT   : ============AT< +CRSM: 144,0,64F00064F02064F04064F07064F08064F03064F011FFFFFFFFFFFFFFFFFF
05-05 10:20:57.814   219  1310 D WH-AT   : ============AT< OK
05-05 10:20:57.814   219   239 D WH-RIL  : onRequest: SIM_IO,4,28
05-05 10:20:57.814   219   239 D WH-AT   : ============AT> AT+CRSM=192,28436,0,0,255
05-05 10:20:57.815   609   769 D RILJ    : [3746]< SIM_IO IccIoResult sw1:0x90 sw2:0x0 [SUB0]
05-05 10:20:57.815   609   609 D SIMRecords: [SIMRecords] Received Forbidden PLMNs, raw=64f00064f02064f04064f07064f08064f03064f011ffffffffffffffffff
05-05 10:20:57.815   609   609 D SIMRecords: [SIMRecords] onRecordLoaded 1 requested: true
05-05 10:20:57.816   219  1310 D WH-AT   : ============AT< +CME ERROR: 15
05-05 10:20:57.817   609   769 D RilRequest: [3747]< SIM_IO error: com.android.internal.telephony.CommandException: GENERIC_FAILURE ret=
05-05 10:20:57.817   609   609 D RILJ    : [3748]> iccIO: SIM_IO 0xc0 0x6f18  path: 3F007F20,0,0,15 aid: null [SUB0]
05-05 10:20:57.820   609   609 D SIMRecords: [SIMRecords] onRecordLoaded 1 requested: true
05-05 10:20:57.820   219   239 D WH-RIL  : onRequest: SIM_IO,4,28
05-05 10:20:57.820   219   239 D WH-AT   : ============AT> AT+CRSM=192,28440,0,0,255
05-05 10:20:57.823   219  1310 D WH-AT   : ============AT< +CME ERROR: 15
05-05 10:20:57.824   609   769 D RilRequest: [3748]< SIM_IO error: com.android.internal.telephony.CommandException: GENERIC_FAILURE ret=
05-05 10:20:57.825   609   609 D SIMRecords: [SIMRecords] No SPN loaded in either CHPS or 3GPP
05-05 10:20:57.825   609   609 D SIMRecords: [SIMRecords] onRecordLoaded 0 requested: true
05-05 10:20:57.825   609   609 D SIMRecords: [SIMRecords] record load complete
05-05 10:20:57.825   609   609 D SIMRecords: [SIMRecords] Not using EF LI/EF PL
05-05 10:20:57.825   609   609 D SIMRecords: [SIMRecords] EF_CFIS and EF_CFF not valid. callForwardingEnabled=-1
05-05 10:20:57.825   609   609 D SIMRecords: [SIMRecords] onAllRecordsLoaded set 'gsm.sim.operator.numeric' to operator='46006'
05-05 10:20:57.825   609   609 D SIMRecords: [SIMRecords] update icc_operator_numeric=46006
05-05 10:20:57.826   609   609 D TelephonyManager: setTelephonyProperty: success phoneId=0 property=gsm.sim.operator.numeric value: 46006 propVal=46006
05-05 10:20:57.836   609   609 D SubscriptionController: [setMccMnc]+ mcc/mnc:460/6 subId:-1
05-05 10:20:57.842   609   609 D SubscriptionController: notifySubscriptionInfoChanged:
05-05 10:20:57.848   609   627 D SubscriptionController: [getActiveSubInfoList] Sub Controller not ready
05-05 10:20:57.850   609   609 D SIMRecords: [SIMRecords] onAllRecordsLoaded set mcc imsi
05-05 10:20:57.850   609   609 D TelephonyManager: setTelephonyProperty: success phoneId=0 property=gsm.sim.operator.iso-country value: cn propVal=cn
05-05 10:20:57.852   609  1321 D SubscriptionController: [getActiveSubInfoList] Sub Controller not ready
05-05 10:20:57.852   609   609 D SST     : SubscriptionListener.onSubscriptionInfoChanged
05-05 10:20:57.852   609   609 E Phone   : getStoredVoiceMessageCount: invalid subId -2
05-05 10:20:57.852   609   609 D GsmCdmaPhone: [GsmCdmaPhone] updateVoiceMail countVoiceMessages = 0 subId -2
05-05 10:20:57.852   609   609 E Phone   : setVoiceMessageCount in sharedPreference: invalid subId -2
05-05 10:20:57.872   609   609 D DCT     : [0]SubscriptionListener.onSubscriptionInfoChanged
05-05 10:20:57.872   609   609 D SubscriptionController: [getActiveSubInfoList] Sub Controller not ready
05-05 10:20:57.873   609   609 D SubscriptionController: [getActiveSubInfoList] Sub Controller not ready
05-05 10:20:57.874   609   609 D CAT     : CatService: handleMessage[20]
05-05 10:20:57.875   609   609 D GsmCdmaPhone: [GsmCdmaPhone] updateCurrentCarrierInProvider: mSubId = -2 currentDds = 1 operatorNumeric = 46006
05-05 10:20:57.875   609   609 D IccCardProxy: operator=46006 mPhoneId=0
05-05 10:20:57.875   609   609 D TelephonyManager: setTelephonyProperty: success phoneId=0 property=gsm.sim.operator.numeric value: 46006 propVal=46006
05-05 10:20:57.879   609   609 D TelephonyManager: setTelephonyProperty: success phoneId=0 property=gsm.sim.operator.iso-country value: cn propVal=cn
05-05 10:20:57.879   609   609 D IccCardProxy: Sending intent ACTION_INTERNAL_SIM_STATE_CHANGED for mPhoneId : 0
05-05 10:20:57.881   609   609 D SST     : EVENT_SIM_RECORDS_LOADED: what=16
05-05 10:20:57.881   609   609 D GsmCdmaPhone: [GsmCdmaPhone] updatePhoneObject: radioTechnology=14
05-05 10:20:57.881   609   609 D SST     : getOtasp: otasp not needed for GSM
05-05 10:20:57.881   609   609 D SST     : updateOtaspState: call notifyOtaspChanged old otaspMode=0 new otaspMode=3
05-05 10:20:57.882   609   609 D SIMRecords: [SIMRecords] getServiceProviderName: no brandOverride, providerName=null
05-05 10:20:57.882   609   609 D SIMRecords: [SIMRecords] getServiceProviderName: no brandOverride, providerName=null
05-05 10:20:57.882   609   609 D SST     : updateSpnDisplay: changed sending intent rule=2 showPlmn='true' plmn='CHINA-UNICOM' showSpn='false' spn='null' dataSpn='null' subId='-2'
05-05 10:20:57.884   609   609 D SubscriptionController: [setPlmnSpn] No valid subscription to store info
05-05 10:20:57.884   609   609 D SubscriptionController: notifySubscriptionInfoChanged:
05-05 10:20:57.887   609  1316 D SubscriptionController: [getActiveSubInfoList] Sub Controller not ready
05-05 10:20:57.888   609   851 D SubscriptionController: [getActiveSubInfoList] Sub Controller not ready
05-05 10:20:57.897   609   609 D SubscriptionInfoUpdater: [Receiver]+
05-05 10:20:57.897   609   609 D SubscriptionInfoUpdater: Action: android.intent.action.internal_sim_state_changed
05-05 10:20:57.897   609   609 D SubscriptionInfoUpdater: slotId: 0
05-05 10:20:57.897   609   609 D SubscriptionInfoUpdater: simStatus: LOADED
05-05 10:20:57.897   609   609 D SubscriptionInfoUpdater: [Receiver]-
05-05 10:20:57.897   609   609 D GsmCdmaPhone: [GsmCdmaPhone] phoneObjectUpdater: newVoiceRadioTech=14
05-05 10:20:57.898   609   609 D GsmCdmaPhone: [GsmCdmaPhone] phoneObjectUpdater: volteReplacementRat=0
05-05 10:20:57.898   609   609 D GsmCdmaPhone: [GsmCdmaPhone] phoneObjectUpdater: No change ignore, newVoiceRadioTech=14 mActivePhone=GSM
05-05 10:20:57.898   609   609 D SST     : SubscriptionListener.onSubscriptionInfoChanged
05-05 10:20:57.898   609   609 D DCT     : [0]SubscriptionListener.onSubscriptionInfoChanged
05-05 10:20:57.898   609   609 D SubscriptionController: [getActiveSubInfoList] Sub Controller not ready
05-05 10:20:57.899   609   609 D SubscriptionController: [getActiveSubInfoList] Sub Controller not ready
05-05 10:20:57.911   609   609 D SubscriptionInfoUpdater: handleSimStateLoadedInternal: slotId: 0
05-05 10:20:57.912   609   609 D SubscriptionInfoUpdater: All IccIds query complete
05-05 10:20:57.912   609   609 D SubscriptionInfoUpdater: updateSubscriptionInfoByIccId:+ Start
05-05 10:20:57.912   609   609 D SubscriptionController: [clearSubInfo]- no simInfo size=0
05-05 10:20:57.913   609   609 D SubscriptionInfoUpdater: insertedSimCount = 1
05-05 10:20:57.913   609   609 D SubscriptionController: [getSubInfoUsingSlotIdWithCheck]+ slotId:0
05-05 10:20:57.917   609   609 D SubscriptionController: [getPhoneId]- no sims, returning default phoneId=2147483647
05-05 10:20:57.919   609   609 D SubscriptionController: [getPhoneId]- no sims, returning default phoneId=2147483647
05-05 10:20:57.919   609   609 D SubscriptionController: [getPhoneId]- no sims, returning default phoneId=2147483647
05-05 10:20:57.921   609   609 D SubscriptionController: [getSubInfoUsingSlotId]- null info return
05-05 10:20:57.921   609   609 D SubscriptionInfoUpdater: updateSubscriptionInfoByIccId: oldSubId = 1
05-05 10:20:57.921   609   609 D SubscriptionInfoUpdater: updateSubscriptionInfoByIccId: oldIccId[0] = 89860617040061169274, sIccId[0] = 89860617040061169274
05-05 10:20:57.921   609   609 D SubscriptionController: [addSubInfoRecord]+ iccId:89860617040061169274 slotId:0
05-05 10:20:57.927   609   609 D SubscriptionController: [getActiveSubInfoList] Sub Controller not ready
05-05 10:20:57.928   609   609 D SubscriptionController: [addSubInfoRecord] Record already exists
05-05 10:20:57.932   609   609 D SubscriptionController: [addSubInfoRecord] sSlotIdxToSubId.size=1 slotId=0 subId=1 defaultSubId=1 simCount=1
05-05 10:20:57.932   609   609 D SubscriptionController: [setDefaultFallbackSubId] subId=1
05-05 10:20:57.933   609   609 D SubscriptionController: [setDefaultFallbackSubId] set mDefaultFallbackSubId=1
05-05 10:20:57.936   609   609 D SubscriptionController: [setDefaultFallbackSubId] broadcast default subId changed phoneId=0 subId=1
05-05 10:20:57.938   609   609 D SubscriptionController: [addSubInfoRecord] one sim set defaults to subId=1
05-05 10:20:57.939   609   609 D SubscriptionController: [setDefaultDataSubId] num phones=1, subId=1
05-05 10:20:57.939   609   609 D SubscriptionController: [setDefaultDataSubId] phoneId=0 subId=1 RAF=249358
05-05 10:20:57.940   609   609 D ProxyController: setRadioCapability: Already in requested configuration, nothing to do.
05-05 10:20:57.940   609   609 D SubscriptionController: [updateAllDataConnectionTrackers] sPhones.length=1
05-05 10:20:57.940   609   609 D SubscriptionController: [updateAllDataConnectionTrackers] phoneId=0
05-05 10:20:57.940   609   609 D DCT     : [0]update sub = 1
05-05 10:20:57.940   609   609 D DCT     : [0]update(): Active DDS, register for all events now!
05-05 10:20:57.940   609   609 D DCT     : [0]New records found.
05-05 10:20:57.941   609   609 D SST     : mDeviceShuttingDown=false, mDesiredPowerState=true, getRadioState=RADIO_ON, mPowerOffDelayNeed=true, mAlarmSwitch=false, mRadioDisabledByCarrier=false
05-05 10:20:57.943   609   609 D GsmCdmaPhone: [GsmCdmaPhone] updateCurrentCarrierInProvider: mSubId = 1 currentDds = 1 operatorNumeric = 46006
05-05 10:20:57.961   609   609 D SubscriptionController: [broadcastDefaultDataSubIdChanged] subId=1
05-05 10:20:57.965   609   609 D SubscriptionController: [setDefaultSmsSubId] subId=1
05-05 10:20:57.966   609   609 D SubscriptionController: [broadcastDefaultSmsSubIdChanged] subId=1
05-05 10:20:57.968   609   609 D SubscriptionController: [setDefaultVoiceSubId] subId=1
05-05 10:20:57.969   609   609 D SubscriptionController: [broadcastDefaultVoiceSubIdChanged] subId=1
05-05 10:20:57.970   609   609 D SubscriptionController: [addSubInfoRecord] hashmap(0,1)
05-05 10:20:57.979   609   609 D SubscriptionController: [addSubInfoRecord] sim name = CARD 1
05-05 10:20:57.979   609   609 D DCT     : [0]update sub = 1
05-05 10:20:57.979   609   609 D DCT     : [0]update(): Active DDS, register for all events now!
05-05 10:20:57.980   609   609 D GsmCdmaPhone: [GsmCdmaPhone] updateCurrentCarrierInProvider: mSubId = 1 currentDds = 1 operatorNumeric = 46006
05-05 10:20:57.990   609   609 D SubscriptionController: [addSubInfoRecord]- info size=1
05-05 10:20:57.991   609   609 D SubscriptionInfoUpdater: newSim = false
05-05 10:20:57.991   609   609 D SubscriptionInfoUpdater: updateSubscriptionInfoByIccId: sInsertSimState[0] = 0
05-05 10:20:57.999   609   609 D SubscriptionInfoUpdater: updateSubscriptionInfoByIccId: nSubCount = 1
05-05 10:20:58.001   609   609 D SubscriptionController: [setDefaultDataSubId] num phones=1, subId=1
05-05 10:20:58.001   609   609 D SubscriptionController: [setDefaultDataSubId] phoneId=0 subId=1 RAF=249358
05-05 10:20:58.001   609   609 D ProxyController: setRadioCapability: Already in requested configuration, nothing to do.
05-05 10:20:58.001   609   609 D SubscriptionController: [updateAllDataConnectionTrackers] sPhones.length=1
05-05 10:20:58.001   609   609 D SubscriptionController: [updateAllDataConnectionTrackers] phoneId=0
05-05 10:20:58.001   609   609 D DCT     : [0]update sub = 1
05-05 10:20:58.001   609   609 D DCT     : [0]update(): Active DDS, register for all events now!
05-05 10:20:58.002   609   609 D GsmCdmaPhone: [GsmCdmaPhone] updateCurrentCarrierInProvider: mSubId = 1 currentDds = 1 operatorNumeric = 46006
05-05 10:20:58.011   609   609 D SubscriptionController: [broadcastDefaultDataSubIdChanged] subId=1
05-05 10:20:58.012   609   609 D SubscriptionController: notifySubscriptionInfoChanged:
05-05 10:20:58.013   609  1316 D SubscriptionMonitor: Phone[0] subId changed -2->1, 1 registrants
05-05 10:20:58.014   609  1316 D SubscriptionMonitor: mDefaultDataSubId = 1, 1 registrants
05-05 10:20:58.015   609   609 D SubscriptionInfoUpdater: updateSubscriptionInfoByIccId:- SsubscriptionInfo update complete
05-05 10:20:58.018   609   609 D SubscriptionController: [setMccMnc]+ mcc/mnc:460/6 subId:1
05-05 10:20:58.024   609   609 D SubscriptionController: notifySubscriptionInfoChanged:
05-05 10:20:58.035   609   609 D SubscriptionController: [getActiveSubscriptionInfo]+ subId=1 subInfo={id=1, iccId=89860617040061169274 simSlotIndex=0 displayName=CARD 1 carrierName=CHINA-UNICOM nameSource=0 iconTint=-16746133 dataRoaming=0 iconBitmap=android.graphics.Bitmap@9d12bb mcc 460 mnc 6}
05-05 10:20:58.035   609   609 D SubscriptionInfoUpdater: sim name = CARD 1
05-05 10:20:58.042   609   609 D SubscriptionInfoUpdater: Broadcasting intent ACTION_SIM_STATE_CHANGED LOADED reason null for mCardIndex: 0
05-05 10:20:58.071   609   609 D SubscriptionController: [getActiveSubscriptionInfo]+ subId=1 subInfo={id=1, iccId=89860617040061169274 simSlotIndex=0 displayName=CARD 1 carrierName=CHINA-UNICOM nameSource=0 iconTint=-16746133 dataRoaming=0 iconBitmap=android.graphics.Bitmap@5f7e16d mcc 460 mnc 6}
05-05 10:20:58.095   609   609 D SubscriptionController: [getActiveSubscriptionInfo]+ subId=1 subInfo={id=1, iccId=89860617040061169274 simSlotIndex=0 displayName=CARD 1 carrierName=CHINA-UNICOM nameSource=0 iconTint=-16746133 dataRoaming=0 iconBitmap=android.graphics.Bitmap@33e2769 mcc 460 mnc 6}
05-05 10:20:58.113   609   609 D DCT     : [0]onRecordsLoadedOrSubIdChanged: createAllApnList
05-05 10:20:58.113   609   609 D DCT     : [0]createAllApnList: selection=numeric = '46006'
05-05 10:20:58.118   609   609 D DCT     : [0]createApnList: X result=[[ApnSettingV3] China Unicom, 1099, 46006, 3gnet, , , , , 80, -1, default | supl, IP, IP, true, 0, 0, 0, false, 0, 0, 0, 0, , , false]
05-05 10:20:58.128   609   609 D DCT     : [0]getPreferredApn: mRequestedApnType=default cursor=android.content.ContentResolver$CursorWrapperInner@23420ab cursor.count=1
05-05 10:20:58.128   609   609 D DCT     : [0]getPreferredApn: apnSetting=[ApnSettingV3] China Unicom, 1099, 46006, 3gnet, , , , , 80, -1, default | supl, IP, IP, true, 0, 0, 0, false, 0, 0, 0, 0, , , false
05-05 10:20:58.128   609   609 D DCT     : [0]getPreferredApn: X found apnSetting[ApnSettingV3] China Unicom, 1099, 46006, 3gnet, , , , , 80, -1, default | supl, IP, IP, true, 0, 0, 0, false, 0, 0, 0, 0, , , false
05-05 10:20:58.129   609   609 D DCT     : [0]createAllApnList: mPreferredApn=[ApnSettingV3] China Unicom, 1099, 46006, 3gnet, , , , , 80, -1, default | supl, IP, IP, true, 0, 0, 0, false, 0, 0, 0, 0, , , false
05-05 10:20:58.129   609   609 D DCT     : [0]createAllApnList: X mAllApnSettings=[[ApnSettingV3] China Unicom, 1099, 46006, 3gnet, , , , , 80, -1, default | supl, IP, IP, true, 0, 0, 0, false, 0, 0, 0, 0, , , false]
05-05 10:20:58.129   609   609 D DCT     : [0]setDataProfilesAsNeeded mSetDataProfileStatus: 0
05-05 10:20:58.129   609   609 D DCT     : [0]setInitialApn: E mPreferredApn=[ApnSettingV3] China Unicom, 1099, 46006, 3gnet, , , , , 80, -1, default | supl, IP, IP, true, 0, 0, 0, false, 0, 0, 0, 0, , , false
05-05 10:20:58.129   609   609 D DCT     : [0]setInitialApn: firstApnSetting=[ApnSettingV3] China Unicom, 1099, 46006, 3gnet, , , , , 80, -1, default | supl, IP, IP, true, 0, 0, 0, false, 0, 0, 0, 0, , , false
05-05 10:20:58.129   609   609 D DCT     : [0]setInitialApn: defaultApnSetting=[ApnSettingV3] China Unicom, 1099, 46006, 3gnet, , , , , 80, -1, default | supl, IP, IP, true, 0, 0, 0, false, 0, 0, 0, 0, , , false
05-05 10:20:58.129   609   609 D DCT     : [0]setInitialAttachApn: using mPreferredApn
05-05 10:20:58.129   609   609 D DCT     : [0]setInitialAttachApn: X selected Apn=[ApnSettingV3] China Unicom, 1099, 46006, 3gnet, , , , , 80, -1, default | supl, IP, IP, true, 0, 0, 0, false, 0, 0, 0, 0, , , false
05-05 10:20:58.129   609   609 D RILJ    : Set RIL_REQUEST_SET_INITIAL_ATTACH_APN [SUB0]
05-05 10:20:58.129   609   609 D RILJ    : [3749]> RIL_REQUEST_SET_INITIAL_ATTACH_APN, apn:3gnet, protocol:IP, authType:-1, username:, password: [SUB0]
05-05 10:20:58.130   609   609 D DCT     : [0]onRecordsLoadedOrSubIdChanged: notifying data availability
05-05 10:20:58.130   219   239 D WH-RIL  : onRequest: RIL_REQUEST_SET_INITIAL_ATTACH_APN,4,111
05-05 10:20:58.130   609   769 D RILJ    : [3749]< RIL_REQUEST_SET_INITIAL_ATTACH_APN  [SUB0]
05-05 10:20:58.132   442   469 D TelephonyRegistry: Notify data connection state changed on sub: 1
05-05 10:20:58.132   442   469 D TelephonyRegistry: Notify data connection state changed on sub: 1
05-05 10:20:58.149   609   609 D DCT     : [0]setupDataOnConnectableApns: simLoaded emergency:[state=IDLE,enabled=false] hipri:[state=IDLE,enabled=false] supl:[state=IDLE,enabled=false] mms:[state=IDLE,enabled=false] dun:[state=IDLE,enabled=false] fota:[state=IDLE,enabled=false] ims:[state=IDLE,enabled=false] default:[state=IDLE,enabled=false] cbs:[state=IDLE,enabled=false] 
05-05 10:20:58.152   609   609 D SST     : SubscriptionListener.onSubscriptionInfoChanged
05-05 10:20:58.154   609   609 D Phone   : getCallForwardingIndicatorFromSharedPref: for subId 1= -1
05-05 10:20:58.155   609   609 D PhoneFactory: calculatePreferredNetworkType: phoneSubId = 1 networkType = 9
05-05 10:20:58.155   609   609 D Phone   : setPreferredNetworkType: networkType = 9 modemRaf = 249358 rafFromType = 642574 filteredType = 9
05-05 10:20:58.155   609   609 D RILJ    : [3750]> REQUEST_SET_PREFERRED_NETWORK_TYPE : 9 [SUB0]
05-05 10:20:58.156   219   239 D WH-RIL  : onRequest: SET_PREFERRED_NETWORK_TYPE,4,73
05-05 10:20:58.156   219   239 D WH-RIL  : requestSetPreferredNetworkType:9.
05-05 10:20:58.156   219   239 D WH-AT   : ============AT> AT^SYSCONFIG?
05-05 10:20:58.156   609   609 D Phone   : setNetworkSelectionModeAutomatic, querying current mode
05-05 10:20:58.157   609   609 D RILJ    : [3751]> QUERY_NETWORK_SELECTION_MODE [SUB0]
05-05 10:20:58.157   609   609 D TelephonyManager: setTelephonyProperty: success phoneId=0 property=gsm.network.type value: LTE propVal=LTE
05-05 10:20:58.158   609   609 D SubscriptionController: [setCarrierText]+ text:CHINA-UNICOM subId:1
05-05 10:20:58.159   219  1310 D WH-AT   : ============AT< ^SYSCONFIG: 27,13,1,2
05-05 10:20:58.159   219  1310 D WH-AT   : ============AT< OK
05-05 10:20:58.159   219   239 D WH-RIL  : onRequest: QUERY_NETWORK_SELECTION_MODE,4,45
05-05 10:20:58.159   219   239 D WH-AT   : ============AT> AT+COPS?
05-05 10:20:58.159   609   769 D RILJ    : [3750]< REQUEST_SET_PREFERRED_NETWORK_TYPE  [SUB0]
05-05 10:20:58.161   219  1310 D WH-AT   : ============AT< +COPS: 0,2,"46001",7,1
05-05 10:20:58.161   219  1310 D WH-AT   : ============AT< OK
05-05 10:20:58.161   609   769 D RILJ    : [3751]< QUERY_NETWORK_SELECTION_MODE {0} [SUB0]
05-05 10:20:58.165   609   609 D SubscriptionController: notifySubscriptionInfoChanged:
05-05 10:20:58.167   609   609 D SIMRecords: [SIMRecords] getServiceProviderName: no brandOverride, providerName=null
05-05 10:20:58.167   609   609 D SIMRecords: [SIMRecords] getServiceProviderName: no brandOverride, providerName=null
05-05 10:20:58.168   609   609 D SST     : updateSpnDisplay: changed sending intent rule=2 showPlmn='true' plmn='CHINA-UNICOM' showSpn='false' spn='null' dataSpn='null' subId='1'
05-05 10:20:58.170   609   609 D SubscriptionController: [setCarrierText]+ text:CHINA-UNICOM subId:1
05-05 10:20:58.178   609   609 D SubscriptionController: notifySubscriptionInfoChanged:
05-05 10:20:58.181   609   609 D Phone   : getStoredVoiceMessageCount: from preference for subId 1= 0
05-05 10:20:58.181   609   609 D GsmCdmaPhone: [GsmCdmaPhone] updateVoiceMail countVoiceMessages = 0 subId 1
05-05 10:20:58.181   609   609 D Phone   : setVoiceMessageCount: Storing Voice Mail Count = 0 for mVmCountKey = vm_count_key1 in preferences.
05-05 10:20:58.212   609   609 D SubscriptionController: [getActiveSubscriptionInfo]+ subId=1 subInfo={id=1, iccId=89860617040061169274 simSlotIndex=0 displayName=CARD 1 carrierName=CHINA-UNICOM nameSource=0 iconTint=-16746133 dataRoaming=0 iconBitmap=android.graphics.Bitmap@2c8094c mcc 460 mnc 6}
05-05 10:20:58.226   609   609 D TelephonyNetworkFactory[0]: onSubIdChange -2->1
05-05 10:20:58.226   609   609 D TelephonyNetworkFactory[0]: onDefaultChange(false,true)
05-05 10:20:58.226   609   609 D PhoneSwitcher: evaluating due to subChanged phone[0] -2->1
05-05 10:20:58.227   609   609 D PhoneSwitcher: activate 0
05-05 10:20:58.228   609   609 D RILJ    : [3752]> RIL_REQUEST_ALLOW_DATA allowed: true [SUB0]
05-05 10:20:58.229   219   239 D WH-RIL  : onRequest: ALLOW_DATA,4,123
05-05 10:20:58.229   219   239 D WH-RIL  : onRequest: ALLOW_DATA not supported
05-05 10:20:58.230   609   769 D RilRequest: [3752]< RIL_REQUEST_ALLOW_DATA error: com.android.internal.telephony.CommandException: REQUEST_NOT_SUPPORTED ret=
05-05 10:20:58.240   609   609 D DCT     : [0]SubscriptionListener.onSubscriptionInfoChanged
05-05 10:20:58.242   609   609 D DCT     : [0]onRecordsLoadedOrSubIdChanged: createAllApnList
05-05 10:20:58.243   609   609 D DCT     : [0]createAllApnList: selection=numeric = '46006'
05-05 10:20:58.247   609   609 D DCT     : [0]createApnList: X result=[[ApnSettingV3] China Unicom, 1099, 46006, 3gnet, , , , , 80, -1, default | supl, IP, IP, true, 0, 0, 0, false, 0, 0, 0, 0, , , false]
05-05 10:20:58.253   609   609 D DCT     : [0]getPreferredApn: mRequestedApnType=default cursor=android.content.ContentResolver$CursorWrapperInner@6be2e11 cursor.count=1
05-05 10:20:58.253   609   609 D DCT     : [0]getPreferredApn: apnSetting=[ApnSettingV3] China Unicom, 1099, 46006, 3gnet, , , , , 80, -1, default | supl, IP, IP, true, 0, 0, 0, false, 0, 0, 0, 0, , , false
05-05 10:20:58.253   609   609 D DCT     : [0]getPreferredApn: X found apnSetting[ApnSettingV3] China Unicom, 1099, 46006, 3gnet, , , , , 80, -1, default | supl, IP, IP, true, 0, 0, 0, false, 0, 0, 0, 0, , , false
05-05 10:20:58.255   609   609 D DCT     : [0]createAllApnList: mPreferredApn=[ApnSettingV3] China Unicom, 1099, 46006, 3gnet, , , , , 80, -1, default | supl, IP, IP, true, 0, 0, 0, false, 0, 0, 0, 0, , , false
05-05 10:20:58.255   609   609 D DCT     : [0]createAllApnList: X mAllApnSettings=[[ApnSettingV3] China Unicom, 1099, 46006, 3gnet, , , , , 80, -1, default | supl, IP, IP, true, 0, 0, 0, false, 0, 0, 0, 0, , , false]
05-05 10:20:58.255   609   609 D DCT     : [0]setDataProfilesAsNeeded mSetDataProfileStatus: 0
05-05 10:20:58.255   609   609 D DCT     : [0]setInitialApn: E mPreferredApn=[ApnSettingV3] China Unicom, 1099, 46006, 3gnet, , , , , 80, -1, default | supl, IP, IP, true, 0, 0, 0, false, 0, 0, 0, 0, , , false
05-05 10:20:58.255   609   609 D DCT     : [0]setInitialApn: firstApnSetting=[ApnSettingV3] China Unicom, 1099, 46006, 3gnet, , , , , 80, -1, default | supl, IP, IP, true, 0, 0, 0, false, 0, 0, 0, 0, , , false
05-05 10:20:58.255   609   609 D DCT     : [0]setInitialApn: defaultApnSetting=[ApnSettingV3] China Unicom, 1099, 46006, 3gnet, , , , , 80, -1, default | supl, IP, IP, true, 0, 0, 0, false, 0, 0, 0, 0, , , false
05-05 10:20:58.255   609   609 D DCT     : [0]setInitialAttachApn: using mPreferredApn
05-05 10:20:58.255   609   609 D DCT     : [0]setInitialAttachApn: X selected Apn=[ApnSettingV3] China Unicom, 1099, 46006, 3gnet, , , , , 80, -1, default | supl, IP, IP, true, 0, 0, 0, false, 0, 0, 0, 0, , , false
05-05 10:20:58.255   609   609 D RILJ    : Set RIL_REQUEST_SET_INITIAL_ATTACH_APN [SUB0]
05-05 10:20:58.255   609   609 D RILJ    : [3753]> RIL_REQUEST_SET_INITIAL_ATTACH_APN, apn:3gnet, protocol:IP, authType:-1, username:, password: [SUB0]
05-05 10:20:58.256   609   609 D DCT     : [0]onRecordsLoadedOrSubIdChanged: notifying data availability
05-05 10:20:58.257   219   239 D WH-RIL  : onRequest: RIL_REQUEST_SET_INITIAL_ATTACH_APN,4,111
05-05 10:20:58.257   609   769 D RILJ    : [3753]< RIL_REQUEST_SET_INITIAL_ATTACH_APN  [SUB0]
