05-05 10:20:38.365   219   219 D RILD    : **RIL Daemon Started**
05-05 10:20:38.365   219   219 D RILD    : **RILd param count=1**
05-05 10:20:38.473   219   219 W RILD    : RIL_SAP_Init not defined or exported in /system/lib/libreference-ril-wh405-1.so: undefined symbol: RIL_SAP_Init
05-05 10:20:38.473   219   219 D RILD    : RIL_Init argc = 5 clientId = 0
05-05 10:20:38.473   219   219 I WH-RIL  : RIL_Init -1,Apr 30 2019-17:21:18
05-05 10:20:38.473   219   219 D RILD    : RIL_Init rilInit completed
05-05 10:20:38.473   219   219 I RILC    : SIM_COUNT: 1
05-05 10:20:38.473   219   219 E RILC    : RIL_register: RIL version 12
05-05 10:20:38.473   219   219 I RILC    : s_registerCalled flag set, 1
05-05 10:20:38.473   219   219 I RILC    : Start to listen RIL_SOCKET_1
05-05 10:20:38.473   219   219 D RILD    : RIL_Init RIL_register completed
05-05 10:20:38.473   219   219 D RILD    : RIL_register_socket completed
05-05 10:20:38.473   219   219 D RILD    : RIL_Init starting sleep loop
05-05 10:20:38.483   219   240 D WH-AT   : entering mainLoop()
05-05 10:20:38.483   219   240 I WH-RIL  : GANYE:RIL mainLoop
05-05 10:20:38.483   219   240 D WH-RIL  : GANYE:RIL mainLoop
05-05 10:20:38.484   219   240 I WH-RIL  : mainLoop s_device_path null 
05-05 10:20:39.485   219   240 I WH-RIL  : mainLoop s_device_path null 
05-05 10:20:40.486   219   240 I WH-RIL  : mainLoop s_device_path null 
05-05 10:20:41.487   219   240 I WH-RIL  : mainLoop s_device_path null 
05-05 10:20:41.596   224   224 D TelephonyManager: No /proc/cmdline exception=java.io.FileNotFoundException: /proc/cmdline (Permission denied)
05-05 10:20:41.596   224   224 D TelephonyManager: /proc/cmdline=
05-05 10:20:42.488   219   240 I WH-RIL  : mainLoop s_device_path null 
05-05 10:20:43.489   219   240 I WH-RIL  : mainLoop s_device_path null 
05-05 10:20:43.642   442   442 D TelephonyManager: /proc/cmdline=earlycon=uart8250,mmio32,0xff690000 vmalloc=496M console=ttyFIQ0 androidboot.baseband=N/A androidboot.selinux=permissive androidboot.hardware=rk30board androidboot.console=ttyFIQ0 init=/init  mtdparts=rk29xxnand:0x00002000@0x00002000(uboot),0x00002000@0x00004000(trust),0x00002000@0x00006000(misc),0x00008000@0x00008000(resource),0x0001C000@0x00010000(boot),0x00010000@0x0002C000(recovery),0x00038000@0x0003C000(backup),0x00040000@0x00074000(cache),0x00400000@0x000B4000(system),0x00008000@0x004B4000(metadata),0x00019000@0x004BC000(vendor0),0x00019000@0x004D5000(vendor1),-@0x004EE000(userdata) storagemedia=emmc androidboot.oem_unlocked=0 uboot_logo=0x02000000@0xfbc00000 loader.timestamp=2018-11-12_10:31:06 SecureBootCheckOk=0 androidboot.mode=emmc
05-05 10:20:44.489   219   240 I WH-RIL  : mainLoop s_device_path null 
05-05 10:20:45.490   219   240 I WH-RIL  : mainLoop s_device_path null 
05-05 10:20:45.594   442   686 D TelephonyRegistry: listen oscl: hasNotifySubscriptionInfoChangedOccurred==false no callback
05-05 10:20:45.609   609   609 D TDC     : updateOrInsert: inserting: Modem { uuid=modem, state=0, rilModel=0, rat={}, maxActiveVoiceCall=1, maxActiveDataCall=1, maxStandby=1 }
05-05 10:20:45.609   609   609 D TDC     : updateOrInsert: inserting: Sim { uuid=sim, modemUuid=modem, state=0 }
05-05 10:20:45.651   609   609 D CdmaSSM : subscriptionSource from settings: 0
05-05 10:20:45.651   609   609 I PhoneFactory: Cdma Subscription set to 0
05-05 10:20:45.681   609   609 I PhoneFactory: Network Mode set to 9
05-05 10:20:45.689   609   609 D RILJ    : RIL(context, preferredNetworkType=9 cdmaSubscription=0)
05-05 10:20:45.693   609   609 D RILJ    : Starting RILReceiver0 [SUB0]
05-05 10:20:45.698   219   239 I RILC    : libril: new connection to RIL_SOCKET_1
05-05 10:20:45.698   219   239 I RILC    : RIL Daemon version: WH_Android_RIL_Driver_V1.0.1
05-05 10:20:45.698   609   769 I RILJ    : (0) Connected to 'rild' socket
05-05 10:20:45.699   609   769 D RILJ    : [UNSL]< UNSOL_RIL_CONNECTED {12} [SUB0]
05-05 10:20:45.700   609   609 D RILJ    : [3648]> GET_HARDWARE_CONFIG [SUB0]
05-05 10:20:45.701   609   769 D RILJ    : [3649]> RADIO_POWER off [SUB0]
05-05 10:20:45.702   609   609 I PhoneFactory: Creating SubscriptionController
05-05 10:20:45.702   219   239 D WH-RIL  : onRequest: GET_HARDWARE_CONFIG,1,124
05-05 10:20:45.705   609   609 D SubscriptionController: [SubscriptionController] init by Context
05-05 10:20:45.707   219   239 D WH-RIL  : onRequest: RADIO_POWER,1,23
05-05 10:20:45.707   609   769 D RILJ    : [3650]> RIL_REQUEST_CDMA_SET_SUBSCRIPTION_SOURCE : 0 [SUB0]
05-05 10:20:45.708   219   239 D WH-RIL  : onRequest: CDMA_SET_SUBSCRIPTION_SOURCE,1,77
05-05 10:20:45.708   609   769 D RILJ    : setCellInfoListRate: 2147483647 [SUB0]
05-05 10:20:45.708   609   769 D RILJ    : [3651]> RIL_REQUEST_SET_CELL_INFO_LIST_RATE [SUB0]
05-05 10:20:45.712   609   609 D UiccController: Creating UiccController
05-05 10:20:45.716   609   609 D TelephonyTester: register for intent action=com.android.internal.telephony.action_detached
05-05 10:20:45.716   609   609 D TelephonyTester: register for intent action=com.android.internal.telephony.action_attached
05-05 10:20:45.726   219   239 D WH-RIL  : onRequest: SET_UNSOL_CELL_INFO_LIST_RATE,1,110
05-05 10:20:45.727   609   769 D RILJ    : [UNSL]< UNSOL_RESPONSE_RADIO_STATE_CHANGED RADIO_UNAVAILABLE [SUB0]
05-05 10:20:45.737   609   769 D RilRequest: [3648]< GET_HARDWARE_CONFIG error: com.android.internal.telephony.CommandException: RADIO_NOT_AVAILABLE ret=
05-05 10:20:45.737   609   769 D RilRequest: [3649]< RADIO_POWER error: com.android.internal.telephony.CommandException: RADIO_NOT_AVAILABLE ret=
05-05 10:20:45.738   609   769 D RilRequest: [3650]< RIL_REQUEST_CDMA_SET_SUBSCRIPTION_SOURCE error: com.android.internal.telephony.CommandException: RADIO_NOT_AVAILABLE ret=
05-05 10:20:45.738   609   769 D RilRequest: [3651]< RIL_REQUEST_SET_CELL_INFO_LIST_RATE error: com.android.internal.telephony.CommandException: RADIO_NOT_AVAILABLE ret=
05-05 10:20:45.749   609   609 D Phone   : mDoesRilSendMultipleCallRing=true
05-05 10:20:45.749   609   609 D Phone   : mCallRingDelay=3000
05-05 10:20:45.764   609   609 D RILJ    : [3652]> RIL_REQUEST_START_LCE [SUB0]
05-05 10:20:45.769   219   239 D WH-RIL  : onRequest: <unknown request>,1,132
05-05 10:20:45.770   609   769 D RilRequest: [3652]< RIL_REQUEST_START_LCE error: com.android.internal.telephony.CommandException: RADIO_NOT_AVAILABLE ret=
05-05 10:20:45.793   609   609 E RIL_ImsSms: getFormat should never be called from here!
05-05 10:20:45.793   609   609 D SMSDispatcher: SMSDispatcher: ctor mSmsCapable=false format=unknown mSmsSendDisabled=true
05-05 10:20:45.793   609   609 D RIL_ImsSms: ImsSMSDispatcher created
05-05 10:20:45.795   609   609 D SMSDispatcher: SMSDispatcher: ctor mSmsCapable=false format=3gpp2 mSmsSendDisabled=true
05-05 10:20:45.795   609   609 D CdmaSMSDispatcher: CdmaSMSDispatcher created
05-05 10:20:45.843   609   609 D GsmInboundSmsHandler: created InboundSmsHandler
05-05 10:20:45.854   609   609 D CdmaInboundSmsHandler: created InboundSmsHandler
05-05 10:20:45.860   609   609 D SMSDispatcher: SMSDispatcher: ctor mSmsCapable=false format=3gpp mSmsSendDisabled=true
05-05 10:20:45.860   609   609 D GsmSMSDispatcher: GsmSMSDispatcher created
05-05 10:20:45.863   609   787 D GsmInboundSmsHandler: StartupState.processMessage:6
05-05 10:20:45.863   609   787 D GsmInboundSmsHandler: entering Idle state
05-05 10:20:45.864   609   794 D CdmaInboundSmsHandler: StartupState.processMessage:6
05-05 10:20:45.864   609   794 D CdmaInboundSmsHandler: entering Idle state
05-05 10:20:45.867   609   609 D IccCardProxy: ctor: ci=com.android.internal.telephony.RIL@5f81464 phoneId=0
05-05 10:20:45.868   609   609 D CdmaSSM : subscriptionSource from settings: 0
05-05 10:20:45.868   609   609 D CdmaSSM : cdmaSSM constructor: 0
05-05 10:20:45.868   609   609 D IccCardProxy: update icc_operator_numeric=
05-05 10:20:45.868   609   609 D TelephonyManager: setTelephonyProperty: success phoneId=0 property=gsm.sim.operator.numeric value:  propVal=
05-05 10:20:45.869   609   609 D TelephonyManager: setTelephonyProperty: success phoneId=0 property=gsm.sim.operator.iso-country value:  propVal=
05-05 10:20:45.869   609   609 D TelephonyManager: setTelephonyProperty: success phoneId=0 property=gsm.sim.operator.alpha value:  propVal=
05-05 10:20:45.870   609   609 E IccCardProxy: setExternalState: set mPhoneId=0 mExternalState=NOT_READY
05-05 10:20:45.870   609   609 D TelephonyManager: setTelephonyProperty: success phoneId=0 property=gsm.sim.state value: NOT_READY propVal=NOT_READY
05-05 10:20:45.871   609   609 D IccCardProxy: broadcastIccStateChangedIntent intent ACTION_SIM_STATE_CHANGED value=NOT_READY reason=null for mPhoneId=0
05-05 10:20:45.876   609   609 D RILJ    : setPhoneType=1 old value=0 [SUB0]
05-05 10:20:45.876   609   609 D TelephonyManager: setTelephonyProperty: success phoneId=0 property=gsm.current.phone-type value: 1 propVal=1
05-05 10:20:45.877   609   609 D IccCardProxy: Setting radio tech UMTS
05-05 10:20:45.877   609   609 D IccCardProxy: updateQuietMode: 3GPP subscription -> newQuietMode=false
05-05 10:20:45.878   609   609 D IccCardProxy: updateQuietMode: no changes don't setExternalState
05-05 10:20:45.878   609   609 D IccCardProxy: updateQuietMode: QuietMode is false (app_type=1 cdmaSource=-1)
05-05 10:20:45.888   609   609 W CarrierConfigManager: Error getting config for subId -1 ICarrierConfigLoader is null
05-05 10:20:45.889   442   786 D TelephonyRegistry: listen oscl: hasNotifySubscriptionInfoChangedOccurred==false no callback
05-05 10:20:45.905   609   609 D TelephonyManager: setTelephonyProperty: success phoneId=0 property=gsm.network.type value: Unknown propVal=Unknown
05-05 10:20:45.906   609   609 D RILJ    : [3653]> SIGNAL_STRENGTH [SUB0]
05-05 10:20:45.908   219   239 D WH-RIL  : onRequest: SIGNAL_STRENGTH,1,19
05-05 10:20:45.908   609   769 D RilRequest: [3653]< SIGNAL_STRENGTH error: com.android.internal.telephony.CommandException: RADIO_NOT_AVAILABLE ret=
05-05 10:20:45.909   609   609 D SST     : notifyDataRegStateRilRadioTechnologyChanged: drs=1 rat=0
05-05 10:20:45.909   609   609 D TelephonyManager: setTelephonyProperty: success phoneId=0 property=gsm.network.type value: Unknown propVal=Unknown
05-05 10:20:45.915   609   609 D DCT     : [0]DCT.constructor
05-05 10:20:45.920   442   786 D TelephonyRegistry: listen oscl: hasNotifySubscriptionInfoChangedOccurred==false no callback
05-05 10:20:45.931   609   609 D Dcc     : E ctor
05-05 10:20:45.931   609   609 D Dcc     : X ctor
05-05 10:20:45.933   609   609 D SubscriptionController: [getPhoneId] asked for default subId=-1
05-05 10:20:45.936   609   609 D DcTesterFailBrinupAll: register for intent action=com.android.internal.telephony.dataconnection.action_fail_bringup
05-05 10:20:45.936   609   609 D DcTesterFailBrinupAll: register for intent action=com.android.internal.telephony.action_detached
05-05 10:20:45.936   609   609 D DcTesterFailBrinupAll: register for intent action=com.android.internal.telephony.action_attached
05-05 10:20:45.937   609   801 D DcTesterDeacativateAll: register for intent action=com.android.internal.telephony.dataconnection.action_deactivate_all
05-05 10:20:45.937   609   609 D SST     : notifyDataRegStateRilRadioTechnologyChanged: drs=1 rat=0
05-05 10:20:45.937   609   609 D TelephonyManager: setTelephonyProperty: success phoneId=0 property=gsm.network.type value: Unknown propVal=Unknown
05-05 10:20:45.937   609   801 D DcTesterDeacativateAll: register for intent action=com.android.internal.telephony.action_detached
05-05 10:20:45.938   609   609 D DCT     : [0]update sub = -2
05-05 10:20:45.938   609   609 D DCT     : [0]update(): Active DDS, register for all events now!
05-05 10:20:45.938   609   609 D GsmCdmaPhone: [GsmCdmaPhone] updateCurrentCarrierInProvider: mSubId = -2 currentDds = 1 operatorNumeric = null
05-05 10:20:45.940   609   609 D DCT     : [0]initApnContexts: E
05-05 10:20:45.940   609   609 D DCT     : [0]initApnContexts: skipping unknown type=1
05-05 10:20:45.941   609   609 D DCT     : [0]initApnContexts: apnContext={mApnType=default mState=IDLE mWaitingApns={null} mApnSetting={null} mReason=dataEnabled mDataEnabled=false mDependencyMet=true}
05-05 10:20:45.941   609   801 D Dcc     : DccDefaultState: msg.what=EVENT_RIL_CONNECTED mRilVersion=12
05-05 10:20:45.941   609   609 D DCT     : [0]initApnContexts: apnContext={mApnType=mms mState=IDLE mWaitingApns={null} mApnSetting={null} mReason=dataEnabled mDataEnabled=false mDependencyMet=false}
05-05 10:20:45.941   609   609 D DCT     : [0]initApnContexts: apnContext={mApnType=supl mState=IDLE mWaitingApns={null} mApnSetting={null} mReason=dataEnabled mDataEnabled=false mDependencyMet=true}
05-05 10:20:45.942   609   609 D DCT     : [0]initApnContexts: apnContext={mApnType=dun mState=IDLE mWaitingApns={null} mApnSetting={null} mReason=dataEnabled mDataEnabled=false mDependencyMet=true}
05-05 10:20:45.942   609   609 D DCT     : [0]initApnContexts: apnContext={mApnType=hipri mState=IDLE mWaitingApns={null} mApnSetting={null} mReason=dataEnabled mDataEnabled=false mDependencyMet=true}
05-05 10:20:45.942   609   609 D DCT     : [0]initApnContexts: apnContext={mApnType=fota mState=IDLE mWaitingApns={null} mApnSetting={null} mReason=dataEnabled mDataEnabled=false mDependencyMet=true}
05-05 10:20:45.942   609   609 D DCT     : [0]initApnContexts: apnContext={mApnType=ims mState=IDLE mWaitingApns={null} mApnSetting={null} mReason=dataEnabled mDataEnabled=false mDependencyMet=true}
05-05 10:20:45.942   609   609 D DCT     : [0]initApnContexts: apnContext={mApnType=cbs mState=IDLE mWaitingApns={null} mApnSetting={null} mReason=dataEnabled mDataEnabled=false mDependencyMet=true}
05-05 10:20:45.942   609   609 D DCT     : [0]initApnContexts: skipping unknown type=7
05-05 10:20:45.942   609   609 D DCT     : [0]initApnContexts: skipping unknown type=9
05-05 10:20:45.942   609   609 D DCT     : [0]initApnContexts: apnContext={mApnType=emergency mState=IDLE mWaitingApns={null} mApnSetting={null} mReason=dataEnabled mDataEnabled=false mDependencyMet=true}
05-05 10:20:45.973   609   609 D GsmCdmaPhone: [GsmCdmaPhone] GsmCdmaPhone: constructor: sub = 0
05-05 10:20:45.973   609   609 I PhoneFactory: Creating Phone with type = 1 sub = 0
05-05 10:20:45.974   609   609 I PhoneFactory: defaultSmsApplication: NONE
05-05 10:20:45.977   609   609 I PhoneFactory: Creating SubInfoRecordUpdater 
05-05 10:20:45.977   609   609 D SubscriptionInfoUpdater: Constructor invoked
05-05 10:20:45.987   442   534 D TelephonyRegistry: systemRunning register for intents
05-05 10:20:46.034   442   786 D TelephonyRegistry: listen oscl: hasNotifySubscriptionInfoChangedOccurred==false no callback
05-05 10:20:46.035   609   609 D SubscriptionController: [getPhoneId]- no sims, returning default phoneId=2147483647
05-05 10:20:46.050   442   786 D TelephonyRegistry: listen oscl: hasNotifySubscriptionInfoChangedOccurred==false no callback
05-05 10:20:46.061   609   609 D PhoneSwitcher: PhoneSwitcher started
05-05 10:20:46.062   609   609 D ProxyController: Constructor - Enter
05-05 10:20:46.075   609   609 D ProxyController: clearTransaction
05-05 10:20:46.075   609   609 D ProxyController: clearTransaction: phoneId=0 status=IDLE
05-05 10:20:46.075   609   609 D ProxyController: Constructor - Exit
05-05 10:20:46.075   609   609 D TelephonyNetworkFactory[0]: Registering NetworkFactory
05-05 10:20:46.078   609   609 D CallManager: registerPhone(GSM Handler (com.android.internal.telephony.GsmCdmaPhone) {239d000})
05-05 10:20:46.082   442   467 D TelephonyRegistry: listen oscl: hasNotifySubscriptionInfoChangedOccurred==false no callback
05-05 10:20:46.125   442   686 D TelephonyRegistry: listen oscl: hasNotifySubscriptionInfoChangedOccurred==false no callback
05-05 10:20:46.148   609   609 D RILJ    : [3654]> RIL_REQUEST_SET_TTY_MODE : 0 [SUB0]
05-05 10:20:46.150   219   239 D WH-RIL  : onRequest: SET_TTY_MODE,1,80
05-05 10:20:46.151   609   769 D RilRequest: [3654]< RIL_REQUEST_SET_TTY_MODE error: com.android.internal.telephony.CommandException: RADIO_NOT_AVAILABLE ret=
05-05 10:20:46.158   442   686 D TelephonyRegistry: listen oscl: hasNotifySubscriptionInfoChangedOccurred==false no callback
05-05 10:20:46.159   609   609 D SubscriptionController: [getPhoneId] asked for default subId=-1
05-05 10:20:46.163   609   609 D UiccController: EVENT_RADIO_UNAVAILABLE, dispose card
05-05 10:20:46.164   609   609 D Phone   : config LCE service failed: com.android.internal.telephony.CommandException: RADIO_NOT_AVAILABLE
05-05 10:20:46.164   609   609 D RILJ    : [3655]> GET_CURRENT_CALLS [SUB0]
05-05 10:20:46.165   219   239 D WH-RIL  : onRequest: GET_CURRENT_CALLS,1,9
05-05 10:20:46.165   609   769 D RilRequest: [3655]< GET_CURRENT_CALLS error: com.android.internal.telephony.CommandException: RADIO_NOT_AVAILABLE ret=
05-05 10:20:46.166   609   609 D GsmSMSDispatcher: GsmSMSDispatcher: subId = -2 slotId = 0
05-05 10:20:46.166   609   609 E IccCardProxy: setExternalState: !override and newstate unchanged from NOT_READY
05-05 10:20:46.166   609   609 E IccCardProxy: setExternalState: !override and newstate unchanged from NOT_READY
05-05 10:20:46.166   609   609 D GsmCdmaPhone: [GsmCdmaPhone] Event EVENT_RADIO_OFF_OR_NOT_AVAILABLE Received
05-05 10:20:46.166   609   609 E IccCardProxy: setExternalState: !override and newstate unchanged from NOT_READY
05-05 10:20:46.166   609   609 D SST     : mDeviceShuttingDown=false, mDesiredPowerState=true, getRadioState=RADIO_UNAVAILABLE, mPowerOffDelayNeed=true, mAlarmSwitch=false, mRadioDisabledByCarrier=false
05-05 10:20:46.167   609   609 D SST     : useDataRegStateForDataOnlyDevice: VoiceRegState=1 DataRegState=1
05-05 10:20:46.167   609   609 D SST     : Poll ServiceState done:  oldSS=[1 1 voice home data home null null null null null null  Unknown Unknown CSS not supported 0 0 RoamInd=0 DefRoamInd=0 EmergOnly=false IsDataRoamingFromRegistration=false IsUsingCarrierAggregation=false] newSS=[1 1 voice home data home null null null null null null  Unknown Unknown CSS not supported -1 -1 RoamInd=-1 DefRoamInd=-1 EmergOnly=false IsDataRoamingFromRegistration=false IsUsingCarrierAggregation=false] oldMaxDataCalls=1 mNewMaxDataCalls=1 oldReasonDataDenied=-1 mNewReasonDataDenied=-1
05-05 10:20:46.168   609   609 D SST     : updateSpnDisplay: radio is on but out of service, set plmn='没有服务'
05-05 10:20:46.169   609   609 D SST     : updateSpnDisplay: changed sending intent rule=0 showPlmn='true' plmn='没有服务' showSpn='false' spn='' dataSpn='' subId='-2'
05-05 10:20:46.174   609   609 D SubscriptionController: [setPlmnSpn] No valid subscription to store info
05-05 10:20:46.175   609   609 D SubscriptionController: notifySubscriptionInfoChanged:
05-05 10:20:46.175   442   469 D TelephonyRegistry: notifySubscriptionInfoChanged: first invocation mRecords.size=12
05-05 10:20:46.178   609   609 D TelephonyManager: setTelephonyProperty: success phoneId=0 property=gsm.operator.alpha value:  propVal=
05-05 10:20:46.179   609   609 D TelephonyManager: setTelephonyProperty: success phoneId=0 property=gsm.operator.numeric value:  propVal=
05-05 10:20:46.181   609   609 D SST     : operatorNumeric is null
05-05 10:20:46.181   609   609 D TelephonyManager: setTelephonyProperty: success phoneId=0 property=gsm.operator.iso-country value:  propVal=
05-05 10:20:46.182   609   609 D TelephonyManager: setTelephonyProperty: success phoneId=0 property=gsm.operator.isroaming value: false propVal=false
05-05 10:20:46.183   609   609 D SST     : Broadcasting ServiceState : 1 1 voice home data home null null null null null null  Unknown Unknown CSS not supported -1 -1 RoamInd=-1 DefRoamInd=-1 EmergOnly=false IsDataRoamingFromRegistration=false IsUsingCarrierAggregation=false
05-05 10:20:46.183   609   609 D DefaultPhoneNotifier: nofityServiceState: mRegistry=com.android.internal.telephony.ITelephonyRegistry$Stub$Proxy@2c19f18 ss=1 1 voice home data home null null null null null null  Unknown Unknown CSS not supported -1 -1 RoamInd=-1 DefRoamInd=-1 EmergOnly=false IsDataRoamingFromRegistration=false IsUsingCarrierAggregation=false sender=Handler (com.android.internal.telephony.GsmCdmaPhone) {239d000} phondId=0 subId=-2
05-05 10:20:46.186   609   609 D SubscriptionController: [getSlotId]- subId invalid
05-05 10:20:46.186   442   469 D TelephonyManager: getSimState: default sim:-1, sim state for slotIdx=0 is 6, return state as unknown
05-05 10:20:46.194   609   609 D SST     : mDeviceShuttingDown=false, mDesiredPowerState=true, getRadioState=RADIO_UNAVAILABLE, mPowerOffDelayNeed=true, mAlarmSwitch=false, mRadioDisabledByCarrier=false
05-05 10:20:46.194   609   609 D SST     : useDataRegStateForDataOnlyDevice: VoiceRegState=1 DataRegState=1
05-05 10:20:46.194   609   609 D SST     : Poll ServiceState done:  oldSS=[1 1 voice home data home null null null null null null  Unknown Unknown CSS not supported -1 -1 RoamInd=-1 DefRoamInd=-1 EmergOnly=false IsDataRoamingFromRegistration=false IsUsingCarrierAggregation=false] newSS=[1 1 voice home data home null null null null null null  Unknown Unknown CSS not supported -1 -1 RoamInd=-1 DefRoamInd=-1 EmergOnly=false IsDataRoamingFromRegistration=false IsUsingCarrierAggregation=false] oldMaxDataCalls=1 mNewMaxDataCalls=1 oldReasonDataDenied=-1 mNewReasonDataDenied=-1
05-05 10:20:46.197   609   609 D DCT     : [0]onRadioOffOrNotAvailable: is off and clean up all connections
05-05 10:20:46.197   609   609 D DCT     : [0]cleanUpAllConnections: tearDown=false reason=radioTurnedOff
05-05 10:20:46.197   609   609 D GsmCdmaPhone: [GsmCdmaPhone] getDataConnectionState apnType=default ret=DISCONNECTED
05-05 10:20:46.202   609   609 D DCT     : [0]cleanUpConnection: X tearDown=false reason=radioTurnedOff apnContext={mApnType=default mState=IDLE mWaitingApns={null} mApnSetting={null} mReason=radioTurnedOff mDataEnabled=false mDependencyMet=true} dcac=null
05-05 10:20:46.202   609   609 D GsmCdmaPhone: [GsmCdmaPhone] getDataConnectionState apnType=mms ret=DISCONNECTED
05-05 10:20:46.206   609   609 D DCT     : [0]cleanUpConnection: X tearDown=false reason=radioTurnedOff apnContext={mApnType=mms mState=IDLE mWaitingApns={null} mApnSetting={null} mReason=radioTurnedOff mDataEnabled=false mDependencyMet=false} dcac=null
05-05 10:20:46.206   609   609 D GsmCdmaPhone: [GsmCdmaPhone] getDataConnectionState apnType=cbs ret=DISCONNECTED
05-05 10:20:46.211   609   609 D DCT     : [0]cleanUpConnection: X tearDown=false reason=radioTurnedOff apnContext={mApnType=cbs mState=IDLE mWaitingApns={null} mApnSetting={null} mReason=radioTurnedOff mDataEnabled=false mDependencyMet=true} dcac=null
05-05 10:20:46.211   609   609 D GsmCdmaPhone: [GsmCdmaPhone] getDataConnectionState apnType=fota ret=DISCONNECTED
05-05 10:20:46.214   609   609 D DCT     : [0]cleanUpConnection: X tearDown=false reason=radioTurnedOff apnContext={mApnType=fota mState=IDLE mWaitingApns={null} mApnSetting={null} mReason=radioTurnedOff mDataEnabled=false mDependencyMet=true} dcac=null
05-05 10:20:46.215   609   609 D GsmCdmaPhone: [GsmCdmaPhone] getDataConnectionState apnType=supl ret=DISCONNECTED
05-05 10:20:46.217   609   609 D DCT     : [0]cleanUpConnection: X tearDown=false reason=radioTurnedOff apnContext={mApnType=supl mState=IDLE mWaitingApns={null} mApnSetting={null} mReason=radioTurnedOff mDataEnabled=false mDependencyMet=true} dcac=null
05-05 10:20:46.218   609   609 D GsmCdmaPhone: [GsmCdmaPhone] getDataConnectionState apnType=emergency ret=DISCONNECTED
05-05 10:20:46.221   609   609 D DCT     : [0]cleanUpConnection: X tearDown=false reason=radioTurnedOff apnContext={mApnType=emergency mState=IDLE mWaitingApns={null} mApnSetting={null} mReason=radioTurnedOff mDataEnabled=false mDependencyMet=true} dcac=null
05-05 10:20:46.221   609   609 D GsmCdmaPhone: [GsmCdmaPhone] getDataConnectionState apnType=dun ret=DISCONNECTED
05-05 10:20:46.224   609   609 D DCT     : [0]cleanUpConnection: X tearDown=false reason=radioTurnedOff apnContext={mApnType=dun mState=IDLE mWaitingApns={null} mApnSetting={null} mReason=radioTurnedOff mDataEnabled=false mDependencyMet=true} dcac=null
05-05 10:20:46.224   609   609 D GsmCdmaPhone: [GsmCdmaPhone] getDataConnectionState apnType=hipri ret=DISCONNECTED
05-05 10:20:46.226   609   609 D DCT     : [0]cleanUpConnection: X tearDown=false reason=radioTurnedOff apnContext={mApnType=hipri mState=IDLE mWaitingApns={null} mApnSetting={null} mReason=radioTurnedOff mDataEnabled=false mDependencyMet=true} dcac=null
05-05 10:20:46.227   609   609 D GsmCdmaPhone: [GsmCdmaPhone] getDataConnectionState apnType=ims ret=DISCONNECTED
05-05 10:20:46.229   609   609 D DCT     : [0]cleanUpConnection: X tearDown=false reason=radioTurnedOff apnContext={mApnType=ims mState=IDLE mWaitingApns={null} mApnSetting={null} mReason=radioTurnedOff mDataEnabled=false mDependencyMet=true} dcac=null
05-05 10:20:46.230   609   609 D DCT     : [0]stopNetStatPoll
05-05 10:20:46.230   609   609 D DCT     : [0]cleanUpConnection: mDisconnectPendingCount = 0
05-05 10:20:46.231   609   609 D DCT     : [0]isDataAllowed: No - Not attached - SIM not loaded
05-05 10:20:46.258   609   609 D DCT     : [0]onDataConnectionDetached: stop polling and notify detached
05-05 10:20:46.258   609   609 D DCT     : [0]stopNetStatPoll
05-05 10:20:46.259   609   609 D DCT     : [0]notifyDataConnection: reason=dataDetached
05-05 10:20:46.259   609   609 D DCT     : [0]isDataAllowed: No - Not attached - SIM not loaded
05-05 10:20:46.285   609   609 D DCT     : [0]onRoamingOff
05-05 10:20:46.285   609   609 D DCT     : [0]setDataProfilesAsNeeded mSetDataProfileStatus: 0
05-05 10:20:46.287   609   609 D DCT     : [0]notifyDataConnection: reason=roamingOff
05-05 10:20:46.288   609   609 D DCT     : [0]isDataAllowed: No - Not attached - SIM not loaded
05-05 10:20:46.309   609   609 D DCT     : [0]setupDataOnConnectableApns: nwTypeChanged emergency:[state=IDLE,enabled=false] hipri:[state=IDLE,enabled=false] supl:[state=IDLE,enabled=false] mms:[state=IDLE,enabled=false] dun:[state=IDLE,enabled=false] fota:[state=IDLE,enabled=false] ims:[state=IDLE,enabled=false] default:[state=IDLE,enabled=false] cbs:[state=IDLE,enabled=false] 
05-05 10:20:46.309   609   609 D SubscriptionInfoUpdater: [Receiver]+
05-05 10:20:46.309   609   609 D SubscriptionInfoUpdater: Action: android.intent.action.SIM_STATE_CHANGED
05-05 10:20:46.309   609   609 D SubscriptionInfoUpdater: slotId: 0
05-05 10:20:46.309   609   609 D SubscriptionInfoUpdater: simStatus: NOT_READY
05-05 10:20:46.309   609   609 D SubscriptionInfoUpdater: Ignoring simStatus: NOT_READY
05-05 10:20:46.309   609   609 D SubscriptionInfoUpdater: [Receiver]-
05-05 10:20:46.309   609   609 D TelephonyNetworkFactory[0]: onSubIdChange -1->-2
05-05 10:20:46.312   609   609 D DebugService: DebugService DebugService:
05-05 10:20:46.313   609   609 D TelephonyNetworkFactory[0]: got request NetworkRequest [ REQUEST id=1, [ Capabilities: INTERNET&NOT_RESTRICTED&TRUSTED&NOT_VPN] ] with score 0
05-05 10:20:46.320   609   609 D RILJ    : [3656]> RIL_REQUEST_QUERY_TTY_MODE [SUB0]
05-05 10:20:46.333   609   609 D GsmSMSDispatcher: GsmSMSDispatcher: subId = -2 slotId = 0
05-05 10:20:46.333   609   609 E IccCardProxy: setExternalState: !override and newstate unchanged from NOT_READY
05-05 10:20:46.333   609   609 D GsmCdmaCallTracker: Event EVENT_POLL_CALLS_RESULT Received
05-05 10:20:46.333   219   239 D WH-RIL  : onRequest: QUERY_TTY_MODE,1,81
05-05 10:20:46.333   609   609 D GsmCdmaCallTracker: [GsmCdmaCallTracker] update phone state, old=IDLE new=IDLE
05-05 10:20:46.333   609   609 D SST     : SubscriptionListener.onSubscriptionInfoChanged
05-05 10:20:46.333   609   609 E Phone   : getStoredVoiceMessageCount: invalid subId -2
05-05 10:20:46.333   609   609 D GsmCdmaPhone: [GsmCdmaPhone] updateVoiceMail countVoiceMessages = 0 subId -2
05-05 10:20:46.333   609   609 E Phone   : setVoiceMessageCount in sharedPreference: invalid subId -2
05-05 10:20:46.334   609   769 D RilRequest: [3656]< RIL_REQUEST_QUERY_TTY_MODE error: com.android.internal.telephony.CommandException: RADIO_NOT_AVAILABLE ret=
05-05 10:20:46.334   609   609 D PhoneSwitcher: evaluating due to subChanged default 0->1 phone[0] 0->-2
05-05 10:20:46.335   609   609 D SubscriptionController: [getActiveSubInfoList] Sub Controller not ready
05-05 10:20:46.336   609   609 D SubscriptionController: [getActiveSubInfoList] Sub Controller not ready
05-05 10:20:46.361   609   609 D DCT     : [0]SubscriptionListener.onSubscriptionInfoChanged
05-05 10:20:46.369   609   609 D PhoneSwitcher: evaluating due to netRequest
05-05 10:20:46.373   609   609 D TelephonyNetworkFactory[0]: not acting - isApp=false, isAct=false NetworkRequest [ REQUEST id=1, [ Capabilities: INTERNET&NOT_RESTRICTED&TRUSTED&NOT_VPN] ]
05-05 10:20:46.491   219   240 I WH-RIL  : mainLoop s_device_path null 
05-05 10:20:46.716   609   646 D SubscriptionController: [getActiveSubInfoList] Sub Controller not ready
05-05 10:20:46.718   609   646 D SubscriptionController: [getActiveSubInfoList] Sub Controller not ready
05-05 10:20:46.719   609   646 D SubscriptionController: [getActiveSubInfoList] Sub Controller not ready
05-05 10:20:46.767   609   646 D SubscriptionController: [getPhoneId] asked for default subId=-1
05-05 10:20:46.842   609   646 D SubscriptionController: [getSlotId]- subId invalid
05-05 10:20:46.855   614   899 D TelephonyManager: getSimState: default sim:-1, sim state for slotIdx=0 is 6, return state as unknown
05-05 10:20:46.879   609   646 D SubscriptionController: [getSlotId]- subId invalid
05-05 10:20:46.881   614   899 D TelephonyManager: getSimState: default sim:-1, sim state for slotIdx=0 is 6, return state as unknown
05-05 10:20:46.964   609   646 D SubscriptionController: [getSlotId]- subId invalid
05-05 10:20:46.984   614   899 D TelephonyManager: getSimState: default sim:-1, sim state for slotIdx=0 is 6, return state as unknown
05-05 10:20:47.040   609   646 D SubscriptionController: [getActiveSubInfoList] Sub Controller not ready
05-05 10:20:47.155   609   646 D SubscriptionController: [getSlotId]- subId invalid
05-05 10:20:47.220   614   899 D TelephonyManager: getSimState: default sim:-1, sim state for slotIdx=0 is 6, return state as unknown
05-05 10:20:47.492   219   240 I WH-RIL  : mainLoop s_device_path null 
05-05 10:20:47.551   609   851 D SubscriptionController: [getSlotId]- subId invalid
05-05 10:20:47.559   614   899 D TelephonyManager: getSimState: default sim:-1, sim state for slotIdx=0 is 6, return state as unknown
05-05 10:20:47.567   609   851 D SubscriptionController: [getSlotId]- subId invalid
05-05 10:20:47.571   614   899 D TelephonyManager: getSimState: default sim:-1, sim state for slotIdx=0 is 6, return state as unknown
05-05 10:20:47.641   609   609 D WAP PUSH: Received broadcast android.intent.action.USER_UNLOCKED
05-05 10:20:47.642   609   609 D WAP PUSH: Received broadcast android.intent.action.USER_UNLOCKED
05-05 10:20:47.642   609   609 D SmsBroadcastUndelivered: Received broadcast android.intent.action.USER_UNLOCKED
05-05 10:20:47.645   609   609 D SubscriptionInfoUpdater: [Receiver]+
05-05 10:20:47.645   609   609 D SubscriptionInfoUpdater: Action: android.intent.action.USER_UNLOCKED
05-05 10:20:47.646   609   609 D SubscriptionInfoUpdater: Broadcasting intent ACTION_SIM_STATE_CHANGED for mCardIndex: 0
05-05 10:20:47.649   609   609 D SubscriptionInfoUpdater: [Receiver]-
05-05 10:20:47.649   609  1002 D SmsBroadcastUndelivered: scanning raw table for undelivered messages
05-05 10:20:47.651   609   609 D SubscriptionInfoUpdater: [Receiver]+
05-05 10:20:47.651   609   609 D SubscriptionInfoUpdater: Action: android.intent.action.SIM_STATE_CHANGED
05-05 10:20:47.651   609   609 D SubscriptionInfoUpdater: slotId: 0
05-05 10:20:47.651   609   609 D SubscriptionInfoUpdater: simStatus: NOT_READY
05-05 10:20:47.651   609   609 D SubscriptionInfoUpdater: Ignoring simStatus: NOT_READY
05-05 10:20:47.651   609   609 D SubscriptionInfoUpdater: [Receiver]-
05-05 10:20:47.723   609  1002 D SmsBroadcastUndelivered: finished scanning raw table in 73 ms
05-05 10:20:47.746   609   627 D SubscriptionController: [getActiveSubInfoList] Sub Controller not ready
05-05 10:20:48.493   219   240 I WH-RIL  : mainLoop s_device_path null 
05-05 10:20:48.828   609   785 D GsmCellBroadcastHandler: mWakeLock released
05-05 10:20:48.851   609   792 D CellBroadcastHandler: mWakeLock released
05-05 10:20:48.866   609   794 D CdmaInboundSmsHandler: IdleState.processMessage:5
05-05 10:20:48.866   609   787 D GsmInboundSmsHandler: IdleState.processMessage:5
05-05 10:20:48.867   609   794 D CdmaInboundSmsHandler: Idle state processing message type 5
05-05 10:20:48.867   609   787 D GsmInboundSmsHandler: Idle state processing message type 5
05-05 10:20:48.869   609   787 D GsmInboundSmsHandler: mWakeLock released
05-05 10:20:48.872   609   794 D CdmaInboundSmsHandler: mWakeLock released
05-05 10:20:48.875   609   795 D CdmaServiceCategoryProgramHandler: mWakeLock released
05-05 10:20:49.496   219   240 I WH-RIL  : mainLoop s_device_path null 
05-05 10:20:50.189   609   609 D SubscriptionController: [getPhoneId] asked for default subId=-1
05-05 10:20:50.198   609   609 D GsmCdmaPhone: mBroadcastReceiver: action android.telephony.action.CARRIER_CONFIG_CHANGED
05-05 10:20:50.204   609   609 D ImsManager: updateVolteFeatureValue: available = false, enabled = true, nonTTY = true
05-05 10:20:50.205   609   609 E ImsManager: updateImsServiceConfig: 
05-05 10:20:50.205   609   609 E ImsManager: com.android.ims.ImsException: Service is unavailable, code = 106
05-05 10:20:50.205   609   609 E ImsManager: 	at com.android.ims.ImsManager.checkAndThrowExceptionIfServiceUnavailable(ImsManager.java:1316)
05-05 10:20:50.205   609   609 E ImsManager: 	at com.android.ims.ImsManager.getConfigInterface(ImsManager.java:1198)
05-05 10:20:50.205   609   609 E ImsManager: 	at com.android.ims.ImsManager.updateVolteFeatureValue(ImsManager.java:780)
05-05 10:20:50.205   609   609 E ImsManager: 	at com.android.ims.ImsManager.updateImsServiceConfig(ImsManager.java:740)
05-05 10:20:50.205   609   609 E ImsManager: 	at com.android.internal.telephony.GsmCdmaPhone.handleMessage(GsmCdmaPhone.java:2084)
05-05 10:20:50.205   609   609 E ImsManager: 	at android.os.Handler.dispatchMessage(Handler.java:102)
05-05 10:20:50.205   609   609 E ImsManager: 	at android.os.Looper.loop(Looper.java:154)
05-05 10:20:50.205   609   609 E ImsManager: 	at android.app.ActivityThread.main(ActivityThread.java:6141)
05-05 10:20:50.205   609   609 E ImsManager: 	at java.lang.reflect.Method.invoke(Native Method)
05-05 10:20:50.205   609   609 E ImsManager: 	at com.android.internal.os.ZygoteInit$MethodAndArgsCaller.run(ZygoteInit.java:912)
05-05 10:20:50.205   609   609 E ImsManager: 	at com.android.internal.os.ZygoteInit.main(ZygoteInit.java:802)
05-05 10:20:50.207   609   609 D GsmCdmaPhone: [GsmCdmaPhone] broadcastEmergencyCallStateChanges = false
05-05 10:20:50.208   609   609 E GsmCdmaPhone: [GsmCdmaPhone] Invalid cdma_roaming_mode settings: -1
05-05 10:20:50.208   609   609 D EriManager: loadEriFileFromXml: check for alternate file
05-05 10:20:50.209   609   609 D EriManager: loadEriFileFromXml: no alternate file
05-05 10:20:50.209   609   609 D EriManager: eriFile = eri.xml
05-05 10:20:50.225   609   609 D EriManager: loadEriFileFromXml: eri parsing successful, file loaded. ver = 1357, # of entries = 176
05-05 10:20:50.225   609   609 D GsmCdmaPhone: [GsmCdmaPhone] ERI read, notify registrants
05-05 10:20:50.228   609   609 I CSST    : reading time to delay notification: -1
05-05 10:20:50.497   219   240 I WH-RIL  : mainLoop s_device_path null 
05-05 10:20:51.498   219   240 I WH-RIL  : mainLoop s_device_path null 
05-05 10:20:52.500   219   240 I WH-RIL  : mainLoop s_device_path null 
05-05 10:20:53.501   219   240 D WH-RIL  : usb_device_prefix 1-1:1.2
05-05 10:20:53.502   219   240 D WH-RIL  : the file name 1-1:1.2
05-05 10:20:53.502   219   240 I WH-RIL  : RIL_Init s_device_path /dev/ttyUSB0 
05-05 10:20:53.504   219  1310 D WH-AT   : ============AT< +ZMSRI
05-05 10:20:53.504   219  1310 E WH-RIL  : invalid ZMSRI line ==========================
05-05 10:20:53.504   219  1310 D WH-AT   : ============AT< +ZICCID: 89860617040061169274
05-05 10:20:53.504   219  1310 D WH-AT   : ============AT< +ZURDY: 1,30
05-05 10:20:53.504   219  1310 D WH-AT   : ============AT< +ZUPCI: 37,1,0,,1,0,,,,,0
05-05 10:20:53.504   219  1310 D WH-AT   : ============AT< +ZUEND: 0
05-05 10:20:53.504   219  1310 D WH-AT   : ============AT< +ZUEND: 1
05-05 10:20:53.504   219  1310 D WH-AT   : ============AT< +CREG: 2
05-05 10:20:53.505   609   769 D RILJ    : [UNSL]< UNSOL_RESPONSE_RADIO_STATE_CHANGED RADIO_OFF [SUB0]
05-05 10:20:53.505   219  1310 D WH-RIL  : handle_creg creg = 2
05-05 10:20:53.505   609   609 D SST     : mDeviceShuttingDown=false, mDesiredPowerState=true, getRadioState=RADIO_OFF, mPowerOffDelayNeed=true, mAlarmSwitch=false, mRadioDisabledByCarrier=false
05-05 10:20:53.505   609   769 D RILJ    : [3657]> SCREEN_STATE: true [SUB0]
05-05 10:20:53.506   219  1310 D WH-AT   : ============AT< +CGREG: 2
05-05 10:20:53.506   219  1310 D WH-AT   : ============AT< +CEREG: 2
05-05 10:20:53.506   219  1310 D WH-RIL  : handle_creg creg = 2
05-05 10:20:53.506   609   609 D RILJ    : [3658]> RADIO_POWER on [SUB0]
05-05 10:20:53.507   219  1310 D WH-AT   : ============AT< +ZPBIC: 1,0
05-05 10:20:53.507   219  1310 D WH-AT   : ============AT< +CGEV: ME PDN ACT 1
05-05 10:20:53.507   219  1310 D WH-AT   : ============AT< +CME ERROR: 8013
05-05 10:20:53.508   609   769 D RILJ    : [UNSL]< UNSOL_RESPONSE_VOICE_NETWORK_STATE_CHANGED [SUB0]
05-05 10:20:53.508   609   769 D RILJ    : [UNSL]< UNSOL_RESPONSE_VOICE_NETWORK_STATE_CHANGED [SUB0]
05-05 10:20:53.510   609   609 D RILJ    : [3659]> OPERATOR [SUB0]
05-05 10:20:53.511   609   609 D RILJ    : [3660]> DATA_REGISTRATION_STATE [SUB0]
05-05 10:20:53.513   609   609 D RILJ    : [3661]> VOICE_REGISTRATION_STATE [SUB0]
05-05 10:20:53.514   219  1310 D WH-AT   : ============AT< +CREG: 1
05-05 10:20:53.514   219  1310 D WH-RIL  : handle_creg creg = 1
05-05 10:20:53.515   609   609 D RILJ    : [3662]> QUERY_NETWORK_SELECTION_MODE [SUB0]
05-05 10:20:53.515   219  1310 D WH-AT   : ============AT< ^MODE: 17,10
05-05 10:20:53.515   219  1310 D WH-RIL  : handle_mode: value=17, sys_mode=0
05-05 10:20:53.516   609   769 D RILJ    : [UNSL]< UNSOL_RESPONSE_VOICE_NETWORK_STATE_CHANGED [SUB0]
05-05 10:20:53.516   219  1310 D WH-RIL  : handle_mode: RIL_UNSOL_RESPONSE_VOICE_NETWORK_STATE_CHANGED
05-05 10:20:53.516   219  1310 D WH-RIL  : handle_mode mode = 17
05-05 10:20:53.516   609   769 D RILJ    : [UNSL]< UNSOL_RESPONSE_VOICE_NETWORK_STATE_CHANGED [SUB0]
05-05 10:20:53.517   219  1310 D WH-AT   : ============AT< +CREG: 1
05-05 10:20:53.517   219  1310 D WH-RIL  : handle_creg creg = 1
05-05 10:20:53.517   609   609 D RILJ    : [3663]> BASEBAND_VERSION [SUB0]
05-05 10:20:53.519   609   609 D RILJ    : [3664]> GET_IMEI [SUB0]
05-05 10:20:53.521   609   609 D RILJ    : [3665]> GET_IMEISV [SUB0]
05-05 10:20:53.522   609   609 D RILJ    : [3666]> RIL_REQUEST_GET_RADIO_CAPABILITY [SUB0]
05-05 10:20:53.522   219  1310 D WH-AT   : ============AT< +CEREG: 1
05-05 10:20:53.522   219  1310 D WH-RIL  : handle_creg creg = 1
05-05 10:20:53.524   609   769 D RILJ    : [UNSL]< UNSOL_RESPONSE_VOICE_NETWORK_STATE_CHANGED [SUB0]
05-05 10:20:53.524   609   609 D RILJ    : [3667]> RIL_REQUEST_START_LCE [SUB0]
05-05 10:20:53.526   609   609 D DCT     : [0]onRadioAvailable
05-05 10:20:53.527   609   609 D RILJ    : [3668]> OPERATOR [SUB0]
05-05 10:20:53.528   609   609 D RILJ    : [3669]> DATA_REGISTRATION_STATE [SUB0]
05-05 10:20:53.529   609   609 D RILJ    : [3670]> VOICE_REGISTRATION_STATE [SUB0]
05-05 10:20:53.531   609   609 D RILJ    : [3671]> QUERY_NETWORK_SELECTION_MODE [SUB0]
05-05 10:20:53.532   609   609 D RILJ    : [3672]> OPERATOR [SUB0]
05-05 10:20:53.534   609   609 D RILJ    : [3673]> DATA_REGISTRATION_STATE [SUB0]
05-05 10:20:53.536   609   609 D RILJ    : [3674]> VOICE_REGISTRATION_STATE [SUB0]
05-05 10:20:53.537   609   609 D RILJ    : [3675]> QUERY_NETWORK_SELECTION_MODE [SUB0]
05-05 10:20:53.539   609   609 D RILJ    : [3676]> OPERATOR [SUB0]
05-05 10:20:53.540   609   609 D RILJ    : [3677]> DATA_REGISTRATION_STATE [SUB0]
05-05 10:20:53.542   609   609 D RILJ    : [3678]> VOICE_REGISTRATION_STATE [SUB0]
05-05 10:20:53.543   609   609 D RILJ    : [3679]> QUERY_NETWORK_SELECTION_MODE [SUB0]
05-05 10:20:53.545   609   609 D RILJ    : [3680]> OPERATOR [SUB0]
05-05 10:20:53.547   609   609 D RILJ    : [3681]> DATA_REGISTRATION_STATE [SUB0]
05-05 10:20:53.549   609   609 D RILJ    : [3682]> VOICE_REGISTRATION_STATE [SUB0]
05-05 10:20:53.550   609   609 D RILJ    : [3683]> QUERY_NETWORK_SELECTION_MODE [SUB0]
05-05 10:20:53.552   609   609 D RILJ    : [3684]> OPERATOR [SUB0]
05-05 10:20:53.553   609   609 D RILJ    : [3685]> DATA_REGISTRATION_STATE [SUB0]
05-05 10:20:53.554   609   609 D RILJ    : [3686]> VOICE_REGISTRATION_STATE [SUB0]
05-05 10:20:53.556   609   609 D RILJ    : [3687]> QUERY_NETWORK_SELECTION_MODE [SUB0]
05-05 10:20:55.504   219   239 D WH-AT   : ============AT> ATE0Q0V1
05-05 10:20:55.506   219  1310 D WH-AT   : ============AT< OK
05-05 10:20:55.687   219  1310 D WH-AT   : ============AT< +ZPBIC: 1,1
05-05 10:20:56.507   219   239 I WH-RIL  : AT at_handshake END
05-05 10:20:56.507   219   239 D WH-AT   : ============AT> ATS0=0
05-05 10:20:56.509   219  1310 D WH-AT   : ============AT< OK
05-05 10:20:56.509   219   239 D WH-AT   : ============AT> AT+CMEE=1
05-05 10:20:56.512   219  1310 D WH-AT   : ============AT< OK
05-05 10:20:56.512   219   239 D WH-AT   : ============AT> AT+CREG=2
05-05 10:20:56.514   219  1310 D WH-AT   : ============AT< OK
05-05 10:20:56.514   219   239 D WH-AT   : ============AT> AT+CEREG=2
05-05 10:20:56.516   219  1310 D WH-AT   : ============AT< OK
05-05 10:20:56.516   219   239 D WH-AT   : ============AT> AT+CCWA=1
05-05 10:20:56.518   219  1310 D WH-AT   : ============AT< OK
05-05 10:20:56.519   219   239 D WH-AT   : ============AT> AT+CMOD=0
05-05 10:20:56.520   219  1310 D WH-AT   : ============AT< OK
05-05 10:20:56.521   219   239 D WH-AT   : ============AT> AT+CSSN=0,1
05-05 10:20:56.522   219  1310 D WH-AT   : ============AT< OK
05-05 10:20:56.523   219   239 D WH-AT   : ============AT> AT+COLP=0
05-05 10:20:56.525   219  1310 D WH-AT   : ============AT< OK
05-05 10:20:56.525   219   239 D WH-AT   : ============AT> AT+CUSD=1
05-05 10:20:56.527   219  1310 D WH-AT   : ============AT< OK
05-05 10:20:56.527   219   239 D WH-AT   : ============AT> AT+CMGF=0
05-05 10:20:56.530   219  1310 D WH-AT   : ============AT< OK
05-05 10:20:56.530   219   239 D WH-AT   : ============AT> AT+ZMMI=1
05-05 10:20:56.532   219  1310 D WH-AT   : ============AT< OK
05-05 10:20:56.532   219   239 D WH-AT   : ============AT> AT+CFUN?
05-05 10:20:56.534   219  1310 D WH-AT   : ============AT< +CFUN: 1
05-05 10:20:56.534   219  1310 D WH-AT   : ============AT< OK
05-05 10:20:56.535   219   239 D WH-AT   : ============AT> AT+CPIN?
05-05 10:20:56.535   609   769 D RILJ    : [UNSL]< UNSOL_VOICE_RADIO_TECH_CHANGED {3} [SUB0]
05-05 10:20:56.535   609   609 D GsmCdmaPhone: [GsmCdmaPhone] EVENT_VOICE_RADIO_TECH_CHANGED: newVoiceTech=3
05-05 10:20:56.535   609   769 D RILJ    : [UNSL]< UNSOL_RESPONSE_RADIO_STATE_CHANGED RADIO_ON [SUB0]
05-05 10:20:56.535   609   609 D GsmCdmaPhone: [GsmCdmaPhone] phoneObjectUpdater: newVoiceRadioTech=3
05-05 10:20:56.536   609   609 D GsmCdmaPhone: [GsmCdmaPhone] phoneObjectUpdater: No change ignore, newVoiceRadioTech=3 mActivePhone=GSM
05-05 10:20:56.536   609   609 D SST     : mDeviceShuttingDown=false, mDesiredPowerState=true, getRadioState=RADIO_ON, mPowerOffDelayNeed=true, mAlarmSwitch=false, mRadioDisabledByCarrier=false
05-05 10:20:56.537   219  1310 D WH-AT   : ============AT< +CPIN: READY
05-05 10:20:56.537   219  1310 D WH-AT   : ============AT< OK
05-05 10:20:56.537   609   609 D RILJ    : [3688]> OPERATOR [SUB0]
05-05 10:20:56.538   609   609 D RILJ    : [3689]> DATA_REGISTRATION_STATE [SUB0]
05-05 10:20:56.538   219   239 D WH-AT   : ============AT> AT+CSMS=1
05-05 10:20:56.539   609   769 D RILJ    : [UNSL]< UNSOL_RESPONSE_SIM_STATUS_CHANGED [SUB0]
05-05 10:20:56.539   609   769 D RILJ    : [UNSL]< UNSOL_RESPONSE_RADIO_STATE_CHANGED RADIO_ON [SUB0]
05-05 10:20:56.540   609   609 D RILJ    : [3690]> VOICE_REGISTRATION_STATE [SUB0]
05-05 10:20:56.540   219  1310 D WH-AT   : ============AT< +CSMS: 1,1,1
05-05 10:20:56.541   219  1310 D WH-AT   : ============AT< OK
05-05 10:20:56.541   219   239 D WH-AT   : ============AT> AT+CNMI=1,2,2,1,1
05-05 10:20:56.542   609   609 D RILJ    : [3691]> QUERY_NETWORK_SELECTION_MODE [SUB0]
05-05 10:20:56.543   219  1310 D WH-AT   : ============AT< OK
05-05 10:20:56.543   609   609 D UiccController: Received EVENT_ICC_STATUS_CHANGED, calling getIccCardStatus
05-05 10:20:56.544   609   609 D RILJ    : [3692]> GET_SIM_STATUS [SUB0]
05-05 10:20:56.545   609   609 D RILJ    : [3693]> GET_CURRENT_CALLS [SUB0]
05-05 10:20:56.546   219   239 D WH-RIL  : onRequest: SCREEN_STATE,4,61
05-05 10:20:56.546   219   239 D WH-RIL  : onRequest: RADIO_POWER,4,23
05-05 10:20:56.546   219   239 D WH-RIL  : requestRadioPower onOff 1, sState 4 
05-05 10:20:56.546   609   769 D RILJ    : [UNSL]< UNSOL_RESPONSE_VOICE_NETWORK_STATE_CHANGED [SUB0]
05-05 10:20:56.546   219   239 D WH-RIL  : onRequest: OPERATOR,4,22
05-05 10:20:56.546   219   239 D WH-AT   : ============AT> AT+COPS=3,0;+COPS?;+COPS=3,1;+COPS?;+COPS=3,2;+COPS?
05-05 10:20:56.547   609   769 D RILJ    : [3657]< SCREEN_STATE  [SUB0]
05-05 10:20:56.548   609   609 D RILJ    : [3694]> RIL_REQUEST_IMS_REGISTRATION_STATE [SUB0]
05-05 10:20:56.548   609   769 D RILJ    : [3658]< RADIO_POWER  [SUB0]
05-05 10:20:56.550   219  1310 D WH-AT   : ============AT< +COPS: 0,0,"CHINA-UNICOM",7,1
05-05 10:20:56.550   609   609 D RILJ    : [3695]> RIL_REQUEST_CDMA_GET_SUBSCRIPTION_SOURCE [SUB0]
05-05 10:20:56.550   219  1310 D WH-AT   : ============AT< +COPS: 0,1,"UNICOM",7,1
05-05 10:20:56.550   219  1310 D WH-AT   : ============AT< +COPS: 0,2,"46001",7,1
05-05 10:20:56.550   219  1310 D WH-AT   : ============AT< OK
05-05 10:20:56.551   219   239 E WH-RIL  : requestOperator CHINA-UNICOM,UNICOM,46001
05-05 10:20:56.552   609   609 D GsmCdmaPhone: [GsmCdmaPhone] Event EVENT_RADIO_ON Received
05-05 10:20:56.552   219   239 D WH-RIL  : onRequest: DATA_REGISTRATION_STATE,4,21
05-05 10:20:56.552   609   609 D RILJ    : [3696]> RIL_REQUEST_VOICE_RADIO_TECH [SUB0]
05-05 10:20:56.552   219   239 D WH-AT   : ============AT> AT+CEREG?
05-05 10:20:56.552   609   769 D RILJ    : [3659]< OPERATOR {CHINA-UNICOM, UNICOM, 46001} [SUB0]
05-05 10:20:56.554   609   609 D UiccController: Received EVENT_ICC_STATUS_CHANGED, calling getIccCardStatus
05-05 10:20:56.554   609   609 D RILJ    : [3697]> GET_SIM_STATUS [SUB0]
05-05 10:20:56.554   219  1310 D WH-AT   : ============AT< +CEREG: 2,1,"521C","03207502",7,1
05-05 10:20:56.554   219  1310 D WH-AT   : ============AT< OK
05-05 10:20:56.555   219   239 E WH-RIL  : requestRegistrationState response[3]:7
05-05 10:20:56.555   219   239 D WH-RIL  : onRequest: VOICE_REGISTRATION_STATE,4,20
05-05 10:20:56.555   609   769 D RILJ    : [3660]< DATA_REGISTRATION_STATE {1, 521c, 3207502, 14} [SUB0]
05-05 10:20:56.556   609   609 D RILJ    : [3698]> OPERATOR [SUB0]
05-05 10:20:56.556   219   239 D WH-AT   : ============AT> AT+CREG?
05-05 10:20:56.557   609   609 D RILJ    : [3699]> DATA_REGISTRATION_STATE [SUB0]
05-05 10:20:56.558   219  1310 D WH-AT   : ============AT< +CREG: 2,1,"D306","03207502",7,1
05-05 10:20:56.558   219  1310 D WH-AT   : ============AT< OK
05-05 10:20:56.558   219   239 E WH-RIL  : requestRegistrationState response[3]:7
05-05 10:20:56.559   609   609 D RILJ    : [3700]> VOICE_REGISTRATION_STATE [SUB0]
05-05 10:20:56.559   219   239 D WH-RIL  : onRequest: QUERY_NETWORK_SELECTION_MODE,4,45
05-05 10:20:56.559   219   239 D WH-AT   : ============AT> AT+COPS?
05-05 10:20:56.559   609   769 D RILJ    : [3661]< VOICE_REGISTRATION_STATE {1, d306, 3207502, 14} [SUB0]
05-05 10:20:56.561   609   609 D RILJ    : [3701]> QUERY_NETWORK_SELECTION_MODE [SUB0]
05-05 10:20:56.561   219  1310 D WH-AT   : ============AT< +COPS: 0,2,"46001",7,1
05-05 10:20:56.561   219  1310 D WH-AT   : ============AT< OK
05-05 10:20:56.562   219   239 D WH-RIL  : onRequest: BASEBAND_VERSION,4,51
05-05 10:20:56.562   219   239 D WH-AT   : ============AT> AT+CGMR
05-05 10:20:56.562   609   769 D RILJ    : [3662]< QUERY_NETWORK_SELECTION_MODE {0} [SUB0]
05-05 10:20:56.562   609   609 D SST     : EVENT_POLL_STATE_NETWORK_SELECTION_MODE
05-05 10:20:56.564   219  1310 D WH-AT   : ============AT< +CGMR: WH_G405tf_FLASH_V1.0.31B09P23_190227
05-05 10:20:56.564   219  1310 D WH-AT   : ============AT< OK
05-05 10:20:56.564   219   239 D WH-RIL  : onRequest: GET_IMEI,4,38
05-05 10:20:56.564   219   239 D WH-AT   : ============AT> AT+CGSN
05-05 10:20:56.565   609   769 D RILJ    : [3663]< BASEBAND_VERSION WH_G405tf_FLASH_V1.0.31B09P23_190227 [SUB0]
05-05 10:20:56.565   609   609 D GsmCdmaPhone: [GsmCdmaPhone] Baseband version: WH_G405tf_FLASH_V1.0.31B09P23_190227
05-05 10:20:56.567   219  1310 D WH-AT   : ============AT< +CGSN: 868221042893795
05-05 10:20:56.567   219  1310 D WH-AT   : ============AT< OK
05-05 10:20:56.567   219   239 D WH-RIL  : onRequest: GET_IMEISV,4,39
05-05 10:20:56.567   219   239 D WH-AT   : ============AT> AT+ZULI=8
05-05 10:20:56.567   609   769 D RILJ    : [3664]< GET_IMEI  [SUB0]
05-05 10:20:56.569   219  1310 D WH-AT   : ============AT< +ZULI: 8,"8682210428937955"
05-05 10:20:56.569   219  1310 D WH-AT   : ============AT< OK
05-05 10:20:56.570   219   239 D WH-RIL  : onRequest: RIL_REQUEST_GET_RADIO_CAPABILITY,4,130
