03-28 11:33:15.458 D/RILD    (  219): **RIL Daemon Started**
03-28 11:33:15.458 D/RILD    (  219): **RILd param count=1**
03-28 11:33:15.603 W/RILD    (  219): RIL_SAP_Init not defined or exported in /system/lib/libreference-ril-bm817.so: undefined symbol: RIL_SAP_Init
03-28 11:33:15.603 D/RILD    (  219): RIL_Init argc = 5 clientId = 0
03-28 11:33:15.603 I/use-Rlog/RLOG-RIL(  219): Broadmobi-ril android ver2.0.7 (Built on Mar 21 2019 10:39:43).
03-28 11:33:15.603 I/use-Rlog/RLOG-RIL(  219): Opening tty device /dev/ttyUSB2
03-28 11:33:15.603 I/use-Rlog/RLOG-RIL(  219): MainLoop Thread started
03-28 11:33:15.603 I/use-Rlog/RLOG-RIL(  219): Initial RIL initialization completed.
03-28 11:33:15.603 D/RILD    (  219): RIL_Init rilInit completed
03-28 11:33:15.603 I/RILC    (  219): SIM_COUNT: 1
03-28 11:33:15.603 E/RILC    (  219): RIL_register: RIL version 6
03-28 11:33:15.603 I/RILC    (  219): s_registerCalled flag set, 1
03-28 11:33:15.603 I/RILC    (  219): Start to listen RIL_SOCKET_1
03-28 11:33:15.604 D/RILD    (  219): RIL_Init RIL_register completed
03-28 11:33:15.604 D/RILD    (  219): RIL_register_socket completed
03-28 11:33:15.604 D/RILD    (  219): RIL_Init starting sleep loop
03-28 11:33:15.604 I/use-Rlog/RLOG-RIL(  219): entering mainLoop()
03-28 11:33:15.604 I/use-Rlog/RLOG-RIL(  219): parseXml
03-28 11:33:15.604 I/use-Rlog/RLOG-RIL(  219): start parse DEFUALT_RIL_CONFIG
03-28 11:33:15.605 D/use-Rlog/RLOG-RIL(  219): parseDoc operators
03-28 11:33:15.605 D/use-Rlog/RLOG-RIL(  219): parseDoc capacity
03-28 11:33:15.606 I/use-Rlog/RLOG-RIL(  219): DEFUALT_RIL_CONFIG parse success:1
03-28 11:33:15.606 I/use-Rlog/RLOG-RIL(  219): start parse /system/etc/bmril-config.xml
03-28 11:33:15.617 I/use-Rlog/RLOG-RIL(  219): /system/etc/bmril-config.xml parse success:1
03-28 11:33:15.632 I/use-Rlog/RLOG-RIL(  219): initIni rc:0,ini_inited:1
03-28 11:33:15.632 I/use-Rlog/RLOG-RIL(  219): initAndroidVersoin ro.build.version.release:7.1.2 androidVersion:7
03-28 11:33:15.632 I/use-Rlog/RLOG-RIL(  219): TaskThread_0 Thread started
03-28 11:33:15.633 I/use-Rlog/RLOG-RIL(  219): TaskThread_1 Thread started
03-28 11:33:15.633 I/use-Rlog/RLOG-RIL(  219): TaskThread_2 Thread started
03-28 11:33:15.633 I/use-Rlog/RLOG-RIL(  219): TaskThread_3 Thread started
03-28 11:33:15.633 I/use-Rlog/RLOG-RIL(  219): TaskThread_4 Thread started
03-28 11:33:15.633 I/use-Rlog/RLOG-RIL(  219): connect,m_at_port:/dev/ttyUSB2
03-28 11:33:15.633 I/use-Rlog/RLOG-RIL(  219): opening AT interface. retrying...
03-28 11:33:18.718 D/TelephonyManager(  224): No /proc/cmdline exception=java.io.FileNotFoundException: /proc/cmdline (Permission denied)
03-28 11:33:18.718 D/TelephonyManager(  224): /proc/cmdline=
03-28 11:33:22.022 D/TelephonyManager(  432): /proc/cmdline=earlycon=uart8250,mmio32,0xff690000 vmalloc=496M console=ttyFIQ0 androidboot.baseband=N/A androidboot.selinux=permissive androidboot.hardware=rk30board androidboot.console=ttyFIQ0 init=/init  mtdparts=rk29xxnand:0x00002000@0x00002000(uboot),0x00002000@0x00004000(trust),0x00002000@0x00006000(misc),0x00008000@0x00008000(resource),0x0001C000@0x0001C000(boot),0x00010000@0x0002C000(recovery),0x00038000@0x0003C000(backup),0x00040000@0x00074000(cache),0x00400000@0x000B4000(system),0x00008000@0x004B4000(metadata),0x00019000@0x004BC000(vendor0),0x00019000@0x004D5000(vendor1),-@0x004EE000(userdata) storagemedia=emmc androidboot.oem_unlocked=0 uboot_logo=0x02000000@0xfbc00000 loader.timestamp=2018-11-12_10:31:06 SecureBootCheckOk=0 androidboot.mode=emmc
03-28 11:33:24.707 D/TDC     (  618): updateOrInsert: inserting: Modem { uuid=modem, state=0, rilModel=0, rat={}, maxActiveVoiceCall=1, maxActiveDataCall=1, maxStandby=1 }
03-28 11:33:24.707 D/TDC     (  618): updateOrInsert: inserting: Sim { uuid=sim, modemUuid=modem, state=0 }
03-28 11:33:24.721 D/CdmaSSM (  618): subscriptionSource from settings: 0
03-28 11:33:24.721 I/PhoneFactory(  618): Cdma Subscription set to 0
03-28 11:33:24.747 I/PhoneFactory(  618): Network Mode set to 9
03-28 11:33:24.754 D/TelephonyRegistry(  432): listen oscl: hasNotifySubscriptionInfoChangedOccurred==false no callback
03-28 11:33:24.772 D/RILJ    (  618): RIL(context, preferredNetworkType=9 cdmaSubscription=0)
03-28 11:33:24.777 D/RILJ    (  618): Starting RILReceiver0 [SUB0]
03-28 11:33:24.786 I/RILC    (  219): libril: new connection to RIL_SOCKET_1
03-28 11:33:24.786 I/RILC    (  219): RIL Daemon version: Broadmobi-ril android ver2.0.7 (Built on Mar 21 2019 10:39:43)
03-28 11:33:24.790 D/RILJ    (  618): [3648]> GET_HARDWARE_CONFIG [SUB0]
03-28 11:33:24.791 D/RilRequest(  618): [3648]< GET_HARDWARE_CONFIG error: com.android.internal.telephony.CommandException: RADIO_NOT_AVAILABLE ret=
03-28 11:33:24.792 I/RILJ    (  618): (0) Connected to 'rild' socket
03-28 11:33:24.792 I/PhoneFactory(  618): Creating SubscriptionController
03-28 11:33:24.794 D/RILJ    (  618): [UNSL]< UNSOL_RIL_CONNECTED {6} [SUB0]
03-28 11:33:24.794 D/RILJ    (  618): [3649]> RADIO_POWER off [SUB0]
03-28 11:33:24.800 D/SubscriptionController(  618): [SubscriptionController] init by Context
03-28 11:33:24.801 D/RILJ    (  618): [3650]> RIL_REQUEST_CDMA_SET_SUBSCRIPTION_SOURCE : 0 [SUB0]
03-28 11:33:24.801 I/use-Rlog/RLOG-RIL(  219): onRequest :RADIO_POWER
03-28 11:33:24.802 D/RILJ    (  618): setCellInfoListRate: 2147483647 [SUB0]
03-28 11:33:24.802 D/RILJ    (  618): [3651]> RIL_REQUEST_SET_CELL_INFO_LIST_RATE [SUB0]
03-28 11:33:24.804 D/RILJ    (  618): [UNSL]< UNSOL_RESPONSE_RADIO_STATE_CHANGED RADIO_UNAVAILABLE [SUB0]
03-28 11:33:24.810 D/UiccController(  618): Creating UiccController
03-28 11:33:24.815 D/TelephonyTester(  618): register for intent action=com.android.internal.telephony.action_detached
03-28 11:33:24.815 D/TelephonyTester(  618): register for intent action=com.android.internal.telephony.action_attached
03-28 11:33:24.830 D/Phone   (  618): mDoesRilSendMultipleCallRing=true
03-28 11:33:24.830 D/Phone   (  618): mCallRingDelay=3000
03-28 11:33:24.845 D/RILJ    (  618): [3652]> RIL_REQUEST_START_LCE [SUB0]
03-28 11:33:24.869 E/RIL_ImsSms(  618): getFormat should never be called from here!
03-28 11:33:24.869 D/SMSDispatcher(  618): SMSDispatcher: ctor mSmsCapable=false format=unknown mSmsSendDisabled=true
03-28 11:33:24.869 D/RIL_ImsSms(  618): ImsSMSDispatcher created
03-28 11:33:24.870 D/SMSDispatcher(  618): SMSDispatcher: ctor mSmsCapable=false format=3gpp2 mSmsSendDisabled=true
03-28 11:33:24.870 D/CdmaSMSDispatcher(  618): CdmaSMSDispatcher created
03-28 11:33:24.906 D/GsmInboundSmsHandler(  618): created InboundSmsHandler
03-28 11:33:24.924 D/CdmaInboundSmsHandler(  618): created InboundSmsHandler
03-28 11:33:24.936 D/SMSDispatcher(  618): SMSDispatcher: ctor mSmsCapable=false format=3gpp mSmsSendDisabled=true
03-28 11:33:24.936 D/GsmSMSDispatcher(  618): GsmSMSDispatcher created
03-28 11:33:24.940 D/GsmInboundSmsHandler(  618): StartupState.processMessage:6
03-28 11:33:24.941 D/GsmInboundSmsHandler(  618): entering Idle state
03-28 11:33:24.941 D/CdmaInboundSmsHandler(  618): StartupState.processMessage:6
03-28 11:33:24.941 D/CdmaInboundSmsHandler(  618): entering Idle state
03-28 11:33:24.949 D/IccCardProxy(  618): ctor: ci=com.android.internal.telephony.RIL@1abdd79 phoneId=0
03-28 11:33:24.950 D/CdmaSSM (  618): subscriptionSource from settings: 0
03-28 11:33:24.950 D/CdmaSSM (  618): cdmaSSM constructor: 0
03-28 11:33:24.950 D/IccCardProxy(  618): update icc_operator_numeric=
03-28 11:33:24.950 D/TelephonyManager(  618): setTelephonyProperty: success phoneId=0 property=gsm.sim.operator.numeric value:  propVal=
03-28 11:33:24.951 D/TelephonyManager(  618): setTelephonyProperty: success phoneId=0 property=gsm.sim.operator.iso-country value:  propVal=
03-28 11:33:24.952 D/TelephonyManager(  618): setTelephonyProperty: success phoneId=0 property=gsm.sim.operator.alpha value:  propVal=
03-28 11:33:24.952 E/IccCardProxy(  618): setExternalState: set mPhoneId=0 mExternalState=NOT_READY
03-28 11:33:24.952 D/TelephonyManager(  618): setTelephonyProperty: success phoneId=0 property=gsm.sim.state value: NOT_READY propVal=NOT_READY
03-28 11:33:24.953 D/IccCardProxy(  618): broadcastIccStateChangedIntent intent ACTION_SIM_STATE_CHANGED value=NOT_READY reason=null for mPhoneId=0
03-28 11:33:24.959 D/RILJ    (  618): setPhoneType=1 old value=0 [SUB0]
03-28 11:33:24.959 D/TelephonyManager(  618): setTelephonyProperty: success phoneId=0 property=gsm.current.phone-type value: 1 propVal=1
03-28 11:33:24.961 D/IccCardProxy(  618): Setting radio tech UMTS
03-28 11:33:24.961 D/IccCardProxy(  618): updateQuietMode: 3GPP subscription -> newQuietMode=false
03-28 11:33:24.961 D/IccCardProxy(  618): updateQuietMode: no changes don't setExternalState
03-28 11:33:24.961 D/IccCardProxy(  618): updateQuietMode: QuietMode is false (app_type=1 cdmaSource=-1)
03-28 11:33:24.970 W/CarrierConfigManager(  618): Error getting config for subId -1 ICarrierConfigLoader is null
03-28 11:33:24.971 D/TelephonyRegistry(  432): listen oscl: hasNotifySubscriptionInfoChangedOccurred==false no callback
03-28 11:33:24.988 D/TelephonyManager(  618): setTelephonyProperty: success phoneId=0 property=gsm.network.type value: Unknown propVal=Unknown
03-28 11:33:24.989 D/RILJ    (  618): [3653]> SIGNAL_STRENGTH [SUB0]
03-28 11:33:24.991 D/SST     (  618): notifyDataRegStateRilRadioTechnologyChanged: drs=1 rat=0
03-28 11:33:24.991 D/TelephonyManager(  618): setTelephonyProperty: success phoneId=0 property=gsm.network.type value: Unknown propVal=Unknown
03-28 11:33:24.999 D/DCT     (  618): [0]DCT.constructor
03-28 11:33:25.003 D/TelephonyRegistry(  432): listen oscl: hasNotifySubscriptionInfoChangedOccurred==false no callback
03-28 11:33:25.010 D/Dcc     (  618): E ctor
03-28 11:33:25.015 D/Dcc     (  618): X ctor
03-28 11:33:25.017 D/SubscriptionController(  618): [getPhoneId] asked for default subId=-1
03-28 11:33:25.019 D/DcTesterDeacativateAll(  618): register for intent action=com.android.internal.telephony.dataconnection.action_deactivate_all
03-28 11:33:25.019 D/DcTesterDeacativateAll(  618): register for intent action=com.android.internal.telephony.action_detached
03-28 11:33:25.021 D/Dcc     (  618): DccDefaultState: msg.what=EVENT_RIL_CONNECTED mRilVersion=6
03-28 11:33:25.022 D/DcTesterFailBrinupAll(  618): register for intent action=com.android.internal.telephony.dataconnection.action_fail_bringup
03-28 11:33:25.022 D/DcTesterFailBrinupAll(  618): register for intent action=com.android.internal.telephony.action_detached
03-28 11:33:25.022 D/DcTesterFailBrinupAll(  618): register for intent action=com.android.internal.telephony.action_attached
03-28 11:33:25.024 D/SST     (  618): notifyDataRegStateRilRadioTechnologyChanged: drs=1 rat=0
03-28 11:33:25.024 D/TelephonyManager(  618): setTelephonyProperty: success phoneId=0 property=gsm.network.type value: Unknown propVal=Unknown
03-28 11:33:25.024 D/DCT     (  618): [0]update sub = -2
03-28 11:33:25.024 D/DCT     (  618): [0]update(): Active DDS, register for all events now!
03-28 11:33:25.026 D/GsmCdmaPhone(  618): [GsmCdmaPhone] updateCurrentCarrierInProvider: mSubId = -2 currentDds = 2 operatorNumeric = null
03-28 11:33:25.027 D/DCT     (  618): [0]initApnContexts: E
03-28 11:33:25.028 D/DCT     (  618): [0]initApnContexts: skipping unknown type=1
03-28 11:33:25.028 D/DCT     (  618): [0]initApnContexts: apnContext={mApnType=default mState=IDLE mWaitingApns={null} mApnSetting={null} mReason=dataEnabled mDataEnabled=false mDependencyMet=true}
03-28 11:33:25.029 D/DCT     (  618): [0]initApnContexts: apnContext={mApnType=mms mState=IDLE mWaitingApns={null} mApnSetting={null} mReason=dataEnabled mDataEnabled=false mDependencyMet=false}
03-28 11:33:25.029 D/DCT     (  618): [0]initApnContexts: apnContext={mApnType=supl mState=IDLE mWaitingApns={null} mApnSetting={null} mReason=dataEnabled mDataEnabled=false mDependencyMet=true}
03-28 11:33:25.029 D/DCT     (  618): [0]initApnContexts: apnContext={mApnType=dun mState=IDLE mWaitingApns={null} mApnSetting={null} mReason=dataEnabled mDataEnabled=false mDependencyMet=true}
03-28 11:33:25.029 D/DCT     (  618): [0]initApnContexts: apnContext={mApnType=hipri mState=IDLE mWaitingApns={null} mApnSetting={null} mReason=dataEnabled mDataEnabled=false mDependencyMet=true}
03-28 11:33:25.029 D/DCT     (  618): [0]initApnContexts: apnContext={mApnType=fota mState=IDLE mWaitingApns={null} mApnSetting={null} mReason=dataEnabled mDataEnabled=false mDependencyMet=true}
03-28 11:33:25.029 D/DCT     (  618): [0]initApnContexts: apnContext={mApnType=ims mState=IDLE mWaitingApns={null} mApnSetting={null} mReason=dataEnabled mDataEnabled=false mDependencyMet=true}
03-28 11:33:25.029 D/DCT     (  618): [0]initApnContexts: apnContext={mApnType=cbs mState=IDLE mWaitingApns={null} mApnSetting={null} mReason=dataEnabled mDataEnabled=false mDependencyMet=true}
03-28 11:33:25.029 D/DCT     (  618): [0]initApnContexts: skipping unknown type=7
03-28 11:33:25.029 D/DCT     (  618): [0]initApnContexts: skipping unknown type=9
03-28 11:33:25.029 D/DCT     (  618): [0]initApnContexts: apnContext={mApnType=emergency mState=IDLE mWaitingApns={null} mApnSetting={null} mReason=dataEnabled mDataEnabled=false mDependencyMet=true}
03-28 11:33:25.071 D/TelephonyRegistry(  432): systemRunning register for intents
03-28 11:33:25.118 D/GsmCdmaPhone(  618): [GsmCdmaPhone] GsmCdmaPhone: constructor: sub = 0
03-28 11:33:25.118 I/PhoneFactory(  618): Creating Phone with type = 1 sub = 0
03-28 11:33:25.118 I/PhoneFactory(  618): defaultSmsApplication: NONE
03-28 11:33:25.121 I/PhoneFactory(  618): Creating SubInfoRecordUpdater 
03-28 11:33:25.122 D/SubscriptionInfoUpdater(  618): Constructor invoked
03-28 11:33:25.171 D/TelephonyRegistry(  432): listen oscl: hasNotifySubscriptionInfoChangedOccurred==false no callback
03-28 11:33:25.171 D/SubscriptionController(  618): [getPhoneId]- no sims, returning default phoneId=2147483647
03-28 11:33:25.174 D/TelephonyRegistry(  432): listen oscl: hasNotifySubscriptionInfoChangedOccurred==false no callback
03-28 11:33:25.177 D/PhoneSwitcher(  618): PhoneSwitcher started
03-28 11:33:25.177 D/ProxyController(  618): Constructor - Enter
03-28 11:33:25.180 D/ProxyController(  618): clearTransaction
03-28 11:33:25.180 D/ProxyController(  618): clearTransaction: phoneId=0 status=IDLE
03-28 11:33:25.181 D/ProxyController(  618): Constructor - Exit
03-28 11:33:25.181 D/TelephonyNetworkFactory[0](  618): Registering NetworkFactory
03-28 11:33:25.183 D/CallManager(  618): registerPhone(GSM Handler (com.android.internal.telephony.GsmCdmaPhone) {15c38a5})
03-28 11:33:25.186 D/TelephonyRegistry(  432): listen oscl: hasNotifySubscriptionInfoChangedOccurred==false no callback
03-28 11:33:25.228 D/TelephonyRegistry(  432): listen oscl: hasNotifySubscriptionInfoChangedOccurred==false no callback
03-28 11:33:25.259 D/RILJ    (  618): [3654]> RIL_REQUEST_SET_TTY_MODE : 0 [SUB0]
03-28 11:33:25.269 D/TelephonyRegistry(  432): listen oscl: hasNotifySubscriptionInfoChangedOccurred==false no callback
03-28 11:33:25.274 D/SubscriptionController(  618): [getPhoneId] asked for default subId=-1
03-28 11:33:25.279 D/UiccController(  618): EVENT_RADIO_UNAVAILABLE, dispose card
03-28 11:33:25.280 D/RILJ    (  618): [3655]> GET_CURRENT_CALLS [SUB0]
03-28 11:33:25.280 D/GsmSMSDispatcher(  618): GsmSMSDispatcher: subId = -2 slotId = 0
03-28 11:33:25.281 E/IccCardProxy(  618): setExternalState: !override and newstate unchanged from NOT_READY
03-28 11:33:25.281 E/IccCardProxy(  618): setExternalState: !override and newstate unchanged from NOT_READY
03-28 11:33:25.281 D/GsmCdmaPhone(  618): [GsmCdmaPhone] Event EVENT_RADIO_OFF_OR_NOT_AVAILABLE Received
03-28 11:33:25.281 E/IccCardProxy(  618): setExternalState: !override and newstate unchanged from NOT_READY
03-28 11:33:25.281 D/SST     (  618): mDeviceShuttingDown=false, mDesiredPowerState=true, getRadioState=RADIO_UNAVAILABLE, mPowerOffDelayNeed=true, mAlarmSwitch=false, mRadioDisabledByCarrier=false
03-28 11:33:25.281 D/SST     (  618): useDataRegStateForDataOnlyDevice: VoiceRegState=1 DataRegState=1
03-28 11:33:25.281 D/SST     (  618): Poll ServiceState done:  oldSS=[1 1 voice home data home null null null null null null  Unknown Unknown CSS not supported 0 0 RoamInd=0 DefRoamInd=0 EmergOnly=false IsDataRoamingFromRegistration=false IsUsingCarrierAggregation=false] newSS=[1 1 voice home data home null null null null null null  Unknown Unknown CSS not supported -1 -1 RoamInd=-1 DefRoamInd=-1 EmergOnly=false IsDataRoamingFromRegistration=false IsUsingCarrierAggregation=false] oldMaxDataCalls=1 mNewMaxDataCalls=1 oldReasonDataDenied=-1 mNewReasonDataDenied=-1
03-28 11:33:25.281 D/SST     (  618): updateSpnDisplay: radio is on but out of service, set plmn='没有服务'
03-28 11:33:25.282 D/SST     (  618): updateSpnDisplay: changed sending intent rule=0 showPlmn='true' plmn='没有服务' showSpn='false' spn='' dataSpn='' subId='-2'
03-28 11:33:25.287 D/SubscriptionController(  618): [setPlmnSpn] No valid subscription to store info
03-28 11:33:25.287 D/SubscriptionController(  618): notifySubscriptionInfoChanged:
03-28 11:33:25.288 D/TelephonyRegistry(  432): notifySubscriptionInfoChanged: first invocation mRecords.size=12
03-28 11:33:25.296 D/TelephonyManager(  618): setTelephonyProperty: success phoneId=0 property=gsm.operator.alpha value:  propVal=
03-28 11:33:25.297 D/TelephonyManager(  618): setTelephonyProperty: success phoneId=0 property=gsm.operator.numeric value:  propVal=
03-28 11:33:25.297 D/SST     (  618): operatorNumeric is null
03-28 11:33:25.297 D/TelephonyManager(  618): setTelephonyProperty: success phoneId=0 property=gsm.operator.iso-country value:  propVal=
03-28 11:33:25.297 D/TelephonyManager(  618): setTelephonyProperty: success phoneId=0 property=gsm.operator.isroaming value: false propVal=false
03-28 11:33:25.298 D/SST     (  618): Broadcasting ServiceState : 1 1 voice home data home null null null null null null  Unknown Unknown CSS not supported -1 -1 RoamInd=-1 DefRoamInd=-1 EmergOnly=false IsDataRoamingFromRegistration=false IsUsingCarrierAggregation=false
03-28 11:33:25.298 D/DefaultPhoneNotifier(  618): nofityServiceState: mRegistry=com.android.internal.telephony.ITelephonyRegistry$Stub$Proxy@c9d75d ss=1 1 voice home data home null null null null null null  Unknown Unknown CSS not supported -1 -1 RoamInd=-1 DefRoamInd=-1 EmergOnly=false IsDataRoamingFromRegistration=false IsUsingCarrierAggregation=false sender=Handler (com.android.internal.telephony.GsmCdmaPhone) {15c38a5} phondId=0 subId=-2
03-28 11:33:25.300 D/SubscriptionController(  618): [getSlotId]- subId invalid
03-28 11:33:25.300 D/TelephonyManager(  432): getSimState: default sim:-1, sim state for slotIdx=0 is 6, return state as unknown
03-28 11:33:25.311 D/SST     (  618): mDeviceShuttingDown=false, mDesiredPowerState=true, getRadioState=RADIO_UNAVAILABLE, mPowerOffDelayNeed=true, mAlarmSwitch=false, mRadioDisabledByCarrier=false
03-28 11:33:25.311 D/SST     (  618): useDataRegStateForDataOnlyDevice: VoiceRegState=1 DataRegState=1
03-28 11:33:25.311 D/SST     (  618): Poll ServiceState done:  oldSS=[1 1 voice home data home null null null null null null  Unknown Unknown CSS not supported -1 -1 RoamInd=-1 DefRoamInd=-1 EmergOnly=false IsDataRoamingFromRegistration=false IsUsingCarrierAggregation=false] newSS=[1 1 voice home data home null null null null null null  Unknown Unknown CSS not supported -1 -1 RoamInd=-1 DefRoamInd=-1 EmergOnly=false IsDataRoamingFromRegistration=false IsUsingCarrierAggregation=false] oldMaxDataCalls=1 mNewMaxDataCalls=1 oldReasonDataDenied=-1 mNewReasonDataDenied=-1
03-28 11:33:25.313 D/DCT     (  618): [0]onRadioOffOrNotAvailable: is off and clean up all connections
03-28 11:33:25.313 D/DCT     (  618): [0]cleanUpAllConnections: tearDown=false reason=radioTurnedOff
03-28 11:33:25.313 D/GsmCdmaPhone(  618): [GsmCdmaPhone] getDataConnectionState apnType=default ret=DISCONNECTED
03-28 11:33:25.318 D/DCT     (  618): [0]cleanUpConnection: X tearDown=false reason=radioTurnedOff apnContext={mApnType=default mState=IDLE mWaitingApns={null} mApnSetting={null} mReason=radioTurnedOff mDataEnabled=false mDependencyMet=true} dcac=null
03-28 11:33:25.318 D/GsmCdmaPhone(  618): [GsmCdmaPhone] getDataConnectionState apnType=mms ret=DISCONNECTED
03-28 11:33:25.321 D/DCT     (  618): [0]cleanUpConnection: X tearDown=false reason=radioTurnedOff apnContext={mApnType=mms mState=IDLE mWaitingApns={null} mApnSetting={null} mReason=radioTurnedOff mDataEnabled=false mDependencyMet=false} dcac=null
03-28 11:33:25.321 D/GsmCdmaPhone(  618): [GsmCdmaPhone] getDataConnectionState apnType=cbs ret=DISCONNECTED
03-28 11:33:25.324 D/DCT     (  618): [0]cleanUpConnection: X tearDown=false reason=radioTurnedOff apnContext={mApnType=cbs mState=IDLE mWaitingApns={null} mApnSetting={null} mReason=radioTurnedOff mDataEnabled=false mDependencyMet=true} dcac=null
03-28 11:33:25.324 D/GsmCdmaPhone(  618): [GsmCdmaPhone] getDataConnectionState apnType=fota ret=DISCONNECTED
03-28 11:33:25.327 D/DCT     (  618): [0]cleanUpConnection: X tearDown=false reason=radioTurnedOff apnContext={mApnType=fota mState=IDLE mWaitingApns={null} mApnSetting={null} mReason=radioTurnedOff mDataEnabled=false mDependencyMet=true} dcac=null
03-28 11:33:25.328 D/GsmCdmaPhone(  618): [GsmCdmaPhone] getDataConnectionState apnType=supl ret=DISCONNECTED
03-28 11:33:25.332 D/DCT     (  618): [0]cleanUpConnection: X tearDown=false reason=radioTurnedOff apnContext={mApnType=supl mState=IDLE mWaitingApns={null} mApnSetting={null} mReason=radioTurnedOff mDataEnabled=false mDependencyMet=true} dcac=null
03-28 11:33:25.332 D/GsmCdmaPhone(  618): [GsmCdmaPhone] getDataConnectionState apnType=emergency ret=DISCONNECTED
03-28 11:33:25.335 D/DCT     (  618): [0]cleanUpConnection: X tearDown=false reason=radioTurnedOff apnContext={mApnType=emergency mState=IDLE mWaitingApns={null} mApnSetting={null} mReason=radioTurnedOff mDataEnabled=false mDependencyMet=true} dcac=null
03-28 11:33:25.335 D/GsmCdmaPhone(  618): [GsmCdmaPhone] getDataConnectionState apnType=dun ret=DISCONNECTED
03-28 11:33:25.338 D/DCT     (  618): [0]cleanUpConnection: X tearDown=false reason=radioTurnedOff apnContext={mApnType=dun mState=IDLE mWaitingApns={null} mApnSetting={null} mReason=radioTurnedOff mDataEnabled=false mDependencyMet=true} dcac=null
03-28 11:33:25.339 D/GsmCdmaPhone(  618): [GsmCdmaPhone] getDataConnectionState apnType=hipri ret=DISCONNECTED
03-28 11:33:25.342 D/DCT     (  618): [0]cleanUpConnection: X tearDown=false reason=radioTurnedOff apnContext={mApnType=hipri mState=IDLE mWaitingApns={null} mApnSetting={null} mReason=radioTurnedOff mDataEnabled=false mDependencyMet=true} dcac=null
03-28 11:33:25.342 D/GsmCdmaPhone(  618): [GsmCdmaPhone] getDataConnectionState apnType=ims ret=DISCONNECTED
03-28 11:33:25.348 D/DCT     (  618): [0]cleanUpConnection: X tearDown=false reason=radioTurnedOff apnContext={mApnType=ims mState=IDLE mWaitingApns={null} mApnSetting={null} mReason=radioTurnedOff mDataEnabled=false mDependencyMet=true} dcac=null
03-28 11:33:25.348 D/DCT     (  618): [0]stopNetStatPoll
03-28 11:33:25.350 D/DCT     (  618): [0]cleanUpConnection: mDisconnectPendingCount = 0
03-28 11:33:25.350 D/DCT     (  618): [0]isDataAllowed: No - Not attached - SIM not loaded
03-28 11:33:25.396 D/DCT     (  618): [0]onDataConnectionDetached: stop polling and notify detached
03-28 11:33:25.396 D/DCT     (  618): [0]stopNetStatPoll
03-28 11:33:25.397 D/DCT     (  618): [0]notifyDataConnection: reason=dataDetached
03-28 11:33:25.399 D/DCT     (  618): [0]isDataAllowed: No - Not attached - SIM not loaded
03-28 11:33:25.426 D/DCT     (  618): [0]onRoamingOff
03-28 11:33:25.426 D/DCT     (  618): [0]setDataProfilesAsNeeded mSetDataProfileStatus: 0
03-28 11:33:25.427 D/DCT     (  618): [0]notifyDataConnection: reason=roamingOff
03-28 11:33:25.427 D/DCT     (  618): [0]isDataAllowed: No - Not attached - SIM not loaded
03-28 11:33:25.450 D/DCT     (  618): [0]setupDataOnConnectableApns: nwTypeChanged emergency:[state=IDLE,enabled=false] hipri:[state=IDLE,enabled=false] supl:[state=IDLE,enabled=false] mms:[state=IDLE,enabled=false] dun:[state=IDLE,enabled=false] fota:[state=IDLE,enabled=false] ims:[state=IDLE,enabled=false] default:[state=IDLE,enabled=false] cbs:[state=IDLE,enabled=false] 
03-28 11:33:25.451 D/SubscriptionInfoUpdater(  618): [Receiver]+
03-28 11:33:25.451 D/SubscriptionInfoUpdater(  618): Action: android.intent.action.SIM_STATE_CHANGED
03-28 11:33:25.451 D/SubscriptionInfoUpdater(  618): slotId: 0
03-28 11:33:25.451 D/SubscriptionInfoUpdater(  618): simStatus: NOT_READY
03-28 11:33:25.451 D/SubscriptionInfoUpdater(  618): Ignoring simStatus: NOT_READY
03-28 11:33:25.451 D/SubscriptionInfoUpdater(  618): [Receiver]-
03-28 11:33:25.451 D/TelephonyNetworkFactory[0](  618): onSubIdChange -1->-2
03-28 11:33:25.451 D/TelephonyNetworkFactory[0](  618): got request NetworkRequest [ REQUEST id=1, [ Capabilities: INTERNET&NOT_RESTRICTED&TRUSTED&NOT_VPN] ] with score 0
03-28 11:33:25.454 D/DebugService(  618): DebugService DebugService:
03-28 11:33:25.460 D/GsmSMSDispatcher(  618): GsmSMSDispatcher: subId = -2 slotId = 0
03-28 11:33:25.460 E/IccCardProxy(  618): setExternalState: !override and newstate unchanged from NOT_READY
03-28 11:33:25.460 D/SST     (  618): SubscriptionListener.onSubscriptionInfoChanged
03-28 11:33:25.461 E/Phone   (  618): getStoredVoiceMessageCount: invalid subId -2
03-28 11:33:25.461 D/GsmCdmaPhone(  618): [GsmCdmaPhone] updateVoiceMail countVoiceMessages = 0 subId -2
03-28 11:33:25.461 E/Phone   (  618): setVoiceMessageCount in sharedPreference: invalid subId -2
03-28 11:33:25.461 D/PhoneSwitcher(  618): evaluating due to subChanged default 0->2 phone[0] 0->-2
03-28 11:33:25.462 D/SubscriptionController(  618): [getActiveSubInfoList] Sub Controller not ready
03-28 11:33:25.514 D/SubscriptionController(  618): [getActiveSubInfoList] Sub Controller not ready
03-28 11:33:25.515 D/DCT     (  618): [0]SubscriptionListener.onSubscriptionInfoChanged
03-28 11:33:25.517 D/PhoneSwitcher(  618): evaluating due to netRequest
03-28 11:33:25.518 D/TelephonyNetworkFactory[0](  618): not acting - isApp=false, isAct=false NetworkRequest [ REQUEST id=1, [ Capabilities: INTERNET&NOT_RESTRICTED&TRUSTED&NOT_VPN] ]
03-28 11:33:25.633 I/use-Rlog/RLOG-RIL(  219): connect,connected m_at_fd:12
03-28 11:33:25.634 I/use-Rlog/RLOG-RIL(  219): AT already opened.
03-28 11:33:25.634 I/use-Rlog/RLOG-RIL(  219): TaskThread_1 event:EVENT_INIT_CALLBACK,msg:
03-28 11:33:25.634 I/use-Rlog/RLOG-RIL(  219): ModemController initializeCallback
03-28 11:33:25.634 I/use-Rlog/RLOG-RIL(  219): [setRadioState]:oldState=1, newState=1
03-28 11:33:25.634 I/use-Rlog/RLOG-RIL(  219): [setRadioState]:oldState=1, newState=0
03-28 11:33:25.634 D/use-Rlog/RLOG-AT(  219): AT> ATE0Q0V1
03-28 11:33:25.634 D/RILJ    (  618): [UNSL]< UNSOL_RESPONSE_RADIO_STATE_CHANGED RADIO_OFF [SUB0]
03-28 11:33:25.634 D/RILJ    (  618): [3656]> SCREEN_STATE: true [SUB0]
03-28 11:33:25.634 D/SST     (  618): mDeviceShuttingDown=false, mDesiredPowerState=true, getRadioState=RADIO_OFF, mPowerOffDelayNeed=true, mAlarmSwitch=false, mRadioDisabledByCarrier=false
03-28 11:33:25.635 D/RILJ    (  618): [3657]> RADIO_POWER on [SUB0]
03-28 11:33:25.636 D/RILJ    (  618): [3658]> OPERATOR [SUB0]
03-28 11:33:25.637 D/RILJ    (  618): [3659]> DATA_REGISTRATION_STATE [SUB0]
03-28 11:33:25.638 D/RILJ    (  618): [3660]> VOICE_REGISTRATION_STATE [SUB0]
03-28 11:33:25.638 D/RILJ    (  618): [3661]> QUERY_NETWORK_SELECTION_MODE [SUB0]
03-28 11:33:25.639 D/RILJ    (  618): [3662]> BASEBAND_VERSION [SUB0]
03-28 11:33:25.640 D/RILJ    (  618): [3663]> GET_IMEI [SUB0]
03-28 11:33:25.641 D/RILJ    (  618): [3664]> GET_IMEISV [SUB0]
03-28 11:33:25.641 D/RILJ    (  618): [3665]> RIL_REQUEST_GET_RADIO_CAPABILITY [SUB0]
03-28 11:33:25.642 D/RILJ    (  618): [3666]> RIL_REQUEST_START_LCE [SUB0]
03-28 11:33:25.643 D/DCT     (  618): [0]onRadioAvailable
03-28 11:33:25.884 I/use-Rlog/RLOG-AT(  219): at_handshake err:-4,i:0
03-28 11:33:25.884 D/use-Rlog/RLOG-AT(  219): AT> ATE0Q0V1
03-28 11:33:26.134 I/use-Rlog/RLOG-AT(  219): at_handshake err:-4,i:1
03-28 11:33:26.134 D/use-Rlog/RLOG-AT(  219): AT> ATE0Q0V1
03-28 11:33:26.172 D/SubscriptionController(  618): [getActiveSubInfoList] Sub Controller not ready
03-28 11:33:26.179 D/SubscriptionController(  618): [getActiveSubInfoList] Sub Controller not ready
03-28 11:33:26.185 D/SubscriptionController(  618): [getActiveSubInfoList] Sub Controller not ready
03-28 11:33:26.229 D/SubscriptionController(  618): [getPhoneId] asked for default subId=-1
03-28 11:33:26.258 D/DCT     (  618): [0]hasMatchedTetherApnSetting: APN=null
03-28 11:33:26.259 D/DCT     (  618): [0]hasMatchedTetherApnSetting: APN=null
03-28 11:33:26.283 D/SubscriptionController(  618): [getSlotId]- subId invalid
03-28 11:33:26.286 D/TelephonyManager(  623): getSimState: default sim:-1, sim state for slotIdx=0 is 6, return state as unknown
03-28 11:33:26.304 D/SubscriptionController(  618): [getSlotId]- subId invalid
03-28 11:33:26.306 D/TelephonyManager(  623): getSimState: default sim:-1, sim state for slotIdx=0 is 6, return state as unknown
03-28 11:33:26.316 D/SubscriptionController(  618): [getSlotId]- subId invalid
03-28 11:33:26.317 D/TelephonyManager(  623): getSimState: default sim:-1, sim state for slotIdx=0 is 6, return state as unknown
03-28 11:33:26.405 D/SubscriptionController(  618): [getActiveSubInfoList] Sub Controller not ready
03-28 11:33:26.841 D/SubscriptionController(  618): [getSlotId]- subId invalid
03-28 11:33:26.844 D/TelephonyManager(  623): getSimState: default sim:-1, sim state for slotIdx=0 is 6, return state as unknown
03-28 11:33:26.905 D/WAP PUSH(  618): Received broadcast android.intent.action.USER_UNLOCKED
03-28 11:33:26.905 D/WAP PUSH(  618): Received broadcast android.intent.action.USER_UNLOCKED
03-28 11:33:26.905 D/SmsBroadcastUndelivered(  618): Received broadcast android.intent.action.USER_UNLOCKED
03-28 11:33:26.906 D/SubscriptionInfoUpdater(  618): [Receiver]+
03-28 11:33:26.906 D/SubscriptionInfoUpdater(  618): Action: android.intent.action.USER_UNLOCKED
03-28 11:33:26.906 D/SubscriptionInfoUpdater(  618): Broadcasting intent ACTION_SIM_STATE_CHANGED for mCardIndex: 0
03-28 11:33:26.908 D/SubscriptionInfoUpdater(  618): [Receiver]-
03-28 11:33:26.910 D/SubscriptionInfoUpdater(  618): [Receiver]+
03-28 11:33:26.910 D/SubscriptionInfoUpdater(  618): Action: android.intent.action.SIM_STATE_CHANGED
03-28 11:33:26.910 D/SubscriptionInfoUpdater(  618): slotId: 0
03-28 11:33:26.910 D/SubscriptionInfoUpdater(  618): simStatus: NOT_READY
03-28 11:33:26.910 D/SubscriptionInfoUpdater(  618): Ignoring simStatus: NOT_READY
03-28 11:33:26.910 D/SubscriptionInfoUpdater(  618): [Receiver]-
03-28 11:33:26.915 D/SmsBroadcastUndelivered(  618): scanning raw table for undelivered messages
03-28 11:33:26.968 D/SubscriptionController(  618): [getActiveSubInfoList] Sub Controller not ready
03-28 11:33:26.968 D/SmsBroadcastUndelivered(  618): finished scanning raw table in 52 ms
03-28 11:33:27.038 D/SubscriptionController(  618): [getSlotId]- subId invalid
03-28 11:33:27.107 D/TelephonyManager(  623): getSimState: default sim:-1, sim state for slotIdx=0 is 6, return state as unknown
03-28 11:33:27.159 D/SubscriptionController(  618): [getSlotId]- subId invalid
03-28 11:33:27.160 D/TelephonyManager(  623): getSimState: default sim:-1, sim state for slotIdx=0 is 6, return state as unknown
03-28 11:33:27.905 D/GsmCellBroadcastHandler(  618): mWakeLock released
03-28 11:33:27.916 D/CellBroadcastHandler(  618): mWakeLock released
03-28 11:33:27.937 D/CdmaServiceCategoryProgramHandler(  618): mWakeLock released
03-28 11:33:27.943 D/CdmaInboundSmsHandler(  618): IdleState.processMessage:5
03-28 11:33:27.943 D/CdmaInboundSmsHandler(  618): Idle state processing message type 5
03-28 11:33:27.946 D/GsmInboundSmsHandler(  618): IdleState.processMessage:5
03-28 11:33:27.946 D/GsmInboundSmsHandler(  618): Idle state processing message type 5
03-28 11:33:27.947 D/GsmInboundSmsHandler(  618): mWakeLock released
03-28 11:33:27.947 D/CdmaInboundSmsHandler(  618): mWakeLock released
03-28 11:33:28.600 D/use-Rlog/RLOG-AT(  219): AT< ATE0Q0V1
03-28 11:33:28.601 D/use-Rlog/RLOG-AT(  219): AT< OK
03-28 11:33:28.601 D/use-Rlog/RLOG-AT(  219): AT< OK
03-28 11:33:28.852 D/use-Rlog/RLOG-AT(  219): AT> ATE0Q0V1
03-28 11:33:28.852 D/use-Rlog/RLOG-AT(  219): AT< OK
03-28 11:33:28.852 D/use-Rlog/RLOG-AT(  219): AT> ATS0
03-28 11:33:28.853 D/use-Rlog/RLOG-AT(  219): AT> AT+CMEE=1
03-28 11:33:28.863 D/use-Rlog/RLOG-AT(  219): AT< OK
03-28 11:33:28.863 D/use-Rlog/RLOG-AT(  219): AT< ERROR
03-28 11:33:28.863 D/use-Rlog/RLOG-AT(  219): AT> AT+BMDATASTATUSEN=1
03-28 11:33:28.864 D/use-Rlog/RLOG-AT(  219): AT< OK
03-28 11:33:28.864 D/use-Rlog/RLOG-AT(  219): AT> ATH
03-28 11:33:28.865 D/use-Rlog/RLOG-AT(  219): AT> AT+CFUN=1
03-28 11:33:28.892 D/use-Rlog/RLOG-AT(  219): AT< OK
03-28 11:33:28.892 I/use-Rlog/RLOG-RIL(  219): init
03-28 11:33:28.893 I/use-Rlog/RLOG-RIL(  219): NetController init
03-28 11:33:28.893 I/use-Rlog/RLOG-RIL(  219): TaskThread_0 event:EVENT_INIT,msg:
03-28 11:33:28.893 D/use-Rlog/RLOG-AT(  219): AT< ERROR
03-28 11:33:28.893 D/use-Rlog/RLOG-AT(  219): AT> AT+CGMM
03-28 11:33:28.893 I/use-Rlog/RLOG-RIL(  219): TaskThread_0 event:EVENT_INIT done
03-28 11:33:28.893 I/use-Rlog/RLOG-RIL(  219): m_bm_model:1
03-28 11:33:28.894 I/use-Rlog/RLOG-RIL(  219): [setRadioState]:oldState=0, newState=0
03-28 11:33:28.894 D/use-Rlog/RLOG-AT(  219): AT> AT+CFUN?
03-28 11:33:28.894 D/use-Rlog/RLOG-AT(  219): AT< OK
03-28 11:33:28.895 I/use-Rlog/RLOG-RIL(  219): ModemController isRadioOn :0
03-28 11:33:28.895 I/use-Rlog/RLOG-RIL(  219): ModemController initializeCallback done
03-28 11:33:28.895 I/use-Rlog/RLOG-RIL(  219): TaskThread_1 event:EVENT_INIT_CALLBACK done
03-28 11:33:28.896 D/use-Rlog/RLOG-AT(  219): AT< BM817C-H1
03-28 11:33:28.897 D/use-Rlog/RLOG-AT(  219): AT< OK
03-28 11:33:28.897 D/use-Rlog/RLOG-AT(  219): AT< +CFUN: 1
03-28 11:33:28.898 D/use-Rlog/RLOG-AT(  219): AT< OK
03-28 11:33:29.101 D/use-Rlog/RLOG-AT(  219): AT< +SIM:Inserted
03-28 11:33:29.102 I/use-Rlog/RLOG-RIL(  219): TaskThread_3 event:EVENT_SIM_STATE_CHECK,msg:+SIM:Inserted
03-28 11:33:29.102 I/use-Rlog/RLOG-RIL(  219): TaskThread_3 event:EVENT_SIM_STATE_CHECK done
03-28 11:33:29.802 I/use-Rlog/RLOG-RIL(  219): RequestHandler handleRadioPower:0
03-28 11:33:29.802 I/use-Rlog/RLOG-RIL(  219): [setRadioState]:oldState=0, newState=0
03-28 11:33:29.802 I/use-Rlog/RLOG-RIL(  219): onRequest :RADIO_POWER complete
03-28 11:33:29.802 I/use-Rlog/RLOG-RIL(  219): onRequest :CDMA_SET_SUBSCRIPTION_SOURCE
03-28 11:33:29.802 I/use-Rlog/RLOG-RIL(  219): onRequest :CDMA_SET_SUBSCRIPTION_SOURCE complete
03-28 11:33:29.802 I/use-Rlog/RLOG-RIL(  219): onRequest :SET_UNSOL_CELL_INFO_LIST_RATE
03-28 11:33:29.802 I/use-Rlog/RLOG-RIL(  219): onRequest :SET_UNSOL_CELL_INFO_LIST_RATE complete
03-28 11:33:29.802 I/use-Rlog/RLOG-RIL(  219): onRequest :<unknown request>
03-28 11:33:29.802 I/use-Rlog/RLOG-RIL(  219): onRequest :<unknown request> complete
03-28 11:33:29.802 I/use-Rlog/RLOG-RIL(  219): onRequest :SIGNAL_STRENGTH
03-28 11:33:29.802 I/use-Rlog/RLOG-RIL(  219): onRequest :SIGNAL_STRENGTH complete
03-28 11:33:29.802 I/use-Rlog/RLOG-RIL(  219): onRequest :SET_TTY_MODE
03-28 11:33:29.802 I/use-Rlog/RLOG-RIL(  219): onRequest :SET_TTY_MODE complete
03-28 11:33:29.802 I/use-Rlog/RLOG-RIL(  219): onRequest :GET_CURRENT_CALLS
03-28 11:33:29.802 I/use-Rlog/RLOG-RIL(  219): onRequest :GET_CURRENT_CALLS complete
03-28 11:33:29.802 I/use-Rlog/RLOG-RIL(  219): onRequest :SCREEN_STATE
03-28 11:33:29.803 I/use-Rlog/RLOG-RIL(  219): onRequest :SCREEN_STATE complete
03-28 11:33:29.803 D/RILJ    (  618): [3649]< RADIO_POWER  [SUB0]
03-28 11:33:29.803 I/use-Rlog/RLOG-RIL(  219): onRequest :RADIO_POWER
03-28 11:33:29.803 I/use-Rlog/RLOG-RIL(  219): RequestHandler handleRadioPower:1
03-28 11:33:29.803 D/use-Rlog/RLOG-AT(  219): AT> AT+CFUN?
03-28 11:33:29.803 D/RilRequest(  618): [3650]< RIL_REQUEST_CDMA_SET_SUBSCRIPTION_SOURCE error: com.android.internal.telephony.CommandException: REQUEST_NOT_SUPPORTED ret=
03-28 11:33:29.803 D/RilRequest(  618): [3651]< RIL_REQUEST_SET_CELL_INFO_LIST_RATE error: com.android.internal.telephony.CommandException: REQUEST_NOT_SUPPORTED ret=
03-28 11:33:29.803 D/RilRequest(  618): [3652]< RIL_REQUEST_START_LCE error: com.android.internal.telephony.CommandException: REQUEST_NOT_SUPPORTED ret=
03-28 11:33:29.804 D/Phone   (  618): config LCE service failed: com.android.internal.telephony.CommandException: REQUEST_NOT_SUPPORTED
03-28 11:33:29.804 D/RilRequest(  618): [3653]< SIGNAL_STRENGTH error: com.android.internal.telephony.CommandException: RADIO_NOT_AVAILABLE ret=
03-28 11:33:29.804 D/use-Rlog/RLOG-AT(  219): AT< +CFUN: 1
03-28 11:33:29.804 D/use-Rlog/RLOG-AT(  219): AT< OK
03-28 11:33:29.804 I/use-Rlog/RLOG-RIL(  219): ModemController isRadioOn :1
03-28 11:33:29.804 D/RilRequest(  618): [3654]< RIL_REQUEST_SET_TTY_MODE error: com.android.internal.telephony.CommandException: REQUEST_NOT_SUPPORTED ret=
03-28 11:33:29.804 I/use-Rlog/RLOG-RIL(  219): TaskThread_4 event:EVENT_RADIO_STATE_CHECK,msg:1
03-28 11:33:29.804 I/use-Rlog/RLOG-RIL(  219): TaskThread_2 event:EVENT_ON_RADIO_POWER_PENDING,msg:
03-28 11:33:29.804 I/use-Rlog/RLOG-RIL(  219): TaskThread_4 event:EVENT_RADIO_STATE_CHECK done
03-28 11:33:29.804 D/RILJ    (  618): [3667]> RIL_REQUEST_QUERY_TTY_MODE [SUB0]
03-28 11:33:29.804 D/RilRequest(  618): [3655]< GET_CURRENT_CALLS error: com.android.internal.telephony.CommandException: RADIO_NOT_AVAILABLE ret=
03-28 11:33:29.805 D/GsmCdmaCallTracker(  618): Event EVENT_POLL_CALLS_RESULT Received
03-28 11:33:29.805 D/GsmCdmaCallTracker(  618): [GsmCdmaCallTracker] update phone state, old=IDLE new=IDLE
03-28 11:33:29.805 D/RilRequest(  618): [3656]< SCREEN_STATE error: com.android.internal.telephony.CommandException: RADIO_NOT_AVAILABLE ret=
03-28 11:33:29.827 D/SubscriptionController(  618): [getPhoneId]- no sims, returning default phoneId=2147483647
03-28 11:33:29.923 D/SubscriptionController(  618): [getPhoneId]- no sims, returning default phoneId=2147483647
03-28 11:33:30.034 D/SubscriptionController(  618): [getPhoneId] asked for default subId=-1
03-28 11:33:30.061 D/GsmCdmaPhone(  618): mBroadcastReceiver: action android.telephony.action.CARRIER_CONFIG_CHANGED
03-28 11:33:30.065 I/CSST    (  618): reading time to delay notification: -1
03-28 11:33:30.072 D/ImsManager(  618): updateVolteFeatureValue: available = false, enabled = true, nonTTY = true
03-28 11:33:30.075 E/ImsManager(  618): updateImsServiceConfig: 
03-28 11:33:30.075 E/ImsManager(  618): com.android.ims.ImsException: Service is unavailable, code = 106
03-28 11:33:30.075 E/ImsManager(  618): 	at com.android.ims.ImsManager.checkAndThrowExceptionIfServiceUnavailable(ImsManager.java:1316)
03-28 11:33:30.075 E/ImsManager(  618): 	at com.android.ims.ImsManager.getConfigInterface(ImsManager.java:1198)
03-28 11:33:30.075 E/ImsManager(  618): 	at com.android.ims.ImsManager.updateVolteFeatureValue(ImsManager.java:780)
03-28 11:33:30.075 E/ImsManager(  618): 	at com.android.ims.ImsManager.updateImsServiceConfig(ImsManager.java:740)
03-28 11:33:30.075 E/ImsManager(  618): 	at com.android.internal.telephony.GsmCdmaPhone.handleMessage(GsmCdmaPhone.java:2084)
03-28 11:33:30.075 E/ImsManager(  618): 	at android.os.Handler.dispatchMessage(Handler.java:102)
03-28 11:33:30.075 E/ImsManager(  618): 	at android.os.Looper.loop(Looper.java:154)
03-28 11:33:30.075 E/ImsManager(  618): 	at android.app.ActivityThread.main(ActivityThread.java:6141)
03-28 11:33:30.075 E/ImsManager(  618): 	at java.lang.reflect.Method.invoke(Native Method)
03-28 11:33:30.075 E/ImsManager(  618): 	at com.android.internal.os.ZygoteInit$MethodAndArgsCaller.run(ZygoteInit.java:912)
03-28 11:33:30.075 E/ImsManager(  618): 	at com.android.internal.os.ZygoteInit.main(ZygoteInit.java:802)
03-28 11:33:30.077 D/GsmCdmaPhone(  618): [GsmCdmaPhone] broadcastEmergencyCallStateChanges = false
03-28 11:33:30.077 E/GsmCdmaPhone(  618): [GsmCdmaPhone] Invalid cdma_roaming_mode settings: -1
03-28 11:33:30.077 D/EriManager(  618): loadEriFileFromXml: check for alternate file
03-28 11:33:30.080 D/EriManager(  618): loadEriFileFromXml: no alternate file
03-28 11:33:30.081 D/EriManager(  618): eriFile = eri.xml
03-28 11:33:30.085 D/EriManager(  618): loadEriFileFromXml: eri parsing successful, file loaded. ver = 1357, # of entries = 176
03-28 11:33:30.085 D/GsmCdmaPhone(  618): [GsmCdmaPhone] ERI read, notify registrants
03-28 11:33:30.333 D/SubscriptionController(  618): [getPhoneId]- no sims, returning default phoneId=2147483647
03-28 11:33:30.394 D/SubscriptionController(  618): [getPhoneId]- no sims, returning default phoneId=2147483647
03-28 11:33:30.804 I/use-Rlog/RLOG-RIL(  219): ModemController forceAT:0 currentSimStatus:1
03-28 11:33:30.804 I/use-Rlog/RLOG-RIL(  219): TaskThread radioPowerPending
03-28 11:33:30.804 D/use-Rlog/RLOG-AT(  219): AT> AT+QCPIN?
03-28 11:33:31.804 I/use-Rlog/RLOG-RIL(  219): ModemController forceAT:0 currentSimStatus:1
03-28 11:33:32.215 D/TelephonyNetworkFactory[0](  618): got request NetworkRequest [ TRACK_DEFAULT id=5, [ Capabilities: INTERNET&NOT_RESTRICTED&TRUSTED&NOT_VPN] ] with score 0
03-28 11:33:32.215 D/PhoneSwitcher(  618): evaluating due to netRequest
03-28 11:33:32.216 D/TelephonyNetworkFactory[0](  618): not acting - isApp=false, isAct=false NetworkRequest [ TRACK_DEFAULT id=5, [ Capabilities: INTERNET&NOT_RESTRICTED&TRUSTED&NOT_VPN] ]
03-28 11:33:32.552 D/use-Rlog/RLOG-AT(  219): AT< +QCPIN: READY
03-28 11:33:32.552 D/use-Rlog/RLOG-AT(  219): AT< OK
03-28 11:33:32.552 I/use-Rlog/RLOG-RIL(  219): ModemController forceAT:1 currentSimStatus:2
03-28 11:33:32.552 I/use-Rlog/RLOG-RIL(  219): [setRadioState]:oldState=0, newState=10
03-28 11:33:32.552 I/use-Rlog/RLOG-RIL(  219): TaskThread_4 event:EVENT_SIM_LOAD_CHECK,msg:
03-28 11:33:32.552 I/use-Rlog/RLOG-RIL(  219): TaskThread_2 event:EVENT_ON_RADIO_POWER_PENDING done
03-28 11:33:32.553 D/RILJ    (  618): [UNSL]< UNSOL_RESPONSE_RADIO_STATE_CHANGED RADIO_ON [SUB0]
03-28 11:33:32.553 D/RILJ    (  618): [UNSL]< UNSOL_RESPONSE_SIM_STATUS_CHANGED [SUB0]
03-28 11:33:32.553 D/SST     (  618): mDeviceShuttingDown=false, mDesiredPowerState=true, getRadioState=RADIO_ON, mPowerOffDelayNeed=true, mAlarmSwitch=false, mRadioDisabledByCarrier=false
03-28 11:33:32.554 D/RILJ    (  618): [3668]> OPERATOR [SUB0]
03-28 11:33:32.555 D/RILJ    (  618): [3669]> DATA_REGISTRATION_STATE [SUB0]
03-28 11:33:32.556 D/RILJ    (  618): [3670]> VOICE_REGISTRATION_STATE [SUB0]
03-28 11:33:32.556 D/RILJ    (  618): [3671]> QUERY_NETWORK_SELECTION_MODE [SUB0]
03-28 11:33:32.557 D/UiccController(  618): Received EVENT_ICC_STATUS_CHANGED, calling getIccCardStatus
03-28 11:33:32.557 D/RILJ    (  618): [3672]> GET_SIM_STATUS [SUB0]
03-28 11:33:32.559 D/RILJ    (  618): [3673]> GET_CURRENT_CALLS [SUB0]
03-28 11:33:32.560 D/RILJ    (  618): [3674]> RIL_REQUEST_IMS_REGISTRATION_STATE [SUB0]
03-28 11:33:32.560 D/RILJ    (  618): [3675]> RIL_REQUEST_CDMA_GET_SUBSCRIPTION_SOURCE [SUB0]
03-28 11:33:32.561 D/GsmCdmaPhone(  618): [GsmCdmaPhone] Event EVENT_RADIO_ON Received
03-28 11:33:32.562 D/RILJ    (  618): [3676]> RIL_REQUEST_VOICE_RADIO_TECH [SUB0]
03-28 11:33:32.564 D/UiccController(  618): Received EVENT_ICC_STATUS_CHANGED, calling getIccCardStatus
03-28 11:33:32.564 D/RILJ    (  618): [3677]> GET_SIM_STATUS [SUB0]
03-28 11:33:32.805 I/use-Rlog/RLOG-RIL(  219): ModemController forceAT:0 currentSimStatus:2
03-28 11:33:32.805 I/use-Rlog/RLOG-RIL(  219): onRequest :RADIO_POWER complete
03-28 11:33:32.805 I/use-Rlog/RLOG-RIL(  219): onRequest :OPERATOR
03-28 11:33:32.805 I/use-Rlog/RLOG-RIL(  219): ModemController forceAT:0 currentSimStatus:2
03-28 11:33:32.805 I/use-Rlog/RLOG-RIL(  219): handle sim not ready,waiting...
03-28 11:33:32.805 D/RILJ    (  618): [3657]< RADIO_POWER  [SUB0]
03-28 11:33:33.552 I/use-Rlog/RLOG-RIL(  219): ModemController forceAT:0 currentSimStatus:2
03-28 11:33:33.552 I/use-Rlog/RLOG-RIL(  219): ModemController onSIMReady
03-28 11:33:33.552 I/use-Rlog/RLOG-RIL(  219): getIniString key:last_plmn,value:46011
03-28 11:33:33.552 D/use-Rlog/RLOG-AT(  219): AT> AT+CIMI
03-28 11:33:33.556 D/use-Rlog/RLOG-AT(  219): AT< 460110320050486
03-28 11:33:33.556 D/use-Rlog/RLOG-AT(  219): AT< OK
03-28 11:33:33.558 I/use-Rlog/RLOG-RIL(  219): probeForModemOperator,copr:ctcc
03-28 11:33:33.558 I/use-Rlog/RLOG-RIL(  219): getIniString key:last_preferred_network_type,value:9
03-28 11:33:33.558 D/use-Rlog/RLOG-AT(  219): AT> AT+BMMODODR?
03-28 11:33:33.559 D/use-Rlog/RLOG-AT(  219): AT< +BMMODODR: 11
03-28 11:33:33.559 D/use-Rlog/RLOG-AT(  219): AT< OK
03-28 11:33:33.559 I/use-Rlog/RLOG-RIL(  219): registerApn 46011,m_first_boot:1,m_hot_swap:0
03-28 11:33:33.559 I/use-Rlog/RLOG-RIL(  219): ModemController geticcid
03-28 11:33:33.559 D/use-Rlog/RLOG-AT(  219): AT> AT+ICCID
03-28 11:33:33.561 D/use-Rlog/RLOG-AT(  219): AT< ICCID: 89860318745315273878
03-28 11:33:33.561 D/use-Rlog/RLOG-AT(  219): AT< OK
03-28 11:33:33.561 D/use-Rlog/RLOG-AT(  219): AT> AT+CGMM
03-28 11:33:33.563 D/use-Rlog/RLOG-AT(  219): AT< BM817C-H1
03-28 11:33:33.563 D/use-Rlog/RLOG-AT(  219): AT< OK
03-28 11:33:33.563 I/use-Rlog/RLOG-RIL(  219): m_bm_model:1
03-28 11:33:33.563 D/use-Rlog/RLOG-AT(  219): AT> AT+CEREG=2
03-28 11:33:33.565 D/use-Rlog/RLOG-AT(  219): AT< OK
03-28 11:33:33.565 D/use-Rlog/RLOG-AT(  219): AT> AT+EHRPDENABLE=0
03-28 11:33:33.567 D/use-Rlog/RLOG-AT(  219): AT< +EHRPDENABLE:0
03-28 11:33:33.567 D/use-Rlog/RLOG-AT(  219): AT< OK
03-28 11:33:33.567 D/use-Rlog/RLOG-AT(  219): AT> AT$QCMGF=0
03-28 11:33:33.568 D/use-Rlog/RLOG-AT(  219): AT< OK
03-28 11:33:33.569 D/use-Rlog/RLOG-AT(  219): AT> AT$QCNMI=1,1,0,2,0
03-28 11:33:33.573 D/use-Rlog/RLOG-AT(  219): AT< OK
03-28 11:33:33.573 I/use-Rlog/RLOG-RIL(  219): ModemController onSIMReady done.
03-28 11:33:33.573 I/use-Rlog/RLOG-RIL(  219): TaskThread_1 event:EVENT_SIM_LATE_LOAD_CHECK,msg:
03-28 11:33:33.573 I/use-Rlog/RLOG-RIL(  219): TaskThread_4 event:EVENT_SIM_LOAD_CHECK done
03-28 11:33:33.805 I/use-Rlog/RLOG-RIL(  219): ModemController forceAT:0 currentSimStatus:2
03-28 11:33:33.805 I/use-Rlog/RLOG-RIL(  219): RequestHandler handleOperator
03-28 11:33:33.805 D/use-Rlog/RLOG-AT(  219): AT> AT+COPS=3,0;+COPS?;+COPS=3,1;+COPS?;+COPS=3,2;+COPS?
03-28 11:33:33.807 D/use-Rlog/RLOG-AT(  219): AT< +COPS: 0
03-28 11:33:33.807 D/use-Rlog/RLOG-AT(  219): AT< +COPS: 0
03-28 11:33:33.807 D/use-Rlog/RLOG-AT(  219): AT< +COPS: 0
03-28 11:33:33.807 D/use-Rlog/RLOG-AT(  219): AT< OK
03-28 11:33:34.430 D/use-Rlog/RLOG-AT(  219): AT< ^MODE: 2
03-28 11:33:34.430 I/use-Rlog/RLOG-RIL(  219): TaskThread_3 event:EVENT_SIM_STATE_CHECK,msg:^MODE: 2
03-28 11:33:34.430 I/use-Rlog/RLOG-RIL(  219): TaskThread_0 event:EVENT_UPDATE_SUPPORT_TECH,msg:^MODE: 2
03-28 11:33:34.430 I/use-Rlog/RLOG-RIL(  219): TaskThread_3 event:EVENT_SIM_STATE_CHECK done
03-28 11:33:34.430 I/use-Rlog/RLOG-RIL(  219): ModemController forceAT:0 currentSimStatus:2
03-28 11:33:34.430 D/use-Rlog/RLOG-AT(  219): AT> AT+BMRAT
03-28 11:33:34.434 D/use-Rlog/RLOG-AT(  219): AT< +BMRAT: 1x
03-28 11:33:34.434 D/use-Rlog/RLOG-AT(  219): AT< OK
03-28 11:33:34.434 I/use-Rlog/RLOG-RIL(  219): RequestHandler updateSupportTech supportedTechs:6
03-28 11:33:34.434 I/use-Rlog/RLOG-RIL(  219): TaskThread_0 event:EVENT_UPDATE_SUPPORT_TECH done
03-28 11:33:34.434 I/use-Rlog/RLOG-RIL(  219): TaskThread_3 event:EVENT_VOICE_NETWORK_STATE_CHANGED,msg:
03-28 11:33:34.807 D/use-Rlog/RLOG-AT(  219): AT> AT+COPS=3,0;+COPS?;+COPS=3,1;+COPS?;+COPS=3,2;+COPS?
03-28 11:33:34.810 D/use-Rlog/RLOG-AT(  219): AT< +COPS: 0,2,"11111",0
03-28 11:33:34.810 D/use-Rlog/RLOG-AT(  219): AT< OK
03-28 11:33:35.004 D/SubscriptionController(  618): [getPhoneId] asked for default subId=-1
03-28 11:33:35.434 I/use-Rlog/RLOG-RIL(  219): TaskThread_3 event:EVENT_VOICE_NETWORK_STATE_CHANGED done
03-28 11:33:35.810 D/use-Rlog/RLOG-AT(  219): AT> AT+COPS=3,0;+COPS?;+COPS=3,1;+COPS?;+COPS=3,2;+COPS?
03-28 11:33:35.815 D/use-Rlog/RLOG-AT(  219): AT< +COPS: 0,0,"China Telecom",0
03-28 11:33:35.815 D/use-Rlog/RLOG-AT(  219): AT< +COPS: 0,1,"TELECOM",0
03-28 11:33:35.815 D/use-Rlog/RLOG-AT(  219): AT< +COPS: 0,2,"46003",0
03-28 11:33:35.815 D/use-Rlog/RLOG-AT(  219): AT< OK
03-28 11:33:35.815 I/use-Rlog/RLOG-RIL(  219): onRequest :OPERATOR complete
03-28 11:33:35.815 I/use-Rlog/RLOG-RIL(  219): onRequest :DATA_REGISTRATION_STATE
03-28 11:33:35.815 I/use-Rlog/RLOG-RIL(  219): ModemController forceAT:0 currentSimStatus:2
03-28 11:33:35.815 I/use-Rlog/RLOG-RIL(  219): RequestHandler handleRegistrationState
03-28 11:33:35.815 I/use-Rlog/RLOG-RIL(  219): ModemController forceAT:0 currentSimStatus:2
03-28 11:33:35.815 D/use-Rlog/RLOG-AT(  219): AT> AT^SYSINFO
03-28 11:33:35.815 D/RILJ    (  618): [3658]< OPERATOR {ChinaTelecom, TELECOM, 46003} [SUB0]
03-28 11:33:35.819 D/use-Rlog/RLOG-AT(  219): AT< ^SYSINFO: 2,3,0,2,1
03-28 11:33:35.819 D/use-Rlog/RLOG-AT(  219): AT< OK
03-28 11:33:35.819 I/use-Rlog/RLOG-RIL(  219): ModemController forceAT:0 currentSimStatus:2
03-28 11:33:35.819 I/use-Rlog/RLOG-RIL(  219): TaskThread_4 event:EVENT_STOP_PS_CHECK,msg:
03-28 11:33:35.820 D/use-Rlog/RLOG-AT(  219): AT> AT+BMRAT
03-28 11:33:35.822 D/use-Rlog/RLOG-AT(  219): AT< +BMRAT: 1x
03-28 11:33:35.822 D/use-Rlog/RLOG-AT(  219): AT< OK
03-28 11:33:35.822 I/use-Rlog/RLOG-RIL(  219): RequestHandler updateSupportTech supportedTechs:6
03-28 11:33:36.820 I/use-Rlog/RLOG-RIL(  219): TaskThread_4 event:EVENT_STOP_PS_CHECK done
03-28 11:33:36.822 I/use-Rlog/RLOG-RIL(  219): ModemController forceAT:0 currentSimStatus:2
03-28 11:33:36.822 D/use-Rlog/RLOG-AT(  219): AT> AT+BMRAT
03-28 11:33:36.823 D/use-Rlog/RLOG-AT(  219): AT< +BMRAT: 1x
