03-28 11:33:41.187 D/use-Rlog/RLOG-AT(  219): AT< +CRSM: 144,0,"621B8202412183026F46A5038001718A01058B036F0601800200118800"
03-28 11:33:41.187 D/use-Rlog/RLOG-AT(  219): AT< OK
03-28 11:33:41.188 D/RILJ    (  618): [3692]< SIM_IO IccIoResult sw1:0x90 sw2:0x0 [SUB0]
03-28 11:33:41.188 I/use-Rlog/RLOG-RIL(  219): onRequest :SIM_IO complete
03-28 11:33:41.188 D/RILJ    (  618): [3716]> iccIO: SIM_IO 0xb0 0x6f46  path: 3F007F20,0,0,17 aid: null [SUB0]
03-28 11:33:41.188 I/use-Rlog/RLOG-RIL(  219): onRequest :SIM_IO
03-28 11:33:41.188 I/use-Rlog/RLOG-RIL(  219): ModemController forceAT:0 currentSimStatus:2
03-28 11:33:41.188 I/use-Rlog/RLOG-RIL(  219): RequestHandler handleSIM_IO
03-28 11:33:41.188 D/use-Rlog/RLOG-AT(  219): AT> AT+CRSM=192,28621,0,0,0
03-28 11:33:41.189 D/use-Rlog/RLOG-AT(  219): AT< +CME ERROR: 100
03-28 11:33:41.190 I/use-Rlog/RLOG-RIL(  219): onRequest :SIM_IO complete
03-28 11:33:41.190 I/use-Rlog/RLOG-RIL(  219): onRequest :SIM_IO
03-28 11:33:41.190 I/use-Rlog/RLOG-RIL(  219): ModemController forceAT:0 currentSimStatus:2
03-28 11:33:41.190 I/use-Rlog/RLOG-RIL(  219): RequestHandler handleSIM_IO
03-28 11:33:41.190 D/use-Rlog/RLOG-AT(  219): AT> AT+CRSM=192,28613,0,0,0
03-28 11:33:41.190 D/RilRequest(  618): [3693]< SIM_IO error: com.android.internal.telephony.CommandException: GENERIC_FAILURE ret=
03-28 11:33:41.190 D/SIMRecords(  618): [SIMRecords] onRecordLoaded 13 requested: true
03-28 11:33:41.191 D/use-Rlog/RLOG-AT(  219): AT< +CME ERROR: 100
03-28 11:33:41.191 I/use-Rlog/RLOG-RIL(  219): onRequest :SIM_IO complete
03-28 11:33:41.191 I/use-Rlog/RLOG-RIL(  219): onRequest :SIM_IO
03-28 11:33:41.191 I/use-Rlog/RLOG-RIL(  219): ModemController forceAT:0 currentSimStatus:2
03-28 11:33:41.191 I/use-Rlog/RLOG-RIL(  219): RequestHandler handleSIM_IO
03-28 11:33:41.191 D/use-Rlog/RLOG-AT(  219): AT> AT+CRSM=192,28472,0,0,0
03-28 11:33:41.191 D/RilRequest(  618): [3694]< SIM_IO error: com.android.internal.telephony.CommandException: GENERIC_FAILURE ret=
03-28 11:33:41.192 D/SIMRecords(  618): [SIMRecords] onRecordLoaded 12 requested: true
03-28 11:33:41.222 D/use-Rlog/RLOG-AT(  219): AT< +CRSM: 144,0,"621C8202412183026F38A5038001718A01058B036F06028002000B880120"
03-28 11:33:41.222 D/use-Rlog/RLOG-AT(  219): AT< OK
03-28 11:33:41.222 I/use-Rlog/RLOG-RIL(  219): onRequest :SIM_IO complete
03-28 11:33:41.222 I/use-Rlog/RLOG-RIL(  219): onRequest :SIM_IO
03-28 11:33:41.222 I/use-Rlog/RLOG-RIL(  219): ModemController forceAT:0 currentSimStatus:2
03-28 11:33:41.222 I/use-Rlog/RLOG-RIL(  219): RequestHandler handleSIM_IO
03-28 11:33:41.222 D/use-Rlog/RLOG-AT(  219): AT> AT+CRSM=192,28438,0,0,0
03-28 11:33:41.222 D/RILJ    (  618): [3695]< SIM_IO IccIoResult sw1:0x90 sw2:0x0 [SUB0]
03-28 11:33:41.222 D/RILJ    (  618): [3717]> iccIO: SIM_IO 0xb0 0x6f38  path: 3F007F20,0,0,11 aid: null [SUB0]
03-28 11:33:41.252 D/use-Rlog/RLOG-AT(  219): AT< +CRSM: 106,130,""
03-28 11:33:41.252 D/use-Rlog/RLOG-AT(  219): AT< OK
03-28 11:33:41.253 I/use-Rlog/RLOG-RIL(  219): onRequest :SIM_IO complete
03-28 11:33:41.253 I/use-Rlog/RLOG-RIL(  219): onRequest :SIM_IO
03-28 11:33:41.253 I/use-Rlog/RLOG-RIL(  219): ModemController forceAT:0 currentSimStatus:2
03-28 11:33:41.253 I/use-Rlog/RLOG-RIL(  219): RequestHandler handleSIM_IO
03-28 11:33:41.253 D/use-Rlog/RLOG-AT(  219): AT> AT+CRSM=192,28437,0,0,0
03-28 11:33:41.253 D/RILJ    (  618): [3696]< SIM_IO IccIoResult sw1:0x6a sw2:0x82 Error: File not found [SUB0]
03-28 11:33:41.253 D/SIMRecords(  618): [SIMRecords] onRecordLoaded 11 requested: true
03-28 11:33:41.283 D/use-Rlog/RLOG-AT(  219): AT< +CRSM: 106,130,""
03-28 11:33:41.283 D/use-Rlog/RLOG-AT(  219): AT< OK
03-28 11:33:41.284 I/use-Rlog/RLOG-RIL(  219): onRequest :SIM_IO complete
03-28 11:33:41.284 I/use-Rlog/RLOG-RIL(  219): onRequest :SIM_IO
03-28 11:33:41.284 I/use-Rlog/RLOG-RIL(  219): ModemController forceAT:0 currentSimStatus:2
03-28 11:33:41.284 I/use-Rlog/RLOG-RIL(  219): RequestHandler handleSIM_IO
03-28 11:33:41.284 D/use-Rlog/RLOG-AT(  219): AT> AT+CRSM=192,28478,0,0,0
03-28 11:33:41.284 D/RILJ    (  618): [3697]< SIM_IO IccIoResult sw1:0x6a sw2:0x82 Error: File not found [SUB0]
03-28 11:33:41.284 E/SIMRecords(  618): [SIMRecords] Exception in fetching EF_CSP data com.android.internal.telephony.uicc.IccException: sw1:106 sw2:130
03-28 11:33:41.284 D/SIMRecords(  618): [SIMRecords] onRecordLoaded 10 requested: true
03-28 11:33:41.286 D/use-Rlog/RLOG-AT(  219): AT< +CME ERROR: 100
03-28 11:33:41.286 I/use-Rlog/RLOG-RIL(  219): onRequest :SIM_IO complete
03-28 11:33:41.286 I/use-Rlog/RLOG-RIL(  219): onRequest :SIM_IO
03-28 11:33:41.286 I/use-Rlog/RLOG-RIL(  219): ModemController forceAT:0 currentSimStatus:2
03-28 11:33:41.286 I/use-Rlog/RLOG-RIL(  219): RequestHandler handleSIM_IO
03-28 11:33:41.286 D/use-Rlog/RLOG-AT(  219): AT> AT+CRSM=192,28479,0,0,0
03-28 11:33:41.286 D/RilRequest(  618): [3698]< SIM_IO error: com.android.internal.telephony.CommandException: GENERIC_FAILURE ret=
03-28 11:33:41.286 E/SIMRecords(  618): [SIMRecords] Exception in get GID1 com.android.internal.telephony.CommandException: GENERIC_FAILURE
03-28 11:33:41.286 D/SIMRecords(  618): [SIMRecords] onRecordLoaded 9 requested: true
03-28 11:33:41.288 D/use-Rlog/RLOG-AT(  219): AT< +CME ERROR: 100
03-28 11:33:41.288 I/use-Rlog/RLOG-RIL(  219): onRequest :SIM_IO complete
03-28 11:33:41.288 I/use-Rlog/RLOG-RIL(  219): onRequest :SIM_IO
03-28 11:33:41.288 I/use-Rlog/RLOG-RIL(  219): ModemController forceAT:0 currentSimStatus:2
03-28 11:33:41.288 I/use-Rlog/RLOG-RIL(  219): RequestHandler handleSIM_IO
03-28 11:33:41.288 D/use-Rlog/RLOG-AT(  219): AT> AT+CRSM=192,28512,0,0,0
03-28 11:33:41.288 D/RilRequest(  618): [3699]< SIM_IO error: com.android.internal.telephony.CommandException: GENERIC_FAILURE ret=
03-28 11:33:41.288 E/SIMRecords(  618): [SIMRecords] Exception in get GID2 com.android.internal.telephony.CommandException: GENERIC_FAILURE
03-28 11:33:41.288 D/SIMRecords(  618): [SIMRecords] onRecordLoaded 8 requested: true
03-28 11:33:41.307 D/use-Rlog/RLOG-AT(  219): AT< +CRSM: 144,0,"621C8202412183026F60A5038001718A01058B036F060380020028880150"
03-28 11:33:41.307 D/use-Rlog/RLOG-AT(  219): AT< OK
03-28 11:33:41.307 I/use-Rlog/RLOG-RIL(  219): onRequest :SIM_IO complete
03-28 11:33:41.307 I/use-Rlog/RLOG-RIL(  219): onRequest :SIM_IO
03-28 11:33:41.307 I/use-Rlog/RLOG-RIL(  219): ModemController forceAT:0 currentSimStatus:2
03-28 11:33:41.307 I/use-Rlog/RLOG-RIL(  219): RequestHandler handleSIM_IO
03-28 11:33:41.307 D/RILJ    (  618): [3700]< SIM_IO IccIoResult sw1:0x90 sw2:0x0 [SUB0]
03-28 11:33:41.307 D/use-Rlog/RLOG-AT(  219): AT> AT+CRSM=192,28513,0,0,0
03-28 11:33:41.307 E/SIMFileHandler(  618): Error: EF Path being returned in null
03-28 11:33:41.307 D/RILJ    (  618): [3718]> iccIO: SIM_IO 0xb0 0x6f60  path: null,0,0,40 aid: null [SUB0]
03-28 11:33:41.328 D/use-Rlog/RLOG-AT(  219): AT< +CRSM: 144,0,"621C8202412183026F61A5038001718A01058B036F060280020DAC880188"
03-28 11:33:41.328 D/use-Rlog/RLOG-AT(  219): AT< OK
03-28 11:33:41.328 I/use-Rlog/RLOG-RIL(  219): onRequest :SIM_IO complete
03-28 11:33:41.328 I/use-Rlog/RLOG-RIL(  219): onRequest :SIM_IO
03-28 11:33:41.328 I/use-Rlog/RLOG-RIL(  219): ModemController forceAT:0 currentSimStatus:2
03-28 11:33:41.328 I/use-Rlog/RLOG-RIL(  219): RequestHandler handleSIM_IO
03-28 11:33:41.329 D/use-Rlog/RLOG-AT(  219): AT> AT+CRSM=192,28514,0,0,0
03-28 11:33:41.329 D/RILJ    (  618): [3701]< SIM_IO IccIoResult sw1:0x90 sw2:0x0 [SUB0]
03-28 11:33:41.329 E/SIMFileHandler(  618): Error: EF Path being returned in null
03-28 11:33:41.329 D/RILJ    (  618): [3719]> iccIO: SIM_IO 0xb0 0x6f61  path: null,0,0,3500 aid: null [SUB0]
03-28 11:33:41.349 D/use-Rlog/RLOG-AT(  219): AT< +CRSM: 144,0,"621C8202412183026F62A5038001718A01058B036F06028002000A880198"
03-28 11:33:41.349 D/use-Rlog/RLOG-AT(  219): AT< OK
03-28 11:33:41.350 I/use-Rlog/RLOG-RIL(  219): onRequest :SIM_IO complete
03-28 11:33:41.350 I/use-Rlog/RLOG-RIL(  219): onRequest :SIM_IO
03-28 11:33:41.350 I/use-Rlog/RLOG-RIL(  219): ModemController forceAT:0 currentSimStatus:2
03-28 11:33:41.350 I/use-Rlog/RLOG-RIL(  219): RequestHandler handleSIM_IO
03-28 11:33:41.350 D/use-Rlog/RLOG-AT(  219): AT> AT+CRSM=192,28633,0,0,0
03-28 11:33:41.350 D/RILJ    (  618): [3702]< SIM_IO IccIoResult sw1:0x90 sw2:0x0 [SUB0]
03-28 11:33:41.350 E/SIMFileHandler(  618): Error: EF Path being returned in null
03-28 11:33:41.350 D/RILJ    (  618): [3720]> iccIO: SIM_IO 0xb0 0x6f62  path: null,0,0,10 aid: null [SUB0]
03-28 11:33:41.371 D/use-Rlog/RLOG-AT(  219): AT< +CRSM: 144,0,"621C8202412183026FD9A5038001718A01058B036F06018002000C8801E8"
03-28 11:33:41.371 D/use-Rlog/RLOG-AT(  219): AT< OK
03-28 11:33:41.371 I/use-Rlog/RLOG-RIL(  219): onRequest :SIM_IO complete
03-28 11:33:41.371 I/use-Rlog/RLOG-RIL(  219): onRequest :SIM_IO
03-28 11:33:41.371 I/use-Rlog/RLOG-RIL(  219): ModemController forceAT:0 currentSimStatus:2
03-28 11:33:41.371 I/use-Rlog/RLOG-RIL(  219): RequestHandler handleSIM_IO
03-28 11:33:41.371 D/use-Rlog/RLOG-AT(  219): AT> AT+CRSM=192,28539,0,0,0
03-28 11:33:41.372 D/RILJ    (  618): [3703]< SIM_IO IccIoResult sw1:0x90 sw2:0x0 [SUB0]
03-28 11:33:41.372 E/SIMFileHandler(  618): Error: EF Path being returned in null
03-28 11:33:41.372 D/RILJ    (  618): [3721]> iccIO: SIM_IO 0xb0 0x6fd9  path: null,0,0,12 aid: null [SUB0]
03-28 11:33:41.390 D/use-Rlog/RLOG-AT(  219): AT< +CRSM: 144,0,"621C8202412183026F7BA5038001718A01058B036F06038002003C880168"
03-28 11:33:41.390 D/use-Rlog/RLOG-AT(  219): AT< OK
03-28 11:33:41.390 I/use-Rlog/RLOG-RIL(  219): onRequest :SIM_IO complete
03-28 11:33:41.390 I/use-Rlog/RLOG-RIL(  219): onRequest :REPORT_STK_SERVICE_IS_RUNNING
03-28 11:33:41.390 I/use-Rlog/RLOG-RIL(  219): onRequest :REPORT_STK_SERVICE_IS_RUNNING complete
03-28 11:33:41.390 I/use-Rlog/RLOG-RIL(  219): onRequest :OPERATOR
03-28 11:33:41.391 I/use-Rlog/RLOG-RIL(  219): ModemController forceAT:0 currentSimStatus:2
03-28 11:33:41.391 D/RILJ    (  618): [3704]< SIM_IO IccIoResult sw1:0x90 sw2:0x0 [SUB0]
03-28 11:33:41.391 I/use-Rlog/RLOG-RIL(  219): RequestHandler handleOperator
03-28 11:33:41.391 D/use-Rlog/RLOG-AT(  219): AT> AT+COPS=3,0;+COPS?;+COPS=3,1;+COPS?;+COPS=3,2;+COPS?
03-28 11:33:41.391 E/SIMFileHandler(  618): Error: EF Path being returned in null
03-28 11:33:41.391 D/RILJ    (  618): [3722]> iccIO: SIM_IO 0xb0 0x6f7b  path: null,0,0,60 aid: null [SUB0]
03-28 11:33:41.391 D/RilRequest(  618): [3705]< RIL_REQUEST_REPORT_STK_SERVICE_IS_RUNNING error: com.android.internal.telephony.CommandException: REQUEST_NOT_SUPPORTED ret=
03-28 11:33:41.394 D/use-Rlog/RLOG-AT(  219): AT< +COPS: 0,0,"China Telecom",7
03-28 11:33:41.394 D/use-Rlog/RLOG-AT(  219): AT< +COPS: 0,1,"TELECOM",7
03-28 11:33:41.394 D/use-Rlog/RLOG-AT(  219): AT< +COPS: 0,2,"46011",7
03-28 11:33:41.394 D/use-Rlog/RLOG-AT(  219): AT< OK
03-28 11:33:41.395 I/use-Rlog/RLOG-RIL(  219): onRequest :OPERATOR complete
03-28 11:33:41.395 I/use-Rlog/RLOG-RIL(  219): onRequest :DATA_REGISTRATION_STATE
03-28 11:33:41.395 I/use-Rlog/RLOG-RIL(  219): ModemController forceAT:0 currentSimStatus:2
03-28 11:33:41.395 I/use-Rlog/RLOG-RIL(  219): RequestHandler handleRegistrationState
03-28 11:33:41.395 I/use-Rlog/RLOG-RIL(  219): ModemController forceAT:0 currentSimStatus:2
03-28 11:33:41.395 D/RILJ    (  618): [3706]< OPERATOR {ChinaTelecom, TELECOM, 46011} [SUB0]
03-28 11:33:41.395 D/use-Rlog/RLOG-AT(  219): AT> AT^SYSINFO
03-28 11:33:41.397 D/use-Rlog/RLOG-AT(  219): AT< ^SYSINFO: 2,2,0,9,1
03-28 11:33:41.397 D/use-Rlog/RLOG-AT(  219): AT< ^SYSINFO: 2,3,0,2,1
03-28 11:33:41.397 D/use-Rlog/RLOG-AT(  219): AT< OK
03-28 11:33:41.397 I/use-Rlog/RLOG-RIL(  219): ModemController forceAT:0 currentSimStatus:2
03-28 11:33:41.397 D/use-Rlog/RLOG-AT(  219): AT> AT+BMRAT
03-28 11:33:41.397 I/use-Rlog/RLOG-RIL(  219): TaskThread_4 event:EVENT_STOP_PS_CHECK,msg:
03-28 11:33:41.398 D/use-Rlog/RLOG-AT(  219): AT< +BMRAT: FDD LTE
03-28 11:33:41.398 D/use-Rlog/RLOG-AT(  219): AT< +BMRAT: 1x
03-28 11:33:41.398 D/use-Rlog/RLOG-AT(  219): AT< OK
03-28 11:33:41.398 I/use-Rlog/RLOG-RIL(  219): RequestHandler updateSupportTech supportedTechs:14
03-28 11:33:41.398 D/use-Rlog/RLOG-AT(  219): AT> AT+CEREG?
03-28 11:33:41.399 D/use-Rlog/RLOG-AT(  219): AT< +CEREG: 2,1,"333E","1","37F4D32",7
03-28 11:33:41.399 D/use-Rlog/RLOG-AT(  219): AT< OK
03-28 11:33:41.399 I/use-Rlog/RLOG-RIL(  219): onRequest :DATA_REGISTRATION_STATE complete
03-28 11:33:41.399 I/use-Rlog/RLOG-RIL(  219): onRequest :VOICE_REGISTRATION_STATE
03-28 11:33:41.399 I/use-Rlog/RLOG-RIL(  219): ModemController forceAT:0 currentSimStatus:2
03-28 11:33:41.399 I/use-Rlog/RLOG-RIL(  219): RequestHandler handleRegistrationState
03-28 11:33:41.399 I/use-Rlog/RLOG-RIL(  219): ModemController forceAT:0 currentSimStatus:2
03-28 11:33:41.399 D/use-Rlog/RLOG-AT(  219): AT> AT^SYSINFO
03-28 11:33:41.399 D/RILJ    (  618): [3707]< DATA_REGISTRATION_STATE {1, 333e, 37f4d32, 14} [SUB0]
03-28 11:33:41.400 D/SST     (  618): handlPollStateResultMessage: GsmSST setDataRegState=0 regState=1 dataRadioTechnology=14
03-28 11:33:41.401 D/use-Rlog/RLOG-AT(  219): AT< ^SYSINFO: 2,2,0,9,1
03-28 11:33:41.401 D/use-Rlog/RLOG-AT(  219): AT< ^SYSINFO: 2,3,0,2,1
03-28 11:33:41.402 D/use-Rlog/RLOG-AT(  219): AT< OK
03-28 11:33:41.402 I/use-Rlog/RLOG-RIL(  219): ModemController forceAT:0 currentSimStatus:2
03-28 11:33:41.402 D/use-Rlog/RLOG-AT(  219): AT> AT+BMRAT
03-28 11:33:41.403 D/use-Rlog/RLOG-AT(  219): AT< +BMRAT: FDD LTE
03-28 11:33:41.403 D/use-Rlog/RLOG-AT(  219): AT< +BMRAT: 1x
03-28 11:33:41.403 D/use-Rlog/RLOG-AT(  219): AT< OK
03-28 11:33:41.403 I/use-Rlog/RLOG-RIL(  219): RequestHandler updateSupportTech supportedTechs:14
03-28 11:33:41.403 D/use-Rlog/RLOG-AT(  219): AT> AT+CEREG?
03-28 11:33:41.405 D/use-Rlog/RLOG-AT(  219): AT< +CEREG: 2,1,"333E","1","37F4D32",7
03-28 11:33:41.405 D/use-Rlog/RLOG-AT(  219): AT< OK
03-28 11:33:41.405 I/use-Rlog/RLOG-RIL(  219): onRequest :VOICE_REGISTRATION_STATE complete
03-28 11:33:41.405 I/use-Rlog/RLOG-RIL(  219): onRequest :QUERY_NETWORK_SELECTION_MODE
03-28 11:33:41.405 I/use-Rlog/RLOG-RIL(  219): ModemController forceAT:0 currentSimStatus:2
03-28 11:33:41.405 I/use-Rlog/RLOG-RIL(  219): RequestHandler handleQueryNetworkSelectionMode
03-28 11:33:41.405 D/use-Rlog/RLOG-AT(  219): AT> AT+COPS?
03-28 11:33:41.406 D/RILJ    (  618): [3708]< VOICE_REGISTRATION_STATE {1, 333e, 37f4d32, 14} [SUB0]
03-28 11:33:41.407 D/use-Rlog/RLOG-AT(  219): AT< +COPS: 0,2,"46011",7
03-28 11:33:41.407 D/use-Rlog/RLOG-AT(  219): AT< OK
03-28 11:33:41.407 I/use-Rlog/RLOG-RIL(  219): onRequest :QUERY_NETWORK_SELECTION_MODE complete
03-28 11:33:41.407 I/use-Rlog/RLOG-RIL(  219): onRequest :SIM_OPEN_CHANNEL
03-28 11:33:41.407 I/use-Rlog/RLOG-RIL(  219): onRequest :SIM_OPEN_CHANNEL complete
03-28 11:33:41.407 I/use-Rlog/RLOG-RIL(  219): onRequest :SIM_IO
03-28 11:33:41.407 I/use-Rlog/RLOG-RIL(  219): ModemController forceAT:0 currentSimStatus:2
03-28 11:33:41.408 D/RILJ    (  618): [3709]< QUERY_NETWORK_SELECTION_MODE {0} [SUB0]
03-28 11:33:41.408 I/use-Rlog/RLOG-RIL(  219): RequestHandler handleSIM_IO
03-28 11:33:41.408 D/use-Rlog/RLOG-AT(  219): AT> AT+CRSM=176,12258,0,0,10
03-28 11:33:41.408 D/SST     (  618): EVENT_POLL_STATE_NETWORK_SELECTION_MODE
03-28 11:33:41.408 D/RilRequest(  618): [3710]< RIL_REQUEST_SIM_OPEN_CHANNEL error: com.android.internal.telephony.CommandException: REQUEST_NOT_SUPPORTED ret=
03-28 11:33:41.408 D/SST     (  618): useDataRegStateForDataOnlyDevice: VoiceRegState=0 DataRegState=0
03-28 11:33:41.408 D/SST     (  618): Poll ServiceState done:  oldSS=[0 0 voice home data home ChinaTelecom TELECOM 46011 ChinaTelecom TELECOM 46011  LTE LTE CSS not supported -1 -1 RoamInd=-1 DefRoamInd=-1 EmergOnly=false IsDataRoamingFromRegistration=false IsUsingCarrierAggregation=false] newSS=[0 0 voice home data home ChinaTelecom TELECOM 46011 ChinaTelecom TELECOM 46011  LTE LTE CSS not supported -1 -1 RoamInd=-1 DefRoamInd=-1 EmergOnly=false IsDataRoamingFromRegistration=false IsUsingCarrierAggregation=false] oldMaxDataCalls=1 mNewMaxDataCalls=1 oldReasonDataDenied=-1 mNewReasonDataDenied=-1
03-28 11:33:41.409 D/UiccCard(  618): Error in SIM access with exceptioncom.android.internal.telephony.CommandException: REQUEST_NOT_SUPPORTED
03-28 11:33:41.409 D/UiccPkcs15(  618): handleMessage: 201
03-28 11:33:41.409 D/UiccPkcs15(  618): error: com.android.internal.telephony.CommandException: REQUEST_NOT_SUPPORTED
03-28 11:33:41.409 D/UiccPkcs15(  618): handleMessage: 1
03-28 11:33:41.409 D/UiccPkcs15(  618): select pkcs15 failed: com.android.internal.telephony.CommandException: REQUEST_NOT_SUPPORTED
03-28 11:33:41.410 D/use-Rlog/RLOG-AT(  219): AT< +CRSM: 144,0,"98683081473551728387"
03-28 11:33:41.410 D/use-Rlog/RLOG-AT(  219): AT< OK
03-28 11:33:41.410 I/use-Rlog/RLOG-RIL(  219): onRequest :SIM_IO complete
03-28 11:33:41.410 I/use-Rlog/RLOG-RIL(  219): onRequest :SIM_IO
03-28 11:33:41.410 I/use-Rlog/RLOG-RIL(  219): ModemController forceAT:0 currentSimStatus:2
03-28 11:33:41.410 I/use-Rlog/RLOG-RIL(  219): RequestHandler handleSIM_IO
03-28 11:33:41.410 D/use-Rlog/RLOG-AT(  219): AT> AT+CRSM=178,28480,1,4,28
03-28 11:33:41.410 D/RILJ    (  618): [3711]< SIM_IO IccIoResult sw1:0x90 sw2:0x0 [SUB0]
03-28 11:33:41.411 D/SIMRecords(  618): [SIMRecords] iccid: 89860318745315273878
03-28 11:33:41.411 D/SIMRecords(  618): [SIMRecords] onRecordLoaded 7 requested: true
03-28 11:33:41.437 I/use-Rlog/RLOG-RIL(  219): TaskThread_0 event:EVENT_VOICE_NETWORK_STATE_CHANGED done
03-28 11:33:41.438 D/use-Rlog/RLOG-AT(  219): AT< +CRSM: 144,0,"FFFFFFFFFFFFFFFFFFFFFFFFFFFFFFFFFFFFFFFFFFFFFFFFFFFFFFFF"
03-28 11:33:41.438 D/use-Rlog/RLOG-AT(  219): AT< OK
03-28 11:33:41.439 I/use-Rlog/RLOG-RIL(  219): onRequest :SIM_IO complete
03-28 11:33:41.439 I/use-Rlog/RLOG-RIL(  219): onRequest :SIM_IO
03-28 11:33:41.439 I/use-Rlog/RLOG-RIL(  219): ModemController forceAT:0 currentSimStatus:2
03-28 11:33:41.439 I/use-Rlog/RLOG-RIL(  219): RequestHandler handleSIM_IO
03-28 11:33:41.439 D/RILJ    (  618): [3712]< SIM_IO IccIoResult sw1:0x90 sw2:0x0 [SUB0]
03-28 11:33:41.439 D/use-Rlog/RLOG-AT(  219): AT> AT+CRSM=192,28439,0,0,0
03-28 11:33:41.444 D/SIMRecords(  618): [SIMRecords] MSISDN: 
03-28 11:33:41.444 D/SIMRecords(  618): [SIMRecords] onRecordLoaded 6 requested: true
03-28 11:33:41.470 D/use-Rlog/RLOG-AT(  219): AT< +CRSM: 106,130,""
03-28 11:33:41.471 D/use-Rlog/RLOG-AT(  219): AT< OK
03-28 11:33:41.471 I/use-Rlog/RLOG-RIL(  219): onRequest :SIM_IO complete
03-28 11:33:41.471 I/use-Rlog/RLOG-RIL(  219): onRequest :SIM_IO
03-28 11:33:41.471 I/use-Rlog/RLOG-RIL(  219): ModemController forceAT:0 currentSimStatus:2
03-28 11:33:41.471 I/use-Rlog/RLOG-RIL(  219): RequestHandler handleSIM_IO
03-28 11:33:41.471 D/use-Rlog/RLOG-AT(  219): AT> AT+CRSM=176,28589,0,0,4
03-28 11:33:41.471 D/RILJ    (  618): [3713]< SIM_IO IccIoResult sw1:0x6a sw2:0x82 Error: File not found [SUB0]
03-28 11:33:41.471 D/SIMRecords(  618): [SIMRecords] Invalid or missing EF[MAILBOX]
03-28 11:33:41.471 D/SIMRecords(  618): [SIMRecords] onRecordLoaded 5 requested: true
03-28 11:33:41.473 D/use-Rlog/RLOG-AT(  219): AT< +CRSM: 144,0,"00000002"
03-28 11:33:41.473 D/use-Rlog/RLOG-AT(  219): AT< OK
03-28 11:33:41.473 I/use-Rlog/RLOG-RIL(  219): onRequest :SIM_IO complete
03-28 11:33:41.473 I/use-Rlog/RLOG-RIL(  219): onRequest :SIM_IO
03-28 11:33:41.473 I/use-Rlog/RLOG-RIL(  219): ModemController forceAT:0 currentSimStatus:2
03-28 11:33:41.473 I/use-Rlog/RLOG-RIL(  219): RequestHandler handleSIM_IO
03-28 11:33:41.473 D/use-Rlog/RLOG-AT(  219): AT> AT+CRSM=178,28619,1,4,16
03-28 11:33:41.473 D/RILJ    (  618): [3714]< SIM_IO IccIoResult sw1:0x90 sw2:0x0 [SUB0]
03-28 11:33:41.473 D/SIMRecords(  618): [SIMRecords] EF_AD: 00000002
03-28 11:33:41.473 D/SIMRecords(  618): [SIMRecords] setting4 mMncLength=2
03-28 11:33:41.473 D/SIMRecords(  618): [SIMRecords] mccmncCode=460110
03-28 11:33:41.473 D/SIMRecords(  618): [SIMRecords] update mccmnc=46011
03-28 11:33:41.474 D/SubscriptionController(  618): [getPhoneId]- no sims, returning default phoneId=2147483647
03-28 11:33:41.502 D/use-Rlog/RLOG-AT(  219): AT< +CRSM: 144,0,"00000000000000000000000000000000"
03-28 11:33:41.502 D/use-Rlog/RLOG-AT(  219): AT< OK
03-28 11:33:41.502 I/use-Rlog/RLOG-RIL(  219): onRequest :SIM_IO complete
03-28 11:33:41.502 I/use-Rlog/RLOG-RIL(  219): onRequest :SIM_IO
03-28 11:33:41.502 I/use-Rlog/RLOG-RIL(  219): ModemController forceAT:0 currentSimStatus:2
03-28 11:33:41.502 I/use-Rlog/RLOG-RIL(  219): RequestHandler handleSIM_IO
03-28 11:33:41.502 D/use-Rlog/RLOG-AT(  219): AT> AT+CRSM=176,28486,0,0,17
03-28 11:33:41.503 D/RILJ    (  618): [3715]< SIM_IO IccIoResult sw1:0x90 sw2:0x0 [SUB0]
03-28 11:33:41.504 D/use-Rlog/RLOG-AT(  219): AT< +CRSM: 144,0,"01804E2D56FD75354FE1FFFFFFFFFFFFFF"
03-28 11:33:41.504 D/use-Rlog/RLOG-AT(  219): AT< OK
03-28 11:33:41.504 I/use-Rlog/RLOG-RIL(  219): onRequest :SIM_IO complete
03-28 11:33:41.504 I/use-Rlog/RLOG-RIL(  219): onRequest :SIM_IO
03-28 11:33:41.504 I/use-Rlog/RLOG-RIL(  219): ModemController forceAT:0 currentSimStatus:2
03-28 11:33:41.504 I/use-Rlog/RLOG-RIL(  219): RequestHandler handleSIM_IO
03-28 11:33:41.505 D/use-Rlog/RLOG-AT(  219): AT> AT+CRSM=176,28472,0,0,11
03-28 11:33:41.505 D/RILJ    (  618): [3716]< SIM_IO IccIoResult sw1:0x90 sw2:0x0 [SUB0]
03-28 11:33:41.507 D/use-Rlog/RLOG-AT(  219): AT< +CRSM: 144,0,"802F1C2C230E0100C00050"
03-28 11:33:41.507 D/use-Rlog/RLOG-AT(  219): AT< OK
03-28 11:33:41.507 I/use-Rlog/RLOG-RIL(  219): onRequest :SIM_IO complete
03-28 11:33:41.507 I/use-Rlog/RLOG-RIL(  219): onRequest :SIM_IO
03-28 11:33:41.507 I/use-Rlog/RLOG-RIL(  219): ModemController forceAT:0 currentSimStatus:2
03-28 11:33:41.507 I/use-Rlog/RLOG-RIL(  219): RequestHandler handleSIM_IO
03-28 11:33:41.507 D/use-Rlog/RLOG-AT(  219): AT> AT+CRSM=176,28512,0,0,40
03-28 11:33:41.508 D/RILJ    (  618): [3717]< SIM_IO IccIoResult sw1:0x90 sw2:0x0 [SUB0]
03-28 11:33:41.509 D/use-Rlog/RLOG-AT(  219): AT< +CRSM: 144,0,"FFFFFFFFFFFFFFFFFFFFFFFFFFFFFFFFFFFFFFFFFFFFFFFFFFFFFFFFFFFFFFFFFFFFFFFFFFFFFFFF"
03-28 11:33:41.509 D/use-Rlog/RLOG-AT(  219): AT< OK
03-28 11:33:41.509 I/use-Rlog/RLOG-RIL(  219): onRequest :SIM_IO complete
03-28 11:33:41.509 I/use-Rlog/RLOG-RIL(  219): onRequest :SIM_IO
03-28 11:33:41.509 I/use-Rlog/RLOG-RIL(  219): ModemController forceAT:0 currentSimStatus:2
03-28 11:33:41.509 I/use-Rlog/RLOG-RIL(  219): RequestHandler handleSIM_IO
03-28 11:33:41.509 D/use-Rlog/RLOG-AT(  219): AT> AT+CRSM=176,28513,0,0,3500
03-28 11:33:41.510 D/SIMRecords(  618): [SIMRecords] onRecordLoaded 4 requested: true
03-28 11:33:41.510 D/RILJ    (  618): [3718]< SIM_IO IccIoResult sw1:0x90 sw2:0x0 [SUB0]
03-28 11:33:41.511 D/use-Rlog/RLOG-AT(  219): AT< +CRSM: 144,0,"54F430C08054F440008054F491C08054F460C08025F040C08025F099808025F000808025F030800025F0100080130014C080130062C080130073C0801300744080130041808044F001C00044F002800064F629C08064F679808064F639008064F699008005F530C08005F501008005F510C08054F080C00054F050C00062F220C08062F210C08025F550408025F510408002F801C08002F802C08015F001C08015F0108080030216C0000302"
03-28 11:33:41.511 D/use-Rlog/RLOG-AT(  219): AT< OK
03-28 11:33:41.511 I/use-Rlog/RLOG-RIL(  219): onRequest :SIM_IO complete
03-28 11:33:41.511 I/use-Rlog/RLOG-RIL(  219): onRequest :SIM_IO
03-28 11:33:41.511 I/use-Rlog/RLOG-RIL(  219): ModemController forceAT:0 currentSimStatus:2
03-28 11:33:41.511 I/use-Rlog/RLOG-RIL(  219): RequestHandler handleSIM_IO
03-28 11:33:41.511 D/use-Rlog/RLOG-AT(  219): AT> AT+CRSM=176,28514,0,0,10
03-28 11:33:41.512 D/RILJ    (  618): [3719]< SIM_IO IccIoResult sw1:0x90 sw2:0x0 [SUB0]
03-28 11:33:41.513 D/use-Rlog/RLOG-AT(  219): AT< +CRSM: 144,0,"FFFFFFFFFFFFFFFFFFFF"
03-28 11:33:41.513 D/use-Rlog/RLOG-AT(  219): AT< OK
03-28 11:33:41.513 I/use-Rlog/RLOG-RIL(  219): onRequest :SIM_IO complete
03-28 11:33:41.513 I/use-Rlog/RLOG-RIL(  219): onRequest :SIM_IO
03-28 11:33:41.513 I/use-Rlog/RLOG-RIL(  219): ModemController forceAT:0 currentSimStatus:2
03-28 11:33:41.513 I/use-Rlog/RLOG-RIL(  219): RequestHandler handleSIM_IO
03-28 11:33:41.513 D/use-Rlog/RLOG-AT(  219): AT> AT+CRSM=176,28633,0,0,12
03-28 11:33:41.514 D/RILJ    (  618): [3720]< SIM_IO IccIoResult sw1:0x90 sw2:0x0 [SUB0]
03-28 11:33:41.515 D/DCT     (  618): [0]hasMatchedTetherApnSetting: APN=null
03-28 11:33:41.516 D/use-Rlog/RLOG-AT(  219): AT< +CRSM: 144,0,"64F01164F030FFFFFFFFFFFF"
03-28 11:33:41.516 D/use-Rlog/RLOG-AT(  219): AT< OK
03-28 11:33:41.516 I/use-Rlog/RLOG-RIL(  219): onRequest :SIM_IO complete
03-28 11:33:41.516 I/use-Rlog/RLOG-RIL(  219): onRequest :SIM_IO
03-28 11:33:41.516 I/use-Rlog/RLOG-RIL(  219): ModemController forceAT:0 currentSimStatus:2
03-28 11:33:41.516 I/use-Rlog/RLOG-RIL(  219): RequestHandler handleSIM_IO
03-28 11:33:41.516 D/use-Rlog/RLOG-AT(  219): AT> AT+CRSM=176,28539,0,0,60
03-28 11:33:41.517 D/RILJ    (  618): [3721]< SIM_IO IccIoResult sw1:0x90 sw2:0x0 [SUB0]
03-28 11:33:41.520 D/use-Rlog/RLOG-AT(  219): AT< +CRSM: 144,0,"64F00064F01064F02064F06064F07064F002FFFFFFFFFFFFFFFFFFFFFFFFFFFFFFFFFFFFFFFFFFFFFFFFFFFFFFFFFFFFFFFFFFFFFFFFFFFFFFFFFFFF"
03-28 11:33:41.520 D/use-Rlog/RLOG-AT(  219): AT< OK
03-28 11:33:41.520 I/use-Rlog/RLOG-RIL(  219): onRequest :SIM_IO complete
03-28 11:33:41.520 D/RILJ    (  618): [3722]< SIM_IO IccIoResult sw1:0x90 sw2:0x0 [SUB0]
03-28 11:33:41.573 I/use-Rlog/RLOG-RIL(  219): ModemController onSIMLateReady
03-28 11:33:41.573 D/use-Rlog/RLOG-AT(  219): AT> AT$QCPMS="ME","ME","ME"
03-28 11:33:41.577 D/use-Rlog/RLOG-AT(  219): AT< $QCPMS: 0,99,0,99,0,99
03-28 11:33:41.577 D/use-Rlog/RLOG-AT(  219): AT< OK
03-28 11:33:41.577 I/use-Rlog/RLOG-RIL(  219): ModemController onSIMLateReady done
03-28 11:33:41.577 I/use-Rlog/RLOG-RIL(  219): TaskThread_1 event:EVENT_SIM_LATE_LOAD_CHECK done
03-28 11:33:41.614 D/SubscriptionController(  618): [getActiveSubInfoList] Sub Controller not ready
03-28 11:33:41.615 D/SubscriptionController(  618): [getActiveSubInfoList] Sub Controller not ready
03-28 11:33:41.615 D/SubscriptionController(  618): [getActiveSubscriptionInfoForSimSlotIndex]+ subList=null
03-28 11:33:41.616 D/TelephonyManager(  618): getLteOnCdmaMode=0 curVal=-1 product_type='' lteOnCdmaProductType=''
03-28 11:33:41.619 D/Phone   (  618): setPreferredNetworkType: networkType = 9 modemRaf = 253902 rafFromType = 642574 filteredType = 9
03-28 11:33:41.619 D/RILJ    (  618): [3723]> REQUEST_SET_PREFERRED_NETWORK_TYPE : 9 [SUB0]
03-28 11:33:41.620 I/use-Rlog/RLOG-RIL(  219): onRequest :SET_PREFERRED_NETWORK_TYPE
03-28 11:33:41.620 I/use-Rlog/RLOG-RIL(  219): ModemController forceAT:0 currentSimStatus:2
03-28 11:33:41.620 I/use-Rlog/RLOG-RIL(  219): RequestHandler handleSetPreferredNetworkType setmode:9
03-28 11:33:41.620 D/use-Rlog/RLOG-AT(  219): AT> AT+BMMODODR?
03-28 11:33:41.621 D/use-Rlog/RLOG-AT(  219): AT< +BMMODODR: 11
03-28 11:33:41.621 D/use-Rlog/RLOG-AT(  219): AT< OK
03-28 11:33:41.622 I/use-Rlog/RLOG-RIL(  219): onRequest :SET_PREFERRED_NETWORK_TYPE complete
03-28 11:33:41.622 D/RILJ    (  618): [3723]< REQUEST_SET_PREFERRED_NETWORK_TYPE  [SUB0]
03-28 11:33:41.636 D/SIMRecords(  618): [SIMRecords] EF_CFIS: 00000000000000000000000000000000
03-28 11:33:41.636 D/SIMRecords(  618): [SIMRecords] onRecordLoaded 3 requested: true
03-28 11:33:41.637 D/SIMRecords(  618): [SIMRecords] getServiceProviderName: no brandOverride, providerName=中国电信
03-28 11:33:41.637 D/SIMRecords(  618): [SIMRecords] Load EF_SPN: 中国电信 spnDisplayCondition: 1
03-28 11:33:41.637 D/TelephonyManager(  618): setTelephonyProperty: success phoneId=0 property=gsm.sim.operator.alpha value: 中国电信 propVal=中国电信
03-28 11:33:41.637 D/SIMRecords(  618): [SIMRecords] onRecordLoaded 2 requested: true
03-28 11:33:41.697 D/SubscriptionController(  618): [getActiveSubInfoList] Sub Controller not ready
03-28 11:33:41.698 D/SubscriptionController(  618): [getActiveSubInfoList] Sub Controller not ready
03-28 11:33:41.698 D/SubscriptionController(  618): [getActiveSubscriptionInfoForSimSlotIndex]+ subList=null
03-28 11:33:41.698 D/TelephonyManager(  618): getLteOnCdmaMode=0 curVal=-1 product_type='' lteOnCdmaProductType=''
03-28 11:33:41.700 D/Phone   (  618): setPreferredNetworkType: networkType = 9 modemRaf = 253902 rafFromType = 642574 filteredType = 9
03-28 11:33:41.701 D/RILJ    (  618): [3724]> REQUEST_SET_PREFERRED_NETWORK_TYPE : 9 [SUB0]
03-28 11:33:41.701 I/use-Rlog/RLOG-RIL(  219): onRequest :SET_PREFERRED_NETWORK_TYPE
03-28 11:33:41.702 I/use-Rlog/RLOG-RIL(  219): ModemController forceAT:0 currentSimStatus:2
03-28 11:33:41.702 I/use-Rlog/RLOG-RIL(  219): RequestHandler handleSetPreferredNetworkType setmode:9
03-28 11:33:41.702 D/use-Rlog/RLOG-AT(  219): AT> AT+BMMODODR?
03-28 11:33:41.703 D/use-Rlog/RLOG-AT(  219): AT< +BMMODODR: 11
03-28 11:33:41.703 D/use-Rlog/RLOG-AT(  219): AT< OK
03-28 11:33:41.704 I/use-Rlog/RLOG-RIL(  219): onRequest :SET_PREFERRED_NETWORK_TYPE complete
03-28 11:33:41.704 D/RILJ    (  618): [3724]< REQUEST_SET_PREFERRED_NETWORK_TYPE  [SUB0]
03-28 11:33:41.705 D/SIMRecords(  618): [SIMRecords] SST: UsimServiceTable[88]={ OUTGOING_CALL_INFO, INCOMING_CALL_INFO, SM_STORAGE, SM_STATUS_REPORTS, SM_SERVICE_PARAMS, CAP_CONFIG_PARAMS_2, SPN, USER_PLMN_SELECT, MSISDN, GSM_ACCESS, DATA_DL_VIA_SMS_PP, CALL_CONTROL_BY_USIM, IGNORED_1, ENABLED_SERVICES_TABLE, GSM_SECURITY_CONTEXT, OPERATOR_PLMN_SELECT, HPLMN_SELECT, EXTENSION_5, CFI_STATUS, EQUIVALENT_HPLMN, TERMINAL_PROFILE_AFTER_UICC_ACTIVATION, EPS_MOBILITY_MANAGEMENT_INFO, CALL_CONTROL_ON_EPS_PDN_CONNECTION_BY_USIM }
03-28 11:33:41.705 D/SIMRecords(  618): [SIMRecords] onRecordLoaded 1 requested: true
03-28 11:33:41.705 D/SIMRecords(  618): [SIMRecords] Received a PlmnActRecord, raw=ffffffffffffffffffffffffffffffffffffffffffffffffffffffffffffffffffffffffffffffff
03-28 11:33:41.706 V/PlmnActRecord(  618): Extracting Logs, count=8
03-28 11:33:41.706 V/PlmnActRecord(  618): Creating PlmnActRecord 0
03-28 11:33:41.706 V/PlmnActRecord(  618): Creating PlmnActRecord 5
03-28 11:33:41.706 V/PlmnActRecord(  618): Creating PlmnActRecord 10
03-28 11:33:41.706 V/PlmnActRecord(  618): Creating PlmnActRecord 15
03-28 11:33:41.706 V/PlmnActRecord(  618): Creating PlmnActRecord 20
03-28 11:33:41.707 V/PlmnActRecord(  618): Creating PlmnActRecord 25
03-28 11:33:41.707 V/PlmnActRecord(  618): Creating PlmnActRecord 30
03-28 11:33:41.707 V/PlmnActRecord(  618): Creating PlmnActRecord 35
03-28 11:33:41.707 D/SIMRecords(  618): [SIMRecords] Received a PlmnActRecord, raw=54f430c08054f440008054f491c08054f460c08025f040c08025f099808025f000808025f030800025f0100080130014c080130062c080130073c0801300744080130041808044f001c00044f002800064f629c08064f679808064f639008064f699008005f530c08005f501008005f510c08054f080c00054f050c00062f220c08062f210c08025f550408025f510408002f801c08002f802c08015f001c08015f0108080030216c0000302
03-28 11:33:41.707 E/PlmnActRecord(  618): Malformed PlmnActRecord, bytes: [84, -12, 48, -64, -128, 84, -12, 64, 0, -128, 84, -12, -111, -64, -128, 84, -12, 96, -64, -128, 37, -16, 64, -64, -128, 37, -16, -103, -128, -128, 37, -16, 0, -128, -128, 37, -16, 48, -128, 0, 37, -16, 16, 0, -128, 19, 0, 20, -64, -128, 19, 0, 98, -64, -128, 19, 0, 115, -64, -128, 19, 0, 116, 64, -128, 19, 0, 65, -128, -128, 68, -16, 1, -64, 0, 68, -16, 2, -128, 0, 100, -10, 41, -64, -128, 100, -10, 121, -128, -128, 100, -10, 57, 0, -128, 100, -10, -103, 0, -128, 5, -11, 48, -64, -128, 5, -11, 1, 0, -128, 5, -11, 16, -64, -128, 84, -16, -128, -64, 0, 84, -16, 80, -64, 0, 98, -14, 32, -64, -128, 98, -14, 16, -64, -128, 37, -11, 80, 64, -128, 37, -11, 16, 64, -128, 2, -8, 1, -64, -128, 2, -8, 2, -64, -128, 21, -16, 1, -64, -128, 21, -16, 16, -128, -128, 3, 2, 22, -64, 0, 3, 2]
03-28 11:33:41.707 D/SIMRecords(  618): [SIMRecords] Received a PlmnActRecord, raw=ffffffffffffffffffff
03-28 11:33:41.707 V/PlmnActRecord(  618): Extracting Logs, count=2
03-28 11:33:41.707 V/PlmnActRecord(  618): Creating PlmnActRecord 0
03-28 11:33:41.707 V/PlmnActRecord(  618): Creating PlmnActRecord 5
03-28 11:33:41.708 D/SIMRecords(  618): [SIMRecords] HplmnActRecord[]=[{PLMN=fffff,AccessTechs=UTRAN|EUTRAN|GSM|GSM_COMPACT|CDMA2000_HRPD|CDMA2000_1XRTT|UNKNOWN:3f0f}, {PLMN=fffff,AccessTechs=UTRAN|EUTRAN|GSM|GSM_COMPACT|CDMA2000_HRPD|CDMA2000_1XRTT|UNKNOWN:3f0f}]
03-28 11:33:41.708 D/SIMRecords(  618): [SIMRecords] Received Equivalent Home PLMNs, raw=64f01164f030ffffffffffff
03-28 11:33:41.708 D/SIMRecords(  618): [SIMRecords] Received Forbidden PLMNs, raw=64f00064f01064f02064f06064f07064f002ffffffffffffffffffffffffffffffffffffffffffffffffffffffffffffffffffffffffffffffffffff
03-28 11:33:41.708 D/SIMRecords(  618): [SIMRecords] onRecordLoaded 0 requested: true
03-28 11:33:41.708 D/SIMRecords(  618): [SIMRecords] record load complete
03-28 11:33:41.708 D/SIMRecords(  618): [SIMRecords] Not using EF LI/EF PL
03-28 11:33:41.708 D/SIMRecords(  618): [SIMRecords] EF_CFIS and EF_CFF not valid. callForwardingEnabled=-1
03-28 11:33:41.708 D/SIMRecords(  618): [SIMRecords] onAllRecordsLoaded set 'gsm.sim.operator.numeric' to operator='46011'
03-28 11:33:41.708 D/SIMRecords(  618): [SIMRecords] update icc_operator_numeric=46011
03-28 11:33:41.708 D/TelephonyManager(  618): setTelephonyProperty: success phoneId=0 property=gsm.sim.operator.numeric value: 46011 propVal=46011
03-28 11:33:41.709 D/SubscriptionController(  618): [setMccMnc]+ mcc/mnc:460/11 subId:-1
03-28 11:33:41.712 D/SubscriptionController(  618): notifySubscriptionInfoChanged:
03-28 11:33:41.715 D/SIMRecords(  618): [SIMRecords] onAllRecordsLoaded set mcc imsi
03-28 11:33:41.715 D/TelephonyManager(  618): setTelephonyProperty: success phoneId=0 property=gsm.sim.operator.iso-country value: cn propVal=cn
03-28 11:33:41.716 D/SubscriptionController(  618): [getActiveSubInfoList] Sub Controller not ready
03-28 11:33:41.718 D/SubscriptionController(  618): [getPhoneId]- no sims, returning default phoneId=2147483647
03-28 11:33:41.721 D/SubscriptionController(  618): [getActiveSubInfoList] Sub Controller not ready
03-28 11:33:41.721 D/SubscriptionController(  618): [getActiveSubInfoForSubscriber]- subId=2 subList=null subInfo=null
03-28 11:33:41.723 D/SubscriptionController(  618): [getActiveSubInfoList] Sub Controller not ready
03-28 11:33:41.729 D/SubscriptionController(  618): [getActiveSubInfoList] Sub Controller not ready
03-28 11:33:41.779 D/SST     (  618): SubscriptionListener.onSubscriptionInfoChanged
03-28 11:33:41.779 E/Phone   (  618): getStoredVoiceMessageCount: invalid subId -2
03-28 11:33:41.779 D/GsmCdmaPhone(  618): [GsmCdmaPhone] updateVoiceMail countVoiceMessages = 0 subId -2
03-28 11:33:41.779 E/Phone   (  618): setVoiceMessageCount in sharedPreference: invalid subId -2
03-28 11:33:41.780 D/SubscriptionController(  618): [getActiveSubInfoList] Sub Controller not ready
03-28 11:33:41.781 D/SubscriptionController(  618): [getActiveSubInfoList] Sub Controller not ready
03-28 11:33:41.781 D/SubscriptionController(  618): [getActiveSubscriptionInfoForSimSlotIndex]+ subList=null
03-28 11:33:41.781 D/TelephonyManager(  618): getLteOnCdmaMode=0 curVal=-1 product_type='' lteOnCdmaProductType=''
03-28 11:33:41.784 D/Phone   (  618): setPreferredNetworkType: networkType = 9 modemRaf = 253902 rafFromType = 642574 filteredType = 9
03-28 11:33:41.784 D/RILJ    (  618): [3725]> REQUEST_SET_PREFERRED_NETWORK_TYPE : 9 [SUB0]
03-28 11:33:41.785 I/use-Rlog/RLOG-RIL(  219): onRequest :SET_PREFERRED_NETWORK_TYPE
03-28 11:33:41.785 I/use-Rlog/RLOG-RIL(  219): ModemController forceAT:0 currentSimStatus:2
03-28 11:33:41.785 I/use-Rlog/RLOG-RIL(  219): RequestHandler handleSetPreferredNetworkType setmode:9
03-28 11:33:41.785 D/use-Rlog/RLOG-AT(  219): AT> AT+BMMODODR?
03-28 11:33:41.786 D/use-Rlog/RLOG-AT(  219): AT< +BMMODODR: 11
03-28 11:33:41.786 D/use-Rlog/RLOG-AT(  219): AT< OK
03-28 11:33:41.787 I/use-Rlog/RLOG-RIL(  219): onRequest :SET_PREFERRED_NETWORK_TYPE complete
03-28 11:33:41.787 D/RILJ    (  618): [3725]< REQUEST_SET_PREFERRED_NETWORK_TYPE  [SUB0]
03-28 11:33:41.796 D/DCT     (  618): [0]SubscriptionListener.onSubscriptionInfoChanged
03-28 11:33:41.797 D/SubscriptionController(  618): [getActiveSubInfoList] Sub Controller not ready
03-28 11:33:41.798 D/SubscriptionController(  618): [getActiveSubInfoList] Sub Controller not ready
03-28 11:33:41.798 D/CAT     (  618): CatService: handleMessage[20]
03-28 11:33:41.798 D/GsmCdmaPhone(  618): [GsmCdmaPhone] updateCurrentCarrierInProvider: mSubId = -2 currentDds = 2 operatorNumeric = 46011
03-28 11:33:41.798 D/IccCardProxy(  618): operator=46011 mPhoneId=0
03-28 11:33:41.798 D/TelephonyManager(  618): setTelephonyProperty: success phoneId=0 property=gsm.sim.operator.numeric value: 46011 propVal=46011
03-28 11:33:41.799 D/TelephonyManager(  618): setTelephonyProperty: success phoneId=0 property=gsm.sim.operator.iso-country value: cn propVal=cn
03-28 11:33:41.799 D/IccCardProxy(  618): Sending intent ACTION_INTERNAL_SIM_STATE_CHANGED for mPhoneId : 0
03-28 11:33:41.801 D/SST     (  618): EVENT_SIM_RECORDS_LOADED: what=16
03-28 11:33:41.801 D/GsmCdmaPhone(  618): [GsmCdmaPhone] updatePhoneObject: radioTechnology=14
03-28 11:33:41.801 D/SST     (  618): getOtasp: otasp not needed for GSM
03-28 11:33:41.801 D/SST     (  618): updateOtaspState: call notifyOtaspChanged old otaspMode=0 new otaspMode=3
03-28 11:33:41.801 D/SIMRecords(  618): [SIMRecords] getServiceProviderName: no brandOverride, providerName=中国电信
03-28 11:33:41.801 D/SIMRecords(  618): [SIMRecords] getServiceProviderName: no brandOverride, providerName=中国电信
03-28 11:33:41.802 D/SST     (  618): updateSpnDisplay: changed sending intent rule=3 showPlmn='true' plmn='ChinaTelecom' showSpn='true' spn='中国电信' dataSpn='中国电信' subId='-2'
03-28 11:33:41.803 D/SubscriptionController(  618): [setPlmnSpn] No valid subscription to store info
03-28 11:33:41.803 D/SubscriptionController(  618): notifySubscriptionInfoChanged:
03-28 11:33:41.805 D/SubscriptionController(  618): [getActiveSubInfoList] Sub Controller not ready
03-28 11:33:41.807 D/SubscriptionController(  618): [getPhoneId]- no sims, returning default phoneId=2147483647
03-28 11:33:41.807 D/SubscriptionController(  618): [getActiveSubInfoList] Sub Controller not ready
03-28 11:33:41.812 D/SubscriptionController(  618): [getActiveSubInfoList] Sub Controller not ready
03-28 11:33:41.813 D/SubscriptionController(  618): [getActiveSubInfoForSubscriber]- subId=2 subList=null subInfo=null
03-28 11:33:41.814 D/SubscriptionController(  618): [getActiveSubInfoList] Sub Controller not ready
03-28 11:33:41.849 D/GsmCdmaPhone(  618): [GsmCdmaPhone] phoneObjectUpdater: newVoiceRadioTech=14
03-28 11:33:41.850 D/GsmCdmaPhone(  618): [GsmCdmaPhone] phoneObjectUpdater: volteReplacementRat=0
03-28 11:33:41.850 D/TelephonyManager(  618): getLteOnCdmaMode=0 curVal=-1 product_type='' lteOnCdmaProductType=''
03-28 11:33:41.850 D/GsmCdmaPhone(  618): [GsmCdmaPhone] phoneObjectUpdater: No change ignore, newVoiceRadioTech=14 mActivePhone=GSM
03-28 11:33:41.850 D/SubscriptionInfoUpdater(  618): [Receiver]+
03-28 11:33:41.850 D/SubscriptionInfoUpdater(  618): Action: android.intent.action.internal_sim_state_changed
03-28 11:33:41.850 D/SubscriptionInfoUpdater(  618): slotId: 0
03-28 11:33:41.850 D/SubscriptionInfoUpdater(  618): simStatus: LOADED
03-28 11:33:41.850 D/SubscriptionInfoUpdater(  618): [Receiver]-
03-28 11:33:41.850 D/SST     (  618): SubscriptionListener.onSubscriptionInfoChanged
03-28 11:33:41.851 D/SubscriptionController(  618): [getActiveSubInfoList] Sub Controller not ready
03-28 11:33:41.852 D/SubscriptionController(  618): [getActiveSubInfoList] Sub Controller not ready
03-28 11:33:41.853 D/SubscriptionController(  618): [getActiveSubInfoList] Sub Controller not ready
03-28 11:33:41.853 D/SubscriptionController(  618): [getActiveSubscriptionInfoForSimSlotIndex]+ subList=null
03-28 11:33:41.854 D/TelephonyManager(  618): getLteOnCdmaMode=0 curVal=-1 product_type='' lteOnCdmaProductType=''
03-28 11:33:41.856 I/use-Rlog/RLOG-RIL(  219): TaskThread_3 event:EVENT_STOP_PS_CHECK done
03-28 11:33:41.857 D/Phone   (  618): setPreferredNetworkType: networkType = 9 modemRaf = 253902 rafFromType = 642574 filteredType = 9
03-28 11:33:41.857 D/RILJ    (  618): [3726]> REQUEST_SET_PREFERRED_NETWORK_TYPE : 9 [SUB0]
03-28 11:33:41.858 I/use-Rlog/RLOG-RIL(  219): onRequest :SET_PREFERRED_NETWORK_TYPE
03-28 11:33:41.858 I/use-Rlog/RLOG-RIL(  219): ModemController forceAT:0 currentSimStatus:2
03-28 11:33:41.858 I/use-Rlog/RLOG-RIL(  219): RequestHandler handleSetPreferredNetworkType setmode:9
03-28 11:33:41.858 D/use-Rlog/RLOG-AT(  219): AT> AT+BMMODODR?
03-28 11:33:41.860 D/use-Rlog/RLOG-AT(  219): AT< +BMMODODR: 11
03-28 11:33:41.860 D/use-Rlog/RLOG-AT(  219): AT< OK
03-28 11:33:41.860 D/DCT     (  618): [0]SubscriptionListener.onSubscriptionInfoChanged
03-28 11:33:41.860 I/use-Rlog/RLOG-RIL(  219): onRequest :SET_PREFERRED_NETWORK_TYPE complete
03-28 11:33:41.860 D/RILJ    (  618): [3726]< REQUEST_SET_PREFERRED_NETWORK_TYPE  [SUB0]
03-28 11:33:41.862 D/SubscriptionController(  618): [getActiveSubInfoList] Sub Controller not ready
03-28 11:33:41.879 D/SubscriptionInfoUpdater(  618): handleSimStateLoadedInternal: slotId: 0
03-28 11:33:41.879 D/SubscriptionInfoUpdater(  618): All IccIds query complete
03-28 11:33:41.879 D/SubscriptionInfoUpdater(  618): updateSubscriptionInfoByIccId:+ Start
03-28 11:33:41.880 D/SubscriptionController(  618): [clearSubInfo]- no simInfo size=0
03-28 11:33:41.880 D/SubscriptionInfoUpdater(  618): insertedSimCount = 1
03-28 11:33:41.880 D/SubscriptionController(  618): [getSubInfoUsingSlotIdWithCheck]+ slotId:0
03-28 11:33:41.889 D/SubscriptionController(  618): [getPhoneId]- no sims, returning default phoneId=2147483647
03-28 11:33:41.892 D/SubscriptionController(  618): [getPhoneId]- no sims, returning default phoneId=2147483647
03-28 11:33:41.897 D/SubscriptionController(  618): [getPhoneId]- no sims, returning default phoneId=2147483647
03-28 11:33:41.899 D/SubscriptionController(  618): [getSubInfoUsingSlotId]- null info return
03-28 11:33:41.899 D/SubscriptionInfoUpdater(  618): updateSubscriptionInfoByIccId: oldSubId = 2
03-28 11:33:41.899 D/SubscriptionInfoUpdater(  618): updateSubscriptionInfoByIccId: oldIccId[0] = 89860318745315273878, sIccId[0] = 89860318745315273878
03-28 11:33:41.900 D/SubscriptionController(  618): [addSubInfoRecord]+ iccId:89860318745315273878 slotId:0
03-28 11:33:41.905 D/SubscriptionController(  618): [getActiveSubInfoList] Sub Controller not ready
03-28 11:33:41.905 D/SubscriptionController(  618): [addSubInfoRecord] Record already exists
03-28 11:33:41.910 D/SubscriptionController(  618): [addSubInfoRecord] sSlotIdxToSubId.size=1 slotId=0 subId=2 defaultSubId=2 simCount=1
03-28 11:33:41.910 D/SubscriptionController(  618): [setDefaultFallbackSubId] subId=2
03-28 11:33:41.911 D/SubscriptionController(  618): [setDefaultFallbackSubId] set mDefaultFallbackSubId=2
03-28 11:33:41.915 D/SubscriptionController(  618): [setDefaultFallbackSubId] broadcast default subId changed phoneId=0 subId=2
03-28 11:33:41.916 D/SubscriptionController(  618): [addSubInfoRecord] one sim set defaults to subId=2
03-28 11:33:41.916 D/SubscriptionController(  618): [setDefaultDataSubId] num phones=1, subId=2
03-28 11:33:41.917 D/SubscriptionController(  618): [setDefaultDataSubId] phoneId=0 subId=2 RAF=253902
03-28 11:33:41.917 D/ProxyController(  618): setRadioCapability: Already in requested configuration, nothing to do.
03-28 11:33:41.917 D/SubscriptionController(  618): [updateAllDataConnectionTrackers] sPhones.length=1
03-28 11:33:41.917 D/SubscriptionController(  618): [updateAllDataConnectionTrackers] phoneId=0
03-28 11:33:41.917 D/DCT     (  618): [0]update sub = 2
03-28 11:33:41.917 D/DCT     (  618): [0]update(): Active DDS, register for all events now!
03-28 11:33:41.917 D/DCT     (  618): [0]New records found.
03-28 11:33:41.918 D/SST     (  618): mDeviceShuttingDown=false, mDesiredPowerState=true, getRadioState=RADIO_ON, mPowerOffDelayNeed=true, mAlarmSwitch=false, mRadioDisabledByCarrier=false
03-28 11:33:41.918 D/GsmCdmaPhone(  618): [GsmCdmaPhone] updateCurrentCarrierInProvider: mSubId = 2 currentDds = 2 operatorNumeric = 46011
03-28 11:33:41.931 D/SubscriptionController(  618): [broadcastDefaultDataSubIdChanged] subId=2
03-28 11:33:41.933 D/SubscriptionController(  618): [setDefaultSmsSubId] subId=2
03-28 11:33:41.934 D/SubscriptionController(  618): [broadcastDefaultSmsSubIdChanged] subId=2
03-28 11:33:41.938 D/SubscriptionController(  618): [setDefaultVoiceSubId] subId=2
03-28 11:33:41.940 D/SubscriptionController(  618): [broadcastDefaultVoiceSubIdChanged] subId=2
03-28 11:33:41.941 D/SubscriptionController(  618): [addSubInfoRecord] hashmap(0,2)
03-28 11:33:41.952 D/SubscriptionController(  618): [addSubInfoRecord] sim name = 中国电信
03-28 11:33:41.953 D/DCT     (  618): [0]update sub = 2
03-28 11:33:41.953 D/DCT     (  618): [0]update(): Active DDS, register for all events now!
03-28 11:33:41.953 D/GsmCdmaPhone(  618): [GsmCdmaPhone] updateCurrentCarrierInProvider: mSubId = 2 currentDds = 2 operatorNumeric = 46011
03-28 11:33:41.966 D/SubscriptionController(  618): [addSubInfoRecord]- info size=1
03-28 11:33:41.966 D/SubscriptionInfoUpdater(  618): newSim = false
03-28 11:33:41.966 D/SubscriptionInfoUpdater(  618): updateSubscriptionInfoByIccId: sInsertSimState[0] = 0
03-28 11:33:41.974 D/SubscriptionInfoUpdater(  618): updateSubscriptionInfoByIccId: nSubCount = 1
03-28 11:33:41.976 D/SubscriptionController(  618): [setDefaultDataSubId] num phones=1, subId=2
03-28 11:33:41.976 D/SubscriptionController(  618): [setDefaultDataSubId] phoneId=0 subId=2 RAF=253902
03-28 11:33:41.976 D/ProxyController(  618): setRadioCapability: Already in requested configuration, nothing to do.
03-28 11:33:41.976 D/SubscriptionController(  618): [updateAllDataConnectionTrackers] sPhones.length=1
03-28 11:33:41.977 D/SubscriptionController(  618): [updateAllDataConnectionTrackers] phoneId=0
03-28 11:33:41.977 D/DCT     (  618): [0]update sub = 2
03-28 11:33:41.977 D/DCT     (  618): [0]update(): Active DDS, register for all events now!
03-28 11:33:41.980 D/GsmCdmaPhone(  618): [GsmCdmaPhone] updateCurrentCarrierInProvider: mSubId = 2 currentDds = 2 operatorNumeric = 46011
03-28 11:33:41.990 D/SubscriptionController(  618): [broadcastDefaultDataSubIdChanged] subId=2
03-28 11:33:41.992 D/SubscriptionController(  618): notifySubscriptionInfoChanged:
03-28 11:33:41.993 D/SubscriptionMonitor(  618): Phone[0] subId changed -2->2, 1 registrants
03-28 11:33:41.993 D/SubscriptionMonitor(  618): mDefaultDataSubId = 2, 1 registrants
03-28 11:33:41.995 D/SubscriptionInfoUpdater(  618): updateSubscriptionInfoByIccId:- SsubscriptionInfo update complete
03-28 11:33:42.011 D/SubscriptionController(  618): [setMccMnc]+ mcc/mnc:460/11 subId:2
03-28 11:33:42.018 D/SubscriptionController(  618): notifySubscriptionInfoChanged:
03-28 11:33:42.034 D/SubscriptionController(  618): [getActiveSubscriptionInfo]+ subId=2 subInfo={id=2, iccId=89860318745315273878 simSlotIndex=0 displayName=中国电信 carrierName=ChinaTelecom — 中国电信 nameSource=0 iconTint=-16746133 dataRoaming=1 iconBitmap=android.graphics.Bitmap@881bfff mcc 460 mnc 11}
03-28 11:33:42.035 D/SubscriptionController(  618): [getActiveSubscriptionInfo]+ subId=2 subInfo={id=2, iccId=89860318745315273878 simSlotIndex=0 displayName=中国电信 carrierName=ChinaTelecom — 中国电信 nameSource=0 iconTint=-16746133 dataRoaming=1 iconBitmap=android.graphics.Bitmap@5f8a1cc mcc 460 mnc 11}
03-28 11:33:42.035 D/SubscriptionInfoUpdater(  618): sim name = 中国电信
03-28 11:33:42.042 D/SubscriptionInfoUpdater(  618): Broadcasting intent ACTION_SIM_STATE_CHANGED LOADED reason null for mCardIndex: 0
03-28 11:33:42.071 D/SubscriptionController(  618): [getActiveSubscriptionInfo]+ subId=2 subInfo={id=2, iccId=89860318745315273878 simSlotIndex=0 displayName=中国电信 carrierName=ChinaTelecom — 中国电信 nameSource=0 iconTint=-16746133 dataRoaming=1 iconBitmap=android.graphics.Bitmap@f40cff6 mcc 460 mnc 11}
03-28 11:33:42.090 D/SubscriptionController(  618): [getActiveSubscriptionInfo]+ subId=2 subInfo={id=2, iccId=89860318745315273878 simSlotIndex=0 displayName=中国电信 carrierName=ChinaTelecom — 中国电信 nameSource=0 iconTint=-16746133 dataRoaming=1 iconBitmap=android.graphics.Bitmap@4a1f582 mcc 460 mnc 11}
03-28 11:33:42.113 D/SubscriptionController(  618): [getActiveSubscriptionInfo]+ subId=2 subInfo={id=2, iccId=89860318745315273878 simSlotIndex=0 displayName=中国电信 carrierName=ChinaTelecom — 中国电信 nameSource=0 iconTint=-16746133 dataRoaming=1 iconBitmap=android.graphics.Bitmap@210a6ef mcc 460 mnc 11}
03-28 11:33:42.129 D/DCT     (  618): [0]onRecordsLoadedOrSubIdChanged: createAllApnList
03-28 11:33:42.129 D/DCT     (  618): [0]createAllApnList: selection=numeric = '46011'
03-28 11:33:42.136 D/DCT     (  618): [0]createApnList: X result=[[ApnSettingV3] China Telecom, 1104, 46011, CTLTE, , , , , , -1, default, IP, IP, true, 0, 0, 0, false, 0, 0, 0, 0, , , false, [ApnSettingV3] China Telecom wap, 1105, 46011, CTWAP, , http://mmsc.vnet.mobi, 10.0.0.200, 80, , -1, default, IP, IP, true, 0, 0, 0, false, 0, 0, 0, 0, , , false, [ApnSettingV3] China Telecom Mms, 1106, 46011, CTWAP, 10.0.0.200, http://mmsc.vnet.mobi, 10.0.0.200, 80, 80, -1, mms, IP, IP, true, 0, 0, 0, false, 0, 0, 0, 0, , , false]
03-28 11:33:42.146 D/DCT     (  618): [0]getPreferredApn: mRequestedApnType=default cursor=android.content.ContentResolver$CursorWrapperInner@be495e8 cursor.count=1
03-28 11:33:42.146 D/DCT     (  618): [0]getPreferredApn: apnSetting=[ApnSettingV3] China Telecom, 1104, 46011, CTLTE, , , , , , -1, default, IP, IP, true, 0, 0, 0, false, 0, 0, 0, 0, , , false
03-28 11:33:42.146 D/DCT     (  618): [0]getPreferredApn: apnSetting=[ApnSettingV3] China Telecom wap, 1105, 46011, CTWAP, 10.0.0.200, http://mmsc.vnet.mobi, 10.0.0.200, 80, 80, -1, default | mms, IP, IP, true, 0, 0, 0, false, 0, 0, 0, 0, , , false
