03-28 11:33:36.823 D/use-Rlog/RLOG-AT(  219): AT< OK
03-28 11:33:36.823 I/use-Rlog/RLOG-RIL(  219): RequestHandler updateSupportTech supportedTechs:6
03-28 11:33:37.046 D/SubscriptionController(  618): [getPhoneId]- no sims, returning default phoneId=2147483647
03-28 11:33:37.051 D/SubscriptionController(  618): [getActiveSubInfoList] Sub Controller not ready
03-28 11:33:37.052 D/SubscriptionController(  618): [getActiveSubInfoForSubscriber]- subId=2 subList=null subInfo=null
03-28 11:33:37.057 D/SubscriptionController(  618): [getActiveSubInfoList] Sub Controller not ready
03-28 11:33:37.070 D/SubscriptionController(  618): [getActiveSubInfoList] Sub Controller not ready
03-28 11:33:37.103 D/SubscriptionController(  618): [getPhoneId]- no sims, returning default phoneId=2147483647
03-28 11:33:37.108 D/SubscriptionController(  618): [getActiveSubInfoList] Sub Controller not ready
03-28 11:33:37.108 D/SubscriptionController(  618): [getActiveSubInfoForSubscriber]- subId=2 subList=null subInfo=null
03-28 11:33:37.110 D/SubscriptionController(  618): [getActiveSubInfoList] Sub Controller not ready
03-28 11:33:37.170 D/SubscriptionController(  618): [getPhoneId]- no sims, returning default phoneId=2147483647
03-28 11:33:37.171 D/SubscriptionController(  618): [getPhoneId]- no sims, returning default phoneId=2147483647
03-28 11:33:37.173 D/SubscriptionController(  618): [getActiveSubInfoList] Sub Controller not ready
03-28 11:33:37.173 D/SubscriptionController(  618): [getActiveSubInfoForSubscriber]- subId=2 subList=null subInfo=null
03-28 11:33:37.178 D/SubscriptionController(  618): [getActiveSubInfoList] Sub Controller not ready
03-28 11:33:37.178 D/SubscriptionController(  618): [getActiveSubInfoList] Sub Controller not ready
03-28 11:33:37.178 D/SubscriptionController(  618): [getActiveSubInfoForSubscriber]- subId=2 subList=null subInfo=null
03-28 11:33:37.180 D/SubscriptionController(  618): [getActiveSubInfoList] Sub Controller not ready
03-28 11:33:37.823 I/use-Rlog/RLOG-RIL(  219): ModemController forceAT:0 currentSimStatus:2
03-28 11:33:37.823 D/use-Rlog/RLOG-AT(  219): AT> AT+BMRAT
03-28 11:33:37.824 D/use-Rlog/RLOG-AT(  219): AT< +BMRAT: 1x
03-28 11:33:37.824 D/use-Rlog/RLOG-AT(  219): AT< OK
03-28 11:33:37.825 I/use-Rlog/RLOG-RIL(  219): RequestHandler updateSupportTech supportedTechs:6
03-28 11:33:38.301 D/SubscriptionController(  618): [getSlotId]- subId invalid
03-28 11:33:38.302 D/TelephonyManager(  646): getSimState: default sim:-1, sim state for slotIdx=0 is 6, return state as unknown
03-28 11:33:38.341 D/SubscriptionController(  618): [getPhoneId]- no sims, returning default phoneId=2147483647
03-28 11:33:38.375 D/RILJ    (  618): [3678]> RIL_REQUEST_GET_ACTIVITY_INFO [SUB0]
03-28 11:33:38.825 I/use-Rlog/RLOG-RIL(  219): ModemController forceAT:0 currentSimStatus:2
03-28 11:33:38.825 D/use-Rlog/RLOG-AT(  219): AT> AT+BMRAT
03-28 11:33:38.826 D/use-Rlog/RLOG-AT(  219): AT< +BMRAT: 1x
03-28 11:33:38.826 D/use-Rlog/RLOG-AT(  219): AT< OK
03-28 11:33:38.827 I/use-Rlog/RLOG-RIL(  219): RequestHandler updateSupportTech supportedTechs:6
03-28 11:33:39.160 D/DCT     (  618): [0]hasMatchedTetherApnSetting: APN=null
03-28 11:33:39.162 D/DCT     (  618): [0]hasMatchedTetherApnSetting: APN=null
03-28 11:33:39.163 D/DCT     (  618): [0]hasMatchedTetherApnSetting: APN=null
03-28 11:33:39.164 D/DCT     (  618): [0]hasMatchedTetherApnSetting: APN=null
03-28 11:33:39.827 I/use-Rlog/RLOG-RIL(  219): ModemController forceAT:0 currentSimStatus:2
03-28 11:33:39.827 D/use-Rlog/RLOG-AT(  219): AT> AT+BMRAT
03-28 11:33:39.831 D/use-Rlog/RLOG-AT(  219): AT< +BMRAT: 1x
03-28 11:33:39.831 D/use-Rlog/RLOG-AT(  219): AT< OK
03-28 11:33:39.831 I/use-Rlog/RLOG-RIL(  219): RequestHandler updateSupportTech supportedTechs:6
03-28 11:33:40.344 D/SubscriptionController(  618): [getActiveSubInfoList] Sub Controller not ready
03-28 11:33:40.346 D/SubscriptionController(  618): [getActiveSubInfoList] Sub Controller not ready
03-28 11:33:40.346 D/SubscriptionController(  618): [getActiveSubscriptionInfoForSimSlotIndex]+ subList=null
03-28 11:33:40.346 D/TelephonyManager(  618): getLteOnCdmaMode=0 curVal=-1 product_type='' lteOnCdmaProductType=''
03-28 11:33:40.351 D/Phone   (  618): setPreferredNetworkType: Abort, unknown RAF: 1 642574
03-28 11:33:40.391 D/SubscriptionController(  618): [getActiveSubInfoList] Sub Controller not ready
03-28 11:33:40.401 D/SubscriptionController(  618): [getActiveSubInfoList] Sub Controller not ready
03-28 11:33:40.402 D/SubscriptionController(  618): [getActiveSubscriptionInfoForSimSlotIndex]+ subList=null
03-28 11:33:40.402 D/TelephonyManager(  618): getLteOnCdmaMode=0 curVal=-1 product_type='' lteOnCdmaProductType=''
03-28 11:33:40.408 D/Phone   (  618): setPreferredNetworkType: Abort, unknown RAF: 1 642574
03-28 11:33:40.434 D/use-Rlog/RLOG-AT(  219): AT< ^MODE: 9
03-28 11:33:40.434 D/use-Rlog/RLOG-AT(  219): AT< +CEREG: 1,"333E","1","37F4D32",7
03-28 11:33:40.434 I/use-Rlog/RLOG-RIL(  219): TaskThread_2 event:EVENT_SIM_STATE_CHECK,msg:^MODE: 9
03-28 11:33:40.434 I/use-Rlog/RLOG-RIL(  219): TaskThread_2 event:EVENT_SIM_STATE_CHECK done
03-28 11:33:40.434 I/use-Rlog/RLOG-RIL(  219): TaskThread_2 event:EVENT_UPDATE_SUPPORT_TECH,msg:^MODE: 9
03-28 11:33:40.434 I/use-Rlog/RLOG-RIL(  219): interruptNetCall
03-28 11:33:40.434 I/use-Rlog/RLOG-RIL(  219): ModemController forceAT:0 currentSimStatus:2
03-28 11:33:40.434 D/use-Rlog/RLOG-AT(  219): AT> AT+BMRAT
03-28 11:33:40.434 I/use-Rlog/RLOG-RIL(  219): TaskThread_0 event:EVENT_SIM_STATE_CHECK,msg:+CEREG: 1,"333E","1","37F4D32",7
03-28 11:33:40.434 I/use-Rlog/RLOG-RIL(  219): TaskThread_3 event:EVENT_UPDATE_SUPPORT_TECH,msg:+CEREG: 1,"333E","1","37F4D32",7
03-28 11:33:40.434 D/use-Rlog/RLOG-AT(  219): AT< ^MODE: 2
03-28 11:33:40.434 I/use-Rlog/RLOG-RIL(  219): TaskThread_4 event:EVENT_SIM_STATE_CHECK,msg:^MODE: 2
03-28 11:33:40.437 D/use-Rlog/RLOG-AT(  219): AT< +BMRAT: FDD LTE
03-28 11:33:40.437 D/use-Rlog/RLOG-AT(  219): AT< +BMRAT: 1x
03-28 11:33:40.437 D/use-Rlog/RLOG-AT(  219): AT< OK
03-28 11:33:40.437 I/use-Rlog/RLOG-RIL(  219): RequestHandler updateSupportTech supportedTechs:14
03-28 11:33:40.437 I/use-Rlog/RLOG-RIL(  219): TaskThread_2 event:EVENT_UPDATE_SUPPORT_TECH done
03-28 11:33:40.437 I/use-Rlog/RLOG-RIL(  219): TaskThread_0 event:EVENT_SIM_STATE_CHECK done
03-28 11:33:40.437 I/use-Rlog/RLOG-RIL(  219): ModemController forceAT:0 currentSimStatus:2
03-28 11:33:40.437 I/use-Rlog/RLOG-RIL(  219): TaskThread_2 event:EVENT_UPDATE_SUPPORT_TECH,msg:^MODE: 2
03-28 11:33:40.437 I/use-Rlog/RLOG-RIL(  219): TaskThread_0 event:EVENT_VOICE_NETWORK_STATE_CHANGED,msg:
03-28 11:33:40.437 D/use-Rlog/RLOG-AT(  219): AT> AT+BMRAT
03-28 11:33:40.438 D/use-Rlog/RLOG-AT(  219): AT< +BMRAT: FDD LTE
03-28 11:33:40.438 D/use-Rlog/RLOG-AT(  219): AT< +BMRAT: 1x
03-28 11:33:40.438 D/use-Rlog/RLOG-AT(  219): AT< OK
03-28 11:33:40.438 I/use-Rlog/RLOG-RIL(  219): RequestHandler updateSupportTech supportedTechs:14
03-28 11:33:40.438 I/use-Rlog/RLOG-RIL(  219): TaskThread_3 event:EVENT_UPDATE_SUPPORT_TECH done
03-28 11:33:40.438 I/use-Rlog/RLOG-RIL(  219): TaskThread_4 event:EVENT_SIM_STATE_CHECK done
03-28 11:33:40.438 I/use-Rlog/RLOG-RIL(  219): ModemController forceAT:0 currentSimStatus:2
03-28 11:33:40.439 D/use-Rlog/RLOG-AT(  219): AT> AT+BMRAT
03-28 11:33:40.440 D/use-Rlog/RLOG-AT(  219): AT< +BMRAT: FDD LTE
03-28 11:33:40.440 D/use-Rlog/RLOG-AT(  219): AT< +BMRAT: 1x
03-28 11:33:40.440 D/use-Rlog/RLOG-AT(  219): AT< OK
03-28 11:33:40.440 I/use-Rlog/RLOG-RIL(  219): RequestHandler updateSupportTech supportedTechs:14
03-28 11:33:40.441 I/use-Rlog/RLOG-RIL(  219): TaskThread_2 event:EVENT_UPDATE_SUPPORT_TECH done
03-28 11:33:40.831 I/use-Rlog/RLOG-RIL(  219): ModemController forceAT:0 currentSimStatus:2
03-28 11:33:40.831 D/use-Rlog/RLOG-AT(  219): AT> AT+BMRAT
03-28 11:33:40.832 D/use-Rlog/RLOG-AT(  219): AT< +BMRAT: FDD LTE
03-28 11:33:40.832 D/use-Rlog/RLOG-AT(  219): AT< +BMRAT: 1x
03-28 11:33:40.832 D/use-Rlog/RLOG-AT(  219): AT< OK
03-28 11:33:40.832 I/use-Rlog/RLOG-RIL(  219): RequestHandler updateSupportTech supportedTechs:14
03-28 11:33:40.832 D/use-Rlog/RLOG-AT(  219): AT> AT+CEREG?
03-28 11:33:40.834 D/use-Rlog/RLOG-AT(  219): AT< +CEREG: 2,1,"333E","1","37F4D32",7
03-28 11:33:40.834 D/use-Rlog/RLOG-AT(  219): AT< OK
03-28 11:33:40.834 I/use-Rlog/RLOG-RIL(  219): onRequest :DATA_REGISTRATION_STATE complete
03-28 11:33:40.834 I/use-Rlog/RLOG-RIL(  219): onRequest :VOICE_REGISTRATION_STATE
03-28 11:33:40.834 I/use-Rlog/RLOG-RIL(  219): ModemController forceAT:0 currentSimStatus:2
03-28 11:33:40.834 I/use-Rlog/RLOG-RIL(  219): RequestHandler handleRegistrationState
03-28 11:33:40.834 I/use-Rlog/RLOG-RIL(  219): ModemController forceAT:0 currentSimStatus:2
03-28 11:33:40.834 D/use-Rlog/RLOG-AT(  219): AT> AT^SYSINFO
03-28 11:33:40.834 D/RILJ    (  618): [3659]< DATA_REGISTRATION_STATE {1, 333e, 37f4d32, 14} [SUB0]
03-28 11:33:40.838 D/use-Rlog/RLOG-AT(  219): AT< ^SYSINFO: 2,2,0,9,1
03-28 11:33:40.838 D/use-Rlog/RLOG-AT(  219): AT< ^SYSINFO: 2,3,0,2,1
03-28 11:33:40.838 D/use-Rlog/RLOG-AT(  219): AT< OK
03-28 11:33:40.838 I/use-Rlog/RLOG-RIL(  219): ModemController forceAT:0 currentSimStatus:2
03-28 11:33:40.838 D/use-Rlog/RLOG-AT(  219): AT> AT+BMRAT
03-28 11:33:40.839 D/use-Rlog/RLOG-AT(  219): AT< +BMRAT: FDD LTE
03-28 11:33:40.839 D/use-Rlog/RLOG-AT(  219): AT< +BMRAT: 1x
03-28 11:33:40.839 D/use-Rlog/RLOG-AT(  219): AT< OK
03-28 11:33:40.839 I/use-Rlog/RLOG-RIL(  219): RequestHandler updateSupportTech supportedTechs:14
03-28 11:33:40.839 D/use-Rlog/RLOG-AT(  219): AT> AT+CEREG?
03-28 11:33:40.840 D/use-Rlog/RLOG-AT(  219): AT< +CEREG: 2,1,"333E","1","37F4D32",7
03-28 11:33:40.840 D/use-Rlog/RLOG-AT(  219): AT< OK
03-28 11:33:40.840 I/use-Rlog/RLOG-RIL(  219): onRequest :VOICE_REGISTRATION_STATE complete
03-28 11:33:40.840 I/use-Rlog/RLOG-RIL(  219): onRequest :QUERY_NETWORK_SELECTION_MODE
03-28 11:33:40.840 I/use-Rlog/RLOG-RIL(  219): ModemController forceAT:0 currentSimStatus:2
03-28 11:33:40.840 I/use-Rlog/RLOG-RIL(  219): RequestHandler handleQueryNetworkSelectionMode
03-28 11:33:40.840 D/use-Rlog/RLOG-AT(  219): AT> AT+COPS?
03-28 11:33:40.840 D/RILJ    (  618): [3660]< VOICE_REGISTRATION_STATE {1, 333e, 37f4d32, 14} [SUB0]
03-28 11:33:40.842 D/use-Rlog/RLOG-AT(  219): AT< +COPS: 0,2,"46011",7
03-28 11:33:40.842 D/use-Rlog/RLOG-AT(  219): AT< OK
03-28 11:33:40.843 I/use-Rlog/RLOG-RIL(  219): onRequest :QUERY_NETWORK_SELECTION_MODE complete
03-28 11:33:40.843 I/use-Rlog/RLOG-RIL(  219): onRequest :BASEBAND_VERSION
03-28 11:33:40.843 I/use-Rlog/RLOG-RIL(  219): RequestHandler handleBasebandVersion
03-28 11:33:40.843 I/use-Rlog/RLOG-RIL(  219): Use custom version:USR-G403tf
03-28 11:33:40.843 I/use-Rlog/RLOG-RIL(  219): onRequest :BASEBAND_VERSION complete
03-28 11:33:40.843 D/RILJ    (  618): [3661]< QUERY_NETWORK_SELECTION_MODE {0} [SUB0]
03-28 11:33:40.844 D/RILJ    (  618): [3662]< BASEBAND_VERSION USR-G403tf [SUB0]
03-28 11:33:40.844 D/SST     (  618): EVENT_POLL_STATE_NETWORK_SELECTION_MODE
03-28 11:33:40.844 D/GsmCdmaPhone(  618): [GsmCdmaPhone] Baseband version: USR-G403tf
03-28 11:33:40.845 I/use-Rlog/RLOG-RIL(  219): onRequest :GET_IMEI
03-28 11:33:40.845 I/use-Rlog/RLOG-RIL(  219): RequestHandler handleIMEI
03-28 11:33:40.845 D/use-Rlog/RLOG-AT(  219): AT> AT+GSN
03-28 11:33:40.846 D/use-Rlog/RLOG-AT(  219): AT< 866633031720221
03-28 11:33:40.846 D/use-Rlog/RLOG-AT(  219): AT< OK
03-28 11:33:40.846 I/use-Rlog/RLOG-RIL(  219): onRequest :GET_IMEI complete
03-28 11:33:40.847 I/use-Rlog/RLOG-RIL(  219): onRequest :GET_IMEISV
03-28 11:33:40.847 I/use-Rlog/RLOG-RIL(  219): RequestHandler handleIMEISV
03-28 11:33:40.847 D/use-Rlog/RLOG-AT(  219): AT> AT+GSN
03-28 11:33:40.847 D/RILJ    (  618): [3663]< GET_IMEI  [SUB0]
03-28 11:33:40.848 D/use-Rlog/RLOG-AT(  219): AT< 866633031720221
03-28 11:33:40.848 D/use-Rlog/RLOG-AT(  219): AT< OK
03-28 11:33:40.848 I/use-Rlog/RLOG-RIL(  219): onRequest :GET_IMEISV complete
03-28 11:33:40.848 I/use-Rlog/RLOG-RIL(  219): onRequest :RIL_REQUEST_GET_RADIO_CAPABILITY
03-28 11:33:40.848 I/use-Rlog/RLOG-RIL(  219): RequestHandler handleGetRadioCapability
03-28 11:33:40.848 I/use-Rlog/RLOG-RIL(  219): onRequest :RIL_REQUEST_GET_RADIO_CAPABILITY complete
03-28 11:33:40.848 D/RILJ    (  618): [3664]< GET_IMEISV  [SUB0]
03-28 11:33:40.848 I/use-Rlog/RLOG-RIL(  219): onRequest :<unknown request>
03-28 11:33:40.848 I/use-Rlog/RLOG-RIL(  219): onRequest :<unknown request> complete
03-28 11:33:40.848 I/use-Rlog/RLOG-RIL(  219): onRequest :QUERY_TTY_MODE
03-28 11:33:40.848 I/use-Rlog/RLOG-RIL(  219): onRequest :QUERY_TTY_MODE complete
03-28 11:33:40.848 I/use-Rlog/RLOG-RIL(  219): onRequest :OPERATOR
03-28 11:33:40.848 I/use-Rlog/RLOG-RIL(  219): ModemController forceAT:0 currentSimStatus:2
03-28 11:33:40.849 I/use-Rlog/RLOG-RIL(  219): RequestHandler handleOperator
03-28 11:33:40.849 D/use-Rlog/RLOG-AT(  219): AT> AT+COPS=3,0;+COPS?;+COPS=3,1;+COPS?;+COPS=3,2;+COPS?
03-28 11:33:40.849 D/RILJ    (  618): responseRadioCapability: version= 1, session=0, phase=4, rat=253902, logicModemUuid=, status=1 [SUB0]
03-28 11:33:40.849 D/RILJ    (  618): [3665]< RIL_REQUEST_GET_RADIO_CAPABILITY {mPhoneId = 0 mVersion=1 mSession=0 mPhase=4 mRadioAccessFamily=253902 mLogicModemId= mStatus=1} [SUB0]
03-28 11:33:40.849 D/GsmCdmaPhone(  618): EVENT_GET_RADIO_CAPABILITY: phone rc: {mPhoneId = 0 mVersion=1 mSession=0 mPhase=4 mRadioAccessFamily=253902 mLogicModemId= mStatus=1}
03-28 11:33:40.849 D/RilRequest(  618): [3666]< RIL_REQUEST_START_LCE error: com.android.internal.telephony.CommandException: REQUEST_NOT_SUPPORTED ret=
03-28 11:33:40.849 D/Phone   (  618): config LCE service failed: com.android.internal.telephony.CommandException: REQUEST_NOT_SUPPORTED
03-28 11:33:40.849 D/RilRequest(  618): [3667]< RIL_REQUEST_QUERY_TTY_MODE error: com.android.internal.telephony.CommandException: REQUEST_NOT_SUPPORTED ret=
03-28 11:33:40.854 D/use-Rlog/RLOG-AT(  219): AT< +COPS: 0,0,"China Telecom",7
03-28 11:33:40.854 D/use-Rlog/RLOG-AT(  219): AT< +COPS: 0,1,"TELECOM",7
03-28 11:33:40.854 D/use-Rlog/RLOG-AT(  219): AT< +COPS: 0,2,"46011",7
03-28 11:33:40.854 D/use-Rlog/RLOG-AT(  219): AT< OK
03-28 11:33:40.854 I/use-Rlog/RLOG-RIL(  219): onRequest :OPERATOR complete
03-28 11:33:40.854 I/use-Rlog/RLOG-RIL(  219): onRequest :DATA_REGISTRATION_STATE
03-28 11:33:40.854 I/use-Rlog/RLOG-RIL(  219): ModemController forceAT:0 currentSimStatus:2
03-28 11:33:40.854 I/use-Rlog/RLOG-RIL(  219): RequestHandler handleRegistrationState
03-28 11:33:40.854 I/use-Rlog/RLOG-RIL(  219): ModemController forceAT:0 currentSimStatus:2
03-28 11:33:40.854 D/use-Rlog/RLOG-AT(  219): AT> AT^SYSINFO
03-28 11:33:40.854 D/RILJ    (  618): [3668]< OPERATOR {ChinaTelecom, TELECOM, 46011} [SUB0]
03-28 11:33:40.856 D/use-Rlog/RLOG-AT(  219): AT< ^SYSINFO: 2,2,0,9,1
03-28 11:33:40.856 D/use-Rlog/RLOG-AT(  219): AT< ^SYSINFO: 2,3,0,2,1
03-28 11:33:40.856 D/use-Rlog/RLOG-AT(  219): AT< OK
03-28 11:33:40.856 I/use-Rlog/RLOG-RIL(  219): ModemController forceAT:0 currentSimStatus:2
03-28 11:33:40.856 D/use-Rlog/RLOG-AT(  219): AT> AT+BMRAT
03-28 11:33:40.856 I/use-Rlog/RLOG-RIL(  219): TaskThread_3 event:EVENT_STOP_PS_CHECK,msg:
03-28 11:33:40.857 D/use-Rlog/RLOG-AT(  219): AT< +BMRAT: FDD LTE
03-28 11:33:40.857 D/use-Rlog/RLOG-AT(  219): AT< +BMRAT: 1x
03-28 11:33:40.857 D/use-Rlog/RLOG-AT(  219): AT< OK
03-28 11:33:40.857 I/use-Rlog/RLOG-RIL(  219): RequestHandler updateSupportTech supportedTechs:14
03-28 11:33:40.857 D/use-Rlog/RLOG-AT(  219): AT> AT+CEREG?
03-28 11:33:40.858 D/use-Rlog/RLOG-AT(  219): AT< +CEREG: 2,1,"333E","1","37F4D32",7
03-28 11:33:40.858 D/use-Rlog/RLOG-AT(  219): AT< OK
03-28 11:33:40.858 I/use-Rlog/RLOG-RIL(  219): onRequest :DATA_REGISTRATION_STATE complete
03-28 11:33:40.858 I/use-Rlog/RLOG-RIL(  219): onRequest :VOICE_REGISTRATION_STATE
03-28 11:33:40.858 I/use-Rlog/RLOG-RIL(  219): ModemController forceAT:0 currentSimStatus:2
03-28 11:33:40.858 I/use-Rlog/RLOG-RIL(  219): RequestHandler handleRegistrationState
03-28 11:33:40.858 I/use-Rlog/RLOG-RIL(  219): ModemController forceAT:0 currentSimStatus:2
03-28 11:33:40.858 D/use-Rlog/RLOG-AT(  219): AT> AT^SYSINFO
03-28 11:33:40.859 D/RILJ    (  618): [3669]< DATA_REGISTRATION_STATE {1, 333e, 37f4d32, 14} [SUB0]
03-28 11:33:40.859 D/SST     (  618): handlPollStateResultMessage: GsmSST setDataRegState=0 regState=1 dataRadioTechnology=14
03-28 11:33:40.861 D/use-Rlog/RLOG-AT(  219): AT< ^SYSINFO: 2,2,0,9,1
03-28 11:33:40.861 D/use-Rlog/RLOG-AT(  219): AT< ^SYSINFO: 2,3,0,2,1
03-28 11:33:40.861 D/use-Rlog/RLOG-AT(  219): AT< OK
03-28 11:33:40.861 I/use-Rlog/RLOG-RIL(  219): ModemController forceAT:0 currentSimStatus:2
03-28 11:33:40.861 D/use-Rlog/RLOG-AT(  219): AT> AT+BMRAT
03-28 11:33:40.863 D/use-Rlog/RLOG-AT(  219): AT< +BMRAT: FDD LTE
03-28 11:33:40.863 D/use-Rlog/RLOG-AT(  219): AT< +BMRAT: 1x
03-28 11:33:40.863 D/use-Rlog/RLOG-AT(  219): AT< OK
03-28 11:33:40.863 I/use-Rlog/RLOG-RIL(  219): RequestHandler updateSupportTech supportedTechs:14
03-28 11:33:40.863 D/use-Rlog/RLOG-AT(  219): AT> AT+CEREG?
03-28 11:33:40.864 D/use-Rlog/RLOG-AT(  219): AT< +CEREG: 2,1,"333E","1","37F4D32",7
03-28 11:33:40.864 D/use-Rlog/RLOG-AT(  219): AT< OK
03-28 11:33:40.864 I/use-Rlog/RLOG-RIL(  219): onRequest :VOICE_REGISTRATION_STATE complete
03-28 11:33:40.865 I/use-Rlog/RLOG-RIL(  219): onRequest :QUERY_NETWORK_SELECTION_MODE
03-28 11:33:40.865 I/use-Rlog/RLOG-RIL(  219): ModemController forceAT:0 currentSimStatus:2
03-28 11:33:40.865 I/use-Rlog/RLOG-RIL(  219): RequestHandler handleQueryNetworkSelectionMode
03-28 11:33:40.865 D/RILJ    (  618): [3670]< VOICE_REGISTRATION_STATE {1, 333e, 37f4d32, 14} [SUB0]
03-28 11:33:40.865 D/use-Rlog/RLOG-AT(  219): AT> AT+COPS?
03-28 11:33:40.867 D/use-Rlog/RLOG-AT(  219): AT< +COPS: 0,2,"46011",7
03-28 11:33:40.868 D/use-Rlog/RLOG-AT(  219): AT< OK
03-28 11:33:40.868 I/use-Rlog/RLOG-RIL(  219): onRequest :QUERY_NETWORK_SELECTION_MODE complete
03-28 11:33:40.868 I/use-Rlog/RLOG-RIL(  219): onRequest :GET_SIM_STATUS
03-28 11:33:40.868 I/use-Rlog/RLOG-RIL(  219): RequestHandler handleSIMStatus
03-28 11:33:40.868 I/use-Rlog/RLOG-RIL(  219): ModemController forceAT:0 currentSimStatus:2
03-28 11:33:40.868 I/use-Rlog/RLOG-RIL(  219): onRequest :GET_SIM_STATUS complete
03-28 11:33:40.868 I/use-Rlog/RLOG-RIL(  219): onRequest :GET_CURRENT_CALLS
03-28 11:33:40.868 D/RILJ    (  618): [3671]< QUERY_NETWORK_SELECTION_MODE {0} [SUB0]
03-28 11:33:40.868 I/use-Rlog/RLOG-RIL(  219): ModemController forceAT:0 currentSimStatus:2
03-28 11:33:40.868 I/use-Rlog/RLOG-RIL(  219): RequestHandler handleCurrentCalls
03-28 11:33:40.868 I/use-Rlog/RLOG-RIL(  219): ModemController forceAT:0 currentSimStatus:2
03-28 11:33:40.868 D/use-Rlog/RLOG-AT(  219): AT> AT+CLCC
03-28 11:33:40.869 D/SST     (  618): EVENT_POLL_STATE_NETWORK_SELECTION_MODE
03-28 11:33:40.869 D/SST     (  618): useDataRegStateForDataOnlyDevice: VoiceRegState=0 DataRegState=0
03-28 11:33:40.870 D/SST     (  618): Poll ServiceState done:  oldSS=[1 1 voice home data home null null null null null null  Unknown Unknown CSS not supported -1 -1 RoamInd=-1 DefRoamInd=-1 EmergOnly=false IsDataRoamingFromRegistration=false IsUsingCarrierAggregation=false] newSS=[0 0 voice home data home ChinaTelecom TELECOM 46011 ChinaTelecom TELECOM 46011  LTE LTE CSS not supported -1 -1 RoamInd=-1 DefRoamInd=-1 EmergOnly=false IsDataRoamingFromRegistration=false IsUsingCarrierAggregation=false] oldMaxDataCalls=1 mNewMaxDataCalls=1 oldReasonDataDenied=-1 mNewReasonDataDenied=-1
03-28 11:33:40.870 D/RILJ    (  618): [3672]< GET_SIM_STATUS IccCardState {CARDSTATE_PRESENT,PINSTATE_UNKNOWN,num_apps=1,gsm_id=0{APPTYPE_SIM,APPSTATE_READY},cdma_id=-1,ims_id=-1} [SUB0]
03-28 11:33:40.870 D/SST     (  618): RAT switched Unknown -> LTE at cell 58674482
03-28 11:33:40.870 D/GsmCdmaPhone(  618): [GsmCdmaPhone] updatePhoneObject: radioTechnology=14
03-28 11:33:40.870 D/TelephonyManager(  618): setTelephonyProperty: success phoneId=0 property=gsm.network.type value: LTE propVal=LTE
03-28 11:33:40.870 D/SST     (  618): pollStateDone: registering current mNitzUpdatedTime=false changing to false
03-28 11:33:40.870 D/use-Rlog/RLOG-AT(  219): AT< +CLCC: 1,1,0,1,0,"",128
03-28 11:33:40.870 D/use-Rlog/RLOG-AT(  219): AT< OK
03-28 11:33:40.871 I/use-Rlog/RLOG-RIL(  219): onRequest :GET_CURRENT_CALLS complete
03-28 11:33:40.871 I/use-Rlog/RLOG-RIL(  219): onRequest :IMS_REGISTRATION_STATE
03-28 11:33:40.871 I/use-Rlog/RLOG-RIL(  219): onRequest :IMS_REGISTRATION_STATE complete
03-28 11:33:40.871 I/use-Rlog/RLOG-RIL(  219): onRequest :CDMA_GET_SUBSCRIPTION_SOURCE
03-28 11:33:40.871 I/use-Rlog/RLOG-RIL(  219): onRequest :CDMA_GET_SUBSCRIPTION_SOURCE complete
03-28 11:33:40.871 I/use-Rlog/RLOG-RIL(  219): onRequest :VOICE_RADIO_TECH
03-28 11:33:40.871 I/use-Rlog/RLOG-RIL(  219): ModemController forceAT:0 currentSimStatus:2
03-28 11:33:40.871 I/use-Rlog/RLOG-RIL(  219): RequestHandler getReportRadioTect:14
03-28 11:33:40.871 I/use-Rlog/RLOG-RIL(  219): handleVoidRadioTech tech:14
03-28 11:33:40.871 D/SST     (  618): updateSpnDisplay: changed sending intent rule=0 showPlmn='false' plmn='ChinaTelecom' showSpn='false' spn='' dataSpn='' subId='-2'
03-28 11:33:40.871 I/use-Rlog/RLOG-RIL(  219): onRequest :VOICE_RADIO_TECH complete
03-28 11:33:40.871 I/use-Rlog/RLOG-RIL(  219): onRequest :GET_SIM_STATUS
03-28 11:33:40.871 I/use-Rlog/RLOG-RIL(  219): RequestHandler handleSIMStatus
03-28 11:33:40.871 I/use-Rlog/RLOG-RIL(  219): ModemController forceAT:0 currentSimStatus:2
03-28 11:33:40.871 I/use-Rlog/RLOG-RIL(  219): onRequest :GET_SIM_STATUS complete
03-28 11:33:40.871 I/use-Rlog/RLOG-RIL(  219): onRequest :<unknown request>
03-28 11:33:40.871 I/use-Rlog/RLOG-RIL(  219): onRequest :<unknown request> complete
03-28 11:33:40.871 D/RILJ    (  618): [3673]< GET_CURRENT_CALLS {} [SUB0]
03-28 11:33:40.872 D/RilRequest(  618): [3674]< RIL_REQUEST_IMS_REGISTRATION_STATE error: com.android.internal.telephony.CommandException: REQUEST_NOT_SUPPORTED ret=
03-28 11:33:40.872 D/RilRequest(  618): [3675]< RIL_REQUEST_CDMA_GET_SUBSCRIPTION_SOURCE error: com.android.internal.telephony.CommandException: REQUEST_NOT_SUPPORTED ret=
03-28 11:33:40.872 D/SubscriptionController(  618): [setPlmnSpn] No valid subscription to store info
03-28 11:33:40.872 D/RILJ    (  618): [3676]< RIL_REQUEST_VOICE_RADIO_TECH {14} [SUB0]
03-28 11:33:40.872 D/RILJ    (  618): [3677]< GET_SIM_STATUS IccCardState {CARDSTATE_PRESENT,PINSTATE_UNKNOWN,num_apps=1,gsm_id=0{APPTYPE_SIM,APPSTATE_READY},cdma_id=-1,ims_id=-1} [SUB0]
03-28 11:33:40.872 D/SubscriptionController(  618): notifySubscriptionInfoChanged:
03-28 11:33:40.874 D/TelephonyManager(  618): setTelephonyProperty: success phoneId=0 property=gsm.operator.alpha value: ChinaTelecom propVal=ChinaTelecom
03-28 11:33:40.875 D/TelephonyManager(  618): setTelephonyProperty: success phoneId=0 property=gsm.operator.numeric value: 46011 propVal=46011
03-28 11:33:40.875 W/RILJ    (  618): Unexpected solicited response! sn: 30 error: 6
03-28 11:33:40.875 D/SST     (  618): update mccmnc=46011 fromServiceState=true
03-28 11:33:40.876 D/SubscriptionController(  618): [getActiveSubInfoList] Sub Controller not ready
03-28 11:33:40.876 D/SubscriptionController(  618): [getPhoneId]- no sims, returning default phoneId=2147483647
03-28 11:33:40.877 D/SubscriptionController(  618): [getPhoneId]- no sims, returning default phoneId=2147483647
03-28 11:33:40.879 D/SubscriptionController(  618): [getActiveSubInfoList] Sub Controller not ready
03-28 11:33:40.880 D/TelephonyManager(  618): setTelephonyProperty: success phoneId=0 property=gsm.operator.iso-country value: cn propVal=cn
03-28 11:33:40.882 D/SubscriptionController(  618): [getActiveSubInfoList] Sub Controller not ready
03-28 11:33:40.883 D/SubscriptionController(  618): [getActiveSubInfoForSubscriber]- subId=2 subList=null subInfo=null
03-28 11:33:40.885 D/SubscriptionController(  618): [getActiveSubInfoList] Sub Controller not ready
03-28 11:33:40.886 D/SST     (  618): pollStateDone: there are 2 unique offsets for iso-cc='cn testOneUniqueOffsetPath=false', do nothing
03-28 11:33:40.886 D/SST     (  618): shouldFixTimeZoneNow: retVal=false iccCardExist=false operatorNumeric=46011 mcc=460 prevOperatorNumeric= prevMcc=461 needToFixTimeZone=false ltod=03-28 11:33:40.886
03-28 11:33:40.886 D/TelephonyManager(  618): setTelephonyProperty: success phoneId=0 property=gsm.operator.isroaming value: false propVal=false
03-28 11:33:40.887 D/SST     (  618): Broadcasting ServiceState : 0 0 voice home data home ChinaTelecom TELECOM 46011 ChinaTelecom TELECOM 46011  LTE LTE CSS not supported -1 -1 RoamInd=-1 DefRoamInd=-1 EmergOnly=false IsDataRoamingFromRegistration=false IsUsingCarrierAggregation=false
03-28 11:33:40.887 D/DefaultPhoneNotifier(  618): nofityServiceState: mRegistry=com.android.internal.telephony.ITelephonyRegistry$Stub$Proxy@c9d75d ss=0 0 voice home data home ChinaTelecom TELECOM 46011 ChinaTelecom TELECOM 46011  LTE LTE CSS not supported -1 -1 RoamInd=-1 DefRoamInd=-1 EmergOnly=false IsDataRoamingFromRegistration=false IsUsingCarrierAggregation=false sender=Handler (com.android.internal.telephony.GsmCdmaPhone) {15c38a5} phondId=0 subId=-2
03-28 11:33:40.888 D/SubscriptionController(  618): [getSlotId]- subId invalid
03-28 11:33:40.889 D/TelephonyManager(  432): getSimState: default sim:-1, sim state for slotIdx=0 is 6, return state as unknown
03-28 11:33:40.890 D/SST     (  618): notifyDataRegStateRilRadioTechnologyChanged: drs=0 rat=14
03-28 11:33:40.890 D/TelephonyManager(  618): setTelephonyProperty: success phoneId=0 property=gsm.network.type value: LTE propVal=LTE
03-28 11:33:40.891 D/DCT     (  618): [0]get all active apn types
03-28 11:33:40.891 D/SST     (  618): getCellLocation(): X good mCellLoc=[13118,58674482,-1]
03-28 11:33:40.891 D/TelephonyRegistry(  432): notifyCellLocationForSubscriber: subId=-2 cellLocation=Bundle[mParcelledData.dataSize=64]
03-28 11:33:40.891 D/UiccController(  618): Received EVENT_GET_ICC_STATUS_DONE
03-28 11:33:40.892 D/UiccCard(  618): 1 applications
03-28 11:33:40.892 D/UiccCardApplication(  618): Creating UiccApp: {APPTYPE_SIM,APPSTATE_READY}
03-28 11:33:40.894 W/VoiceMailConstants(  618): Can't open /system/etc/voicemail-conf.xml
03-28 11:33:40.895 D/SpnOverride(  618): No SPN in OEM image = /oem/telephony/spn-conf.xml Load SPN from system image
03-28 11:33:40.914 D/SIMRecords(  618): [SIMRecords] setting0 mMncLength-1
03-28 11:33:40.914 D/SIMRecords(  618): [SIMRecords] SIMRecords: onRadioOffOrNotAvailable set 'gsm.sim.operator.numeric' to operator=null
03-28 11:33:40.914 D/SIMRecords(  618): [SIMRecords] update icc_operator_numeric=null
03-28 11:33:40.914 D/TelephonyManager(  618): setTelephonyProperty: success phoneId=0 property=gsm.sim.operator.numeric value:  propVal=
03-28 11:33:40.914 D/TelephonyManager(  618): setTelephonyProperty: success phoneId=0 property=gsm.sim.operator.alpha value:  propVal=
03-28 11:33:40.915 D/TelephonyManager(  618): setTelephonyProperty: success phoneId=0 property=gsm.sim.operator.iso-country value:  propVal=
03-28 11:33:40.915 D/UiccCardApplication(  618): Notifying 1 registrant: READY
03-28 11:33:40.916 D/SIMRecords(  618): [SIMRecords] getOperatorNumeric: IMSI == null
03-28 11:33:40.916 D/SIMRecords(  618): [SIMRecords] SIMRecords X ctor this=SimRecords: mDestroyed=false mContext=com.android.phone.PhoneGlobals@f08304c mCi=com.android.internal.telephony.RIL@1abdd79 mFh=Handler (com.android.internal.telephony.uicc.SIMFileHandler) {bfbe895} mParentApp=com.android.internal.telephony.uicc.UiccCardApplication@35d9daa recordsLoadedRegistrants=android.os.RegistrantList@621d9b mImsiReadyRegistrants=android.os.RegistrantList@fae0538 mRecordsEventsRegistrants=android.os.RegistrantList@3ff7911 mNewSmsRegistrants=android.os.RegistrantList@ecfea76 mNetworkSelectionModeAutomaticRegistrants=android.os.RegistrantList@53af877 recordsToLoad=0 adnCache=Handler (com.android.internal.telephony.uicc.AdnRecordCache) {4da3ce4} recordsRequested=false iccid=null msisdnTag=null voiceMailNum=null voiceMailTag=null voiceMailNum=null newVoiceMailTag=null isVoiceMailFixed=false mImsi=null mncLength=-1 mailboxIndex=0 spn=null mVmConfigcom.android.internal.telephony.uicc.VoiceMailConstants@bd1954d mSpnOverride=mSpnOverride callForwardingEnabled=0 spnState=null mCphsInfo=null mCspPlmnEnabled=true efMWIS=null efCPHS_MWI=null mEfCff=null mEfCfis=null getOperatorNumeric=null
03-28 11:33:40.918 D/RILJ    (  618): [3679]> QUERY_FACILITY_LOCK [FD 7 null] [SUB0]
03-28 11:33:40.918 D/RILJ    (  618): [3680]> QUERY_FACILITY_LOCK [SC 7 null] [SUB0]
03-28 11:33:40.920 I/use-Rlog/RLOG-RIL(  219): onRequest :QUERY_FACILITY_LOCK
03-28 11:33:40.920 I/use-Rlog/RLOG-RIL(  219): ModemController forceAT:0 currentSimStatus:2
03-28 11:33:40.920 I/use-Rlog/RLOG-RIL(  219): RequestHandler handleQueryFacilityLock
03-28 11:33:40.920 I/use-Rlog/RLOG-RIL(  219): onRequest :QUERY_FACILITY_LOCK complete
03-28 11:33:40.920 I/use-Rlog/RLOG-RIL(  219): onRequest :QUERY_FACILITY_LOCK
03-28 11:33:40.920 I/use-Rlog/RLOG-RIL(  219): ModemController forceAT:0 currentSimStatus:2
03-28 11:33:40.920 I/use-Rlog/RLOG-RIL(  219): RequestHandler handleQueryFacilityLock
03-28 11:33:40.920 I/use-Rlog/RLOG-RIL(  219): onRequest :QUERY_FACILITY_LOCK complete
03-28 11:33:40.920 D/RILJ    (  618): [3679]< QUERY_FACILITY_LOCK {0} [SUB0]
03-28 11:33:40.921 D/RILJ    (  618): [3680]< QUERY_FACILITY_LOCK {0} [SUB0]
03-28 11:33:40.922 D/CAT     (  618): CatService: registerForRecordsLoaded slotid=0 instance:Handler (com.android.internal.telephony.cat.CatService) {fe27f6f}
03-28 11:33:40.923 D/CAT     (  618): CatService: Running CAT service on Slotid: 0. STK app installed:false
03-28 11:33:40.923 D/UiccCard(  618): Before privilege rules: null : CARDSTATE_PRESENT
03-28 11:33:40.923 D/RILJ    (  618): [3681]> RIL_REQUEST_SIM_OPEN_CHANNEL [SUB0]
03-28 11:33:40.924 D/UiccCard(  618): update: radioState=RADIO_ON mLastRadioState=RADIO_UNAVAILABLE
03-28 11:33:40.924 D/UiccController(  618): Notifying IccChangedRegistrants
03-28 11:33:40.924 I/use-Rlog/RLOG-RIL(  219): onRequest :SIM_OPEN_CHANNEL
03-28 11:33:40.924 I/use-Rlog/RLOG-RIL(  219): onRequest :SIM_OPEN_CHANNEL complete
03-28 11:33:40.925 D/RilRequest(  618): [3681]< RIL_REQUEST_SIM_OPEN_CHANNEL error: com.android.internal.telephony.CommandException: REQUEST_NOT_SUPPORTED ret=
03-28 11:33:40.930 D/GsmCdmaPhone(  618): [GsmCdmaPhone] phoneObjectUpdater: newVoiceRadioTech=14
03-28 11:33:40.930 D/GsmCdmaPhone(  618): [GsmCdmaPhone] phoneObjectUpdater: volteReplacementRat=0
03-28 11:33:40.930 D/TelephonyManager(  618): getLteOnCdmaMode=0 curVal=-1 product_type='' lteOnCdmaProductType=''
03-28 11:33:40.930 D/GsmCdmaPhone(  618): [GsmCdmaPhone] phoneObjectUpdater: No change ignore, newVoiceRadioTech=14 mActivePhone=GSM
03-28 11:33:40.931 D/GsmCdmaPhone(  618): [GsmCdmaPhone] Event EVENT_REGISTERED_TO_NETWORK Received
03-28 11:33:40.931 D/GsmCdmaCallTracker(  618): Event EVENT_POLL_CALLS_RESULT Received
03-28 11:33:40.931 D/GsmCdmaCallTracker(  618): [GsmCdmaCallTracker] update phone state, old=IDLE new=IDLE
03-28 11:33:40.931 E/RIL_ImsSms(  618): IMS State query failed with exp com.android.internal.telephony.CommandException: REQUEST_NOT_SUPPORTED
03-28 11:33:40.931 D/CdmaSSM (  618): CDMA_SUBSCRIPTION_SOURCE event = 2
03-28 11:33:40.931 W/CdmaSSM (  618): Unable to get CDMA Subscription Source, Exception: com.android.internal.telephony.CommandException: REQUEST_NOT_SUPPORTED, result: null
03-28 11:33:40.931 D/GsmCdmaPhone(  618): [GsmCdmaPhone] EVENT_REQUEST_VOICE_RADIO_TECH_DONE: newVoiceTech=14
03-28 11:33:40.931 D/GsmCdmaPhone(  618): [GsmCdmaPhone] phoneObjectUpdater: newVoiceRadioTech=14
03-28 11:33:40.932 D/GsmCdmaPhone(  618): [GsmCdmaPhone] phoneObjectUpdater: volteReplacementRat=0
03-28 11:33:40.932 D/TelephonyManager(  618): getLteOnCdmaMode=0 curVal=-1 product_type='' lteOnCdmaProductType=''
03-28 11:33:40.932 D/GsmCdmaPhone(  618): [GsmCdmaPhone] phoneObjectUpdater: No change ignore, newVoiceRadioTech=14 mActivePhone=GSM
03-28 11:33:40.932 D/UiccController(  618): Received EVENT_GET_ICC_STATUS_DONE
03-28 11:33:40.932 D/UiccCard(  618): 1 applications
03-28 11:33:40.932 D/UiccCardApplication(  618): APPTYPE_SIM update. New {APPTYPE_SIM,APPSTATE_READY}
03-28 11:33:40.932 D/UiccCard(  618): Before privilege rules: Handler (com.android.internal.telephony.uicc.UiccCarrierPrivilegeRules) {51e447c} : CARDSTATE_PRESENT
03-28 11:33:40.932 D/UiccCard(  618): update: radioState=RADIO_ON mLastRadioState=RADIO_ON
03-28 11:33:40.932 D/UiccController(  618): Notifying IccChangedRegistrants
03-28 11:33:40.933 D/SubscriptionController(  618): [getActiveSubInfoList] Sub Controller not ready
03-28 11:33:40.933 D/SubscriptionController(  618): [getActiveSubInfoList] Sub Controller not ready
03-28 11:33:40.944 D/SubscriptionController(  618): [getActiveSubInfoList] Sub Controller not ready
03-28 11:33:40.945 D/SubscriptionController(  618): [getActiveSubInfoList] Sub Controller not ready
03-28 11:33:40.946 D/SubscriptionController(  618): [getActiveSubscriptionInfoForSimSlotIndex]+ subList=null
03-28 11:33:40.946 D/TelephonyManager(  618): getLteOnCdmaMode=0 curVal=-1 product_type='' lteOnCdmaProductType=''
03-28 11:33:40.948 D/Phone   (  618): setPreferredNetworkType: networkType = 9 modemRaf = 253902 rafFromType = 642574 filteredType = 9
03-28 11:33:40.948 D/RILJ    (  618): [3682]> REQUEST_SET_PREFERRED_NETWORK_TYPE : 9 [SUB0]
03-28 11:33:40.950 I/use-Rlog/RLOG-RIL(  219): onRequest :SET_PREFERRED_NETWORK_TYPE
03-28 11:33:40.950 I/use-Rlog/RLOG-RIL(  219): ModemController forceAT:0 currentSimStatus:2
03-28 11:33:40.950 I/use-Rlog/RLOG-RIL(  219): RequestHandler handleSetPreferredNetworkType setmode:9
03-28 11:33:40.950 D/use-Rlog/RLOG-AT(  219): AT> AT+BMMODODR?
03-28 11:33:40.951 D/SST     (  618): SubscriptionListener.onSubscriptionInfoChanged
03-28 11:33:40.951 D/DCT     (  618): [0]SubscriptionListener.onSubscriptionInfoChanged
03-28 11:33:40.951 D/use-Rlog/RLOG-AT(  219): AT< +BMMODODR: 11
03-28 11:33:40.951 D/use-Rlog/RLOG-AT(  219): AT< OK
03-28 11:33:40.951 I/use-Rlog/RLOG-RIL(  219): onRequest :SET_PREFERRED_NETWORK_TYPE complete
03-28 11:33:40.952 D/RILJ    (  618): [3682]< REQUEST_SET_PREFERRED_NETWORK_TYPE  [SUB0]
03-28 11:33:40.953 D/DCT     (  618): [0]onDataConnectionAttached
03-28 11:33:40.954 D/DCT     (  618): [0]isDataAllowed: No - SIM not loaded
03-28 11:33:40.972 D/DCT     (  618): [0]setupDataOnConnectableApns: dataAttached emergency:[state=IDLE,enabled=false] hipri:[state=IDLE,enabled=false] supl:[state=IDLE,enabled=false] mms:[state=IDLE,enabled=false] dun:[state=IDLE,enabled=false] fota:[state=IDLE,enabled=false] ims:[state=IDLE,enabled=false] default:[state=IDLE,enabled=false] cbs:[state=IDLE,enabled=false] 
03-28 11:33:40.972 D/DCT     (  618): [0]setupDataOnConnectableApns: nwTypeChanged emergency:[state=IDLE,enabled=false] hipri:[state=IDLE,enabled=false] supl:[state=IDLE,enabled=false] mms:[state=IDLE,enabled=false] dun:[state=IDLE,enabled=false] fota:[state=IDLE,enabled=false] ims:[state=IDLE,enabled=false] default:[state=IDLE,enabled=false] cbs:[state=IDLE,enabled=false] 
03-28 11:33:40.972 D/SIMRecords(  618): [SIMRecords] fetchSimRecords 0
03-28 11:33:40.972 D/RILJ    (  618): [3683]> getIMSI: GET_IMSI aid: null [SUB0]
03-28 11:33:40.973 D/RILJ    (  618): [3684]> iccIO: SIM_IO 0xc0 0x2fe2  path: 3F00,0,0,15 aid: null [SUB0]
03-28 11:33:40.973 I/use-Rlog/RLOG-RIL(  219): onRequest :GET_IMSI
03-28 11:33:40.973 I/use-Rlog/RLOG-RIL(  219): ModemController forceAT:0 currentSimStatus:2
03-28 11:33:40.973 I/use-Rlog/RLOG-RIL(  219): RequestHandler handleIMSI
03-28 11:33:40.973 D/use-Rlog/RLOG-AT(  219): AT> AT+CIMI
03-28 11:33:40.974 D/RILJ    (  618): [3685]> iccIO: SIM_IO 0xc0 0x6f40  path: 3F007F10,0,0,15 aid: null [SUB0]
03-28 11:33:40.974 D/RILJ    (  618): [3686]> iccIO: SIM_IO 0xc0 0x6fc9  path: 3F007F20,0,0,15 aid: null [SUB0]
03-28 11:33:40.975 D/use-Rlog/RLOG-AT(  219): AT< 460110320050486
03-28 11:33:40.975 D/use-Rlog/RLOG-AT(  219): AT< OK
03-28 11:33:40.975 D/RILJ    (  618): [3687]> iccIO: SIM_IO 0xc0 0x6fad  path: 3F007F20,0,0,15 aid: null [SUB0]
03-28 11:33:40.975 I/use-Rlog/RLOG-RIL(  219): onRequest :GET_IMSI complete
03-28 11:33:40.975 I/use-Rlog/RLOG-RIL(  219): onRequest :SIM_IO
03-28 11:33:40.975 I/use-Rlog/RLOG-RIL(  219): ModemController forceAT:0 currentSimStatus:2
03-28 11:33:40.975 I/use-Rlog/RLOG-RIL(  219): RequestHandler handleSIM_IO
03-28 11:33:40.975 D/RILJ    (  618): [3688]> iccIO: SIM_IO 0xc0 0x6fca  path: 3F007F20,0,0,15 aid: null [SUB0]
03-28 11:33:40.976 D/use-Rlog/RLOG-AT(  219): AT> AT+CRSM=192,12258,0,0,0
03-28 11:33:40.976 D/RILJ    (  618): [3683]< GET_IMSI  [SUB0]
03-28 11:33:40.976 D/RILJ    (  618): [3689]> iccIO: SIM_IO 0xc0 0x6f11  path: 3F007F20,0,0,15 aid: null [SUB0]
03-28 11:33:40.977 D/RILJ    (  618): [3690]> iccIO: SIM_IO 0xc0 0x6fcb  path: 3F007F20,0,0,15 aid: null [SUB0]
03-28 11:33:40.977 D/RILJ    (  618): [3691]> iccIO: SIM_IO 0xc0 0x6f13  path: 3F007F20,0,0,15 aid: null [SUB0]
03-28 11:33:40.978 D/RILJ    (  618): [3692]> iccIO: SIM_IO 0xc0 0x6f46  path: 3F007F20,0,0,15 aid: null [SUB0]
03-28 11:33:40.978 D/RILJ    (  618): [3693]> iccIO: SIM_IO 0xc0 0x6fcd  path: 3F007F20,0,0,15 aid: null [SUB0]
03-28 11:33:40.979 D/RILJ    (  618): [3694]> iccIO: SIM_IO 0xc0 0x6fc5  path: 3F007F20,0,0,15 aid: null [SUB0]
03-28 11:33:40.979 D/RILJ    (  618): [3695]> iccIO: SIM_IO 0xc0 0x6f38  path: 3F007F20,0,0,15 aid: null [SUB0]
03-28 11:33:40.979 D/RILJ    (  618): [3696]> iccIO: SIM_IO 0xc0 0x6f16  path: 3F007F20,0,0,15 aid: null [SUB0]
03-28 11:33:40.980 D/RILJ    (  618): [3697]> iccIO: SIM_IO 0xc0 0x6f15  path: 3F007F20,0,0,15 aid: null [SUB0]
03-28 11:33:40.980 D/RILJ    (  618): [3698]> iccIO: SIM_IO 0xc0 0x6f3e  path: 3F007F20,0,0,15 aid: null [SUB0]
03-28 11:33:40.981 D/RILJ    (  618): [3699]> iccIO: SIM_IO 0xc0 0x6f3f  path: 3F007F20,0,0,15 aid: null [SUB0]
03-28 11:33:40.981 E/SIMFileHandler(  618): Error: EF Path being returned in null
03-28 11:33:40.981 D/RILJ    (  618): [3700]> iccIO: SIM_IO 0xc0 0x6f60  path: null,0,0,15 aid: null [SUB0]
03-28 11:33:40.982 E/SIMFileHandler(  618): Error: EF Path being returned in null
03-28 11:33:40.982 D/RILJ    (  618): [3701]> iccIO: SIM_IO 0xc0 0x6f61  path: null,0,0,15 aid: null [SUB0]
03-28 11:33:40.982 E/SIMFileHandler(  618): Error: EF Path being returned in null
03-28 11:33:40.982 D/RILJ    (  618): [3702]> iccIO: SIM_IO 0xc0 0x6f62  path: null,0,0,15 aid: null [SUB0]
03-28 11:33:40.982 E/SIMFileHandler(  618): Error: EF Path being returned in null
03-28 11:33:40.983 D/RILJ    (  618): [3703]> iccIO: SIM_IO 0xc0 0x6fd9  path: null,0,0,15 aid: null [SUB0]
03-28 11:33:40.983 E/SIMFileHandler(  618): Error: EF Path being returned in null
03-28 11:33:40.983 D/RILJ    (  618): [3704]> iccIO: SIM_IO 0xc0 0x6f7b  path: null,0,0,15 aid: null [SUB0]
03-28 11:33:40.983 D/SIMRecords(  618): [SIMRecords] fetchSimRecords 18 requested: true
03-28 11:33:40.984 D/UiccCardApplication(  618): Query facility FDN : FDN service available: true enabled: false
03-28 11:33:40.984 D/UiccCardApplication(  618): Query facility lock : 0
03-28 11:33:40.984 D/UiccCardApplication(  618): Ignoring: pin1state=PINSTATE_UNKNOWN
03-28 11:33:40.984 D/CAT     (  618): CatService: handleMessage[8]
03-28 11:33:40.984 D/CAT     (  618): CatService: MSG_ID_ICC_CHANGED
03-28 11:33:40.984 D/CAT     (  618): CatService: New Card State = CARDSTATE_PRESENT Old Card State = CARDSTATE_ABSENT
03-28 11:33:40.984 D/RILJ    (  618): [3705]> RIL_REQUEST_REPORT_STK_SERVICE_IS_RUNNING [SUB0]
03-28 11:33:40.984 D/GsmCdmaPhone(  618): [GsmCdmaPhone] New Uicc application found. type = APPTYPE_SIM
03-28 11:33:40.984 D/GsmSMSDispatcher(  618): GsmSMSDispatcher: subId = -2 slotId = 0
03-28 11:33:40.984 D/GsmSMSDispatcher(  618): New Uicc application found
03-28 11:33:40.984 D/IccCardProxy(  618): Icc changed. Reregestering.
03-28 11:33:40.984 D/UiccCardApplication(  618): Notifying 1 registrant: READY
03-28 11:33:40.985 E/IccCardProxy(  618): setExternalState: set mPhoneId=0 mExternalState=READY
03-28 11:33:40.985 D/TelephonyManager(  618): setTelephonyProperty: success phoneId=0 property=gsm.sim.state value: READY propVal=READY
03-28 11:33:40.985 D/IccCardProxy(  618): broadcastIccStateChangedIntent intent ACTION_SIM_STATE_CHANGED value=READY reason=null for mPhoneId=0
03-28 11:33:40.986 D/SST     (  618): New card found
03-28 11:33:40.986 D/UiccCardApplication(  618): Notifying 1 registrant: READY
03-28 11:33:40.986 D/CAT     (  618): CatService: handleMessage[8]
03-28 11:33:40.986 D/CAT     (  618): CatService: MSG_ID_ICC_CHANGED
03-28 11:33:40.986 D/CAT     (  618): CatService: New Card State = CARDSTATE_PRESENT Old Card State = CARDSTATE_PRESENT
03-28 11:33:40.987 D/UiccCard(  618): Error in SIM access with exceptioncom.android.internal.telephony.CommandException: REQUEST_NOT_SUPPORTED
03-28 11:33:40.987 D/GsmSMSDispatcher(  618): GsmSMSDispatcher: subId = -2 slotId = 0
03-28 11:33:40.987 E/IccCardProxy(  618): setExternalState: !override and newstate unchanged from READY
03-28 11:33:40.987 D/CAT     (  618): CatService: handleMessage[8]
03-28 11:33:40.987 D/CAT     (  618): CatService: MSG_ID_ICC_CHANGED
03-28 11:33:40.987 D/CAT     (  618): CatService: New Card State = CARDSTATE_PRESENT Old Card State = CARDSTATE_PRESENT
03-28 11:33:40.991 D/SubscriptionController(  618): [getActiveSubInfoList] Sub Controller not ready
03-28 11:33:40.998 D/SIMRecords(  618): [SIMRecords] IMSI: mMncLength=-1
03-28 11:33:40.998 D/SIMRecords(  618): [SIMRecords] IMSI: 460110[lDZj8Os1rHj1jVBccioSwknHf0Q]
03-28 11:33:40.998 D/SIMRecords(  618): [SIMRecords] onRecordLoaded 17 requested: true
03-28 11:33:41.000 D/SIMRecords(  618): [SIMRecords] getSIMOperatorNumeric: bad mncLength
03-28 11:33:41.000 E/IccCardProxy(  618): setExternalState: !override and newstate unchanged from READY
03-28 11:33:41.000 D/RILJ    (  618): [3706]> OPERATOR [SUB0]
03-28 11:33:41.001 D/RILJ    (  618): [3707]> DATA_REGISTRATION_STATE [SUB0]
03-28 11:33:41.001 D/RILJ    (  618): [3708]> VOICE_REGISTRATION_STATE [SUB0]
03-28 11:33:41.002 D/RILJ    (  618): [3709]> QUERY_NETWORK_SELECTION_MODE [SUB0]
03-28 11:33:41.002 D/UiccPkcs15(  618): Creating UiccPkcs15
03-28 11:33:41.003 D/RILJ    (  618): [3710]> RIL_REQUEST_SIM_OPEN_CHANNEL [SUB0]
03-28 11:33:41.003 D/SubscriptionInfoUpdater(  618): [Receiver]+
03-28 11:33:41.004 D/SubscriptionInfoUpdater(  618): Action: android.intent.action.SIM_STATE_CHANGED
03-28 11:33:41.004 D/SubscriptionInfoUpdater(  618): slotId: 0
03-28 11:33:41.004 D/SubscriptionInfoUpdater(  618): simStatus: READY
03-28 11:33:41.004 D/SubscriptionInfoUpdater(  618): Ignoring simStatus: READY
03-28 11:33:41.004 D/SubscriptionInfoUpdater(  618): [Receiver]-
03-28 11:33:41.011 D/IccCardProxy(  618): broadcastIccStateChangedIntent intent ACTION_SIM_STATE_CHANGED value=IMSI reason=null for mPhoneId=0
03-28 11:33:41.012 D/SubscriptionInfoUpdater(  618): [Receiver]+
03-28 11:33:41.012 D/SubscriptionInfoUpdater(  618): Action: android.intent.action.SIM_STATE_CHANGED
03-28 11:33:41.012 D/SubscriptionInfoUpdater(  618): slotId: 0
03-28 11:33:41.012 D/SubscriptionInfoUpdater(  618): simStatus: IMSI
03-28 11:33:41.012 D/SubscriptionInfoUpdater(  618): Ignoring simStatus: IMSI
03-28 11:33:41.012 D/SubscriptionInfoUpdater(  618): [Receiver]-
03-28 11:33:41.015 D/SubscriptionController(  618): [getActiveSubInfoList] Sub Controller not ready
03-28 11:33:41.024 D/use-Rlog/RLOG-AT(  219): AT< +CRSM: 144,0,"621C8202412183022FE2A5038001718A01058B032F06128002000A880110"
03-28 11:33:41.024 D/use-Rlog/RLOG-AT(  219): AT< OK
03-28 11:33:41.024 I/use-Rlog/RLOG-RIL(  219): onRequest :SIM_IO complete
03-28 11:33:41.024 I/use-Rlog/RLOG-RIL(  219): onRequest :SIM_IO
03-28 11:33:41.024 I/use-Rlog/RLOG-RIL(  219): ModemController forceAT:0 currentSimStatus:2
03-28 11:33:41.024 I/use-Rlog/RLOG-RIL(  219): RequestHandler handleSIM_IO
03-28 11:33:41.024 D/use-Rlog/RLOG-AT(  219): AT> AT+CRSM=192,28480,0,0,0
03-28 11:33:41.025 D/RILJ    (  618): [3684]< SIM_IO IccIoResult sw1:0x90 sw2:0x0 [SUB0]
03-28 11:33:41.025 D/RILJ    (  618): [3711]> iccIO: SIM_IO 0xb0 0x2fe2  path: 3F00,0,0,10 aid: null [SUB0]
03-28 11:33:41.044 D/use-Rlog/RLOG-AT(  219): AT< +CRSM: 144,0,"621E82054221001C0283026F40A5038001718A01058B036F0603800200388800"
03-28 11:33:41.044 D/use-Rlog/RLOG-AT(  219): AT< OK
03-28 11:33:41.044 I/use-Rlog/RLOG-RIL(  219): onRequest :SIM_IO complete
03-28 11:33:41.044 I/use-Rlog/RLOG-RIL(  219): onRequest :SIM_IO
03-28 11:33:41.044 I/use-Rlog/RLOG-RIL(  219): ModemController forceAT:0 currentSimStatus:2
03-28 11:33:41.044 I/use-Rlog/RLOG-RIL(  219): RequestHandler handleSIM_IO
03-28 11:33:41.045 D/use-Rlog/RLOG-AT(  219): AT> AT+CRSM=192,28617,0,0,0
03-28 11:33:41.045 D/RILJ    (  618): [3685]< SIM_IO IccIoResult sw1:0x90 sw2:0x0 [SUB0]
03-28 11:33:41.045 D/RILJ    (  618): [3712]> iccIO: SIM_IO 0xb2 0x6f40  path: 3F007F10,1,4,28 aid: null [SUB0]
03-28 11:33:41.047 D/use-Rlog/RLOG-AT(  219): AT< +CME ERROR: 100
03-28 11:33:41.047 I/use-Rlog/RLOG-RIL(  219): onRequest :SIM_IO complete
03-28 11:33:41.048 I/use-Rlog/RLOG-RIL(  219): onRequest :SIM_IO
03-28 11:33:41.048 I/use-Rlog/RLOG-RIL(  219): ModemController forceAT:0 currentSimStatus:2
03-28 11:33:41.048 I/use-Rlog/RLOG-RIL(  219): RequestHandler handleSIM_IO
03-28 11:33:41.048 D/RilRequest(  618): [3686]< SIM_IO error: com.android.internal.telephony.CommandException: GENERIC_FAILURE ret=
03-28 11:33:41.048 D/use-Rlog/RLOG-AT(  219): AT> AT+CRSM=192,28589,0,0,0
03-28 11:33:41.048 D/RILJ    (  618): [3713]> iccIO: SIM_IO 0xc0 0x6f17  path: 3F007F20,0,0,15 aid: null [SUB0]
03-28 11:33:41.048 D/SIMRecords(  618): [SIMRecords] onRecordLoaded 17 requested: true
03-28 11:33:41.079 D/use-Rlog/RLOG-AT(  219): AT< +CRSM: 144,0,"621C8202412183026FADA5038001718A01058B036F060180020004880118"
03-28 11:33:41.079 D/use-Rlog/RLOG-AT(  219): AT< OK
03-28 11:33:41.079 I/use-Rlog/RLOG-RIL(  219): onRequest :SIM_IO complete
03-28 11:33:41.079 I/use-Rlog/RLOG-RIL(  219): onRequest :SIM_IO
03-28 11:33:41.079 I/use-Rlog/RLOG-RIL(  219): ModemController forceAT:0 currentSimStatus:2
03-28 11:33:41.079 I/use-Rlog/RLOG-RIL(  219): RequestHandler handleSIM_IO
03-28 11:33:41.079 D/use-Rlog/RLOG-AT(  219): AT> AT+CRSM=192,28618,0,0,0
03-28 11:33:41.079 D/RILJ    (  618): [3687]< SIM_IO IccIoResult sw1:0x90 sw2:0x0 [SUB0]
03-28 11:33:41.080 D/RILJ    (  618): [3714]> iccIO: SIM_IO 0xb0 0x6fad  path: 3F007F20,0,0,4 aid: null [SUB0]
03-28 11:33:41.081 D/use-Rlog/RLOG-AT(  219): AT< +CME ERROR: 100
03-28 11:33:41.081 I/use-Rlog/RLOG-RIL(  219): onRequest :SIM_IO complete
03-28 11:33:41.081 I/use-Rlog/RLOG-RIL(  219): onRequest :SIM_IO
03-28 11:33:41.081 I/use-Rlog/RLOG-RIL(  219): ModemController forceAT:0 currentSimStatus:2
03-28 11:33:41.081 I/use-Rlog/RLOG-RIL(  219): RequestHandler handleSIM_IO
03-28 11:33:41.081 D/use-Rlog/RLOG-AT(  219): AT> AT+CRSM=192,28433,0,0,0
03-28 11:33:41.081 D/RilRequest(  618): [3688]< SIM_IO error: com.android.internal.telephony.CommandException: GENERIC_FAILURE ret=
03-28 11:33:41.082 D/SIMRecords(  618): [SIMRecords] EF_MWIS : null
03-28 11:33:41.082 D/SIMRecords(  618): [SIMRecords] EVENT_GET_MWIS_DONE exception = com.android.internal.telephony.CommandException: GENERIC_FAILURE
03-28 11:33:41.082 D/SIMRecords(  618): [SIMRecords] onRecordLoaded 16 requested: true
03-28 11:33:41.111 D/use-Rlog/RLOG-AT(  219): AT< +CRSM: 106,130,""
03-28 11:33:41.111 D/use-Rlog/RLOG-AT(  219): AT< OK
03-28 11:33:41.112 I/use-Rlog/RLOG-RIL(  219): onRequest :SIM_IO complete
03-28 11:33:41.112 I/use-Rlog/RLOG-RIL(  219): onRequest :SIM_IO
03-28 11:33:41.112 I/use-Rlog/RLOG-RIL(  219): ModemController forceAT:0 currentSimStatus:2
03-28 11:33:41.112 I/use-Rlog/RLOG-RIL(  219): RequestHandler handleSIM_IO
03-28 11:33:41.112 D/use-Rlog/RLOG-AT(  219): AT> AT+CRSM=192,28619,0,0,0
03-28 11:33:41.112 D/RILJ    (  618): [3689]< SIM_IO IccIoResult sw1:0x6a sw2:0x82 Error: File not found [SUB0]
03-28 11:33:41.112 D/SIMRecords(  618): [SIMRecords] EF_CPHS_MWI: null
03-28 11:33:41.112 D/SIMRecords(  618): [SIMRecords] EVENT_GET_VOICE_MAIL_INDICATOR_CPHS_DONE exception = com.android.internal.telephony.uicc.IccException: sw1:106 sw2:130
03-28 11:33:41.112 D/SIMRecords(  618): [SIMRecords] onRecordLoaded 15 requested: true
03-28 11:33:41.134 D/use-Rlog/RLOG-AT(  219): AT< +CRSM: 144,0,"621E8205422100100183026FCBA5038001718A01058B036F0603800200108800"
03-28 11:33:41.134 D/use-Rlog/RLOG-AT(  219): AT< OK
03-28 11:33:41.134 I/use-Rlog/RLOG-RIL(  219): onRequest :SIM_IO complete
03-28 11:33:41.134 I/use-Rlog/RLOG-RIL(  219): onRequest :SIM_IO
03-28 11:33:41.134 I/use-Rlog/RLOG-RIL(  219): ModemController forceAT:0 currentSimStatus:2
03-28 11:33:41.134 I/use-Rlog/RLOG-RIL(  219): RequestHandler handleSIM_IO
03-28 11:33:41.134 D/use-Rlog/RLOG-AT(  219): AT> AT+CRSM=192,28435,0,0,0
03-28 11:33:41.134 D/RILJ    (  618): [3690]< SIM_IO IccIoResult sw1:0x90 sw2:0x0 [SUB0]
03-28 11:33:41.134 D/RILJ    (  618): [3715]> iccIO: SIM_IO 0xb2 0x6fcb  path: 3F007F20,1,4,16 aid: null [SUB0]
03-28 11:33:41.168 D/use-Rlog/RLOG-AT(  219): AT< +CRSM: 106,130,""
03-28 11:33:41.168 D/use-Rlog/RLOG-AT(  219): AT< OK
03-28 11:33:41.168 I/use-Rlog/RLOG-RIL(  219): onRequest :SIM_IO complete
03-28 11:33:41.168 I/use-Rlog/RLOG-RIL(  219): onRequest :SIM_IO
03-28 11:33:41.168 I/use-Rlog/RLOG-RIL(  219): ModemController forceAT:0 currentSimStatus:2
03-28 11:33:41.168 I/use-Rlog/RLOG-RIL(  219): RequestHandler handleSIM_IO
03-28 11:33:41.168 D/use-Rlog/RLOG-AT(  219): AT> AT+CRSM=192,28486,0,0,0
03-28 11:33:41.168 D/RILJ    (  618): [3691]< SIM_IO IccIoResult sw1:0x6a sw2:0x82 Error: File not found [SUB0]
03-28 11:33:41.169 D/SIMRecords(  618): [SIMRecords] onRecordLoaded 14 requested: true
