03-28 11:33:49.982 D/DC-1    (  618): DcActiveState: enter dc={DC-1: State=DcActiveState mApnSetting=[ApnSettingV3] China Telecom, 1104, 46011, CTLTE, , , , , , -1, default, IP, IP, true, 0, 0, 0, false, 0, 0, 0, 0, , , false RefCount=1 mCid=1 mCreateTime=-1 mLastastFailTime=-1 mLastFailCause=NONE mTag=2 mLinkProperties={InterfaceName: wwan0 LinkAddresses: [10.142.32.111/32,]  Routes: [0.0.0.0/0 -> 10.142.32.112 wwan0,] DnsAddresses: [219.146.1.66,219.147.1.66,] Domains: null MTU: 1500 TcpBufferSizes: 524288,1048576,2097152,262144,524288,1048576} linkCapabilities=[ Transports: CELLULAR Capabilities: INTERNET&NOT_RESTRICTED&TRUSTED&NOT_VPN LinkUpBandwidth>=51200Kbps LinkDnBandwidth>=102400Kbps Specifier: <2>] mRestrictedNetworkOverride=false mApnContexts={{mApnType=default mState=CONNECTING mWaitingApns={[[ApnSettingV3] China Telecom, 1104, 46011, CTLTE, , , , , , -1, default, IP, IP, true, 0, 0, 0, false, 0, 0, 0, 0, , , false, [ApnSettingV3] China Telecom wap, 1105, 46011, CTWAP, 10.0.0.200, http://mmsc.vnet.mobi, 10.0.0.200, 80, 80, -1, default | mms, IP, IP, true, 0, 0, 0, false, 0, 0, 0, 0, , , false]} mApnSetting={[ApnSettingV3] China Telecom, 1104, 46011, CTLTE, , , , , , -1, default, IP, IP, true, 0, 0, 0, false, 0, 0, 0, 0, , , false} mReason=dataEnabled mDataEnabled=true mDependencyMet=true}={mTag=2 mApnContext={mApnType=default mState=CONNECTING mWaitingApns={[[ApnSettingV3] China Telecom, 1104, 46011, CTLTE, , , , , , -1, default, IP, IP, true, 0, 0, 0, false, 0, 0, 0, 0, , , false, [ApnSettingV3] China Telecom wap, 1105, 46011, CTWAP, 10.0.0.200, http://mmsc.vnet.mobi, 10.0.0.200, 80, 80, -1, default | mms, IP, IP, true, 0, 0, 0, false, 0, 0, 0, 0, , , false]} mApnSetting={[ApnSettingV3] China Telecom, 1104, 46011, CTLTE, , , , , , -1, default, IP, IP, true, 0, 0, 0, false, 0, 0, 0, 0, , , false} mReason=dataEnabled mDataEnabled=true mDependencyMet=true} mProfileId=0 mRat=14 mOnCompletedMsg={what=0x42000 when=-36s928ms obj=Pair{{mApnType=default mState=CONNECTING mWaitingApns={[[ApnSettingV3] China Telecom, 1104, 46011, CTLTE, , , , , , -1, default, IP, IP, true, 0, 0, 0, false, 0, 0, 0, 0, , , false, [ApnSettingV3] China Telecom wap, 1105, 46011, CTWAP, 10.0.0.200, http://mmsc.vnet.mobi, 10.0.0.200, 80, 80, -1, default | mms, IP, IP, true, 0, 0, 0, false, 0, 0, 0, 0, , , false]} mApnSetting={[ApnSettingV3] China Telecom, 1104, 46011, CTLTE, , , , , , -1, default, IP, IP, true, 0, 0, 0, false, 0, 0, 0, 0, , , false} mReason=dataEnabled mDataEnabled=true mDependencyMet=true} 1} target=Handler (com.android.internal.telephony.dataconnection.DcTracker) {c71ab1c} replyTo=null}}}}
03-28 11:33:49.982 D/DCT     (  618): [0]getValidApnContext (onDataSetupComplete) on {mApnType=default mState=CONNECTING mWaitingApns={[[ApnSettingV3] China Telecom, 1104, 46011, CTLTE, , , , , , -1, default, IP, IP, true, 0, 0, 0, false, 0, 0, 0, 0, , , false, [ApnSettingV3] China Telecom wap, 1105, 46011, CTWAP, 10.0.0.200, http://mmsc.vnet.mobi, 10.0.0.200, 80, 80, -1, default | mms, IP, IP, true, 0, 0, 0, false, 0, 0, 0, 0, , , false]} mApnSetting={[ApnSettingV3] China Telecom, 1104, 46011, CTLTE, , , , , , -1, default, IP, IP, true, 0, 0, 0, false, 0, 0, 0, 0, , , false} mReason=connected mDataEnabled=true mDependencyMet=true} got 1 vs 1
03-28 11:33:49.982 D/DCT     (  618): [0]onDataSetupComplete: success apn=CTLTE
03-28 11:33:49.983 D/DCT     (  618): [0]onDataSetupComplete: PREFERRED APN is null
03-28 11:33:49.983 D/DCT     (  618): [0]setPreferredApn: delete
03-28 11:33:49.989 D/DCT     (  618): [0]setPreferredApn: insert
03-28 11:33:49.991 D/DCT     (  618): [0]completeConnection: successful, notify the world apnContext={mApnType=default mState=CONNECTED mWaitingApns={[[ApnSettingV3] China Telecom, 1104, 46011, CTLTE, , , , , , -1, default, IP, IP, true, 0, 0, 0, false, 0, 0, 0, 0, , , false, [ApnSettingV3] China Telecom wap, 1105, 46011, CTWAP, 10.0.0.200, http://mmsc.vnet.mobi, 10.0.0.200, 80, 80, -1, default | mms, IP, IP, true, 0, 0, 0, false, 0, 0, 0, 0, , , false]} mApnSetting={[ApnSettingV3] China Telecom, 1104, 46011, CTLTE, , , , , , -1, default, IP, IP, true, 0, 0, 0, false, 0, 0, 0, 0, , , false} mReason=connected mDataEnabled=true mDependencyMet=true}
03-28 11:33:49.991 D/GsmCdmaPhone(  618): [GsmCdmaPhone] getDataConnectionState apnType=default ret=CONNECTED
03-28 11:33:49.991 D/DCT     (  618): [0]return link properites for default
03-28 11:33:49.991 D/DC-1    (  618): DcActiveState not handled msg.what=REQ_GET_LINK_PROPERTIES
03-28 11:33:49.992 D/DC-1    (  618): DcDefault msg=REQ_GET_LINK_PROPERTIES RefCount=1
03-28 11:33:49.992 D/DC-1    (  618): REQ_GET_LINK_PROPERTIES linkProperties{InterfaceName: wwan0 LinkAddresses: [10.142.32.111/32,]  Routes: [0.0.0.0/0 -> 10.142.32.112 wwan0,] DnsAddresses: [219.146.1.66,219.147.1.66,] Domains: null MTU: 1500 TcpBufferSizes: 524288,1048576,2097152,262144,524288,1048576}
03-28 11:33:49.992 D/DCT     (  618): [0]get active pdp is not null, return NetworkCapabilities for default
03-28 11:33:49.993 D/DC-1    (  618): DcActiveState not handled msg.what=REQ_GET_NETWORK_CAPABILITIES
03-28 11:33:49.993 D/DC-1    (  618): DcDefault msg=REQ_GET_NETWORK_CAPABILITIES RefCount=1
03-28 11:33:49.994 D/DC-1    (  618): REQ_GET_NETWORK_CAPABILITIES networkCapabilities[ Transports: CELLULAR Capabilities: INTERNET&NOT_RESTRICTED&TRUSTED&NOT_VPN LinkUpBandwidth>=51200Kbps LinkDnBandwidth>=102400Kbps Specifier: <2>]
03-28 11:33:49.996 D/TelephonyRegistry(  432): Notify data connection state changed on sub: 2
03-28 11:33:49.996 D/TelephonyRegistry(  432): Notify data connection state changed on sub: 2
03-28 11:33:49.998 D/DCT     (  618): [0]startNetStatPoll
03-28 11:33:50.003 D/DCT     (  618): [0]onDataSetupComplete: SETUP complete type=default, reason:connected
03-28 11:33:50.047 D/DCT     (  618): [0]setPolicyDataEnabled: true
03-28 11:33:50.069 D/DCT     (  618): [0]setPolicyDataEnabled: true
03-28 11:33:50.124 D/DCT     (  618): [0]setPolicyDataEnabled: true
03-28 11:33:50.180 D/SubscriptionController(  618): [getActiveSubscriptionInfo]+ subId=2 subInfo={id=2, iccId=89860318745315273878 simSlotIndex=0 displayName=中国电信 carrierName=ChinaTelecom — 中国电信 nameSource=0 iconTint=-16746133 dataRoaming=1 iconBitmap=android.graphics.Bitmap@182635 mcc 460 mnc 11}
03-28 11:33:50.182 D/SubscriptionController(  618): [getActiveSubscriptionInfo]+ subId=2 subInfo={id=2, iccId=89860318745315273878 simSlotIndex=0 displayName=中国电信 carrierName=ChinaTelecom — 中国电信 nameSource=0 iconTint=-16746133 dataRoaming=1 iconBitmap=android.graphics.Bitmap@7ea9aca mcc 460 mnc 11}
03-28 11:33:50.188 D/SubscriptionController(  618): [getActiveSubscriptionInfo]+ subId=2 subInfo={id=2, iccId=89860318745315273878 simSlotIndex=0 displayName=中国电信 carrierName=ChinaTelecom — 中国电信 nameSource=0 iconTint=-16746133 dataRoaming=1 iconBitmap=android.graphics.Bitmap@e31f0b1 mcc 460 mnc 11}
03-28 11:33:50.975 I/use-Rlog/RLOG-RIL(  219): TaskThread_3 event:EVENT_REPORT_SIGNAL_STRENGTH,msg:
03-28 11:33:50.975 I/use-Rlog/RLOG-RIL(  219): TaskThread_1 event:EVENT_START_REPORT_SIGNAL_STRENGTH done
03-28 11:33:51.975 I/use-Rlog/RLOG-RIL(  219): ModemController forceAT:0 currentSimStatus:2
03-28 11:33:51.976 I/use-Rlog/RLOG-RIL(  219): RequestHandler handleSignalStrength
03-28 11:33:51.976 I/use-Rlog/RLOG-RIL(  219): ModemController forceAT:0 currentSimStatus:2
03-28 11:33:51.976 D/use-Rlog/RLOG-AT(  219): AT> AT+CSQ
03-28 11:33:51.976 D/use-Rlog/RLOG-AT(  219): AT< +CSQ: 25,99
03-28 11:33:51.976 D/use-Rlog/RLOG-AT(  219): AT< OK
03-28 11:33:51.977 I/use-Rlog/RLOG-RIL(  219): TaskThread_3 event:EVENT_REPORT_SIGNAL_STRENGTH done
03-28 11:33:51.977 I/use-Rlog/RLOG-RIL(  219): TaskThread_4 event:EVENT_SIM_STATE_CHECK,msg:
03-28 11:33:51.977 I/use-Rlog/RLOG-RIL(  219): TaskThread_3 event:EVENT_REPORT_SIGNAL_STRENGTH,msg:
03-28 11:33:51.977 I/use-Rlog/RLOG-RIL(  219): TaskThread_4 event:EVENT_SIM_STATE_CHECK done
03-28 11:33:52.971 I/use-Rlog/RLOG-RIL(  219): TaskThread_0 event:EVENT_START_NET_CHECK done
03-28 11:33:52.971 I/use-Rlog/RLOG-RIL(  219): TaskThread_4 event:EVENT_START_NET_CHECK,msg:
03-28 11:33:53.217 D/SubscriptionController(  618): [getActiveSubscriptionInfo]+ subId=2 subInfo={id=2, iccId=89860318745315273878 simSlotIndex=0 displayName=中国电信 carrierName=ChinaTelecom — 中国电信 nameSource=0 iconTint=-16746133 dataRoaming=1 iconBitmap=android.graphics.Bitmap@e5a1630 mcc 460 mnc 11}
03-28 11:33:53.446 D/use-Rlog/RLOG-AT(  219): AT< +CEREG: 1,"333E","1","3357906",7
03-28 11:33:53.446 I/use-Rlog/RLOG-RIL(  219): TaskThread_1 event:EVENT_SIM_STATE_CHECK,msg:+CEREG: 1,"333E","1","3357906",7
03-28 11:33:53.446 I/use-Rlog/RLOG-RIL(  219): TaskThread_2 event:EVENT_UPDATE_SUPPORT_TECH,msg:+CEREG: 1,"333E","1","3357906",7
03-28 11:33:53.446 I/use-Rlog/RLOG-RIL(  219): TaskThread_1 event:EVENT_SIM_STATE_CHECK done
03-28 11:33:53.446 I/use-Rlog/RLOG-RIL(  219): ModemController forceAT:0 currentSimStatus:2
03-28 11:33:53.446 D/use-Rlog/RLOG-AT(  219): AT> AT+BMRAT
03-28 11:33:53.449 D/use-Rlog/RLOG-AT(  219): AT< +BMRAT: FDD LTE
03-28 11:33:53.449 D/use-Rlog/RLOG-AT(  219): AT< +BMRAT: 1x
03-28 11:33:53.449 D/use-Rlog/RLOG-AT(  219): AT< OK
03-28 11:33:53.449 I/use-Rlog/RLOG-RIL(  219): RequestHandler updateSupportTech supportedTechs:14
03-28 11:33:53.449 I/use-Rlog/RLOG-RIL(  219): TaskThread_2 event:EVENT_UPDATE_SUPPORT_TECH done
03-28 11:33:53.450 I/use-Rlog/RLOG-RIL(  219): TaskThread_0 event:EVENT_VOICE_NETWORK_STATE_CHANGED,msg:
03-28 11:33:54.450 I/use-Rlog/RLOG-RIL(  219): TaskThread_0 event:EVENT_VOICE_NETWORK_STATE_CHANGED done
03-28 11:33:54.450 D/RILJ    (  618): [UNSL]< UNSOL_RESPONSE_VOICE_NETWORK_STATE_CHANGED [SUB0]
03-28 11:33:54.450 D/RILJ    (  618): [3739]> OPERATOR [SUB0]
03-28 11:33:54.451 D/RILJ    (  618): [3740]> DATA_REGISTRATION_STATE [SUB0]
03-28 11:33:54.451 I/use-Rlog/RLOG-RIL(  219): onRequest :OPERATOR
03-28 11:33:54.451 I/use-Rlog/RLOG-RIL(  219): ModemController forceAT:0 currentSimStatus:2
03-28 11:33:54.451 I/use-Rlog/RLOG-RIL(  219): RequestHandler handleOperator
03-28 11:33:54.451 D/use-Rlog/RLOG-AT(  219): AT> AT+COPS=3,0;+COPS?;+COPS=3,1;+COPS?;+COPS=3,2;+COPS?
03-28 11:33:54.451 D/RILJ    (  618): [3741]> VOICE_REGISTRATION_STATE [SUB0]
03-28 11:33:54.452 D/RILJ    (  618): [3742]> QUERY_NETWORK_SELECTION_MODE [SUB0]
03-28 11:33:54.458 D/use-Rlog/RLOG-AT(  219): AT< +COPS: 0,0,"China Telecom",7
03-28 11:33:54.458 D/use-Rlog/RLOG-AT(  219): AT< +COPS: 0,1,"TELECOM",7
03-28 11:33:54.458 D/use-Rlog/RLOG-AT(  219): AT< +COPS: 0,2,"46011",7
03-28 11:33:54.458 D/use-Rlog/RLOG-AT(  219): AT< OK
03-28 11:33:54.458 I/use-Rlog/RLOG-RIL(  219): onRequest :OPERATOR complete
03-28 11:33:54.458 I/use-Rlog/RLOG-RIL(  219): onRequest :DATA_REGISTRATION_STATE
03-28 11:33:54.458 I/use-Rlog/RLOG-RIL(  219): ModemController forceAT:0 currentSimStatus:2
03-28 11:33:54.458 I/use-Rlog/RLOG-RIL(  219): RequestHandler handleRegistrationState
03-28 11:33:54.458 I/use-Rlog/RLOG-RIL(  219): ModemController forceAT:0 currentSimStatus:2
03-28 11:33:54.458 D/use-Rlog/RLOG-AT(  219): AT> AT^SYSINFO
03-28 11:33:54.458 D/RILJ    (  618): [3739]< OPERATOR {ChinaTelecom, TELECOM, 46011} [SUB0]
03-28 11:33:54.461 D/use-Rlog/RLOG-AT(  219): AT< ^SYSINFO: 2,2,0,9,1
03-28 11:33:54.461 D/use-Rlog/RLOG-AT(  219): AT< ^SYSINFO: 2,3,0,2,1
03-28 11:33:54.461 D/use-Rlog/RLOG-AT(  219): AT< OK
03-28 11:33:54.461 I/use-Rlog/RLOG-RIL(  219): ModemController forceAT:0 currentSimStatus:2
03-28 11:33:54.461 I/use-Rlog/RLOG-RIL(  219): TaskThread_1 event:EVENT_STOP_PS_CHECK,msg:
03-28 11:33:54.461 D/use-Rlog/RLOG-AT(  219): AT> AT+BMRAT
03-28 11:33:54.463 D/use-Rlog/RLOG-AT(  219): AT< +BMRAT: FDD LTE
03-28 11:33:54.463 D/use-Rlog/RLOG-AT(  219): AT< +BMRAT: 1x
03-28 11:33:54.463 D/use-Rlog/RLOG-AT(  219): AT< OK
03-28 11:33:54.463 I/use-Rlog/RLOG-RIL(  219): RequestHandler updateSupportTech supportedTechs:14
03-28 11:33:54.463 D/use-Rlog/RLOG-AT(  219): AT> AT+CEREG?
03-28 11:33:54.464 D/use-Rlog/RLOG-AT(  219): AT< +CEREG: 2,1,"333E","1","3357906",7
03-28 11:33:54.464 D/use-Rlog/RLOG-AT(  219): AT< OK
03-28 11:33:54.464 I/use-Rlog/RLOG-RIL(  219): onRequest :DATA_REGISTRATION_STATE complete
03-28 11:33:54.464 I/use-Rlog/RLOG-RIL(  219): onRequest :VOICE_REGISTRATION_STATE
03-28 11:33:54.464 I/use-Rlog/RLOG-RIL(  219): ModemController forceAT:0 currentSimStatus:2
03-28 11:33:54.464 I/use-Rlog/RLOG-RIL(  219): RequestHandler handleRegistrationState
03-28 11:33:54.464 I/use-Rlog/RLOG-RIL(  219): ModemController forceAT:0 currentSimStatus:2
03-28 11:33:54.464 D/use-Rlog/RLOG-AT(  219): AT> AT^SYSINFO
03-28 11:33:54.464 D/RILJ    (  618): [3740]< DATA_REGISTRATION_STATE {1, 333e, 3357906, 14} [SUB0]
03-28 11:33:54.465 D/SST     (  618): handlPollStateResultMessage: GsmSST setDataRegState=0 regState=1 dataRadioTechnology=14
03-28 11:33:54.466 D/use-Rlog/RLOG-AT(  219): AT< ^SYSINFO: 2,2,0,9,1
03-28 11:33:54.466 D/use-Rlog/RLOG-AT(  219): AT< ^SYSINFO: 2,3,0,2,1
03-28 11:33:54.467 D/use-Rlog/RLOG-AT(  219): AT< OK
03-28 11:33:54.467 I/use-Rlog/RLOG-RIL(  219): ModemController forceAT:0 currentSimStatus:2
03-28 11:33:54.467 D/use-Rlog/RLOG-AT(  219): AT> AT+BMRAT
03-28 11:33:54.468 D/use-Rlog/RLOG-AT(  219): AT< +BMRAT: FDD LTE
03-28 11:33:54.468 D/use-Rlog/RLOG-AT(  219): AT< +BMRAT: 1x
03-28 11:33:54.469 D/use-Rlog/RLOG-AT(  219): AT< OK
03-28 11:33:54.469 I/use-Rlog/RLOG-RIL(  219): RequestHandler updateSupportTech supportedTechs:14
03-28 11:33:54.469 D/use-Rlog/RLOG-AT(  219): AT> AT+CEREG?
03-28 11:33:54.471 D/use-Rlog/RLOG-AT(  219): AT< +CEREG: 2,1,"333E","1","3357906",7
03-28 11:33:54.471 D/use-Rlog/RLOG-AT(  219): AT< OK
03-28 11:33:54.471 I/use-Rlog/RLOG-RIL(  219): onRequest :VOICE_REGISTRATION_STATE complete
03-28 11:33:54.471 I/use-Rlog/RLOG-RIL(  219): onRequest :QUERY_NETWORK_SELECTION_MODE
03-28 11:33:54.471 I/use-Rlog/RLOG-RIL(  219): ModemController forceAT:0 currentSimStatus:2
03-28 11:33:54.471 I/use-Rlog/RLOG-RIL(  219): RequestHandler handleQueryNetworkSelectionMode
03-28 11:33:54.471 D/use-Rlog/RLOG-AT(  219): AT> AT+COPS?
03-28 11:33:54.471 D/RILJ    (  618): [3741]< VOICE_REGISTRATION_STATE {1, 333e, 3357906, 14} [SUB0]
03-28 11:33:54.473 D/use-Rlog/RLOG-AT(  219): AT< +COPS: 0,2,"46011",7
03-28 11:33:54.473 D/use-Rlog/RLOG-AT(  219): AT< OK
03-28 11:33:54.473 I/use-Rlog/RLOG-RIL(  219): onRequest :QUERY_NETWORK_SELECTION_MODE complete
03-28 11:33:54.473 D/RILJ    (  618): [3742]< QUERY_NETWORK_SELECTION_MODE {0} [SUB0]
03-28 11:33:54.473 D/SST     (  618): EVENT_POLL_STATE_NETWORK_SELECTION_MODE
03-28 11:33:54.474 D/SST     (  618): useDataRegStateForDataOnlyDevice: VoiceRegState=0 DataRegState=0
03-28 11:33:54.474 D/SST     (  618): Poll ServiceState done:  oldSS=[0 0 voice home data home ChinaTelecom TELECOM 46011 ChinaTelecom TELECOM 46011  LTE LTE CSS not supported -1 -1 RoamInd=-1 DefRoamInd=-1 EmergOnly=false IsDataRoamingFromRegistration=false IsUsingCarrierAggregation=false] newSS=[0 0 voice home data home ChinaTelecom TELECOM 46011 ChinaTelecom TELECOM 46011  LTE LTE CSS not supported -1 -1 RoamInd=-1 DefRoamInd=-1 EmergOnly=false IsDataRoamingFromRegistration=false IsUsingCarrierAggregation=false] oldMaxDataCalls=1 mNewMaxDataCalls=1 oldReasonDataDenied=-1 mNewReasonDataDenied=-1
03-28 11:33:54.474 D/SST     (  618): getCellLocation(): X good mCellLoc=[13118,53836038,-1]
03-28 11:33:54.475 D/TelephonyRegistry(  432): notifyCellLocationForSubscriber: subId=2 cellLocation=Bundle[mParcelledData.dataSize=64]
03-28 11:33:55.462 I/use-Rlog/RLOG-RIL(  219): TaskThread_1 event:EVENT_STOP_PS_CHECK done
03-28 11:33:55.971 I/use-Rlog/RLOG-RIL(  219): TaskThread_4 event:EVENT_START_NET_CHECK done
03-28 11:33:55.971 I/use-Rlog/RLOG-RIL(  219): TaskThread_2 event:EVENT_START_NET_CHECK,msg:
03-28 11:33:58.972 I/use-Rlog/RLOG-RIL(  219): TaskThread_2 event:EVENT_START_NET_CHECK done
03-28 11:33:58.972 I/use-Rlog/RLOG-RIL(  219): TaskThread_0 event:EVENT_START_NET_CHECK,msg:
03-28 11:34:01.003 D/RILJ    (  618): [3743]> SIGNAL_STRENGTH [SUB0]
03-28 11:34:01.004 I/use-Rlog/RLOG-RIL(  219): onRequest :SIGNAL_STRENGTH
03-28 11:34:01.004 I/use-Rlog/RLOG-RIL(  219): ModemController forceAT:0 currentSimStatus:2
03-28 11:34:01.004 I/use-Rlog/RLOG-RIL(  219): ModemController forceAT:0 currentSimStatus:2
03-28 11:34:01.004 I/use-Rlog/RLOG-RIL(  219): RequestHandler handleSignalStrength
03-28 11:34:01.004 I/use-Rlog/RLOG-RIL(  219): ModemController forceAT:0 currentSimStatus:2
03-28 11:34:01.004 D/use-Rlog/RLOG-AT(  219): AT> AT+CSQ
03-28 11:34:01.007 D/use-Rlog/RLOG-AT(  219): AT< +CSQ: 31,99
03-28 11:34:01.007 D/use-Rlog/RLOG-AT(  219): AT< OK
03-28 11:34:01.007 I/use-Rlog/RLOG-RIL(  219): onRequest :SIGNAL_STRENGTH complete
03-28 11:34:01.007 I/use-Rlog/RLOG-RIL(  219): TaskThread_1 event:EVENT_SIM_STATE_CHECK,msg:
03-28 11:34:01.007 I/use-Rlog/RLOG-RIL(  219): TaskThread_1 event:EVENT_SIM_STATE_CHECK done
03-28 11:34:01.007 D/RILJ    (  618): [3743]< SIGNAL_STRENGTH SignalStrength: 31 99 75 75 75 75 0 31 77 2147483647 2147483647 2147483647 2147483647 gsm|lte [SUB0]
03-28 11:34:01.972 I/use-Rlog/RLOG-RIL(  219): TaskThread_0 event:EVENT_START_NET_CHECK done
03-28 11:34:01.973 I/use-Rlog/RLOG-RIL(  219): TaskThread_4 event:EVENT_START_NET_CHECK,msg:
03-28 11:34:04.973 I/use-Rlog/RLOG-RIL(  219): TaskThread_4 event:EVENT_START_NET_CHECK done
03-28 11:34:04.973 I/use-Rlog/RLOG-RIL(  219): TaskThread_2 event:EVENT_START_NET_CHECK,msg:
03-28 11:34:07.974 I/use-Rlog/RLOG-RIL(  219): TaskThread_1 event:EVENT_START_NET_CHECK,msg:
03-28 11:34:07.974 I/use-Rlog/RLOG-RIL(  219): TaskThread_2 event:EVENT_START_NET_CHECK done
03-28 11:34:10.975 I/use-Rlog/RLOG-RIL(  219): TaskThread_1 event:EVENT_START_NET_CHECK done
03-28 11:34:10.975 I/use-Rlog/RLOG-RIL(  219): TaskThread_2 event:EVENT_START_NET_CHECK,msg:
03-28 11:34:11.977 I/use-Rlog/RLOG-RIL(  219): ModemController forceAT:0 currentSimStatus:2
03-28 11:34:11.977 I/use-Rlog/RLOG-RIL(  219): RequestHandler handleSignalStrength
03-28 11:34:11.977 I/use-Rlog/RLOG-RIL(  219): ModemController forceAT:0 currentSimStatus:2
03-28 11:34:11.977 D/use-Rlog/RLOG-AT(  219): AT> AT+CSQ
03-28 11:34:11.979 D/use-Rlog/RLOG-AT(  219): AT< +CSQ: 31,99
03-28 11:34:11.979 D/use-Rlog/RLOG-AT(  219): AT< OK
03-28 11:34:11.979 I/use-Rlog/RLOG-RIL(  219): TaskThread_3 event:EVENT_REPORT_SIGNAL_STRENGTH done
03-28 11:34:11.980 I/use-Rlog/RLOG-RIL(  219): TaskThread_4 event:EVENT_SIM_STATE_CHECK,msg:
03-28 11:34:11.980 I/use-Rlog/RLOG-RIL(  219): TaskThread_3 event:EVENT_REPORT_SIGNAL_STRENGTH,msg:
03-28 11:34:11.980 I/use-Rlog/RLOG-RIL(  219): TaskThread_4 event:EVENT_SIM_STATE_CHECK done
03-28 11:34:13.975 I/use-Rlog/RLOG-RIL(  219): TaskThread_2 event:EVENT_START_NET_CHECK done
03-28 11:34:13.976 I/use-Rlog/RLOG-RIL(  219): TaskThread_4 event:EVENT_START_NET_CHECK,msg:
03-28 11:34:16.976 I/use-Rlog/RLOG-RIL(  219): TaskThread_4 event:EVENT_START_NET_CHECK done
03-28 11:34:16.976 I/use-Rlog/RLOG-RIL(  219): TaskThread_1 event:EVENT_START_NET_CHECK,msg:
03-28 11:34:19.977 I/use-Rlog/RLOG-RIL(  219): TaskThread_1 event:EVENT_START_NET_CHECK done
03-28 11:34:19.977 I/use-Rlog/RLOG-RIL(  219): TaskThread_0 event:EVENT_START_NET_CHECK,msg:
03-28 11:34:22.978 I/use-Rlog/RLOG-RIL(  219): TaskThread_0 event:EVENT_START_NET_CHECK done
03-28 11:34:22.978 I/use-Rlog/RLOG-RIL(  219): TaskThread_2 event:EVENT_START_NET_CHECK,msg:
